Copyright 1986-2022 Xilinx, Inc. All Rights Reserved. Copyright 2022-2024 Advanced Micro Devices, Inc. All Rights Reserved.
----------------------------------------------------------------------------------------------------------------------------------------------------------------------------------------------------
| Tool Version : Vivado v.2024.2 (lin64) Build 5239630 Fri Nov 08 22:34:34 MST 2024
| Date         : Sun Sep 27 00:31:38 2026
| Host         : ip-172-31-24-238 running 64-bit Ubuntu 22.04.5 LTS
| Command      : report_timing -delay_type max -max_paths 20 -path_type full_clock_expanded -file /home/ubuntu/timing-followup-20260926/dedicated-default-vendor/dedicated-default/vivado/paths.rpt
| Design       : probe_top
| Device       : 7z030-sbg485
| Speed File   : -1  PRODUCTION 1.12 2019-11-22
| Design State : Routed
----------------------------------------------------------------------------------------------------------------------------------------------------------------------------------------------------

Timing Report

Slack (VIOLATED) :        -21.867ns  (required time - arrival time)
  Source:                 $flatten\\decoder.$auto$ff.cc:337:slice$53635/C
                            (rising edge-triggered cell FDRE clocked by clock  {rise@0.000ns fall@2.500ns period=5.000ns})
  Destination:            $flatten\\decoder.$auto$ff.cc:337:slice$55950/CE
                            (rising edge-triggered cell FDRE clocked by clock  {rise@0.000ns fall@2.500ns period=5.000ns})
  Path Group:             clock
  Path Type:              Setup (Max at Slow Process Corner)
  Requirement:            5.000ns  (clock rise@5.000ns - clock rise@0.000ns)
  Data Path Delay:        26.282ns  (logic 7.633ns (29.042%)  route 18.649ns (70.958%))
  Logic Levels:           41  (CARRY4=5 DSP48E1=2 LUT2=11 LUT3=5 LUT4=4 LUT5=9 LUT6=5)
  Clock Path Skew:        -0.305ns (DCD - SCD + CPR)
    Destination Clock Delay (DCD):    3.902ns = ( 8.902 - 5.000 )
    Source Clock Delay      (SCD):    4.389ns
    Clock Pessimism Removal (CPR):    0.182ns
  Clock Uncertainty:      0.035ns  ((TSJ^2 + TIJ^2)^1/2 + DJ) / 2 + PE
    Total System Jitter     (TSJ):    0.071ns
    Total Input Jitter      (TIJ):    0.000ns
    Discrete Jitter          (DJ):    0.000ns
    Phase Error              (PE):    0.000ns

    Location             Delay type                Incr(ns)  Path(ns)    Netlist Resource(s)
  -------------------------------------------------------------------    -------------------
                         (clock clock rise edge)      0.000     0.000 r
    AA14                                              0.000     0.000 r  clock (IN)
                         net (fo=0)                   0.000     0.000    clock
    AA14                 IBUF (Prop_ibuf_I_O)         0.843     0.843 r  $iopadmap$phi_timing_harness.clock/O
                         net (fo=1, routed)           1.830     2.673    $auto$clkbufmap.cc:262:execute$6457
    BUFGCTRL_X0Y0        BUFG (Prop_bufg_I_O)         0.120     2.793 r  $auto$clkbufmap.cc:261:execute$6456/O
                         net (fo=16482, routed)       1.596     4.389    decoder.application.clk
    SLICE_X73Y9          FDRE                                         r  $flatten\\decoder.$auto$ff.cc:337:slice$53635/C
  -------------------------------------------------------------------    -------------------
    SLICE_X73Y9          FDRE (Prop_fdre_C_Q)         0.269     4.658 r  $flatten\\decoder.$auto$ff.cc:337:slice$53635/Q
                         net (fo=4, routed)           0.472     5.130    decoder.application.__phi_decoder_profile_topology__SchedulerGrid_0_next_inst.__phi_decoder_profile_topology__Phi_xReductionPlane_0_next_inst.sign_ext_166213[17]
    SLICE_X72Y10         LUT4 (Prop_lut4_I0_O)        0.053     5.183 f  $flatten\\decoder.$abc$1164281$lut$aiger1164280$56219/O
                         net (fo=1, routed)           0.690     5.873    $flattendecoder.$techmap1176746$abc$1164281$lut$aiger1164280$56229.A[2]
    SLICE_X70Y9          LUT5 (Prop_lut5_I2_O)        0.053     5.926 f  $flatten\\decoder.$abc$1164281$lut$aiger1164280$56229/O
                         net (fo=1, routed)           0.243     6.169    $flattendecoder.$techmap1176749$abc$1164281$lut$aiger1164280$56241.A[5]
    SLICE_X67Y9          LUT6 (Prop_lut6_I5_O)        0.053     6.222 f  $flatten\\decoder.$abc$1164281$lut$aiger1164280$56241/O
                         net (fo=9, routed)           0.479     6.701    $flattendecoder.$auto$abc9_ops.cc:1613:reintegrate$1173086.A[5]
    SLICE_X64Y9          LUT4 (Prop_lut4_I2_O)        0.053     6.754 r  $flatten\\decoder.$abc$1164281$lut$aiger1164280$56247/O
                         net (fo=61, routed)          0.687     7.442    $flattendecoder.$techmap1177763$abc$1164281$lut$aiger1164280$56280.A[4]
    SLICE_X60Y11         LUT5 (Prop_lut5_I4_O)        0.053     7.495 r  $flatten\\decoder.$abc$1164281$lut$aiger1164280$56348/O
                         net (fo=4, routed)           0.334     7.828    $flattendecoder.$techmap1176840$abc$1164281$lut$aiger1164280$56369.A[0]
    SLICE_X59Y12         LUT2 (Prop_lut2_I1_O)        0.053     7.881 r  $flatten\\decoder.$abc$1164281$lut$aiger1164280$56352/O
                         net (fo=5, routed)           0.558     8.440    $flattendecoder.$techmap1177819$abc$1164281$lut$aiger1164280$61340.A[2]
    SLICE_X57Y12         LUT5 (Prop_lut5_I3_O)        0.053     8.493 f  $flatten\\decoder.$abc$1164281$lut$aiger1164280$56369/O
                         net (fo=2, routed)           0.317     8.809    $flattendecoder.$techmap1176841$auto$abc9_ops.cc:1613:reintegrate$1173153.A[0]
    SLICE_X57Y10         LUT5 (Prop_lut5_I0_O)        0.053     8.862 r  $flatten\\decoder.$auto$abc9_ops.cc:1613:reintegrate$1173153/O
                         net (fo=1, routed)           0.430     9.292    $flattendecoder.$abc$1164281$aiger1164280$56375b
    SLICE_X56Y9          CARRY4 (Prop_carry4_DI[2]_CO[3])
                                                      0.239     9.531 r  $flatten\\decoder.\\application.\\__phi_decoder_profile_topology__SchedulerGrid_0_next_inst.\\__phi_decoder_profile_topology__Phi_xReductionPlane_0_next_inst.$lt$/Users/ecpeterson/Documents/code/erl_xls/_build/architecture-repo/_build/vendor-followup-20260926/dedicated-default/phi_decoder_profile.v:8024$8906.genblk1.slice[2].genblk1.carry4/CO[3]
                         net (fo=1, routed)           0.000     9.531    $flattendecoder.$abc$1164281$aiger1164280$27244
    SLICE_X56Y10         CARRY4 (Prop_carry4_CI_CO[3])
                                                      0.058     9.589 r  $flatten\\decoder.\\application.\\__phi_decoder_profile_topology__SchedulerGrid_0_next_inst.\\__phi_decoder_profile_topology__Phi_xReductionPlane_0_next_inst.$lt$/Users/ecpeterson/Documents/code/erl_xls/_build/architecture-repo/_build/vendor-followup-20260926/dedicated-default/phi_decoder_profile.v:8024$8906.genblk1.slice[3].genblk1.carry4/CO[3]
                         net (fo=1, routed)           0.000     9.589    $flattendecoder.$abc$1164281$aiger1164280$27252
    SLICE_X56Y11         CARRY4 (Prop_carry4_CI_CO[3])
                                                      0.058     9.647 r  $flatten\\decoder.\\application.\\__phi_decoder_profile_topology__SchedulerGrid_0_next_inst.\\__phi_decoder_profile_topology__Phi_xReductionPlane_0_next_inst.$lt$/Users/ecpeterson/Documents/code/erl_xls/_build/architecture-repo/_build/vendor-followup-20260926/dedicated-default/phi_decoder_profile.v:8024$8906.genblk1.slice[4].genblk1.carry4/CO[3]
                         net (fo=1, routed)           0.000     9.647    $flattendecoder.$abc$1164281$aiger1164280$27260
    SLICE_X56Y12         CARRY4 (Prop_carry4_CI_O[2])
                                                      0.136     9.783 r  $flatten\\decoder.\\application.\\__phi_decoder_profile_topology__SchedulerGrid_0_next_inst.\\__phi_decoder_profile_topology__Phi_xReductionPlane_0_next_inst.$lt$/Users/ecpeterson/Documents/code/erl_xls/_build/architecture-repo/_build/vendor-followup-20260926/dedicated-default/phi_decoder_profile.v:8024$8906.genblk1.slice[5].genblk1.carry4/O[2]
                         net (fo=1, routed)           0.275    10.058    $flattendecoder.$techmap1176897$abc$1164281$lut$aiger1164280$56875.A[1]
    SLICE_X57Y12         LUT2 (Prop_lut2_I1_O)        0.152    10.210 f  $flatten\\decoder.$abc$1164281$lut$aiger1164280$56875/O
                         net (fo=6, routed)           0.236    10.446    $flattendecoder.$techmap1177694$abc$1164281$lut$aiger1164280$61870.A[3]
    SLICE_X57Y12         LUT2 (Prop_lut2_I1_O)        0.053    10.499 f  $flatten\\decoder.$abc$1164281$lut$aiger1164280$56918/O
                         net (fo=4, routed)           0.288    10.786    $flattendecoder.$techmap1177704$abc$1164281$lut$aiger1164280$60801.A[3]
    SLICE_X55Y12         LUT2 (Prop_lut2_I1_O)        0.053    10.839 r  $flatten\\decoder.$abc$1164281$lut$aiger1164280$57419/O
                         net (fo=51, routed)          0.718    11.557    $flattendecoder.$techmap1177831$abc$1164281$lut$aiger1164280$61803.A[5]
    SLICE_X44Y11         LUT5 (Prop_lut5_I4_O)        0.053    11.610 r  $flatten\\decoder.$abc$1164281$lut$aiger1164280$57619/O
                         net (fo=4, routed)           0.534    12.144    $flattendecoder.$techmap1178081$auto$abc9_ops.cc:1613:reintegrate$1172550.A[5]
    SLICE_X32Y11         LUT5 (Prop_lut5_I4_O)        0.053    12.197 r  $flatten\\decoder.$abc$1164281$lut$aiger1164280$57638/O
                         net (fo=7, routed)           0.462    12.660    $flattendecoder.$techmap1199708$auto$abc9_ops.cc:1613:reintegrate$1165185.A[1]
    SLICE_X29Y11         LUT2 (Prop_lut2_I1_O)        0.053    12.713 r  $flatten\\decoder.$abc$1164281$lut$aiger1164280$57661/O
                         net (fo=4, routed)           0.501    13.214    $flattendecoder.$techmap1180604$abc$1164281$lut$aiger1164280$57676.A[2]
    SLICE_X29Y11         LUT3 (Prop_lut3_I2_O)        0.053    13.267 r  $flatten\\decoder.$auto$abc9_ops.cc:1613:reintegrate$1172068/O
                         net (fo=1, routed)           0.000    13.267    $flattendecoder.$abc$1164281$aiger1164280$57667b
    SLICE_X29Y11         CARRY4 (Prop_carry4_S[0]_O[2])
                                                      0.323    13.590 r  $flatten\\decoder.$auto$alumacc.cc:512:replace_alu$28098.genblk1.slice[0].genblk1.carry4/O[2]
                         net (fo=3, routed)           0.572    14.162    $flattendecoder.$techmap1180605$abc$1164281$lut$aiger1164280$57679.A[2]
    DSP48_X1Y4           DSP48E1 (Prop_dsp48e1_B[2]_PCOUT[47])
                                                      3.363    17.525 r  $flatten\\decoder.\\application.\\__phi_decoder_profile_topology__SchedulerGrid_0_next_inst.\\__phi_halo_cell__DedicatedGroup_0_next_inst.\\__phi_halo_cell__DedicatedActor_0__1_next_inst.$mul$/Users/ecpeterson/Documents/code/erl_xls/_build/architecture-repo/_build/vendor-followup-20260926/dedicated-default/phi_decoder_profile.v:4469$8259.genblk1.genblk1.genblk1.genblk1.genblk1.genblk1.genblk1.sliceA[0].mul/PCOUT[47]
                         net (fo=1, routed)           0.000    17.525    $flattendecoder.$abc$1164281$aiger1164280$37765
    DSP48_X1Y5           DSP48E1 (Prop_dsp48e1_PCIN[47]_P[14])
                                                      1.286    18.811 r  $flatten\\decoder.\\application.\\__phi_decoder_profile_topology__SchedulerGrid_0_next_inst.\\__phi_halo_cell__DedicatedGroup_0_next_inst.\\__phi_halo_cell__DedicatedActor_0__1_next_inst.$mul$/Users/ecpeterson/Documents/code/erl_xls/_build/architecture-repo/_build/vendor-followup-20260926/dedicated-default/phi_decoder_profile.v:4469$8259.genblk1.genblk1.genblk1.genblk1.genblk1.genblk1.genblk1.sliceA.last/P[14]
                         net (fo=4, routed)           0.893    19.704    $flattendecoder.$techmap1180604$abc$1164281$lut$aiger1164280$57676.A[4]
    SLICE_X30Y14         LUT2 (Prop_lut2_I1_O)        0.053    19.757 f  $flatten\\decoder.$abc$1164281$lut$aiger1164280$58638/O
                         net (fo=2, routed)           0.555    20.312    $flattendecoder.$techmap1199708$auto$abc9_ops.cc:1613:reintegrate$1165185.A[2]
    SLICE_X31Y15         LUT6 (Prop_lut6_I5_O)        0.053    20.365 f  $flatten\\decoder.$abc$1164281$lut$aiger1164280$58645/O
                         net (fo=1, routed)           0.266    20.631    $flattendecoder.$techmap1180625$abc$1164281$lut$aiger1164280$58658.A[3]
    SLICE_X33Y15         LUT4 (Prop_lut4_I3_O)        0.053    20.684 r  $flatten\\decoder.$abc$1164281$lut$aiger1164280$58658/O
                         net (fo=3, routed)           0.418    21.102    $flattendecoder.$techmap1180631$abc$1164281$lut$aiger1164280$58683.A[1]
    SLICE_X35Y15         LUT2 (Prop_lut2_I1_O)        0.053    21.155 r  $flatten\\decoder.$abc$1164281$lut$aiger1164280$58683/O
                         net (fo=3, routed)           0.568    21.723    $flattendecoder.$techmap1191460$abc$1164281$lut$aiger1164280$129747.A[1]
    SLICE_X34Y20         LUT2 (Prop_lut2_I0_O)        0.053    21.776 r  $flatten\\decoder.$abc$1164281$lut$aiger1164280$58684/O
                         net (fo=3, routed)           0.834    22.610    $flattendecoder.$techmap1180742$auto$abc9_ops.cc:1613:reintegrate$1165523.A[5]
    SLICE_X34Y36         LUT5 (Prop_lut5_I4_O)        0.053    22.663 f  $flatten\\decoder.$abc$1164281$lut$aiger1164280$66769/O
                         net (fo=37, routed)          0.399    23.062    $flattendecoder.$techmap1191072$auto$abc9_ops.cc:1613:reintegrate$1168577.A[2]
    SLICE_X45Y36         LUT3 (Prop_lut3_I2_O)        0.053    23.115 f  $flatten\\decoder.$auto$abc9_ops.cc:1613:reintegrate$1165517/O
                         net (fo=2, routed)           0.669    23.784    decoder.application.__phi_decoder_profile_topology__SchedulerGrid_0_next_inst.__phi_halo_cell__DedicatedGroup_0_next_inst.materialized_fifo_fifo__dedicated_effect__1_.push_data[384]
    SLICE_X53Y36         LUT6 (Prop_lut6_I5_O)        0.053    23.837 f  $flatten\\decoder.$abc$1164281$lut$aiger1164280$66793/O
                         net (fo=2, routed)           0.616    24.452    $flattendecoder.$techmap1180774$abc$1164281$lut$aiger1164280$66796.A[2]
    SLICE_X58Y36         LUT3 (Prop_lut3_I2_O)        0.053    24.505 f  $flatten\\decoder.$abc$1164281$lut$aiger1164280$66796/O
                         net (fo=16, routed)          0.509    25.015    $flattendecoder.$techmap1199095$abc$1164281$lut$aiger1164280$68672.A[3]
    SLICE_X59Y38         LUT5 (Prop_lut5_I3_O)        0.053    25.068 r  $flatten\\decoder.$abc$1164281$lut$aiger1164280$68657/O
                         net (fo=108, routed)         0.775    25.842    $flattendecoder.$techmap1201639$abc$1164281$lutapplication.__phi_decoder_profile_topology__SchedulerGrid_0_next_inst.__phi_syndrome_replay_cell__DedicatedGroup_0_next_inst.materialized_fifo_fifo__dedicated_mail__0_.push_data[35].A[2]
    SLICE_X69Y42         LUT2 (Prop_lut2_I0_O)        0.053    25.895 f  $flatten\\decoder.$abc$1164281$lut$aiger1164280$68658/O
                         net (fo=209, routed)         0.499    26.394    $flattendecoder.$techmap1203433$abc$1164281$lutapplication.__phi_decoder_profile_topology__SchedulerGrid_0_next_inst.__phi_syndrome_replay_cell__DedicatedGroup_0_next_inst.materialized_fifo_fifo__dedicated_mail__0_.push_data[32].A[2]
    SLICE_X69Y43         LUT2 (Prop_lut2_I1_O)        0.053    26.447 f  $flatten\\decoder.$abc$1164281$lut$aiger1164280$68659/O
                         net (fo=29, routed)          0.406    26.853    $flattendecoder.$techmap1199097$abc$1164281$lut$aiger1164280$68681.A[3]
    SLICE_X59Y43         LUT4 (Prop_lut4_I3_O)        0.053    26.906 r  $flatten\\decoder.$abc$1164281$lut$aiger1164280$68681/O
                         net (fo=5, routed)           0.457    27.363    $flattendecoder.$techmap1202023$abc$1164281$lutapplication.__phi_decoder_profile_topology__SchedulerGrid_0_next_inst.__phi_decoder_profile_topology__SchedulerRouter2_0_next_inst.one_hot_sel_171790[0].A[1]
    SLICE_X58Y44         LUT3 (Prop_lut3_I2_O)        0.053    27.416 f  $flatten\\decoder.$abc$1164281$lut$aiger1164280$68685/O
                         net (fo=4, routed)           0.423    27.839    $flattendecoder.$techmap1199117$abc$1164281$lut$aiger1164280$80155.A[5]
    SLICE_X57Y45         LUT6 (Prop_lut6_I5_O)        0.053    27.892 r  $flatten\\decoder.$abc$1164281$lut$aiger1164280$80124/O
                         net (fo=2, routed)           0.521    28.413    $flattendecoder.$techmap1199108$abc$1164281$lut$aiger1164280$80125.A[1]
    SLICE_X56Y54         LUT2 (Prop_lut2_I1_O)        0.053    28.466 f  $flatten\\decoder.$abc$1164281$lut$aiger1164280$80125/O
                         net (fo=3, routed)           0.558    29.024    $flattendecoder.$techmap1199111$abc$1164281$lut$aiger1164280$80136.A[5]
    SLICE_X57Y55         LUT6 (Prop_lut6_I5_O)        0.053    29.077 r  $flatten\\decoder.$abc$1164281$lut$aiger1164280$80136/O
                         net (fo=2, routed)           0.255    29.333    $flattendecoder.$techmap1199119$abc$1164281$lutapplication.__phi_decoder_profile_topology__SchedulerGrid_0_next_inst.__phi_decoder_profile_topology__SchedulerRouter2_0_next_inst.active_outputs_ready_0.A[4]
    SLICE_X56Y53         LUT5 (Prop_lut5_I4_O)        0.053    29.386 r  $flatten\\decoder.$abc$1164281$lut\\application.__phi_decoder_profile_topology__SchedulerGrid_0_next_inst.__phi_decoder_profile_topology__SchedulerRouter2_0_next_inst.active_outputs_ready_0/O
                         net (fo=237, routed)         0.451    29.837    decoder.application.__phi_decoder_profile_topology__SchedulerGrid_0_next_inst.__phi_decoder_profile_topology__SchedulerRouter2_0_next_inst.or_171791
    SLICE_X58Y53         LUT3 (Prop_lut3_I2_O)        0.053    29.890 r  $flatten\\decoder.$abc$1164281$lut\\application.__phi_decoder_profile_topology__SchedulerGrid_0_next_inst.__phi_decoder_profile_topology__SchedulerRouter2_0_next_inst.or_171785/O
                         net (fo=114, routed)         0.781    30.671    decoder.application.__phi_decoder_profile_topology__SchedulerGrid_0_next_inst.__phi_decoder_profile_topology__SchedulerRouter2_0_next_inst.or_171785
    SLICE_X51Y54         FDRE                                         r  $flatten\\decoder.$auto$ff.cc:337:slice$55950/CE
  -------------------------------------------------------------------    -------------------

                         (clock clock rise edge)      5.000     5.000 r
    AA14                                              0.000     5.000 r  clock (IN)
                         net (fo=0)                   0.000     5.000    clock
    AA14                 IBUF (Prop_ibuf_I_O)         0.767     5.767 r  $iopadmap$phi_timing_harness.clock/O
                         net (fo=1, routed)           1.741     7.508    $auto$clkbufmap.cc:262:execute$6457
    BUFGCTRL_X0Y0        BUFG (Prop_bufg_I_O)         0.113     7.621 r  $auto$clkbufmap.cc:261:execute$6456/O
                         net (fo=16482, routed)       1.281     8.902    decoder.application.clk
    SLICE_X51Y54         FDRE                                         r  $flatten\\decoder.$auto$ff.cc:337:slice$55950/C
                         clock pessimism              0.182     9.084
                         clock uncertainty           -0.035     9.049
    SLICE_X51Y54         FDRE (Setup_fdre_C_CE)      -0.244     8.805    $flatten\\decoder.$auto$ff.cc:337:slice$55950
  -------------------------------------------------------------------
                         required time                          8.805
                         arrival time                         -30.671
  -------------------------------------------------------------------
                         slack                                -21.867
