Slack (VIOLATED) :        -12.100ns  (required time - arrival time)
  Source:                 $flatten\\decoder.\\application.\\__phi_decoder_profile_topology__SchedulerGrid_0_next_inst.\\__phi_halo_cell__SharedService_0__2_3_0_2_2_next_inst.\\__phi_halo_cell__SharedExecutor_0_next_inst.$mul$/Users/ecpeterson/Documents/code/erl_xls/_build/timing-report-repo/_build/arrival-cell-3000/phi_decoder_profile.v:3893$4387.genblk1.genblk1.genblk1.genblk1.genblk1.genblk1.genblk1.sliceA[0].mul.genblk1.genblk1.genblk1.genblk1.genblk1.genblk1.genblk1.genblk1.sliceB[0].mul/CLK
                            (rising edge-triggered cell DSP48E1 clocked by clock  {rise@0.000ns fall@2.500ns period=5.000ns})
  Destination:            $flatten\\decoder.$auto$ff.cc:337:slice$59513/D
                            (rising edge-triggered cell FDRE clocked by clock  {rise@0.000ns fall@2.500ns period=5.000ns})
  Path Group:             clock
  Path Type:              Setup (Max at Slow Process Corner)
  Requirement:            5.000ns  (clock rise@5.000ns - clock rise@0.000ns)
  Data Path Delay:        16.872ns  (logic 8.644ns (51.233%)  route 8.228ns (48.767%))
  Logic Levels:           29  (CARRY4=12 DSP48E1=2 LUT2=4 LUT3=4 LUT4=5 LUT5=1 LUT6=1)
  Clock Path Skew:        -0.227ns (DCD - SCD + CPR)
    Destination Clock Delay (DCD):    4.100ns = ( 9.100 - 5.000 )
    Source Clock Delay      (SCD):    4.512ns
    Clock Pessimism Removal (CPR):    0.184ns
  Clock Uncertainty:      0.035ns  ((TSJ^2 + TIJ^2)^1/2 + DJ) / 2 + PE
    Total System Jitter     (TSJ):    0.071ns
    Total Input Jitter      (TIJ):    0.000ns
    Discrete Jitter          (DJ):    0.000ns
    Phase Error              (PE):    0.000ns

    Location             Delay type                Incr(ns)  Path(ns)    Netlist Resource(s)
  -------------------------------------------------------------------    -------------------
                         (clock clock rise edge)      0.000     0.000 r
    AA14                                              0.000     0.000 r  clock (IN)
                         net (fo=0)                   0.000     0.000    clock
    AA14                 IBUF (Prop_ibuf_I_O)         0.843     0.843 r  $iopadmap$phi_timing_harness.clock/O
                         net (fo=1, routed)           1.830     2.673    $auto$clkbufmap.cc:262:execute$6457
    BUFGCTRL_X0Y0        BUFG (Prop_bufg_I_O)         0.120     2.793 r  $auto$clkbufmap.cc:261:execute$6456/O
                         net (fo=22130, routed)       1.718     4.512    decoder.scheduler_3_state.clk
    DSP48_X0Y4           DSP48E1                                      r  $flatten\\decoder.\\application.\\__phi_decoder_profile_topology__SchedulerGrid_0_next_inst.\\__phi_halo_cell__SharedService_0__2_3_0_2_2_next_inst.\\__phi_halo_cell__SharedExecutor_0_next_inst.$mul$/Users/ecpeterson/Documents/code/erl_xls/_build/timing-report-repo/_build/arrival-cell-3000/phi_decoder_profile.v:3893$4387.genblk1.genblk1.genblk1.genblk1.genblk1.genblk1.genblk1.sliceA[0].mul.genblk1.genblk1.genblk1.genblk1.genblk1.genblk1.genblk1.genblk1.sliceB[0].mul/CLK
  -------------------------------------------------------------------    -------------------
    DSP48_X0Y4           DSP48E1 (Prop_dsp48e1_CLK_PCOUT[47])
                                                      3.397     7.909 r  $flatten\\decoder.\\application.\\__phi_decoder_profile_topology__SchedulerGrid_0_next_inst.\\__phi_halo_cell__SharedService_0__2_3_0_2_2_next_inst.\\__phi_halo_cell__SharedExecutor_0_next_inst.$mul$/Users/ecpeterson/Documents/code/erl_xls/_build/timing-report-repo/_build/arrival-cell-3000/phi_decoder_profile.v:3893$4387.genblk1.genblk1.genblk1.genblk1.genblk1.genblk1.genblk1.sliceA[0].mul.genblk1.genblk1.genblk1.genblk1.genblk1.genblk1.genblk1.genblk1.sliceB[0].mul/PCOUT[47]
                         net (fo=1, routed)           0.000     7.909    $flattendecoder.$abc$1120018$auto$xilinx_dsp_cascade_pm.h:379:block_2$26617[47]
    DSP48_X0Y5           DSP48E1 (Prop_dsp48e1_PCIN[47]_PCOUT[47])
                                                      1.452     9.361 r  $flatten\\decoder.\\application.\\__phi_decoder_profile_topology__SchedulerGrid_0_next_inst.\\__phi_halo_cell__SharedService_0__2_3_0_2_2_next_inst.\\__phi_halo_cell__SharedExecutor_0_next_inst.$mul$/Users/ecpeterson/Documents/code/erl_xls/_build/timing-report-repo/_build/arrival-cell-3000/phi_decoder_profile.v:3893$4387.genblk1.genblk1.genblk1.genblk1.genblk1.genblk1.genblk1.sliceA[0].mul.genblk1.genblk1.genblk1.genblk1.genblk1.genblk1.genblk1.genblk1.sliceB[1].mul/PCOUT[47]
                         net (fo=1, routed)           0.000     9.361    $flattendecoder.$abc$1120018$auto$xilinx_dsp_cascade_pm.h:379:block_2$26619[47]
    DSP48_X0Y6           DSP48E1 (Prop_dsp48e1_PCIN[47]_P[0])
                                                      1.286    10.647 r  $flatten\\decoder.\\application.\\__phi_decoder_profile_topology__SchedulerGrid_0_next_inst.\\__phi_halo_cell__SharedService_0__2_3_0_2_2_next_inst.\\__phi_halo_cell__SharedExecutor_0_next_inst.$mul$/Users/ecpeterson/Documents/code/erl_xls/_build/timing-report-repo/_build/arrival-cell-3000/phi_decoder_profile.v:3893$4387.genblk1.genblk1.genblk1.genblk1.genblk1.genblk1.genblk1.sliceA[0].mul.genblk1.genblk1.genblk1.genblk1.genblk1.genblk1.genblk1.genblk1.mul_sliceB_last/P[0]
                         net (fo=2, routed)           0.529    11.175    $flattendecoder.$auto$alumacc.cc:512:replace_alu$31141.A[17]
    SLICE_X10Y15         LUT2 (Prop_lut2_I0_O)        0.053    11.228 r  $flatten\\decoder.$auto$abc9_ops.cc:1613:reintegrate$1126484/O
                         net (fo=1, routed)           0.000    11.228    $flattendecoder.$abc$1120018$aiger1120017$52694b
    SLICE_X10Y15         CARRY4 (Prop_carry4_S[1]_CO[3])
                                                      0.310    11.538 r  $flatten\\decoder.$auto$alumacc.cc:512:replace_alu$31141.genblk1.slice[4].genblk1.carry4/CO[3]
                         net (fo=1, routed)           0.000    11.538    $flattendecoder.$abc$1120018$aiger1120017$30022
    SLICE_X10Y16         CARRY4 (Prop_carry4_CI_CO[3])
                                                      0.060    11.598 r  $flatten\\decoder.$auto$alumacc.cc:512:replace_alu$31141.genblk1.slice[5].genblk1.carry4/CO[3]
                         net (fo=1, routed)           0.000    11.598    $flattendecoder.$abc$1120018$aiger1120017$30030
    SLICE_X10Y17         CARRY4 (Prop_carry4_CI_CO[3])
                                                      0.060    11.658 r  $flatten\\decoder.$auto$alumacc.cc:512:replace_alu$31141.genblk1.slice[6].genblk1.carry4/CO[3]
                         net (fo=1, routed)           0.000    11.658    $flattendecoder.$abc$1120018$aiger1120017$30038
    SLICE_X10Y18         CARRY4 (Prop_carry4_CI_CO[3])
                                                      0.060    11.718 r  $flatten\\decoder.$auto$alumacc.cc:512:replace_alu$31141.genblk1.slice[7].genblk1.carry4/CO[3]
                         net (fo=1, routed)           0.000    11.718    $flattendecoder.$abc$1120018$aiger1120017$30046
    SLICE_X10Y19         CARRY4 (Prop_carry4_CI_CO[3])
                                                      0.060    11.778 r  $flatten\\decoder.$auto$alumacc.cc:512:replace_alu$31141.genblk1.slice[8].genblk1.carry4/CO[3]
                         net (fo=1, routed)           0.000    11.778    $flattendecoder.$abc$1120018$aiger1120017$30054
    SLICE_X10Y20         CARRY4 (Prop_carry4_CI_CO[3])
                                                      0.060    11.838 r  $flatten\\decoder.$auto$alumacc.cc:512:replace_alu$31141.genblk1.slice[9].genblk1.carry4/CO[3]
                         net (fo=1, routed)           0.000    11.838    $flattendecoder.$abc$1120018$aiger1120017$30062
    SLICE_X10Y21         CARRY4 (Prop_carry4_CI_CO[3])
                                                      0.060    11.898 r  $flatten\\decoder.$auto$alumacc.cc:512:replace_alu$31141.genblk1.slice[10].genblk1.carry4/CO[3]
                         net (fo=1, routed)           0.000    11.898    $flattendecoder.$abc$1120018$aiger1120017$30070
    SLICE_X10Y22         CARRY4 (Prop_carry4_CI_CO[3])
                                                      0.060    11.958 r  $flatten\\decoder.$auto$alumacc.cc:512:replace_alu$31141.genblk1.slice[11].genblk1.carry4/CO[3]
                         net (fo=1, routed)           0.000    11.958    $flattendecoder.$abc$1120018$aiger1120017$30078
    SLICE_X10Y23         CARRY4 (Prop_carry4_CI_CO[3])
                                                      0.060    12.018 r  $flatten\\decoder.$auto$alumacc.cc:512:replace_alu$31141.genblk1.slice[12].genblk1.carry4/CO[3]
                         net (fo=1, routed)           0.000    12.018    $flattendecoder.$abc$1120018$aiger1120017$30086
    SLICE_X10Y24         CARRY4 (Prop_carry4_CI_O[0])
                                                      0.135    12.153 r  $flatten\\decoder.$auto$alumacc.cc:512:replace_alu$31141.genblk1.slice[13].genblk1.carry4/O[0]
                         net (fo=1, routed)           0.450    12.603    $flattendecoder.$abc$1120018$aiger1120017$30087
    SLICE_X11Y24         CARRY4 (Prop_carry4_S[1]_CO[3])
                                                      0.477    13.080 r  $flatten\\decoder.$auto$alumacc.cc:512:replace_alu$31414.genblk1.slice[7].genblk1.carry4/CO[3]
                         net (fo=1, routed)           0.008    13.088    $flattendecoder.$abc$1120018$aiger1120017$30166
    SLICE_X11Y25         CARRY4 (Prop_carry4_CI_O[1])
                                                      0.213    13.301 r  $flatten\\decoder.$auto$alumacc.cc:512:replace_alu$31414.genblk1.slice[8].genblk1.carry4/O[1]
                         net (fo=2, routed)           0.435    13.737    $flattendecoder.$techmap1132711$abc$1120018$lut$aiger1120017$52760.A[3]
    SLICE_X13Y25         LUT4 (Prop_lut4_I3_O)        0.152    13.889 r  $flatten\\decoder.$abc$1120018$lut$aiger1120017$52764/O
                         net (fo=20, routed)          0.273    14.162    $flattendecoder.$techmap1141106$abc$1120018$lut$aiger1120017$76915.A[3]
    SLICE_X14Y25         LUT2 (Prop_lut2_I1_O)        0.053    14.215 f  $flatten\\decoder.$abc$1120018$lut$aiger1120017$54229/O
                         net (fo=12, routed)          0.713    14.928    $flattendecoder.$techmap1140960$abc$1120018$lut$aiger1120017$54234.A[4]
    SLICE_X18Y25         LUT6 (Prop_lut6_I4_O)        0.053    14.981 r  $flatten\\decoder.$abc$1120018$lut$aiger1120017$70272/O
                         net (fo=1, routed)           0.356    15.337    $flattendecoder.$techmap1138166$auto$abc9_ops.cc:1613:reintegrate$1120325.A[2]
    SLICE_X20Y24         LUT3 (Prop_lut3_I2_O)        0.053    15.390 r  $flatten\\decoder.$auto$abc9_ops.cc:1613:reintegrate$1120325/O
                         net (fo=3, routed)           0.293    15.683    decoder.application.__phi_decoder_profile_topology__SchedulerGrid_0_next_inst.__phi_halo_cell__SharedService_0__2_3_0_2_2_next_inst.materialized_fifo_fifo__executor_result_.push_data[507]
    SLICE_X22Y25         LUT2 (Prop_lut2_I1_O)        0.053    15.736 r  $flatten\\decoder.$abc$1120018$lut\\application.__phi_decoder_profile_topology__SchedulerGrid_0_next_inst.__phi_halo_cell__SharedService_0__2_3_0_2_2_next_inst.__phi_halo_cell__SharedExecutor_0_next_inst.and_140915[236]/O
                         net (fo=5, routed)           0.685    16.421    decoder.application.__phi_decoder_profile_topology__SchedulerGrid_0_next_inst.__phi_halo_cell__SharedService_0__2_3_0_2_2_next_inst.materialized_fifo_fifo__executor_result_.push_data[259]
    SLICE_X33Y25         LUT2 (Prop_lut2_I1_O)        0.053    16.474 r  $flatten\\decoder.$auto$abc9_ops.cc:1613:reintegrate$1120239/O
                         net (fo=2, routed)           0.466    16.940    decoder.application.__phi_decoder_profile_topology__SchedulerGrid_0_next_inst.__phi_halo_cell__SharedService_0__2_3_0_2_2_next_inst.materialized_fifo_fifo__executor_result_.push_data[163]
    SLICE_X33Y25         LUT4 (Prop_lut4_I3_O)        0.053    16.993 r  $flatten\\decoder.$abc$1120018$lut\\application.__phi_decoder_profile_topology__SchedulerGrid_0_next_inst.__phi_halo_cell__SharedService_0__2_3_0_2_2_next_inst.incoming_result[163]/O
                         net (fo=2, routed)           0.534    17.527    decoder.application.__phi_decoder_profile_topology__SchedulerGrid_0_next_inst.__phi_halo_cell__SharedService_0__2_3_0_2_2_next_inst.tuple_index_170076[140]
    SLICE_X35Y22         LUT3 (Prop_lut3_I2_O)        0.053    17.580 r  $flatten\\decoder.$abc$1120018$lut\\application.__phi_decoder_profile_topology__SchedulerGrid_0_next_inst.materialized_fifo_fifo__scheduler_3_egress_.push_data[140]/O
                         net (fo=2, routed)           0.546    18.126    decoder.application.__phi_decoder_profile_topology__SchedulerGrid_0_next_inst.materialized_fifo_fifo__scheduler_3_egress_.push_data[140]
    SLICE_X41Y23         LUT3 (Prop_lut3_I2_O)        0.053    18.179 r  $flatten\\decoder.$abc$1120018$lut$aiger1120017$83226/O
                         net (fo=2, routed)           0.435    18.614    $flattendecoder.$techmap1138172$abc$1120018$lut$aiger1120017$83229.A[3]
    SLICE_X46Y23         LUT4 (Prop_lut4_I3_O)        0.053    18.667 f  $flatten\\decoder.$abc$1120018$lut$aiger1120017$83229/O
                         net (fo=5, routed)           0.967    19.633    $flattendecoder.$techmap1147943$abc$1120018$lut$aiger1120017$83234.A[3]
    SLICE_X72Y26         LUT4 (Prop_lut4_I3_O)        0.053    19.686 r  $flatten\\decoder.$auto$abc9_ops.cc:1613:reintegrate$1123582/O
                         net (fo=2, routed)           0.700    20.387    decoder.application.__phi_decoder_profile_topology__SchedulerGrid_0_next_inst.materialized_fifo_fifo__phi_z_reduction_batch__0_.push_data[268]
    SLICE_X72Y32         LUT4 (Prop_lut4_I3_O)        0.053    20.440 r  $flatten\\decoder.$abc$1120018$lut\\application.__phi_decoder_profile_topology__SchedulerGrid_0_next_inst.__phi_decoder_profile_topology__Phi_zReductionPlane_0_next_inst.next_batch[268]/O
                         net (fo=2, routed)           0.357    20.796    decoder.application.__phi_decoder_profile_topology__SchedulerGrid_0_next_inst.__phi_decoder_profile_topology__Phi_zReductionPlane_0_next_inst.tuple_index_174219[2][12]
    SLICE_X78Y32         LUT3 (Prop_lut3_I2_O)        0.053    20.849 f  $flatten\\decoder.$abc$1120018$lut$aiger1120017$118958/O
                         net (fo=4, routed)           0.481    21.330    $flattendecoder.$techmap1138176$auto$abc9_ops.cc:1613:reintegrate$1123581.A[3]
    SLICE_X77Y33         LUT5 (Prop_lut5_I4_O)        0.053    21.383 r  $flatten\\decoder.$auto$xilinx_dffopt.cc:338:execute$1164262/O
                         net (fo=1, routed)           0.000    21.383    $flattendecoder.$auto$xilinx_dffopt.cc:347:execute$1164263
    SLICE_X77Y33         FDRE                                         r  $flatten\\decoder.$auto$ff.cc:337:slice$59513/D
  -------------------------------------------------------------------    -------------------

                         (clock clock rise edge)      5.000     5.000 r
    AA14                                              0.000     5.000 r  clock (IN)
                         net (fo=0)                   0.000     5.000    clock
    AA14                 IBUF (Prop_ibuf_I_O)         0.767     5.767 r  $iopadmap$phi_timing_harness.clock/O
                         net (fo=1, routed)           1.741     7.508    $auto$clkbufmap.cc:262:execute$6457
    BUFGCTRL_X0Y0        BUFG (Prop_bufg_I_O)         0.113     7.621 r  $auto$clkbufmap.cc:261:execute$6456/O
                         net (fo=22130, routed)       1.479     9.100    decoder.scheduler_3_state.clk
    SLICE_X77Y33         FDRE                                         r  $flatten\\decoder.$auto$ff.cc:337:slice$59513/C
                         clock pessimism              0.184     9.284
                         clock uncertainty           -0.035     9.249
    SLICE_X77Y33         FDRE (Setup_fdre_C_D)        0.035     9.284    $flatten\\decoder.$auto$ff.cc:337:slice$59513
  -------------------------------------------------------------------
                         required time                          9.284
                         arrival time                         -21.383
  -------------------------------------------------------------------
                         slack                                -12.100
