Copyright 1986-2022 Xilinx, Inc. All Rights Reserved. Copyright 2022-2024 Advanced Micro Devices, Inc. All Rights Reserved.
---------------------------------------------------------------------------------------------------------------------------------------------
| Tool Version : Vivado v.2024.2 (lin64) Build 5239630 Fri Nov 08 22:34:34 MST 2024
| Date         : Sun Sep 27 00:58:22 2026
| Host         : ip-172-31-24-238 running 64-bit Ubuntu 22.04.5 LTS
| Command      : check_timing -verbose -file /home/ubuntu/timing-followup-20260926/selector-edges/sel_d8_w24_n63/vivado/coverage.rpt
| Design       : probe_top
| Device       : 7z030-sbg485
| Speed File   : -1  PRODUCTION 1.12 2019-11-22
| Design State : Routed
---------------------------------------------------------------------------------------------------------------------------------------------


check_timing report

Table of Contents
-----------------
1. checking no_clock (0)
2. checking constant_clock (0)
3. checking pulse_width_clock (0)
4. checking unconstrained_internal_endpoints (0)
5. checking no_input_delay (1544)
6. checking no_output_delay (24)
7. checking multiple_clock (0)
8. checking generated_clocks (0)
9. checking loops (0)
10. checking partial_input_delay (0)
11. checking partial_output_delay (0)
12. checking latch_loops (0)

1. checking no_clock (0)
------------------------
 There are 0 register/latch pins with no clock.


2. checking constant_clock (0)
------------------------------
 There are 0 register/latch pins with constant_clock.


3. checking pulse_width_clock (0)
---------------------------------
 There are 0 register/latch pins which need pulse_width check


4. checking unconstrained_internal_endpoints (0)
------------------------------------------------
 There are 0 pins that are not constrained for maximum delay.

 There are 0 pins that are not constrained for maximum delay due to constant clock.


5. checking no_input_delay (1544)
---------------------------------
 There are 0 input ports with no input delay specified.

 There are 1544 input ports with no input delay but user has a false path constraint. (MEDIUM)

index[0]
index[1]
index[2]
index[3]
index[4]
index[5]
index[6]
index[7]
otherwise[0]
otherwise[10]
otherwise[11]
otherwise[12]
otherwise[13]
otherwise[14]
otherwise[15]
otherwise[16]
otherwise[17]
otherwise[18]
otherwise[19]
otherwise[1]
otherwise[20]
otherwise[21]
otherwise[22]
otherwise[23]
otherwise[2]
otherwise[3]
otherwise[4]
otherwise[5]
otherwise[6]
otherwise[7]
otherwise[8]
otherwise[9]
v0[0]
v0[10]
v0[11]
v0[12]
v0[13]
v0[14]
v0[15]
v0[16]
v0[17]
v0[18]
v0[19]
v0[1]
v0[20]
v0[21]
v0[22]
v0[23]
v0[2]
v0[3]
v0[4]
v0[5]
v0[6]
v0[7]
v0[8]
v0[9]
v10[0]
v10[10]
v10[11]
v10[12]
v10[13]
v10[14]
v10[15]
v10[16]
v10[17]
v10[18]
v10[19]
v10[1]
v10[20]
v10[21]
v10[22]
v10[23]
v10[2]
v10[3]
v10[4]
v10[5]
v10[6]
v10[7]
v10[8]
v10[9]
v11[0]
v11[10]
v11[11]
v11[12]
v11[13]
v11[14]
v11[15]
v11[16]
v11[17]
v11[18]
v11[19]
v11[1]
v11[20]
v11[21]
v11[22]
v11[23]
v11[2]
v11[3]
v11[4]
v11[5]
v11[6]
v11[7]
v11[8]
v11[9]
v12[0]
v12[10]
v12[11]
v12[12]
v12[13]
v12[14]
v12[15]
v12[16]
v12[17]
v12[18]
v12[19]
v12[1]
v12[20]
v12[21]
v12[22]
v12[23]
v12[2]
v12[3]
v12[4]
v12[5]
v12[6]
v12[7]
v12[8]
v12[9]
v13[0]
v13[10]
v13[11]
v13[12]
v13[13]
v13[14]
v13[15]
v13[16]
v13[17]
v13[18]
v13[19]
v13[1]
v13[20]
v13[21]
v13[22]
v13[23]
v13[2]
v13[3]
v13[4]
v13[5]
v13[6]
v13[7]
v13[8]
v13[9]
v14[0]
v14[10]
v14[11]
v14[12]
v14[13]
v14[14]
v14[15]
v14[16]
v14[17]
v14[18]
v14[19]
v14[1]
v14[20]
v14[21]
v14[22]
v14[23]
v14[2]
v14[3]
v14[4]
v14[5]
v14[6]
v14[7]
v14[8]
v14[9]
v15[0]
v15[10]
v15[11]
v15[12]
v15[13]
v15[14]
v15[15]
v15[16]
v15[17]
v15[18]
v15[19]
v15[1]
v15[20]
v15[21]
v15[22]
v15[23]
v15[2]
v15[3]
v15[4]
v15[5]
v15[6]
v15[7]
v15[8]
v15[9]
v16[0]
v16[10]
v16[11]
v16[12]
v16[13]
v16[14]
v16[15]
v16[16]
v16[17]
v16[18]
v16[19]
v16[1]
v16[20]
v16[21]
v16[22]
v16[23]
v16[2]
v16[3]
v16[4]
v16[5]
v16[6]
v16[7]
v16[8]
v16[9]
v17[0]
v17[10]
v17[11]
v17[12]
v17[13]
v17[14]
v17[15]
v17[16]
v17[17]
v17[18]
v17[19]
v17[1]
v17[20]
v17[21]
v17[22]
v17[23]
v17[2]
v17[3]
v17[4]
v17[5]
v17[6]
v17[7]
v17[8]
v17[9]
v18[0]
v18[10]
v18[11]
v18[12]
v18[13]
v18[14]
v18[15]
v18[16]
v18[17]
v18[18]
v18[19]
v18[1]
v18[20]
v18[21]
v18[22]
v18[23]
v18[2]
v18[3]
v18[4]
v18[5]
v18[6]
v18[7]
v18[8]
v18[9]
v19[0]
v19[10]
v19[11]
v19[12]
v19[13]
v19[14]
v19[15]
v19[16]
v19[17]
v19[18]
v19[19]
v19[1]
v19[20]
v19[21]
v19[22]
v19[23]
v19[2]
v19[3]
v19[4]
v19[5]
v19[6]
v19[7]
v19[8]
v19[9]
v1[0]
v1[10]
v1[11]
v1[12]
v1[13]
v1[14]
v1[15]
v1[16]
v1[17]
v1[18]
v1[19]
v1[1]
v1[20]
v1[21]
v1[22]
v1[23]
v1[2]
v1[3]
v1[4]
v1[5]
v1[6]
v1[7]
v1[8]
v1[9]
v20[0]
v20[10]
v20[11]
v20[12]
v20[13]
v20[14]
v20[15]
v20[16]
v20[17]
v20[18]
v20[19]
v20[1]
v20[20]
v20[21]
v20[22]
v20[23]
v20[2]
v20[3]
v20[4]
v20[5]
v20[6]
v20[7]
v20[8]
v20[9]
v21[0]
v21[10]
v21[11]
v21[12]
v21[13]
v21[14]
v21[15]
v21[16]
v21[17]
v21[18]
v21[19]
v21[1]
v21[20]
v21[21]
v21[22]
v21[23]
v21[2]
v21[3]
v21[4]
v21[5]
v21[6]
v21[7]
v21[8]
v21[9]
v22[0]
v22[10]
v22[11]
v22[12]
v22[13]
v22[14]
v22[15]
v22[16]
v22[17]
v22[18]
v22[19]
v22[1]
v22[20]
v22[21]
v22[22]
v22[23]
v22[2]
v22[3]
v22[4]
v22[5]
v22[6]
v22[7]
v22[8]
v22[9]
v23[0]
v23[10]
v23[11]
v23[12]
v23[13]
v23[14]
v23[15]
v23[16]
v23[17]
v23[18]
v23[19]
v23[1]
v23[20]
v23[21]
v23[22]
v23[23]
v23[2]
v23[3]
v23[4]
v23[5]
v23[6]
v23[7]
v23[8]
v23[9]
v24[0]
v24[10]
v24[11]
v24[12]
v24[13]
v24[14]
v24[15]
v24[16]
v24[17]
v24[18]
v24[19]
v24[1]
v24[20]
v24[21]
v24[22]
v24[23]
v24[2]
v24[3]
v24[4]
v24[5]
v24[6]
v24[7]
v24[8]
v24[9]
v25[0]
v25[10]
v25[11]
v25[12]
v25[13]
v25[14]
v25[15]
v25[16]
v25[17]
v25[18]
v25[19]
v25[1]
v25[20]
v25[21]
v25[22]
v25[23]
v25[2]
v25[3]
v25[4]
v25[5]
v25[6]
v25[7]
v25[8]
v25[9]
v26[0]
v26[10]
v26[11]
v26[12]
v26[13]
v26[14]
v26[15]
v26[16]
v26[17]
v26[18]
v26[19]
v26[1]
v26[20]
v26[21]
v26[22]
v26[23]
v26[2]
v26[3]
v26[4]
v26[5]
v26[6]
v26[7]
v26[8]
v26[9]
v27[0]
v27[10]
v27[11]
v27[12]
v27[13]
v27[14]
v27[15]
v27[16]
v27[17]
v27[18]
v27[19]
v27[1]
v27[20]
v27[21]
v27[22]
v27[23]
v27[2]
v27[3]
v27[4]
v27[5]
v27[6]
v27[7]
v27[8]
v27[9]
v28[0]
v28[10]
v28[11]
v28[12]
v28[13]
v28[14]
v28[15]
v28[16]
v28[17]
v28[18]
v28[19]
v28[1]
v28[20]
v28[21]
v28[22]
v28[23]
v28[2]
v28[3]
v28[4]
v28[5]
v28[6]
v28[7]
v28[8]
v28[9]
v29[0]
v29[10]
v29[11]
v29[12]
v29[13]
v29[14]
v29[15]
v29[16]
v29[17]
v29[18]
v29[19]
v29[1]
v29[20]
v29[21]
v29[22]
v29[23]
v29[2]
v29[3]
v29[4]
v29[5]
v29[6]
v29[7]
v29[8]
v29[9]
v2[0]
v2[10]
v2[11]
v2[12]
v2[13]
v2[14]
v2[15]
v2[16]
v2[17]
v2[18]
v2[19]
v2[1]
v2[20]
v2[21]
v2[22]
v2[23]
v2[2]
v2[3]
v2[4]
v2[5]
v2[6]
v2[7]
v2[8]
v2[9]
v30[0]
v30[10]
v30[11]
v30[12]
v30[13]
v30[14]
v30[15]
v30[16]
v30[17]
v30[18]
v30[19]
v30[1]
v30[20]
v30[21]
v30[22]
v30[23]
v30[2]
v30[3]
v30[4]
v30[5]
v30[6]
v30[7]
v30[8]
v30[9]
v31[0]
v31[10]
v31[11]
v31[12]
v31[13]
v31[14]
v31[15]
v31[16]
v31[17]
v31[18]
v31[19]
v31[1]
v31[20]
v31[21]
v31[22]
v31[23]
v31[2]
v31[3]
v31[4]
v31[5]
v31[6]
v31[7]
v31[8]
v31[9]
v32[0]
v32[10]
v32[11]
v32[12]
v32[13]
v32[14]
v32[15]
v32[16]
v32[17]
v32[18]
v32[19]
v32[1]
v32[20]
v32[21]
v32[22]
v32[23]
v32[2]
v32[3]
v32[4]
v32[5]
v32[6]
v32[7]
v32[8]
v32[9]
v33[0]
v33[10]
v33[11]
v33[12]
v33[13]
v33[14]
v33[15]
v33[16]
v33[17]
v33[18]
v33[19]
v33[1]
v33[20]
v33[21]
v33[22]
v33[23]
v33[2]
v33[3]
v33[4]
v33[5]
v33[6]
v33[7]
v33[8]
v33[9]
v34[0]
v34[10]
v34[11]
v34[12]
v34[13]
v34[14]
v34[15]
v34[16]
v34[17]
v34[18]
v34[19]
v34[1]
v34[20]
v34[21]
v34[22]
v34[23]
v34[2]
v34[3]
v34[4]
v34[5]
v34[6]
v34[7]
v34[8]
v34[9]
v35[0]
v35[10]
v35[11]
v35[12]
v35[13]
v35[14]
v35[15]
v35[16]
v35[17]
v35[18]
v35[19]
v35[1]
v35[20]
v35[21]
v35[22]
v35[23]
v35[2]
v35[3]
v35[4]
v35[5]
v35[6]
v35[7]
v35[8]
v35[9]
v36[0]
v36[10]
v36[11]
v36[12]
v36[13]
v36[14]
v36[15]
v36[16]
v36[17]
v36[18]
v36[19]
v36[1]
v36[20]
v36[21]
v36[22]
v36[23]
v36[2]
v36[3]
v36[4]
v36[5]
v36[6]
v36[7]
v36[8]
v36[9]
v37[0]
v37[10]
v37[11]
v37[12]
v37[13]
v37[14]
v37[15]
v37[16]
v37[17]
v37[18]
v37[19]
v37[1]
v37[20]
v37[21]
v37[22]
v37[23]
v37[2]
v37[3]
v37[4]
v37[5]
v37[6]
v37[7]
v37[8]
v37[9]
v38[0]
v38[10]
v38[11]
v38[12]
v38[13]
v38[14]
v38[15]
v38[16]
v38[17]
v38[18]
v38[19]
v38[1]
v38[20]
v38[21]
v38[22]
v38[23]
v38[2]
v38[3]
v38[4]
v38[5]
v38[6]
v38[7]
v38[8]
v38[9]
v39[0]
v39[10]
v39[11]
v39[12]
v39[13]
v39[14]
v39[15]
v39[16]
v39[17]
v39[18]
v39[19]
v39[1]
v39[20]
v39[21]
v39[22]
v39[23]
v39[2]
v39[3]
v39[4]
v39[5]
v39[6]
v39[7]
v39[8]
v39[9]
v3[0]
v3[10]
v3[11]
v3[12]
v3[13]
v3[14]
v3[15]
v3[16]
v3[17]
v3[18]
v3[19]
v3[1]
v3[20]
v3[21]
v3[22]
v3[23]
v3[2]
v3[3]
v3[4]
v3[5]
v3[6]
v3[7]
v3[8]
v3[9]
v40[0]
v40[10]
v40[11]
v40[12]
v40[13]
v40[14]
v40[15]
v40[16]
v40[17]
v40[18]
v40[19]
v40[1]
v40[20]
v40[21]
v40[22]
v40[23]
v40[2]
v40[3]
v40[4]
v40[5]
v40[6]
v40[7]
v40[8]
v40[9]
v41[0]
v41[10]
v41[11]
v41[12]
v41[13]
v41[14]
v41[15]
v41[16]
v41[17]
v41[18]
v41[19]
v41[1]
v41[20]
v41[21]
v41[22]
v41[23]
v41[2]
v41[3]
v41[4]
v41[5]
v41[6]
v41[7]
v41[8]
v41[9]
v42[0]
v42[10]
v42[11]
v42[12]
v42[13]
v42[14]
v42[15]
v42[16]
v42[17]
v42[18]
v42[19]
v42[1]
v42[20]
v42[21]
v42[22]
v42[23]
v42[2]
v42[3]
v42[4]
v42[5]
v42[6]
v42[7]
v42[8]
v42[9]
v43[0]
v43[10]
v43[11]
v43[12]
v43[13]
v43[14]
v43[15]
v43[16]
v43[17]
v43[18]
v43[19]
v43[1]
v43[20]
v43[21]
v43[22]
v43[23]
v43[2]
v43[3]
v43[4]
v43[5]
v43[6]
v43[7]
v43[8]
v43[9]
v44[0]
v44[10]
v44[11]
v44[12]
v44[13]
v44[14]
v44[15]
v44[16]
v44[17]
v44[18]
v44[19]
v44[1]
v44[20]
v44[21]
v44[22]
v44[23]
v44[2]
v44[3]
v44[4]
v44[5]
v44[6]
v44[7]
v44[8]
v44[9]
v45[0]
v45[10]
v45[11]
v45[12]
v45[13]
v45[14]
v45[15]
v45[16]
v45[17]
v45[18]
v45[19]
v45[1]
v45[20]
v45[21]
v45[22]
v45[23]
v45[2]
v45[3]
v45[4]
v45[5]
v45[6]
v45[7]
v45[8]
v45[9]
v46[0]
v46[10]
v46[11]
v46[12]
v46[13]
v46[14]
v46[15]
v46[16]
v46[17]
v46[18]
v46[19]
v46[1]
v46[20]
v46[21]
v46[22]
v46[23]
v46[2]
v46[3]
v46[4]
v46[5]
v46[6]
v46[7]
v46[8]
v46[9]
v47[0]
v47[10]
v47[11]
v47[12]
v47[13]
v47[14]
v47[15]
v47[16]
v47[17]
v47[18]
v47[19]
v47[1]
v47[20]
v47[21]
v47[22]
v47[23]
v47[2]
v47[3]
v47[4]
v47[5]
v47[6]
v47[7]
v47[8]
v47[9]
v48[0]
v48[10]
v48[11]
v48[12]
v48[13]
v48[14]
v48[15]
v48[16]
v48[17]
v48[18]
v48[19]
v48[1]
v48[20]
v48[21]
v48[22]
v48[23]
v48[2]
v48[3]
v48[4]
v48[5]
v48[6]
v48[7]
v48[8]
v48[9]
v49[0]
v49[10]
v49[11]
v49[12]
v49[13]
v49[14]
v49[15]
v49[16]
v49[17]
v49[18]
v49[19]
v49[1]
v49[20]
v49[21]
v49[22]
v49[23]
v49[2]
v49[3]
v49[4]
v49[5]
v49[6]
v49[7]
v49[8]
v49[9]
v4[0]
v4[10]
v4[11]
v4[12]
v4[13]
v4[14]
v4[15]
v4[16]
v4[17]
v4[18]
v4[19]
v4[1]
v4[20]
v4[21]
v4[22]
v4[23]
v4[2]
v4[3]
v4[4]
v4[5]
v4[6]
v4[7]
v4[8]
v4[9]
v50[0]
v50[10]
v50[11]
v50[12]
v50[13]
v50[14]
v50[15]
v50[16]
v50[17]
v50[18]
v50[19]
v50[1]
v50[20]
v50[21]
v50[22]
v50[23]
v50[2]
v50[3]
v50[4]
v50[5]
v50[6]
v50[7]
v50[8]
v50[9]
v51[0]
v51[10]
v51[11]
v51[12]
v51[13]
v51[14]
v51[15]
v51[16]
v51[17]
v51[18]
v51[19]
v51[1]
v51[20]
v51[21]
v51[22]
v51[23]
v51[2]
v51[3]
v51[4]
v51[5]
v51[6]
v51[7]
v51[8]
v51[9]
v52[0]
v52[10]
v52[11]
v52[12]
v52[13]
v52[14]
v52[15]
v52[16]
v52[17]
v52[18]
v52[19]
v52[1]
v52[20]
v52[21]
v52[22]
v52[23]
v52[2]
v52[3]
v52[4]
v52[5]
v52[6]
v52[7]
v52[8]
v52[9]
v53[0]
v53[10]
v53[11]
v53[12]
v53[13]
v53[14]
v53[15]
v53[16]
v53[17]
v53[18]
v53[19]
v53[1]
v53[20]
v53[21]
v53[22]
v53[23]
v53[2]
v53[3]
v53[4]
v53[5]
v53[6]
v53[7]
v53[8]
v53[9]
v54[0]
v54[10]
v54[11]
v54[12]
v54[13]
v54[14]
v54[15]
v54[16]
v54[17]
v54[18]
v54[19]
v54[1]
v54[20]
v54[21]
v54[22]
v54[23]
v54[2]
v54[3]
v54[4]
v54[5]
v54[6]
v54[7]
v54[8]
v54[9]
v55[0]
v55[10]
v55[11]
v55[12]
v55[13]
v55[14]
v55[15]
v55[16]
v55[17]
v55[18]
v55[19]
v55[1]
v55[20]
v55[21]
v55[22]
v55[23]
v55[2]
v55[3]
v55[4]
v55[5]
v55[6]
v55[7]
v55[8]
v55[9]
v56[0]
v56[10]
v56[11]
v56[12]
v56[13]
v56[14]
v56[15]
v56[16]
v56[17]
v56[18]
v56[19]
v56[1]
v56[20]
v56[21]
v56[22]
v56[23]
v56[2]
v56[3]
v56[4]
v56[5]
v56[6]
v56[7]
v56[8]
v56[9]
v57[0]
v57[10]
v57[11]
v57[12]
v57[13]
v57[14]
v57[15]
v57[16]
v57[17]
v57[18]
v57[19]
v57[1]
v57[20]
v57[21]
v57[22]
v57[23]
v57[2]
v57[3]
v57[4]
v57[5]
v57[6]
v57[7]
v57[8]
v57[9]
v58[0]
v58[10]
v58[11]
v58[12]
v58[13]
v58[14]
v58[15]
v58[16]
v58[17]
v58[18]
v58[19]
v58[1]
v58[20]
v58[21]
v58[22]
v58[23]
v58[2]
v58[3]
v58[4]
v58[5]
v58[6]
v58[7]
v58[8]
v58[9]
v59[0]
v59[10]
v59[11]
v59[12]
v59[13]
v59[14]
v59[15]
v59[16]
v59[17]
v59[18]
v59[19]
v59[1]
v59[20]
v59[21]
v59[22]
v59[23]
v59[2]
v59[3]
v59[4]
v59[5]
v59[6]
v59[7]
v59[8]
v59[9]
v5[0]
v5[10]
v5[11]
v5[12]
v5[13]
v5[14]
v5[15]
v5[16]
v5[17]
v5[18]
v5[19]
v5[1]
v5[20]
v5[21]
v5[22]
v5[23]
v5[2]
v5[3]
v5[4]
v5[5]
v5[6]
v5[7]
v5[8]
v5[9]
v60[0]
v60[10]
v60[11]
v60[12]
v60[13]
v60[14]
v60[15]
v60[16]
v60[17]
v60[18]
v60[19]
v60[1]
v60[20]
v60[21]
v60[22]
v60[23]
v60[2]
v60[3]
v60[4]
v60[5]
v60[6]
v60[7]
v60[8]
v60[9]
v61[0]
v61[10]
v61[11]
v61[12]
v61[13]
v61[14]
v61[15]
v61[16]
v61[17]
v61[18]
v61[19]
v61[1]
v61[20]
v61[21]
v61[22]
v61[23]
v61[2]
v61[3]
v61[4]
v61[5]
v61[6]
v61[7]
v61[8]
v61[9]
v62[0]
v62[10]
v62[11]
v62[12]
v62[13]
v62[14]
v62[15]
v62[16]
v62[17]
v62[18]
v62[19]
v62[1]
v62[20]
v62[21]
v62[22]
v62[23]
v62[2]
v62[3]
v62[4]
v62[5]
v62[6]
v62[7]
v62[8]
v62[9]
v6[0]
v6[10]
v6[11]
v6[12]
v6[13]
v6[14]
v6[15]
v6[16]
v6[17]
v6[18]
v6[19]
v6[1]
v6[20]
v6[21]
v6[22]
v6[23]
v6[2]
v6[3]
v6[4]
v6[5]
v6[6]
v6[7]
v6[8]
v6[9]
v7[0]
v7[10]
v7[11]
v7[12]
v7[13]
v7[14]
v7[15]
v7[16]
v7[17]
v7[18]
v7[19]
v7[1]
v7[20]
v7[21]
v7[22]
v7[23]
v7[2]
v7[3]
v7[4]
v7[5]
v7[6]
v7[7]
v7[8]
v7[9]
v8[0]
v8[10]
v8[11]
v8[12]
v8[13]
v8[14]
v8[15]
v8[16]
v8[17]
v8[18]
v8[19]
v8[1]
v8[20]
v8[21]
v8[22]
v8[23]
v8[2]
v8[3]
v8[4]
v8[5]
v8[6]
v8[7]
v8[8]
v8[9]
v9[0]
v9[10]
v9[11]
v9[12]
v9[13]
v9[14]
v9[15]
v9[16]
v9[17]
v9[18]
v9[19]
v9[1]
v9[20]
v9[21]
v9[22]
v9[23]
v9[2]
v9[3]
v9[4]
v9[5]
v9[6]
v9[7]
v9[8]
v9[9]


6. checking no_output_delay (24)
--------------------------------
 There are 0 ports with no output delay specified.

 There are 24 ports with no output delay but user has a false path constraint (MEDIUM)

out[0]
out[10]
out[11]
out[12]
out[13]
out[14]
out[15]
out[16]
out[17]
out[18]
out[19]
out[1]
out[20]
out[21]
out[22]
out[23]
out[2]
out[3]
out[4]
out[5]
out[6]
out[7]
out[8]
out[9]

 There are 0 ports with no output delay but with a timing clock defined on it or propagating through it


7. checking multiple_clock (0)
------------------------------
 There are 0 register/latch pins with multiple clocks.


8. checking generated_clocks (0)
--------------------------------
 There are 0 generated clocks that are not connected to a clock source.


9. checking loops (0)
---------------------
 There are 0 combinational loops in the design.


10. checking partial_input_delay (0)
------------------------------------
 There are 0 input ports with partial input delay specified.


11. checking partial_output_delay (0)
-------------------------------------
 There are 0 ports with partial output delay specified.


12. checking latch_loops (0)
----------------------------
 There are 0 combinational latch loops in the design through latch input
