Copyright 1986-2022 Xilinx, Inc. All Rights Reserved. Copyright 2022-2024 Advanced Micro Devices, Inc. All Rights Reserved.
---------------------------------------------------------------------------------------------------------------------------------------------------------------------------------------
| Tool Version : Vivado v.2024.2 (lin64) Build 5239630 Fri Nov 08 22:34:34 MST 2024
| Date         : Sun Sep 27 00:58:22 2026
| Host         : ip-172-31-24-238 running 64-bit Ubuntu 22.04.5 LTS
| Command      : report_timing -delay_type max -max_paths 20 -path_type full_clock_expanded -file /home/ubuntu/timing-followup-20260926/selector-edges/sel_d8_w24_n63/vivado/paths.rpt
| Design       : probe_top
| Device       : 7z030-sbg485
| Speed File   : -1  PRODUCTION 1.12 2019-11-22
| Design State : Routed
---------------------------------------------------------------------------------------------------------------------------------------------------------------------------------------

Timing Report

Slack (VIOLATED) :        -6.913ns  (required time - arrival time)
  Source:                 launch_index_7/C
                            (rising edge-triggered cell FDRE clocked by clock  {rise@0.000ns fall@2.500ns period=5.000ns})
  Destination:            capture_10/D
                            (rising edge-triggered cell FDRE clocked by clock  {rise@0.000ns fall@2.500ns period=5.000ns})
  Path Group:             clock
  Path Type:              Setup (Max at Slow Process Corner)
  Requirement:            5.000ns  (clock rise@5.000ns - clock rise@0.000ns)
  Data Path Delay:        11.956ns  (logic 4.622ns (38.657%)  route 7.334ns (61.343%))
  Logic Levels:           20  (LUT4=1 LUT5=1 LUT6=3 MUXF7=2 MUXF8=13)
  Clock Path Skew:        0.045ns (DCD - SCD + CPR)
    Destination Clock Delay (DCD):    1.596ns = ( 6.596 - 5.000 )
    Source Clock Delay      (SCD):    1.636ns
    Clock Pessimism Removal (CPR):    0.085ns
  Clock Uncertainty:      0.035ns  ((TSJ^2 + TIJ^2)^1/2 + DJ) / 2 + PE
    Total System Jitter     (TSJ):    0.071ns
    Total Input Jitter      (TIJ):    0.000ns
    Discrete Jitter          (DJ):    0.000ns
    Phase Error              (PE):    0.000ns

    Location             Delay type                Incr(ns)  Path(ns)    Netlist Resource(s)
  -------------------------------------------------------------------    -------------------
                         (clock clock rise edge)      0.000     0.000 r
                                                      0.000     0.000 r  clock (IN)
                         net (fo=1567, unset)         1.636     1.636    clock
    SLICE_X24Y23         FDRE                                         r  launch_index_7/C
  -------------------------------------------------------------------    -------------------
    SLICE_X24Y23         FDRE (Prop_fdre_C_Q)         0.269     1.905 f  launch_index_7/Q
                         net (fo=4, routed)           0.366     2.271    dut.index[7]
    SLICE_X24Y23         LUT4 (Prop_lut4_I0_O)        0.053     2.324 r  $abc$33475$lut$aiger33474$6252/O
                         net (fo=87, routed)          0.818     3.143    $techmap33513$abc$33475$lut$aiger33474$6323.A[0]
    SLICE_X19Y27         MUXF7 (Prop_muxf7_S_O)       0.174     3.317 r  $abc$33475$lut$aiger33474$8369.genblk1.genblk1.genblk1.genblk1.genblk1.genblk1.genblk1.genblk1.genblk1.mux7/O
                         net (fo=1, routed)           0.686     4.002    $techmap33888$abc$33475$lut$aiger33474$8385.A[5]
    SLICE_X22Y27         LUT6 (Prop_lut6_I5_O)        0.153     4.155 r  $abc$33475$lut$aiger33474$8385/O
                         net (fo=1, routed)           0.423     4.579    $techmap33890$abc$33475$lut$aiger33474$8393.A[5]
    SLICE_X17Y27         LUT6 (Prop_lut6_I5_O)        0.053     4.632 r  $abc$33475$lut$aiger33474$8393/O
                         net (fo=1, routed)           0.131     4.763    $techmap33891$abc$33475$lut$aiger33474$8399.A[4]
    SLICE_X17Y27         LUT5 (Prop_lut5_I4_O)        0.053     4.816 r  $abc$33475$lut$aiger33474$8399/O
                         net (fo=1, routed)           0.255     5.071    $abc$33475$lut$aiger33474$8409.A[7]
    SLICE_X14Y27         MUXF8 (Prop_muxf8_S_O)       0.173     5.244 r  $abc$33475$lut$aiger33474$8409.genblk1.genblk1.genblk1.genblk1.genblk1.genblk1.genblk1.genblk1.genblk1.genblk1.mux8/O
                         net (fo=1, routed)           0.245     5.489    $abc$33475$lut$aiger33474$8420.A[7]
    SLICE_X15Y28         MUXF8 (Prop_muxf8_S_O)       0.270     5.759 r  $abc$33475$lut$aiger33474$8420.genblk1.genblk1.genblk1.genblk1.genblk1.genblk1.genblk1.genblk1.genblk1.genblk1.mux8/O
                         net (fo=1, routed)           0.248     6.007    $abc$33475$lut$aiger33474$8430.A[7]
    SLICE_X17Y28         MUXF8 (Prop_muxf8_S_O)       0.267     6.274 r  $abc$33475$lut$aiger33474$8430.genblk1.genblk1.genblk1.genblk1.genblk1.genblk1.genblk1.genblk1.genblk1.genblk1.mux8/O
                         net (fo=1, routed)           0.388     6.662    $abc$33475$lut$aiger33474$8441.A[7]
    SLICE_X11Y29         MUXF8 (Prop_muxf8_S_O)       0.267     6.929 r  $abc$33475$lut$aiger33474$8441.genblk1.genblk1.genblk1.genblk1.genblk1.genblk1.genblk1.genblk1.genblk1.genblk1.mux8/O
                         net (fo=1, routed)           0.388     7.317    $abc$33475$lut$aiger33474$8451.A[7]
    SLICE_X10Y30         MUXF8 (Prop_muxf8_S_O)       0.273     7.590 r  $abc$33475$lut$aiger33474$8451.genblk1.genblk1.genblk1.genblk1.genblk1.genblk1.genblk1.genblk1.genblk1.genblk1.mux8/O
                         net (fo=1, routed)           0.360     7.949    $abc$33475$lut$aiger33474$8462.A[7]
    SLICE_X8Y30          MUXF8 (Prop_muxf8_S_O)       0.276     8.225 r  $abc$33475$lut$aiger33474$8462.genblk1.genblk1.genblk1.genblk1.genblk1.genblk1.genblk1.genblk1.genblk1.genblk1.mux8/O
                         net (fo=1, routed)           0.431     8.656    $abc$33475$lut$aiger33474$8471.A[6]
    SLICE_X8Y31          MUXF7 (Prop_muxf7_S_O)       0.286     8.942 r  $abc$33475$lut$aiger33474$8471.genblk1.genblk1.genblk1.genblk1.genblk1.genblk1.genblk1.genblk1.genblk1.mux7/O
                         net (fo=1, routed)           0.398     9.340    $abc$33475$lut$aiger33474$8483.A[7]
    SLICE_X7Y30          MUXF8 (Prop_muxf8_S_O)       0.264     9.604 r  $abc$33475$lut$aiger33474$8483.genblk1.genblk1.genblk1.genblk1.genblk1.genblk1.genblk1.genblk1.genblk1.genblk1.mux8/O
                         net (fo=1, routed)           0.247     9.851    $abc$33475$lut$aiger33474$8494.A[7]
    SLICE_X6Y30          MUXF8 (Prop_muxf8_S_O)       0.273    10.124 r  $abc$33475$lut$aiger33474$8494.genblk1.genblk1.genblk1.genblk1.genblk1.genblk1.genblk1.genblk1.genblk1.genblk1.mux8/O
                         net (fo=1, routed)           0.348    10.472    $abc$33475$lut$aiger33474$8504.A[7]
    SLICE_X6Y29          MUXF8 (Prop_muxf8_S_O)       0.276    10.748 r  $abc$33475$lut$aiger33474$8504.genblk1.genblk1.genblk1.genblk1.genblk1.genblk1.genblk1.genblk1.genblk1.genblk1.mux8/O
                         net (fo=1, routed)           0.388    11.136    $abc$33475$lut$aiger33474$8515.A[7]
    SLICE_X5Y29          MUXF8 (Prop_muxf8_S_O)       0.270    11.406 r  $abc$33475$lut$aiger33474$8515.genblk1.genblk1.genblk1.genblk1.genblk1.genblk1.genblk1.genblk1.genblk1.genblk1.mux8/O
                         net (fo=1, routed)           0.244    11.650    $abc$33475$lut$aiger33474$8525.A[7]
    SLICE_X5Y30          MUXF8 (Prop_muxf8_S_O)       0.267    11.917 r  $abc$33475$lut$aiger33474$8525.genblk1.genblk1.genblk1.genblk1.genblk1.genblk1.genblk1.genblk1.genblk1.genblk1.mux8/O
                         net (fo=1, routed)           0.344    12.262    $abc$33475$lut$aiger33474$8536.A[7]
    SLICE_X4Y32          MUXF8 (Prop_muxf8_S_O)       0.273    12.535 r  $abc$33475$lut$aiger33474$8536.genblk1.genblk1.genblk1.genblk1.genblk1.genblk1.genblk1.genblk1.genblk1.genblk1.mux8/O
                         net (fo=1, routed)           0.396    12.930    $abc$33475$lut$aiger33474$8549.A[7]
    SLICE_X6Y31          MUXF8 (Prop_muxf8_S_O)       0.276    13.206 r  $abc$33475$lut$aiger33474$8549.genblk1.genblk1.genblk1.genblk1.genblk1.genblk1.genblk1.genblk1.genblk1.genblk1.mux8/O
                         net (fo=1, routed)           0.230    13.436    $techmap33981$abc$33475$lutvalue[10].A[5]
    SLICE_X5Y31          LUT6 (Prop_lut6_I5_O)        0.156    13.592 r  $abc$33475$lut\\value[10]/O
                         net (fo=1, routed)           0.000    13.592    dut.out[10]
    SLICE_X5Y31          FDRE                                         r  capture_10/D
  -------------------------------------------------------------------    -------------------

                         (clock clock rise edge)      5.000     5.000 r
                                                      0.000     5.000 r  clock (IN)
                         net (fo=1567, unset)         1.596     6.596    clock
    SLICE_X5Y31          FDRE                                         r  capture_10/C
                         clock pessimism              0.085     6.681
                         clock uncertainty           -0.035     6.646
    SLICE_X5Y31          FDRE (Setup_fdre_C_D)        0.034     6.680    capture_10
  -------------------------------------------------------------------
                         required time                          6.680
                         arrival time                         -13.592
  -------------------------------------------------------------------
                         slack                                 -6.913
