Property                     Type    Read-only  Value
ARRIVAL_TIME                 double  true       13.592
CLASS                        string  true       timing_path
CLOCK_PESSIMISM              double  true       0.085
CORNER                       string  true       Slow
DATAPATH_DELAY               double  true       11.956
DATAPATH_LOGIC_DELAY         double  true       4.622
DATAPATH_NET_DELAY           double  true       7.334
DELAY_TYPE                   string  true       max
ENDPOINT_CLOCK               clock   true       clock
ENDPOINT_CLOCK_DELAY         double  true       1.596
ENDPOINT_CLOCK_EDGE          double  true       5.000
ENDPOINT_CLOCK_ROOT          string  true
ENDPOINT_PIN                 pin     true       capture_10/D
EXCEPTION                    string  true
EXCEPTION_ID                 int*    true
GROUP                        string  true       clock
INPUT_DELAY                  double  true
INTER_SLR_COMPENSATION       double  true
LOGIC_LEVELS                 int     true       20
MAX_FANOUT                   int     true       87
NAME                         string  true       {launch_index_7/C --> capture_10/D}
OUTPUT_DELAY                 double  true
REQUIRED_TIME                double  true       6.680
REQUIREMENT                  double  true       5.000
ROUTABLE_NETS                int     true       unset***
SKEW                         double  true       0.045
SLACK                        double  true       -6.913
STARTPOINT_CLOCK             clock   true       clock
STARTPOINT_CLOCK_DELAY       double  true       1.636
STARTPOINT_CLOCK_EDGE        double  true       0.000
STARTPOINT_CLOCK_ROOT        string  true
STARTPOINT_PIN               pin     true       launch_index_7/C
TIME_BORROWED_FROM_ENDPOINT  double  true
TIME_GIVEN_TO_STARTPOINT     double  true
UNCERTAINTY                  double  true       0.035
USER_UNCERTAINTY             double  true
