# First of 20 reported paths; full reports are retained in the evidence archive.
Copyright 1986-2022 Xilinx, Inc. All Rights Reserved. Copyright 2022-2024 Advanced Micro Devices, Inc. All Rights Reserved.
--------------------------------------------------------------------------------------------------------------------------------------------------------------------------------------
| Tool Version : Vivado v.2024.2 (lin64) Build 5239630 Fri Nov 08 22:34:34 MST 2024
| Date         : Sat Sep 26 23:34:17 2026
| Host         : ip-172-31-24-238 running 64-bit Ubuntu 22.04.5 LTS
| Command      : report_timing -delay_type max -max_paths 20 -path_type full_clock_expanded -file /home/ubuntu/timing-followup-20260926/architectures/shared-unsplit/vivado/paths.rpt
| Design       : probe_top
| Device       : 7z030-sbg485
| Speed File   : -1  PRODUCTION 1.12 2019-11-22
| Design State : Routed
--------------------------------------------------------------------------------------------------------------------------------------------------------------------------------------

Timing Report

Slack (VIOLATED) :        -10.968ns  (required time - arrival time)
  Source:                 decoder.scheduler_3_state.memory.0.9/CLKARDCLK
                            (rising edge-triggered cell RAMB18E1 clocked by clock  {rise@0.000ns fall@2.500ns period=5.000ns})
  Destination:            $flatten\\decoder.$auto$ff.cc:337:slice$53054/D
                            (rising edge-triggered cell FDRE clocked by clock  {rise@0.000ns fall@2.500ns period=5.000ns})
  Path Group:             clock
  Path Type:              Setup (Max at Slow Process Corner)
  Requirement:            5.000ns  (clock rise@5.000ns - clock rise@0.000ns)
  Data Path Delay:        16.030ns  (logic 10.221ns (63.764%)  route 5.809ns (36.236%))
  Logic Levels:           26  (CARRY4=14 DSP48E1=3 LUT2=2 LUT3=1 LUT4=2 LUT5=3 LUT6=1)
  Clock Path Skew:        0.012ns (DCD - SCD + CPR)
    Destination Clock Delay (DCD):    4.164ns = ( 9.164 - 5.000 )
    Source Clock Delay      (SCD):    4.408ns
    Clock Pessimism Removal (CPR):    0.256ns
  Clock Uncertainty:      0.035ns  ((TSJ^2 + TIJ^2)^1/2 + DJ) / 2 + PE
    Total System Jitter     (TSJ):    0.071ns
    Total Input Jitter      (TIJ):    0.000ns
    Discrete Jitter          (DJ):    0.000ns
    Phase Error              (PE):    0.000ns

    Location             Delay type                Incr(ns)  Path(ns)    Netlist Resource(s)
  -------------------------------------------------------------------    -------------------
                         (clock clock rise edge)      0.000     0.000 r
    AA14                                              0.000     0.000 r  clock (IN)
                         net (fo=0)                   0.000     0.000    clock
    AA14                 IBUF (Prop_ibuf_I_O)         0.843     0.843 r  $iopadmap$phi_timing_harness.clock/O
                         net (fo=1, routed)           1.830     2.673    $auto$clkbufmap.cc:262:execute$6457
    BUFGCTRL_X0Y0        BUFG (Prop_bufg_I_O)         0.120     2.793 r  $auto$clkbufmap.cc:261:execute$6456/O
                         net (fo=24166, routed)       1.615     4.408    decoder.scheduler_3_state.clk
    RAMB18_X2Y6          RAMB18E1                                     r  decoder.scheduler_3_state.memory.0.9/CLKARDCLK
  -------------------------------------------------------------------    -------------------
    RAMB18_X2Y6          RAMB18E1 (Prop_ramb18e1_CLKARDCLK_DOBDO[13])
                                                      2.080     6.488 r  decoder.scheduler_3_state.memory.0.9/DOBDO[13]
                         net (fo=2, routed)           0.535     7.023    decoder.scheduler_3_state_rd_data[356]
    SLICE_X31Y17         LUT4 (Prop_lut4_I0_O)        0.053     7.076 r  $flatten\\decoder.$abc$1106497$lut\\application.__phi_decoder_profile_topology__SchedulerGrid_0_next_inst.__phi_halo_cell__SharedService_0__2_3_0_2_2_next_inst.sel_149118[356]/O
                         net (fo=2, routed)           0.295     7.371    decoder.application.__phi_decoder_profile_topology__SchedulerGrid_0_next_inst.__phi_halo_cell__SharedService_0__2_3_0_2_2_next_inst.sel_149118[356]
    SLICE_X29Y17         LUT3 (Prop_lut3_I2_O)        0.053     7.424 r  $flatten\\decoder.$abc$1106497$lut$aiger1106496$90363/O
                         net (fo=8, routed)           0.320     7.744    $flattendecoder.$techmap1123418$abc$1106497$lut$aiger1106496$92169.A[1]
    SLICE_X29Y18         LUT4 (Prop_lut4_I3_O)        0.053     7.797 f  $flatten\\decoder.$abc$1106497$lut$aiger1106496$90546/O
                         net (fo=1, routed)           0.440     8.237    $flattendecoder.$techmap1114678$abc$1106497$lut$aiger1106496$90558.A[1]
    SLICE_X26Y18         LUT2 (Prop_lut2_I1_O)        0.053     8.290 r  $flatten\\decoder.$abc$1106497$lut$aiger1106496$90558/O
                         net (fo=1, routed)           0.565     8.854    $flattendecoder.$techmap1114691$abc$1106497$lut$aiger1106496$90606.A[5]
    SLICE_X26Y19         LUT6 (Prop_lut6_I5_O)        0.053     8.907 r  $flatten\\decoder.$abc$1106497$lut$aiger1106496$90606/O
                         net (fo=1, routed)           0.375     9.283    $flattendecoder.$techmap1114705$abc$1106497$lut$aiger1106496$90661.A[4]
    SLICE_X23Y19         LUT5 (Prop_lut5_I4_O)        0.053     9.336 r  $flatten\\decoder.$abc$1106497$lut$aiger1106496$90661/O
                         net (fo=1, routed)           0.405     9.741    $flattendecoder.$techmap1114773$abc$1106497$lut$aiger1106496$90942.A[3]
    SLICE_X23Y19         LUT5 (Prop_lut5_I3_O)        0.053     9.794 r  $flatten\\decoder.$abc$1106497$lut$aiger1106496$90942/O
                         net (fo=117, routed)         0.650    10.445    $flattendecoder.$techmap1123600$abc$1106497$lut$aiger1106496$94362.A[2]
    SLICE_X20Y23         LUT5 (Prop_lut5_I4_O)        0.053    10.498 r  $flatten\\decoder.$auto$abc9_ops.cc:1613:reintegrate$1114481/O
                         net (fo=3, routed)           0.767    11.264    $flattendecoder.$techmap1123425$auto$abc9_ops.cc:1613:reintegrate$1106579.A[0]
    SLICE_X11Y24         CARRY4 (Prop_carry4_DI[3]_CO[3])
                                                      0.230    11.494 r  $flatten\\decoder.$auto$alumacc.cc:512:replace_alu$27531.genblk1.slice[0].genblk1.carry4/CO[3]
                         net (fo=1, routed)           0.008    11.502    $flattendecoder.$abc$1106497$aiger1106496$31022
    SLICE_X11Y25         CARRY4 (Prop_carry4_CI_CO[3])
                                                      0.058    11.560 r  $flatten\\decoder.$auto$alumacc.cc:512:replace_alu$27531.genblk1.slice[1].genblk1.carry4/CO[3]
                         net (fo=1, routed)           0.000    11.560    $flattendecoder.$abc$1106497$aiger1106496$31038
    SLICE_X11Y26         CARRY4 (Prop_carry4_CI_O[1])
                                                      0.213    11.773 r  $flatten\\decoder.$auto$alumacc.cc:512:replace_alu$27531.genblk1.slice[2].genblk1.carry4/O[1]
                         net (fo=2, routed)           0.762    12.535    $flattendecoder.$abc$1106497$aiger1106496$31048
    DSP48_X0Y15          DSP48E1 (Prop_dsp48e1_B[9]_PCOUT[47])
                                                      3.363    15.898 r  $flatten\\decoder.\\application.\\__phi_decoder_profile_topology__SchedulerGrid_0_next_inst.\\__phi_halo_cell__SharedService_0__2_3_0_2_2_next_inst.\\__phi_halo_cell__SharedExecutor_0_next_inst.$mul$/Users/ecpeterson/Documents/code/erl_xls/_build/architecture-repo/_build/architecture/reference-unsplit/phi_decoder_profile.v:3633$3869.genblk1.genblk1.genblk1.genblk1.genblk1.genblk1.genblk1.sliceA[0].mul.genblk1.genblk1.genblk1.genblk1.genblk1.genblk1.genblk1.genblk1.sliceB[0].mul/PCOUT[47]
                         net (fo=1, routed)           0.000    15.898    $flattendecoder.$abc$1106497$aiger1106496$31457
    DSP48_X0Y16          DSP48E1 (Prop_dsp48e1_PCIN[47]_PCOUT[47])
                                                      1.452    17.350 r  $flatten\\decoder.\\application.\\__phi_decoder_profile_topology__SchedulerGrid_0_next_inst.\\__phi_halo_cell__SharedService_0__2_3_0_2_2_next_inst.\\__phi_halo_cell__SharedExecutor_0_next_inst.$mul$/Users/ecpeterson/Documents/code/erl_xls/_build/architecture-repo/_build/architecture/reference-unsplit/phi_decoder_profile.v:3633$3869.genblk1.genblk1.genblk1.genblk1.genblk1.genblk1.genblk1.sliceA[0].mul.genblk1.genblk1.genblk1.genblk1.genblk1.genblk1.genblk1.genblk1.sliceB[1].mul/PCOUT[47]
                         net (fo=1, routed)           0.000    17.350    $flattendecoder.$abc$1106497$aiger1106496$31611
    DSP48_X0Y17          DSP48E1 (Prop_dsp48e1_PCIN[47]_P[0])
                                                      1.286    18.636 r  $flatten\\decoder.\\application.\\__phi_decoder_profile_topology__SchedulerGrid_0_next_inst.\\__phi_halo_cell__SharedService_0__2_3_0_2_2_next_inst.\\__phi_halo_cell__SharedExecutor_0_next_inst.$mul$/Users/ecpeterson/Documents/code/erl_xls/_build/architecture-repo/_build/architecture/reference-unsplit/phi_decoder_profile.v:3633$3869.genblk1.genblk1.genblk1.genblk1.genblk1.genblk1.genblk1.sliceA[0].mul.genblk1.genblk1.genblk1.genblk1.genblk1.genblk1.genblk1.genblk1.mul_sliceB_last/P[0]
                         net (fo=2, routed)           0.686    19.322    $flattendecoder.$techmap1115169$auto$abc9_ops.cc:1613:reintegrate$1114336.A[1]
    SLICE_X12Y36         LUT2 (Prop_lut2_I1_O)        0.053    19.375 r  $flatten\\decoder.$auto$abc9_ops.cc:1613:reintegrate$1114336/O
                         net (fo=1, routed)           0.000    19.375    $flattendecoder.$abc$1106497$aiger1106496$149360b
    SLICE_X12Y36         CARRY4 (Prop_carry4_S[1]_CO[3])
                                                      0.310    19.685 r  $flatten\\decoder.$auto$alumacc.cc:512:replace_alu$27216.genblk1.slice[4].genblk1.carry4/CO[3]
                         net (fo=1, routed)           0.000    19.685    $flattendecoder.$abc$1106497$aiger1106496$31968
    SLICE_X12Y37         CARRY4 (Prop_carry4_CI_CO[3])
                                                      0.060    19.745 r  $flatten\\decoder.$auto$alumacc.cc:512:replace_alu$27216.genblk1.slice[5].genblk1.carry4/CO[3]
                         net (fo=1, routed)           0.000    19.745    $flattendecoder.$abc$1106497$aiger1106496$31976
    SLICE_X12Y38         CARRY4 (Prop_carry4_CI_CO[3])
                                                      0.060    19.805 r  $flatten\\decoder.$auto$alumacc.cc:512:replace_alu$27216.genblk1.slice[6].genblk1.carry4/CO[3]
                         net (fo=1, routed)           0.000    19.805    $flattendecoder.$abc$1106497$aiger1106496$31984
    SLICE_X12Y39         CARRY4 (Prop_carry4_CI_CO[3])
                                                      0.060    19.865 r  $flatten\\decoder.$auto$alumacc.cc:512:replace_alu$27216.genblk1.slice[7].genblk1.carry4/CO[3]
                         net (fo=1, routed)           0.000    19.865    $flattendecoder.$abc$1106497$aiger1106496$31992
    SLICE_X12Y40         CARRY4 (Prop_carry4_CI_CO[3])
                                                      0.060    19.925 r  $flatten\\decoder.$auto$alumacc.cc:512:replace_alu$27216.genblk1.slice[8].genblk1.carry4/CO[3]
                         net (fo=1, routed)           0.000    19.925    $flattendecoder.$abc$1106497$aiger1106496$32154
    SLICE_X12Y41         CARRY4 (Prop_carry4_CI_CO[3])
                                                      0.060    19.985 r  $flatten\\decoder.$auto$alumacc.cc:512:replace_alu$27216.genblk1.slice[9].genblk1.carry4/CO[3]
                         net (fo=1, routed)           0.000    19.985    $flattendecoder.$abc$1106497$aiger1106496$32162
    SLICE_X12Y42         CARRY4 (Prop_carry4_CI_CO[3])
                                                      0.060    20.045 r  $flatten\\decoder.$auto$alumacc.cc:512:replace_alu$27216.genblk1.slice[10].genblk1.carry4/CO[3]
                         net (fo=1, routed)           0.000    20.045    $flattendecoder.$abc$1106497$aiger1106496$32170
    SLICE_X12Y43         CARRY4 (Prop_carry4_CI_CO[3])
                                                      0.060    20.105 r  $flatten\\decoder.$auto$alumacc.cc:512:replace_alu$27216.genblk1.slice[11].genblk1.carry4/CO[3]
                         net (fo=1, routed)           0.000    20.105    $flattendecoder.$abc$1106497$aiger1106496$32178
    SLICE_X12Y44         CARRY4 (Prop_carry4_CI_CO[3])
                                                      0.060    20.165 r  $flatten\\decoder.$auto$alumacc.cc:512:replace_alu$27216.genblk1.slice[12].genblk1.carry4/CO[3]
                         net (fo=1, routed)           0.000    20.165    $flattendecoder.$abc$1106497$aiger1106496$32186
    SLICE_X12Y45         CARRY4 (Prop_carry4_CI_CO[3])
                                                      0.060    20.225 r  $flatten\\decoder.$auto$alumacc.cc:512:replace_alu$27216.genblk1.slice[13].genblk1.carry4/CO[3]
                         net (fo=1, routed)           0.000    20.225    $flattendecoder.$abc$1106497$aiger1106496$32194
    SLICE_X12Y46         CARRY4 (Prop_carry4_CI_O[1])
                                                      0.212    20.437 r  $flatten\\decoder.$auto$alumacc.cc:512:replace_alu$27216.genblk1.slice[14].genblk1.carry4/O[1]
                         net (fo=1, routed)           0.000    20.437    decoder.application.__phi_decoder_profile_topology__SchedulerGrid_0_next_inst.__phi_halo_cell__SharedService_0__2_3_0_2_2_next_inst.__phi_halo_cell__SharedExecutor_0_next_inst.smul_146191[74]
    SLICE_X12Y46         FDRE                                         r  $flatten\\decoder.$auto$ff.cc:337:slice$53054/D
  -------------------------------------------------------------------    -------------------

                         (clock clock rise edge)      5.000     5.000 r
    AA14                                              0.000     5.000 r  clock (IN)
                         net (fo=0)                   0.000     5.000    clock
    AA14                 IBUF (Prop_ibuf_I_O)         0.767     5.767 r  $iopadmap$phi_timing_harness.clock/O
                         net (fo=1, routed)           1.741     7.508    $auto$clkbufmap.cc:262:execute$6457
    BUFGCTRL_X0Y0        BUFG (Prop_bufg_I_O)         0.113     7.621 r  $auto$clkbufmap.cc:261:execute$6456/O
                         net (fo=24166, routed)       1.543     9.164    decoder.scheduler_3_state.clk
    SLICE_X12Y46         FDRE                                         r  $flatten\\decoder.$auto$ff.cc:337:slice$53054/C
                         clock pessimism              0.256     9.420
                         clock uncertainty           -0.035     9.385
    SLICE_X12Y46         FDRE (Setup_fdre_C_D)        0.084     9.469    $flatten\\decoder.$auto$ff.cc:337:slice$53054
  -------------------------------------------------------------------
                         required time                          9.469
                         arrival time                         -20.437
  -------------------------------------------------------------------
                         slack                                -10.968
