# First of 20 reported paths; full reports are retained in the evidence archive.
Copyright 1986-2022 Xilinx, Inc. All Rights Reserved. Copyright 2022-2024 Advanced Micro Devices, Inc. All Rights Reserved.
--------------------------------------------------------------------------------------------------------------------------------------------------------------------------
| Tool Version : Vivado v.2024.2 (lin64) Build 5239630 Fri Nov 08 22:34:34 MST 2024
| Date         : Sat Sep 26 23:59:37 2026
| Host         : ip-172-31-24-238 running 64-bit Ubuntu 22.04.5 LTS
| Command      : report_timing -delay_type max -max_paths 20 -path_type full_clock_expanded -file /home/ubuntu/timing-followup-20260926/constraint40/lut/vivado/paths.rpt
| Design       : probe_top
| Device       : 7z030-sbg485
| Speed File   : -1  PRODUCTION 1.12 2019-11-22
| Design State : Routed
--------------------------------------------------------------------------------------------------------------------------------------------------------------------------

Timing Report

Slack (MET) :             15.013ns  (required time - arrival time)
  Source:                 $flatten\\decoder.$auto$ff.cc:337:slice$60544/C
                            (rising edge-triggered cell FDRE clocked by clock  {rise@0.000ns fall@20.000ns period=40.000ns})
  Destination:            $flatten\\decoder.$auto$ff.cc:337:slice$52866/CE
                            (rising edge-triggered cell FDRE clocked by clock  {rise@0.000ns fall@20.000ns period=40.000ns})
  Path Group:             clock
  Path Type:              Setup (Max at Slow Process Corner)
  Requirement:            40.000ns  (clock rise@40.000ns - clock rise@0.000ns)
  Data Path Delay:        24.582ns  (logic 1.580ns (6.427%)  route 23.002ns (93.573%))
  Logic Levels:           24  (LUT2=6 LUT3=5 LUT4=6 LUT5=6 LUT6=1)
  Clock Path Skew:        -0.126ns (DCD - SCD + CPR)
    Destination Clock Delay (DCD):    4.084ns = ( 44.084 - 40.000 )
    Source Clock Delay      (SCD):    4.394ns
    Clock Pessimism Removal (CPR):    0.184ns
  Clock Uncertainty:      0.035ns  ((TSJ^2 + TIJ^2)^1/2 + DJ) / 2 + PE
    Total System Jitter     (TSJ):    0.071ns
    Total Input Jitter      (TIJ):    0.000ns
    Discrete Jitter          (DJ):    0.000ns
    Phase Error              (PE):    0.000ns

    Location             Delay type                Incr(ns)  Path(ns)    Netlist Resource(s)
  -------------------------------------------------------------------    -------------------
                         (clock clock rise edge)      0.000     0.000 r
    AA14                                              0.000     0.000 r  clock (IN)
                         net (fo=0)                   0.000     0.000    clock
    AA14                 IBUF (Prop_ibuf_I_O)         0.843     0.843 r  $iopadmap$phi_timing_harness.clock/O
                         net (fo=1, routed)           1.830     2.673    $auto$clkbufmap.cc:262:execute$6457
    BUFGCTRL_X0Y0        BUFG (Prop_bufg_I_O)         0.120     2.793 r  $auto$clkbufmap.cc:261:execute$6456/O
                         net (fo=22438, routed)       1.601     4.394    decoder.scheduler_3_state.clk
    SLICE_X84Y45         FDRE                                         r  $flatten\\decoder.$auto$ff.cc:337:slice$60544/C
  -------------------------------------------------------------------    -------------------
    SLICE_X84Y45         FDRE (Prop_fdre_C_Q)         0.308     4.702 r  $flatten\\decoder.$auto$ff.cc:337:slice$60544/Q
                         net (fo=69, routed)          3.989     8.691    decoder.application.__phi_decoder_profile_topology__SchedulerGrid_0_next_inst.__phi_halo_cell__SharedService_0__2_2_0_2_2_next_inst.materialized_fifo_fifo__executor_result_.push_valid
    SLICE_X42Y12         LUT4 (Prop_lut4_I0_O)        0.053     8.744 r  $flatten\\decoder.$abc$1383692$lut$aiger1383691$38552/O
                         net (fo=916, routed)         2.353    11.097    $flattendecoder.$techmap1415954$abc$1383692$lutapplication.__phi_decoder_profile_topology__SchedulerGrid_0_next_inst.__phi_halo_cell__SharedService_0__2_2_0_2_2_next_inst.incoming_result[302].A[2]
    SLICE_X74Y36         LUT4 (Prop_lut4_I3_O)        0.053    11.150 r  $flatten\\decoder.$abc$1383692$lut\\application.__phi_decoder_profile_topology__SchedulerGrid_0_next_inst.__phi_halo_cell__SharedService_0__2_2_0_2_2_next_inst.incoming_result[767]/O
                         net (fo=2, routed)           1.103    12.253    decoder.application.__phi_decoder_profile_topology__SchedulerGrid_0_next_inst.__phi_halo_cell__SharedService_0__2_2_0_2_2_next_inst.tuple_index_167041[352]
    SLICE_X74Y21         LUT3 (Prop_lut3_I2_O)        0.053    12.306 r  $flatten\\decoder.$abc$1383692$lut$aiger1383691$38612/O
                         net (fo=2, routed)           0.616    12.922    $flattendecoder.$techmap1391989$abc$1383692$lut$aiger1383691$38615.A[0]
    SLICE_X75Y10         LUT4 (Prop_lut4_I0_O)        0.053    12.975 f  $flatten\\decoder.$abc$1383692$lut$aiger1383691$38615/O
                         net (fo=1, routed)           0.361    13.336    $flattendecoder.$techmap1392012$abc$1383692$lut$aiger1383691$38695.A[4]
    SLICE_X72Y8          LUT5 (Prop_lut5_I4_O)        0.053    13.389 f  $flatten\\decoder.$abc$1383692$lut$aiger1383691$38695/O
                         net (fo=1, routed)           0.587    13.975    $flattendecoder.$techmap1392015$abc$1383692$lut$aiger1383691$38705.A[1]
    SLICE_X71Y8          LUT3 (Prop_lut3_I1_O)        0.053    14.028 f  $flatten\\decoder.$abc$1383692$lut$aiger1383691$38705/O
                         net (fo=5, routed)           1.226    15.255    $flattendecoder.$techmap1417993$abc$1383692$lut$aiger1383691$84673.A[2]
    SLICE_X49Y8          LUT2 (Prop_lut2_I1_O)        0.053    15.308 f  $flatten\\decoder.$abc$1383692$lut$aiger1383691$38714/O
                         net (fo=2, routed)           0.424    15.732    $flattendecoder.$techmap1392023$abc$1383692$lut$aiger1383691$38769.A[1]
    SLICE_X49Y10         LUT2 (Prop_lut2_I1_O)        0.053    15.785 f  $flatten\\decoder.$abc$1383692$lut$aiger1383691$38723/O
                         net (fo=4, routed)           0.408    16.193    $flattendecoder.$techmap1418000$auto$abc9_ops.cc:1613:reintegrate$1383887.A[4]
    SLICE_X48Y10         LUT3 (Prop_lut3_I2_O)        0.053    16.246 r  $flatten\\decoder.$abc$1383692$lut$aiger1383691$38736/O
                         net (fo=1, routed)           0.459    16.705    $flattendecoder.$techmap1392037$abc$1383692$lut$aiger1383691$38768.A[4]
    SLICE_X48Y10         LUT5 (Prop_lut5_I4_O)        0.053    16.758 f  $flatten\\decoder.$abc$1383692$lut$aiger1383691$38768/O
                         net (fo=1, routed)           0.315    17.073    $flattendecoder.$techmap1392042$abc$1383692$lut$aiger1383691$38784.A[4]
    SLICE_X46Y10         LUT5 (Prop_lut5_I4_O)        0.053    17.126 r  $flatten\\decoder.$abc$1383692$lut$aiger1383691$38784/O
                         net (fo=2, routed)           0.238    17.364    $flattendecoder.$techmap1418063$abc$1383692$lut$aiger1383691$85058.A[0]
    SLICE_X45Y10         LUT4 (Prop_lut4_I3_O)        0.053    17.417 f  $flatten\\decoder.$abc$1383692$lut$aiger1383691$38789/O
                         net (fo=4, routed)           0.324    17.741    $flattendecoder.$techmap1392156$abc$1383692$lut$aiger1383691$39215.A[2]
    SLICE_X43Y10         LUT5 (Prop_lut5_I4_O)        0.053    17.794 r  $flatten\\decoder.$abc$1383692$lut\\scheduler_2_state.rd_addr/O
                         net (fo=259, routed)         1.430    19.223    decoder.scheduler_2_state.rd_addr
    SLICE_X59Y4          LUT3 (Prop_lut3_I2_O)        0.053    19.276 f  $flatten\\decoder.$abc$1383692$lut$aiger1383691$39289/O
                         net (fo=2, routed)           0.299    19.575    $flattendecoder.$techmap1392146$abc$1383692$lut$aiger1383691$39641.A[1]
    SLICE_X59Y3          LUT3 (Prop_lut3_I1_O)        0.053    19.628 r  $flatten\\decoder.$abc$1383692$lut$aiger1383691$39291/O
                         net (fo=1, routed)           0.700    20.328    $flattendecoder.$techmap1392075$abc$1383692$lut$aiger1383691$39349.A[4]
    SLICE_X54Y6          LUT5 (Prop_lut5_I4_O)        0.053    20.381 r  $flatten\\decoder.$abc$1383692$lut$aiger1383691$39349/O
                         net (fo=10, routed)          0.335    20.716    $flattendecoder.$techmap1407079$auto$abc9_ops.cc:1613:reintegrate$1387529.A[3]
    SLICE_X53Y6          LUT6 (Prop_lut6_I5_O)        0.053    20.769 f  $flatten\\decoder.$abc$1383692$lut$aiger1383691$39410/O
                         net (fo=10, routed)          0.316    21.084    $flattendecoder.$techmap1406429$abc$1383692$lut$aiger1383691$132231.A[2]
    SLICE_X52Y6          LUT2 (Prop_lut2_I1_O)        0.053    21.137 r  $flatten\\decoder.$abc$1383692$lut$aiger1383691$39411/O
                         net (fo=2, routed)           0.341    21.478    $flattendecoder.$techmap1392105$abc$1383692$lut$aiger1383691$39468.A[1]
    SLICE_X51Y6          LUT2 (Prop_lut2_I1_O)        0.053    21.531 r  $flatten\\decoder.$abc$1383692$lut$aiger1383691$39468/O
                         net (fo=4, routed)           0.406    21.938    $flattendecoder.$techmap1417554$abc$1383692$lutapplication.__phi_decoder_profile_topology__SchedulerGrid_0_next_inst.__phi_halo_cell__SharedService_0__2_2_0_2_2_next_inst.and_168449.A[4]
    SLICE_X47Y9          LUT5 (Prop_lut5_I4_O)        0.053    21.991 f  $flatten\\decoder.$abc$1383692$lut\\application.__phi_decoder_profile_topology__SchedulerGrid_0_next_inst.__phi_halo_cell__SharedService_0__2_2_0_2_2_next_inst.and_168449/O
                         net (fo=2, routed)           0.372    22.362    decoder.application.__phi_decoder_profile_topology__SchedulerGrid_0_next_inst.__phi_halo_cell__SharedService_0__2_2_0_2_2_next_inst.and_168449
    SLICE_X42Y11         LUT2 (Prop_lut2_I1_O)        0.053    22.415 f  $flatten\\decoder.$abc$1383692$lut\\application.__phi_decoder_profile_topology__SchedulerGrid_0_next_inst.__phi_halo_cell__SharedService_0__2_2_0_2_2_next_inst.and_167555/O
                         net (fo=4, routed)           0.371    22.787    decoder.application.__phi_decoder_profile_topology__SchedulerGrid_0_next_inst.__phi_halo_cell__SharedService_0__2_2_0_2_2_next_inst.and_167555
    SLICE_X38Y12         LUT4 (Prop_lut4_I3_O)        0.053    22.840 r  $flatten\\decoder.$abc$1383692$lut\\application.__phi_decoder_profile_topology__SchedulerGrid_0_next_inst.__phi_halo_cell__SharedService_0__2_2_0_2_2_next_inst.p0_stage_done/O
                         net (fo=217, routed)         0.422    23.262    decoder.application.__phi_decoder_profile_topology__SchedulerGrid_0_next_inst.__phi_halo_cell__SharedService_0__2_2_0_2_2_next_inst.p0_stage_done
    SLICE_X44Y12         LUT2 (Prop_lut2_I1_O)        0.053    23.315 r  $flatten\\decoder.$abc$1383692$lut\\application.__phi_decoder_profile_topology__SchedulerGrid_0_next_inst.__phi_halo_cell__SharedService_0__2_2_0_2_2_next_inst.and_168465/O
                         net (fo=55, routed)          2.723    26.038    decoder.application.__phi_decoder_profile_topology__SchedulerGrid_0_next_inst.__phi_halo_cell__SharedService_0__2_2_0_2_2_next_inst.or_168536
    SLICE_X11Y56         LUT4 (Prop_lut4_I3_O)        0.053    26.091 r  $flatten\\decoder.$auto$abc9_ops.cc:1613:reintegrate$1384041/O
                         net (fo=453, routed)         2.885    28.976    decoder.application.__phi_decoder_profile_topology__SchedulerGrid_0_next_inst.__phi_decoder_profile_topology__Phi_xReductionPlane_0_next_inst.stage_outputs_ready_0
    SLICE_X45Y26         FDRE                                         r  $flatten\\decoder.$auto$ff.cc:337:slice$52866/CE
  -------------------------------------------------------------------    -------------------

                         (clock clock rise edge)     40.000    40.000 r
    AA14                                              0.000    40.000 r  clock (IN)
                         net (fo=0)                   0.000    40.000    clock
    AA14                 IBUF (Prop_ibuf_I_O)         0.767    40.767 r  $iopadmap$phi_timing_harness.clock/O
                         net (fo=1, routed)           1.741    42.508    $auto$clkbufmap.cc:262:execute$6457
    BUFGCTRL_X0Y0        BUFG (Prop_bufg_I_O)         0.113    42.621 r  $auto$clkbufmap.cc:261:execute$6456/O
                         net (fo=22438, routed)       1.463    44.084    decoder.scheduler_3_state.clk
    SLICE_X45Y26         FDRE                                         r  $flatten\\decoder.$auto$ff.cc:337:slice$52866/C
                         clock pessimism              0.184    44.268
                         clock uncertainty           -0.035    44.233
    SLICE_X45Y26         FDRE (Setup_fdre_C_CE)      -0.244    43.989    $flatten\\decoder.$auto$ff.cc:337:slice$52866
  -------------------------------------------------------------------
                         required time                         43.989
                         arrival time                         -28.976
  -------------------------------------------------------------------
                         slack                                 15.013
