# First of 20 reported paths; full reports are retained in the evidence archive.
Copyright 1986-2022 Xilinx, Inc. All Rights Reserved. Copyright 2022-2024 Advanced Micro Devices, Inc. All Rights Reserved.
------------------------------------------------------------------------------------------------------------------------------------------------------------------------------------------------
| Tool Version : Vivado v.2024.2 (lin64) Build 5239630 Fri Nov 08 22:34:34 MST 2024
| Date         : Sun Sep 27 00:10:41 2026
| Host         : ip-172-31-24-238 running 64-bit Ubuntu 22.04.5 LTS
| Command      : report_timing -delay_type max -max_paths 20 -path_type full_clock_expanded -file /home/ubuntu/timing-followup-20260926/architectures/actor-ii2-batch-register/vivado/paths.rpt
| Design       : probe_top
| Device       : 7z030-sbg485
| Speed File   : -1  PRODUCTION 1.12 2019-11-22
| Design State : Routed
------------------------------------------------------------------------------------------------------------------------------------------------------------------------------------------------

Timing Report

Slack (VIOLATED) :        -12.724ns  (required time - arrival time)
  Source:                 $flatten\\decoder.$auto$ff.cc:337:slice$44995/C
                            (rising edge-triggered cell FDRE clocked by clock  {rise@0.000ns fall@2.500ns period=5.000ns})
  Destination:            $flatten\\decoder.$auto$ff.cc:337:slice$51801/D
                            (rising edge-triggered cell FDRE clocked by clock  {rise@0.000ns fall@2.500ns period=5.000ns})
  Path Group:             clock
  Path Type:              Setup (Max at Slow Process Corner)
  Requirement:            5.000ns  (clock rise@5.000ns - clock rise@0.000ns)
  Data Path Delay:        17.615ns  (logic 9.706ns (55.100%)  route 7.909ns (44.900%))
  Logic Levels:           32  (CARRY4=18 DSP48E1=3 LUT2=2 LUT3=2 LUT4=4 LUT5=2 LUT6=1)
  Clock Path Skew:        -0.157ns (DCD - SCD + CPR)
    Destination Clock Delay (DCD):    4.090ns = ( 9.090 - 5.000 )
    Source Clock Delay      (SCD):    4.503ns
    Clock Pessimism Removal (CPR):    0.256ns
  Clock Uncertainty:      0.035ns  ((TSJ^2 + TIJ^2)^1/2 + DJ) / 2 + PE
    Total System Jitter     (TSJ):    0.071ns
    Total Input Jitter      (TIJ):    0.000ns
    Discrete Jitter          (DJ):    0.000ns
    Phase Error              (PE):    0.000ns

    Location             Delay type                Incr(ns)  Path(ns)    Netlist Resource(s)
  -------------------------------------------------------------------    -------------------
                         (clock clock rise edge)      0.000     0.000 r
    AA14                                              0.000     0.000 r  clock (IN)
                         net (fo=0)                   0.000     0.000    clock
    AA14                 IBUF (Prop_ibuf_I_O)         0.843     0.843 r  $iopadmap$phi_timing_harness.clock/O
                         net (fo=1, routed)           1.830     2.673    $auto$clkbufmap.cc:262:execute$6457
    BUFGCTRL_X0Y0        BUFG (Prop_bufg_I_O)         0.120     2.793 r  $auto$clkbufmap.cc:261:execute$6456/O
                         net (fo=23274, routed)       1.710     4.503    decoder.application.clk
    SLICE_X6Y13          FDRE                                         r  $flatten\\decoder.$auto$ff.cc:337:slice$44995/C
  -------------------------------------------------------------------    -------------------
    SLICE_X6Y13          FDRE (Prop_fdre_C_Q)         0.308     4.811 r  $flatten\\decoder.$auto$ff.cc:337:slice$44995/Q
                         net (fo=4, routed)           0.452     5.263    decoder.application.__phi_decoder_profile_topology__SchedulerGrid_0_next_inst.__phi_decoder_profile_topology__Phi_xReductionPlane_0_next_inst.sign_ext_121983[19]
    SLICE_X7Y12          LUT4 (Prop_lut4_I2_O)        0.053     5.316 f  $flatten\\decoder.$abc$1188372$lut$aiger1188371$65634/O
                         net (fo=1, routed)           0.381     5.697    $flattendecoder.$techmap1202784$abc$1188372$lut$aiger1188371$65638.A[4]
    SLICE_X11Y12         LUT5 (Prop_lut5_I4_O)        0.053     5.750 f  $flatten\\decoder.$abc$1188372$lut$aiger1188371$65638/O
                         net (fo=2, routed)           0.447     6.197    $flattendecoder.$techmap1202786$abc$1188372$lut$aiger1188371$65646.A[1]
    SLICE_X11Y13         LUT4 (Prop_lut4_I1_O)        0.053     6.250 f  $flatten\\decoder.$abc$1188372$lut$aiger1188371$65646/O
                         net (fo=39, routed)          0.740     6.990    $flattendecoder.$abc$1188372$lut$aiger1188371$66368.A[6]
    SLICE_X15Y16         LUT4 (Prop_lut4_I2_O)        0.053     7.043 r  $flatten\\decoder.$abc$1188372$lut$aiger1188371$65652/O
                         net (fo=40, routed)          0.670     7.713    $flattendecoder.$techmap1203071$auto$abc9_ops.cc:1613:reintegrate$1199149.A[4]
    SLICE_X16Y15         LUT3 (Prop_lut3_I2_O)        0.053     7.766 f  $flatten\\decoder.$abc$1188372$lut$aiger1188371$65655/O
                         net (fo=2, routed)           0.314     8.080    $flattendecoder.$techmap1202874$abc$1188372$lut$aiger1188371$65667.A[4]
    SLICE_X15Y15         LUT5 (Prop_lut5_I4_O)        0.053     8.133 r  $flatten\\decoder.$abc$1188372$lut$aiger1188371$65667/O
                         net (fo=9, routed)           0.524     8.657    $flattendecoder.$techmap1202879$auto$abc9_ops.cc:1613:reintegrate$1199259.A[2]
    SLICE_X17Y19         LUT2 (Prop_lut2_I1_O)        0.053     8.710 r  $flatten\\decoder.$auto$abc9_ops.cc:1613:reintegrate$1199255/O
                         net (fo=20, routed)          0.519     9.228    $flattendecoder.$abc$1188372$aiger1188371$65674b
    SLICE_X17Y19         CARRY4 (Prop_carry4_S[3]_CO[3])
                                                      0.286     9.514 r  $flatten\\decoder.\\application.\\__phi_decoder_profile_topology__SchedulerGrid_0_next_inst.\\__phi_decoder_profile_topology__Phi_xReductionPlane_0_next_inst.$lt$/Users/ecpeterson/Documents/code/erl_xls/_build/architecture-repo/_build/actor-boundaries/actor-ii2-batch-register/phi_decoder_profile.v:6704$4818.genblk1.slice[3].genblk1.carry4/CO[3]
                         net (fo=1, routed)           0.000     9.514    $flattendecoder.$abc$1188372$aiger1188371$34092
    SLICE_X17Y20         CARRY4 (Prop_carry4_CI_CO[3])
                                                      0.058     9.572 r  $flatten\\decoder.\\application.\\__phi_decoder_profile_topology__SchedulerGrid_0_next_inst.\\__phi_decoder_profile_topology__Phi_xReductionPlane_0_next_inst.$lt$/Users/ecpeterson/Documents/code/erl_xls/_build/architecture-repo/_build/actor-boundaries/actor-ii2-batch-register/phi_decoder_profile.v:6704$4818.genblk1.slice[4].genblk1.carry4/CO[3]
                         net (fo=1, routed)           0.000     9.572    $flattendecoder.$abc$1188372$aiger1188371$34100
    SLICE_X17Y21         CARRY4 (Prop_carry4_CI_O[2])
                                                      0.136     9.708 f  $flatten\\decoder.\\application.\\__phi_decoder_profile_topology__SchedulerGrid_0_next_inst.\\__phi_decoder_profile_topology__Phi_xReductionPlane_0_next_inst.$lt$/Users/ecpeterson/Documents/code/erl_xls/_build/architecture-repo/_build/actor-boundaries/actor-ii2-batch-register/phi_decoder_profile.v:6704$4818.genblk1.slice[5].genblk1.carry4/O[2]
                         net (fo=21, routed)          0.325    10.033    $flattendecoder.$techmap1203084$abc$1188372$lut$aiger1188371$67341.A[4]
    SLICE_X18Y21         LUT3 (Prop_lut3_I2_O)        0.152    10.185 r  $flatten\\decoder.$abc$1188372$lut$aiger1188371$86561/O
                         net (fo=49, routed)          0.742    10.928    $flattendecoder.$techmap1231839$abc$1188372$lut$aiger1188371$89452.A[5]
    SLICE_X22Y21         LUT6 (Prop_lut6_I5_O)        0.053    10.981 r  $flatten\\decoder.$abc$1188372$lut\\application.__phi_decoder_profile_topology__SchedulerGrid_0_next_inst.__phi_halo_cell__DedicatedGroup_0_next_inst.materialized_fifo_fifo__dedicated_aggregate__0_.push_data[71]/O
                         net (fo=6, routed)           0.637    11.617    decoder.application.__phi_decoder_profile_topology__SchedulerGrid_0_next_inst.materialized_fifo_fifo__scheduler_2_aggregate_.push_data[71]
    SLICE_X30Y18         LUT4 (Prop_lut4_I3_O)        0.053    11.670 r  $flatten\\decoder.$abc$1188372$lut\\application.__phi_decoder_profile_topology__SchedulerGrid_0_next_inst.__phi_halo_cell__DedicatedGroup_0_next_inst.__phi_halo_cell__DedicatedActor_0__0_next_inst.aggregate_request[71]/O
                         net (fo=2, routed)           0.391    12.061    decoder.application.__phi_decoder_profile_topology__SchedulerGrid_0_next_inst.__phi_halo_cell__DedicatedGroup_0_next_inst.__phi_halo_cell__DedicatedActor_0__0_next_inst.v_Xls_clause_1_Sum0_1[7]
    SLICE_X32Y18         CARRY4 (Prop_carry4_DI[2]_CO[3])
                                                      0.244    12.305 r  $flatten\\decoder.$auto$alumacc.cc:512:replace_alu$23810.genblk1.slice[1].genblk1.carry4/CO[3]
                         net (fo=1, routed)           0.000    12.305    $flattendecoder.$abc$1188372$aiger1188371$36588
    SLICE_X32Y19         CARRY4 (Prop_carry4_CI_CO[3])
                                                      0.060    12.365 r  $flatten\\decoder.$auto$alumacc.cc:512:replace_alu$23810.genblk1.slice[2].genblk1.carry4/CO[3]
                         net (fo=1, routed)           0.000    12.365    $flattendecoder.$abc$1188372$aiger1188371$36604
    SLICE_X32Y20         CARRY4 (Prop_carry4_CI_O[1])
                                                      0.212    12.577 r  $flatten\\decoder.$auto$alumacc.cc:512:replace_alu$23810.genblk1.slice[3].genblk1.carry4/O[1]
                         net (fo=2, routed)           0.526    13.104    $flattendecoder.$abc$1188372$aiger1188371$36614
    DSP48_X2Y9           DSP48E1 (Prop_dsp48e1_B[14]_PCOUT[47])
                                                      3.366    16.470 r  $flatten\\decoder.\\application.\\__phi_decoder_profile_topology__SchedulerGrid_0_next_inst.\\__phi_halo_cell__DedicatedGroup_0_next_inst.\\__phi_halo_cell__DedicatedActor_0__0_next_inst.$mul$/Users/ecpeterson/Documents/code/erl_xls/_build/architecture-repo/_build/actor-boundaries/actor-ii2-batch-register/phi_decoder_profile.v:2202$2649.genblk1.genblk1.genblk1.genblk1.genblk1.genblk1.genblk1.sliceA[0].mul.genblk1.genblk1.genblk1.genblk1.genblk1.genblk1.genblk1.genblk1.sliceB[0].mul/PCOUT[47]
                         net (fo=1, routed)           0.050    16.519    $flattendecoder.$abc$1188372$aiger1188371$36999
    DSP48_X2Y10          DSP48E1 (Prop_dsp48e1_PCIN[47]_PCOUT[47])
                                                      1.452    17.971 r  $flatten\\decoder.\\application.\\__phi_decoder_profile_topology__SchedulerGrid_0_next_inst.\\__phi_halo_cell__DedicatedGroup_0_next_inst.\\__phi_halo_cell__DedicatedActor_0__0_next_inst.$mul$/Users/ecpeterson/Documents/code/erl_xls/_build/architecture-repo/_build/actor-boundaries/actor-ii2-batch-register/phi_decoder_profile.v:2202$2649.genblk1.genblk1.genblk1.genblk1.genblk1.genblk1.genblk1.sliceA[0].mul.genblk1.genblk1.genblk1.genblk1.genblk1.genblk1.genblk1.genblk1.sliceB[1].mul/PCOUT[47]
                         net (fo=1, routed)           0.000    17.971    $flattendecoder.$abc$1188372$aiger1188371$37153
    DSP48_X2Y11          DSP48E1 (Prop_dsp48e1_PCIN[47]_P[0])
                                                      1.286    19.257 r  $flatten\\decoder.\\application.\\__phi_decoder_profile_topology__SchedulerGrid_0_next_inst.\\__phi_halo_cell__DedicatedGroup_0_next_inst.\\__phi_halo_cell__DedicatedActor_0__0_next_inst.$mul$/Users/ecpeterson/Documents/code/erl_xls/_build/architecture-repo/_build/actor-boundaries/actor-ii2-batch-register/phi_decoder_profile.v:2202$2649.genblk1.genblk1.genblk1.genblk1.genblk1.genblk1.genblk1.sliceA[0].mul.genblk1.genblk1.genblk1.genblk1.genblk1.genblk1.genblk1.genblk1.mul_sliceB_last/P[0]
                         net (fo=2, routed)           0.726    19.984    $flattendecoder.$techmap1203924$auto$abc9_ops.cc:1613:reintegrate$1198835.A[1]
    SLICE_X35Y20         LUT2 (Prop_lut2_I1_O)        0.053    20.037 r  $flatten\\decoder.$auto$abc9_ops.cc:1613:reintegrate$1198835/O
                         net (fo=1, routed)           0.000    20.037    $flattendecoder.$abc$1188372$aiger1188371$97247b
    SLICE_X35Y20         CARRY4 (Prop_carry4_S[1]_CO[3])
                                                      0.324    20.361 r  $flatten\\decoder.$auto$alumacc.cc:512:replace_alu$23678.genblk1.slice[4].genblk1.carry4/CO[3]
                         net (fo=1, routed)           0.000    20.361    $flattendecoder.$abc$1188372$aiger1188371$37502
    SLICE_X35Y21         CARRY4 (Prop_carry4_CI_CO[3])
                                                      0.058    20.419 r  $flatten\\decoder.$auto$alumacc.cc:512:replace_alu$23678.genblk1.slice[5].genblk1.carry4/CO[3]
                         net (fo=1, routed)           0.000    20.419    $flattendecoder.$abc$1188372$aiger1188371$37510
    SLICE_X35Y22         CARRY4 (Prop_carry4_CI_CO[3])
                                                      0.058    20.477 r  $flatten\\decoder.$auto$alumacc.cc:512:replace_alu$23678.genblk1.slice[6].genblk1.carry4/CO[3]
                         net (fo=1, routed)           0.000    20.477    $flattendecoder.$abc$1188372$aiger1188371$37518
    SLICE_X35Y23         CARRY4 (Prop_carry4_CI_O[0])
                                                      0.139    20.616 r  $flatten\\decoder.$auto$alumacc.cc:512:replace_alu$23678.genblk1.slice[7].genblk1.carry4/O[0]
                         net (fo=1, routed)           0.458    21.074    $flattendecoder.$abc$1188372$aiger1188371$37519
    SLICE_X34Y23         CARRY4 (Prop_carry4_S[1]_CO[3])
                                                      0.465    21.539 r  $flatten\\decoder.$auto$alumacc.cc:512:replace_alu$23843.genblk1.slice[1].genblk1.carry4/CO[3]
                         net (fo=1, routed)           0.000    21.539    $flattendecoder.$abc$1188372$aiger1188371$43840
    SLICE_X34Y24         CARRY4 (Prop_carry4_CI_CO[3])
                                                      0.060    21.599 r  $flatten\\decoder.$auto$alumacc.cc:512:replace_alu$23843.genblk1.slice[2].genblk1.carry4/CO[3]
                         net (fo=1, routed)           0.008    21.606    $flattendecoder.$abc$1188372$aiger1188371$43848
    SLICE_X34Y25         CARRY4 (Prop_carry4_CI_CO[3])
                                                      0.060    21.666 r  $flatten\\decoder.$auto$alumacc.cc:512:replace_alu$23843.genblk1.slice[3].genblk1.carry4/CO[3]
                         net (fo=1, routed)           0.000    21.666    $flattendecoder.$abc$1188372$aiger1188371$43856
    SLICE_X34Y26         CARRY4 (Prop_carry4_CI_CO[3])
                                                      0.060    21.726 r  $flatten\\decoder.$auto$alumacc.cc:512:replace_alu$23843.genblk1.slice[4].genblk1.carry4/CO[3]
                         net (fo=1, routed)           0.000    21.726    $flattendecoder.$abc$1188372$aiger1188371$43864
    SLICE_X34Y27         CARRY4 (Prop_carry4_CI_CO[3])
                                                      0.060    21.786 r  $flatten\\decoder.$auto$alumacc.cc:512:replace_alu$23843.genblk1.slice[5].genblk1.carry4/CO[3]
                         net (fo=1, routed)           0.000    21.786    $flattendecoder.$abc$1188372$aiger1188371$43872
    SLICE_X34Y28         CARRY4 (Prop_carry4_CI_CO[3])
                                                      0.060    21.846 r  $flatten\\decoder.$auto$alumacc.cc:512:replace_alu$23843.genblk1.slice[6].genblk1.carry4/CO[3]
                         net (fo=1, routed)           0.000    21.846    $flattendecoder.$abc$1188372$aiger1188371$43880
    SLICE_X34Y29         CARRY4 (Prop_carry4_CI_CO[3])
                                                      0.060    21.906 r  $flatten\\decoder.$auto$alumacc.cc:512:replace_alu$23843.genblk1.slice[7].genblk1.carry4/CO[3]
                         net (fo=1, routed)           0.000    21.906    $flattendecoder.$abc$1188372$aiger1188371$43888
    SLICE_X34Y30         CARRY4 (Prop_carry4_CI_O[1])
                                                      0.212    22.118 r  $flatten\\decoder.$auto$alumacc.cc:512:replace_alu$23843.genblk1.slice[8].genblk1.carry4/O[1]
                         net (fo=1, routed)           0.000    22.118    decoder.application.__phi_decoder_profile_topology__SchedulerGrid_0_next_inst.__phi_halo_cell__DedicatedGroup_0_next_inst.__phi_halo_cell__DedicatedActor_0__0_next_inst.bit_slice_119901[16]
    SLICE_X34Y30         FDRE                                         r  $flatten\\decoder.$auto$ff.cc:337:slice$51801/D
  -------------------------------------------------------------------    -------------------

                         (clock clock rise edge)      5.000     5.000 r
    AA14                                              0.000     5.000 r  clock (IN)
                         net (fo=0)                   0.000     5.000    clock
    AA14                 IBUF (Prop_ibuf_I_O)         0.767     5.767 r  $iopadmap$phi_timing_harness.clock/O
                         net (fo=1, routed)           1.741     7.508    $auto$clkbufmap.cc:262:execute$6457
    BUFGCTRL_X0Y0        BUFG (Prop_bufg_I_O)         0.113     7.621 r  $auto$clkbufmap.cc:261:execute$6456/O
                         net (fo=23274, routed)       1.469     9.090    decoder.application.clk
    SLICE_X34Y30         FDRE                                         r  $flatten\\decoder.$auto$ff.cc:337:slice$51801/C
                         clock pessimism              0.256     9.346
                         clock uncertainty           -0.035     9.311
    SLICE_X34Y30         FDRE (Setup_fdre_C_D)        0.084     9.395    $flatten\\decoder.$auto$ff.cc:337:slice$51801
  -------------------------------------------------------------------
                         required time                          9.395
                         arrival time                         -22.118
  -------------------------------------------------------------------
                         slack                                -12.724
