Copyright 1986-2022 Xilinx, Inc. All Rights Reserved. Copyright 2022-2024 Advanced Micro Devices, Inc. All Rights Reserved.
--------------------------------------------------------------------------------------------------------------------------------------------------------------------------------------------------
| Tool Version : Vivado v.2024.2 (lin64) Build 5239630 Fri Nov 08 22:34:34 MST 2024
| Date         : Sun Sep 27 00:19:30 2026
| Host         : ip-172-31-24-238 running 64-bit Ubuntu 22.04.5 LTS
| Command      : report_timing -delay_type max -max_paths 20 -path_type full_clock_expanded -file /home/ubuntu/timing-followup-20260926/factored-default-vendor/factored-default/vivado/paths.rpt
| Design       : probe_top
| Device       : 7z030-sbg485
| Speed File   : -1  PRODUCTION 1.12 2019-11-22
| Design State : Routed
--------------------------------------------------------------------------------------------------------------------------------------------------------------------------------------------------

Timing Report

Slack (VIOLATED) :        -10.851ns  (required time - arrival time)
  Source:                 decoder.scheduler_3_state.memory.0.10/CLKARDCLK
                            (rising edge-triggered cell RAMB18E1 clocked by clock  {rise@0.000ns fall@2.500ns period=5.000ns})
  Destination:            $flatten\\decoder.$auto$ff.cc:337:slice$55290/D
                            (rising edge-triggered cell FDRE clocked by clock  {rise@0.000ns fall@2.500ns period=5.000ns})
  Path Group:             clock
  Path Type:              Setup (Max at Slow Process Corner)
  Requirement:            5.000ns  (clock rise@5.000ns - clock rise@0.000ns)
  Data Path Delay:        15.710ns  (logic 10.302ns (65.577%)  route 5.408ns (34.423%))
  Logic Levels:           27  (CARRY4=15 DSP48E1=3 LUT2=2 LUT4=3 LUT5=2 LUT6=2)
  Clock Path Skew:        -0.190ns (DCD - SCD + CPR)
    Destination Clock Delay (DCD):    3.897ns = ( 8.897 - 5.000 )
    Source Clock Delay      (SCD):    4.269ns
    Clock Pessimism Removal (CPR):    0.182ns
  Clock Uncertainty:      0.035ns  ((TSJ^2 + TIJ^2)^1/2 + DJ) / 2 + PE
    Total System Jitter     (TSJ):    0.071ns
    Total Input Jitter      (TIJ):    0.000ns
    Discrete Jitter          (DJ):    0.000ns
    Phase Error              (PE):    0.000ns

    Location             Delay type                Incr(ns)  Path(ns)    Netlist Resource(s)
  -------------------------------------------------------------------    -------------------
                         (clock clock rise edge)      0.000     0.000 r
    AA14                                              0.000     0.000 r  clock (IN)
                         net (fo=0)                   0.000     0.000    clock
    AA14                 IBUF (Prop_ibuf_I_O)         0.843     0.843 r  $iopadmap$phi_timing_harness.clock/O
                         net (fo=1, routed)           1.830     2.673    $auto$clkbufmap.cc:262:execute$6457
    BUFGCTRL_X0Y0        BUFG (Prop_bufg_I_O)         0.120     2.793 r  $auto$clkbufmap.cc:261:execute$6456/O
                         net (fo=22436, routed)       1.476     4.269    decoder.scheduler_3_state.clk
    RAMB18_X5Y30         RAMB18E1                                     r  decoder.scheduler_3_state.memory.0.10/CLKARDCLK
  -------------------------------------------------------------------    -------------------
    RAMB18_X5Y30         RAMB18E1 (Prop_ramb18e1_CLKARDCLK_DOADO[0])
                                                      2.080     6.349 f  decoder.scheduler_3_state.memory.0.10/DOADO[0]
                         net (fo=3, routed)           0.884     7.233    decoder.scheduler_3_state_rd_data[360]
    SLICE_X90Y77         LUT4 (Prop_lut4_I0_O)        0.053     7.286 f  $flatten\\decoder.$abc$1119720$lut\\application.__phi_decoder_profile_topology__SchedulerGrid_0_next_inst.__phi_halo_cell__SharedService_0__2_3_0_2_2_next_inst.sel_170214[360]/O
                         net (fo=3, routed)           0.481     7.767    decoder.application.__phi_decoder_profile_topology__SchedulerGrid_0_next_inst.__phi_halo_cell__SharedService_0__2_3_0_2_2_next_inst.sel_170214[360]
    SLICE_X90Y77         LUT5 (Prop_lut5_I4_O)        0.053     7.820 r  $flatten\\decoder.$abc$1119720$lut$aiger1119719$84470/O
                         net (fo=3, routed)           0.468     8.288    $flattendecoder.$techmap1126719$abc$1119720$lut$aiger1119719$86907.A[0]
    SLICE_X90Y77         LUT4 (Prop_lut4_I2_O)        0.053     8.341 r  $flatten\\decoder.$abc$1119720$lut$aiger1119719$84486/O
                         net (fo=1, routed)           0.334     8.675    $flattendecoder.$techmap1126773$abc$1119720$lut$aiger1119719$84531.A[5]
    SLICE_X88Y76         LUT6 (Prop_lut6_I5_O)        0.053     8.728 r  $flatten\\decoder.$abc$1119720$lut$aiger1119719$84531/O
                         net (fo=1, routed)           0.276     9.003    $flattendecoder.$techmap1126780$abc$1119720$lut$aiger1119719$84729.A[5]
    SLICE_X89Y76         LUT6 (Prop_lut6_I5_O)        0.053     9.056 r  $flatten\\decoder.$abc$1119720$lut$aiger1119719$84729/O
                         net (fo=1, routed)           0.356     9.413    $flattendecoder.$techmap1126796$abc$1119720$lut$aiger1119719$85063.A[3]
    SLICE_X85Y76         LUT4 (Prop_lut4_I3_O)        0.053     9.466 r  $flatten\\decoder.$abc$1119720$lut$aiger1119719$85063/O
                         net (fo=68, routed)          0.566    10.031    $flattendecoder.$techmap1133106$abc$1119720$lut$aiger1119719$88281.A[3]
    SLICE_X75Y75         LUT5 (Prop_lut5_I4_O)        0.053    10.084 r  $flatten\\decoder.$abc$1119720$lut$aiger1119719$106074/O
                         net (fo=2, routed)           0.671    10.756    $flattendecoder.$techmap1126952$auto$abc9_ops.cc:1613:reintegrate$1125796.A[1]
    SLICE_X60Y74         LUT2 (Prop_lut2_I1_O)        0.053    10.809 r  $flatten\\decoder.$auto$abc9_ops.cc:1613:reintegrate$1125796/O
                         net (fo=1, routed)           0.000    10.809    $flattendecoder.$abc$1119720$aiger1119719$131378b
    SLICE_X60Y74         CARRY4 (Prop_carry4_S[1]_CO[3])
                                                      0.324    11.133 r  $flatten\\decoder.$auto$alumacc.cc:512:replace_alu$31400.genblk1.slice[0].genblk1.carry4/CO[3]
                         net (fo=1, routed)           0.008    11.141    $flattendecoder.$abc$1119720$aiger1119719$31276
    SLICE_X60Y75         CARRY4 (Prop_carry4_CI_CO[3])
                                                      0.058    11.199 r  $flatten\\decoder.$auto$alumacc.cc:512:replace_alu$31400.genblk1.slice[1].genblk1.carry4/CO[3]
                         net (fo=1, routed)           0.000    11.199    $flattendecoder.$abc$1119720$aiger1119719$31300
    SLICE_X60Y76         CARRY4 (Prop_carry4_CI_CO[3])
                                                      0.058    11.257 r  $flatten\\decoder.$auto$alumacc.cc:512:replace_alu$31400.genblk1.slice[2].genblk1.carry4/CO[3]
                         net (fo=1, routed)           0.000    11.257    $flattendecoder.$abc$1119720$aiger1119719$31324
    SLICE_X60Y77         CARRY4 (Prop_carry4_CI_O[0])
                                                      0.139    11.396 r  $flatten\\decoder.$auto$alumacc.cc:512:replace_alu$31400.genblk1.slice[3].genblk1.carry4/O[0]
                         net (fo=2, routed)           0.747    12.142    $flattendecoder.$abc$1119720$aiger1119719$31341
    DSP48_X3Y28          DSP48E1 (Prop_dsp48e1_B[13]_PCOUT[47])
                                                      3.366    15.508 r  $flatten\\decoder.\\application.\\__phi_decoder_profile_topology__SchedulerGrid_0_next_inst.\\__phi_halo_cell__SharedService_0__2_3_0_2_2_next_inst.\\__phi_halo_cell__SharedExecutor_0_next_inst.$mul$/Users/ecpeterson/Documents/code/erl_xls/_build/architecture-repo/_build/vendor-followup-20260926/factored-default/phi_decoder_profile.v:4007$4554.genblk1.genblk1.genblk1.genblk1.genblk1.genblk1.genblk1.sliceA[0].mul.genblk1.genblk1.genblk1.genblk1.genblk1.genblk1.genblk1.genblk1.sliceB[0].mul/PCOUT[47]
                         net (fo=1, routed)           0.000    15.508    $flattendecoder.$abc$1119720$aiger1119719$31767
    DSP48_X3Y29          DSP48E1 (Prop_dsp48e1_PCIN[47]_PCOUT[47])
                                                      1.452    16.960 r  $flatten\\decoder.\\application.\\__phi_decoder_profile_topology__SchedulerGrid_0_next_inst.\\__phi_halo_cell__SharedService_0__2_3_0_2_2_next_inst.\\__phi_halo_cell__SharedExecutor_0_next_inst.$mul$/Users/ecpeterson/Documents/code/erl_xls/_build/architecture-repo/_build/vendor-followup-20260926/factored-default/phi_decoder_profile.v:4007$4554.genblk1.genblk1.genblk1.genblk1.genblk1.genblk1.genblk1.sliceA[0].mul.genblk1.genblk1.genblk1.genblk1.genblk1.genblk1.genblk1.genblk1.sliceB[1].mul/PCOUT[47]
                         net (fo=1, routed)           0.050    17.010    $flattendecoder.$abc$1119720$aiger1119719$31921
    DSP48_X3Y30          DSP48E1 (Prop_dsp48e1_PCIN[47]_P[0])
                                                      1.286    18.296 r  $flatten\\decoder.\\application.\\__phi_decoder_profile_topology__SchedulerGrid_0_next_inst.\\__phi_halo_cell__SharedService_0__2_3_0_2_2_next_inst.\\__phi_halo_cell__SharedExecutor_0_next_inst.$mul$/Users/ecpeterson/Documents/code/erl_xls/_build/architecture-repo/_build/vendor-followup-20260926/factored-default/phi_decoder_profile.v:4007$4554.genblk1.genblk1.genblk1.genblk1.genblk1.genblk1.genblk1.sliceA[0].mul.genblk1.genblk1.genblk1.genblk1.genblk1.genblk1.genblk1.genblk1.mul_sliceB_last/P[0]
                         net (fo=2, routed)           0.568    18.863    $flattendecoder.$techmap1127110$auto$abc9_ops.cc:1613:reintegrate$1125725.A[1]
    SLICE_X52Y75         LUT2 (Prop_lut2_I1_O)        0.053    18.916 r  $flatten\\decoder.$auto$abc9_ops.cc:1613:reintegrate$1125725/O
                         net (fo=1, routed)           0.000    18.916    $flattendecoder.$abc$1119720$aiger1119719$131534b
    SLICE_X52Y75         CARRY4 (Prop_carry4_S[1]_CO[3])
                                                      0.310    19.226 r  $flatten\\decoder.$auto$alumacc.cc:512:replace_alu$31088.genblk1.slice[4].genblk1.carry4/CO[3]
                         net (fo=1, routed)           0.000    19.226    $flattendecoder.$abc$1119720$aiger1119719$32270
    SLICE_X52Y76         CARRY4 (Prop_carry4_CI_CO[3])
                                                      0.060    19.286 r  $flatten\\decoder.$auto$alumacc.cc:512:replace_alu$31088.genblk1.slice[5].genblk1.carry4/CO[3]
                         net (fo=1, routed)           0.000    19.286    $flattendecoder.$abc$1119720$aiger1119719$32278
    SLICE_X52Y77         CARRY4 (Prop_carry4_CI_CO[3])
                                                      0.060    19.346 r  $flatten\\decoder.$auto$alumacc.cc:512:replace_alu$31088.genblk1.slice[6].genblk1.carry4/CO[3]
                         net (fo=1, routed)           0.000    19.346    $flattendecoder.$abc$1119720$aiger1119719$32286
    SLICE_X52Y78         CARRY4 (Prop_carry4_CI_CO[3])
                                                      0.060    19.406 r  $flatten\\decoder.$auto$alumacc.cc:512:replace_alu$31088.genblk1.slice[7].genblk1.carry4/CO[3]
                         net (fo=1, routed)           0.000    19.406    $flattendecoder.$abc$1119720$aiger1119719$32294
    SLICE_X52Y79         CARRY4 (Prop_carry4_CI_CO[3])
                                                      0.060    19.466 r  $flatten\\decoder.$auto$alumacc.cc:512:replace_alu$31088.genblk1.slice[8].genblk1.carry4/CO[3]
                         net (fo=1, routed)           0.000    19.466    $flattendecoder.$abc$1119720$aiger1119719$32456
    SLICE_X52Y80         CARRY4 (Prop_carry4_CI_CO[3])
                                                      0.060    19.526 r  $flatten\\decoder.$auto$alumacc.cc:512:replace_alu$31088.genblk1.slice[9].genblk1.carry4/CO[3]
                         net (fo=1, routed)           0.000    19.526    $flattendecoder.$abc$1119720$aiger1119719$32464
    SLICE_X52Y81         CARRY4 (Prop_carry4_CI_CO[3])
                                                      0.060    19.586 r  $flatten\\decoder.$auto$alumacc.cc:512:replace_alu$31088.genblk1.slice[10].genblk1.carry4/CO[3]
                         net (fo=1, routed)           0.000    19.586    $flattendecoder.$abc$1119720$aiger1119719$32472
    SLICE_X52Y82         CARRY4 (Prop_carry4_CI_CO[3])
                                                      0.060    19.646 r  $flatten\\decoder.$auto$alumacc.cc:512:replace_alu$31088.genblk1.slice[11].genblk1.carry4/CO[3]
                         net (fo=1, routed)           0.000    19.646    $flattendecoder.$abc$1119720$aiger1119719$32480
    SLICE_X52Y83         CARRY4 (Prop_carry4_CI_CO[3])
                                                      0.060    19.706 r  $flatten\\decoder.$auto$alumacc.cc:512:replace_alu$31088.genblk1.slice[12].genblk1.carry4/CO[3]
                         net (fo=1, routed)           0.000    19.706    $flattendecoder.$abc$1119720$aiger1119719$32488
    SLICE_X52Y84         CARRY4 (Prop_carry4_CI_CO[3])
                                                      0.060    19.766 r  $flatten\\decoder.$auto$alumacc.cc:512:replace_alu$31088.genblk1.slice[13].genblk1.carry4/CO[3]
                         net (fo=1, routed)           0.000    19.766    $flattendecoder.$abc$1119720$aiger1119719$32496
    SLICE_X52Y85         CARRY4 (Prop_carry4_CI_O[1])
                                                      0.212    19.978 r  $flatten\\decoder.$auto$alumacc.cc:512:replace_alu$31088.genblk1.slice[14].genblk1.carry4/O[1]
                         net (fo=1, routed)           0.000    19.978    decoder.application.__phi_decoder_profile_topology__SchedulerGrid_0_next_inst.__phi_halo_cell__SharedService_0__2_3_0_2_2_next_inst.__phi_halo_cell__SharedExecutor_0_next_inst.smul_166934[74]
    SLICE_X52Y85         FDRE                                         r  $flatten\\decoder.$auto$ff.cc:337:slice$55290/D
  -------------------------------------------------------------------    -------------------

                         (clock clock rise edge)      5.000     5.000 r
    AA14                                              0.000     5.000 r  clock (IN)
                         net (fo=0)                   0.000     5.000    clock
    AA14                 IBUF (Prop_ibuf_I_O)         0.767     5.767 r  $iopadmap$phi_timing_harness.clock/O
                         net (fo=1, routed)           1.741     7.508    $auto$clkbufmap.cc:262:execute$6457
    BUFGCTRL_X0Y0        BUFG (Prop_bufg_I_O)         0.113     7.621 r  $auto$clkbufmap.cc:261:execute$6456/O
                         net (fo=22436, routed)       1.276     8.897    decoder.scheduler_3_state.clk
    SLICE_X52Y85         FDRE                                         r  $flatten\\decoder.$auto$ff.cc:337:slice$55290/C
                         clock pessimism              0.182     9.079
                         clock uncertainty           -0.035     9.044
    SLICE_X52Y85         FDRE (Setup_fdre_C_D)        0.084     9.128    $flatten\\decoder.$auto$ff.cc:337:slice$55290
  -------------------------------------------------------------------
                         required time                          9.128
                         arrival time                         -19.978
  -------------------------------------------------------------------
                         slack                                -10.851
