# First of 20 reported paths; full reports are retained in the evidence archive.
Copyright 1986-2022 Xilinx, Inc. All Rights Reserved. Copyright 2022-2024 Advanced Micro Devices, Inc. All Rights Reserved.
---------------------------------------------------------------------------------------------------------------------------------------------------------------------------------------------
| Tool Version : Vivado v.2024.2 (lin64) Build 5239630 Fri Nov 08 22:34:34 MST 2024
| Date         : Sun Sep 27 00:12:08 2026
| Host         : ip-172-31-24-238 running 64-bit Ubuntu 22.04.5 LTS
| Command      : report_timing -delay_type max -max_paths 20 -path_type full_clock_expanded -file /home/ubuntu/timing-followup-20260926/architectures/actor-ii2-batch-eager/vivado/paths.rpt
| Design       : probe_top
| Device       : 7z030-sbg485
| Speed File   : -1  PRODUCTION 1.12 2019-11-22
| Design State : Routed
---------------------------------------------------------------------------------------------------------------------------------------------------------------------------------------------

Timing Report

Slack (VIOLATED) :        -12.501ns  (required time - arrival time)
  Source:                 $flatten\\decoder.$auto$ff.cc:337:slice$44795/C
                            (rising edge-triggered cell FDRE clocked by clock  {rise@0.000ns fall@2.500ns period=5.000ns})
  Destination:            $flatten\\decoder.$auto$ff.cc:337:slice$53485/D
                            (rising edge-triggered cell FDRE clocked by clock  {rise@0.000ns fall@2.500ns period=5.000ns})
  Path Group:             clock
  Path Type:              Setup (Max at Slow Process Corner)
  Requirement:            5.000ns  (clock rise@5.000ns - clock rise@0.000ns)
  Data Path Delay:        17.351ns  (logic 10.496ns (60.493%)  route 6.855ns (39.507%))
  Logic Levels:           37  (CARRY4=26 DSP48E1=3 LUT2=1 LUT3=1 LUT4=3 LUT5=1 LUT6=2)
  Clock Path Skew:        -0.166ns (DCD - SCD + CPR)
    Destination Clock Delay (DCD):    3.899ns = ( 8.899 - 5.000 )
    Source Clock Delay      (SCD):    4.237ns
    Clock Pessimism Removal (CPR):    0.172ns
  Clock Uncertainty:      0.035ns  ((TSJ^2 + TIJ^2)^1/2 + DJ) / 2 + PE
    Total System Jitter     (TSJ):    0.071ns
    Total Input Jitter      (TIJ):    0.000ns
    Discrete Jitter          (DJ):    0.000ns
    Phase Error              (PE):    0.000ns

    Location             Delay type                Incr(ns)  Path(ns)    Netlist Resource(s)
  -------------------------------------------------------------------    -------------------
                         (clock clock rise edge)      0.000     0.000 r
    AA14                                              0.000     0.000 r  clock (IN)
                         net (fo=0)                   0.000     0.000    clock
    AA14                 IBUF (Prop_ibuf_I_O)         0.843     0.843 r  $iopadmap$phi_timing_harness.clock/O
                         net (fo=1, routed)           1.830     2.673    $auto$clkbufmap.cc:262:execute$6457
    BUFGCTRL_X0Y0        BUFG (Prop_bufg_I_O)         0.120     2.793 r  $auto$clkbufmap.cc:261:execute$6456/O
                         net (fo=23211, routed)       1.444     4.237    decoder.application.clk
    SLICE_X100Y70        FDRE                                         r  $flatten\\decoder.$auto$ff.cc:337:slice$44795/C
  -------------------------------------------------------------------    -------------------
    SLICE_X100Y70        FDRE (Prop_fdre_C_Q)         0.308     4.545 f  $flatten\\decoder.$auto$ff.cc:337:slice$44795/Q
                         net (fo=3, routed)           0.468     5.013    decoder.application.__phi_decoder_profile_topology__SchedulerGrid_0_next_inst.__phi_decoder_profile_topology__Phi_xReductionPlane_0_next_inst.p0_v_Xls_clause_1_RightValue_1__2[15]
    SLICE_X100Y70        LUT5 (Prop_lut5_I0_O)        0.053     5.066 r  $flatten\\decoder.$auto$abc9_ops.cc:1613:reintegrate$1187675/O
                         net (fo=1, routed)           0.613     5.679    $flattendecoder.$abc$1177183$aiger1177182$61721b
    SLICE_X100Y72        CARRY4 (Prop_carry4_DI[1]_CO[3])
                                                      0.307     5.986 r  $flatten\\decoder.\\application.\\__phi_decoder_profile_topology__SchedulerGrid_0_next_inst.\\__phi_decoder_profile_topology__Phi_xReductionPlane_0_next_inst.$lt$/Users/ecpeterson/Documents/code/erl_xls/_build/architecture-repo/_build/actor-boundaries/actor-ii2-batch-register-eager/phi_decoder_profile.v:6627$4764.genblk1.slice[1].genblk1.carry4/CO[3]
                         net (fo=1, routed)           0.000     5.986    $flattendecoder.$abc$1177183$aiger1177182$33845
    SLICE_X100Y73        CARRY4 (Prop_carry4_CI_CO[3])
                                                      0.060     6.046 r  $flatten\\decoder.\\application.\\__phi_decoder_profile_topology__SchedulerGrid_0_next_inst.\\__phi_decoder_profile_topology__Phi_xReductionPlane_0_next_inst.$lt$/Users/ecpeterson/Documents/code/erl_xls/_build/architecture-repo/_build/actor-boundaries/actor-ii2-batch-register-eager/phi_decoder_profile.v:6627$4764.genblk1.slice[2].genblk1.carry4/CO[3]
                         net (fo=1, routed)           0.000     6.046    $flattendecoder.$abc$1177183$aiger1177182$33853
    SLICE_X100Y74        CARRY4 (Prop_carry4_CI_CO[3])
                                                      0.060     6.106 r  $flatten\\decoder.\\application.\\__phi_decoder_profile_topology__SchedulerGrid_0_next_inst.\\__phi_decoder_profile_topology__Phi_xReductionPlane_0_next_inst.$lt$/Users/ecpeterson/Documents/code/erl_xls/_build/architecture-repo/_build/actor-boundaries/actor-ii2-batch-register-eager/phi_decoder_profile.v:6627$4764.genblk1.slice[3].genblk1.carry4/CO[3]
                         net (fo=1, routed)           0.008     6.114    $flattendecoder.$abc$1177183$aiger1177182$33861
    SLICE_X100Y75        CARRY4 (Prop_carry4_CI_CO[3])
                                                      0.060     6.174 r  $flatten\\decoder.\\application.\\__phi_decoder_profile_topology__SchedulerGrid_0_next_inst.\\__phi_decoder_profile_topology__Phi_xReductionPlane_0_next_inst.$lt$/Users/ecpeterson/Documents/code/erl_xls/_build/architecture-repo/_build/actor-boundaries/actor-ii2-batch-register-eager/phi_decoder_profile.v:6627$4764.genblk1.slice[4].genblk1.carry4/CO[3]
                         net (fo=1, routed)           0.000     6.174    $flattendecoder.$abc$1177183$aiger1177182$33869
    SLICE_X100Y76        CARRY4 (Prop_carry4_CI_O[2])
                                                      0.137     6.311 r  $flatten\\decoder.\\application.\\__phi_decoder_profile_topology__SchedulerGrid_0_next_inst.\\__phi_decoder_profile_topology__Phi_xReductionPlane_0_next_inst.$lt$/Users/ecpeterson/Documents/code/erl_xls/_build/architecture-repo/_build/actor-boundaries/actor-ii2-batch-register-eager/phi_decoder_profile.v:6627$4764.genblk1.slice[5].genblk1.carry4/O[2]
                         net (fo=34, routed)          0.356     6.667    $flattendecoder.$abc$1177183$lut$aiger1177182$62525.A[7]
    SLICE_X101Y76        LUT4 (Prop_lut4_I3_O)        0.152     6.819 r  $flatten\\decoder.$abc$1177183$lut$aiger1177182$61880/O
                         net (fo=45, routed)          0.764     7.582    $flattendecoder.$techmap1191394$auto$abc9_ops.cc:1613:reintegrate$1187552.A[4]
    SLICE_X98Y71         LUT6 (Prop_lut6_I5_O)        0.053     7.635 f  $flatten\\decoder.$abc$1177183$lut$aiger1177182$62671/O
                         net (fo=3, routed)           0.533     8.169    $flattendecoder.$techmap1192034$abc$1177183$lut$aiger1177182$95097.A[2]
    SLICE_X97Y71         LUT4 (Prop_lut4_I2_O)        0.053     8.222 r  $flatten\\decoder.$abc$1177183$lut$aiger1177182$62694/O
                         net (fo=2, routed)           0.557     8.778    $flattendecoder.$abc$1177183$aiger1177182$62694
    SLICE_X95Y75         CARRY4 (Prop_carry4_S[2]_CO[3])
                                                      0.288     9.066 r  $flatten\\decoder.\\application.\\__phi_decoder_profile_topology__SchedulerGrid_0_next_inst.\\__phi_decoder_profile_topology__Phi_xReductionPlane_0_next_inst.$lt$/Users/ecpeterson/Documents/code/erl_xls/_build/architecture-repo/_build/actor-boundaries/actor-ii2-batch-register-eager/phi_decoder_profile.v:6690$4821.genblk1.slice[0].genblk1.carry4/CO[3]
                         net (fo=1, routed)           0.000     9.066    $flattendecoder.$abc$1177183$aiger1177182$33957
    SLICE_X95Y76         CARRY4 (Prop_carry4_CI_CO[3])
                                                      0.058     9.124 r  $flatten\\decoder.\\application.\\__phi_decoder_profile_topology__SchedulerGrid_0_next_inst.\\__phi_decoder_profile_topology__Phi_xReductionPlane_0_next_inst.$lt$/Users/ecpeterson/Documents/code/erl_xls/_build/architecture-repo/_build/actor-boundaries/actor-ii2-batch-register-eager/phi_decoder_profile.v:6690$4821.genblk1.slice[1].genblk1.carry4/CO[3]
                         net (fo=1, routed)           0.000     9.124    $flattendecoder.$abc$1177183$aiger1177182$33965
    SLICE_X95Y77         CARRY4 (Prop_carry4_CI_CO[3])
                                                      0.058     9.182 r  $flatten\\decoder.\\application.\\__phi_decoder_profile_topology__SchedulerGrid_0_next_inst.\\__phi_decoder_profile_topology__Phi_xReductionPlane_0_next_inst.$lt$/Users/ecpeterson/Documents/code/erl_xls/_build/architecture-repo/_build/actor-boundaries/actor-ii2-batch-register-eager/phi_decoder_profile.v:6690$4821.genblk1.slice[2].genblk1.carry4/CO[3]
                         net (fo=1, routed)           0.000     9.182    $flattendecoder.$abc$1177183$aiger1177182$33973
    SLICE_X95Y78         CARRY4 (Prop_carry4_CI_CO[3])
                                                      0.058     9.240 r  $flatten\\decoder.\\application.\\__phi_decoder_profile_topology__SchedulerGrid_0_next_inst.\\__phi_decoder_profile_topology__Phi_xReductionPlane_0_next_inst.$lt$/Users/ecpeterson/Documents/code/erl_xls/_build/architecture-repo/_build/actor-boundaries/actor-ii2-batch-register-eager/phi_decoder_profile.v:6690$4821.genblk1.slice[3].genblk1.carry4/CO[3]
                         net (fo=1, routed)           0.000     9.240    $flattendecoder.$abc$1177183$aiger1177182$33981
    SLICE_X95Y79         CARRY4 (Prop_carry4_CI_CO[3])
                                                      0.058     9.298 r  $flatten\\decoder.\\application.\\__phi_decoder_profile_topology__SchedulerGrid_0_next_inst.\\__phi_decoder_profile_topology__Phi_xReductionPlane_0_next_inst.$lt$/Users/ecpeterson/Documents/code/erl_xls/_build/architecture-repo/_build/actor-boundaries/actor-ii2-batch-register-eager/phi_decoder_profile.v:6690$4821.genblk1.slice[4].genblk1.carry4/CO[3]
                         net (fo=1, routed)           0.000     9.298    $flattendecoder.$abc$1177183$aiger1177182$33989
    SLICE_X95Y80         CARRY4 (Prop_carry4_CI_O[2])
                                                      0.136     9.434 r  $flatten\\decoder.\\application.\\__phi_decoder_profile_topology__SchedulerGrid_0_next_inst.\\__phi_decoder_profile_topology__Phi_xReductionPlane_0_next_inst.$lt$/Users/ecpeterson/Documents/code/erl_xls/_build/architecture-repo/_build/actor-boundaries/actor-ii2-batch-register-eager/phi_decoder_profile.v:6690$4821.genblk1.slice[5].genblk1.carry4/O[2]
                         net (fo=17, routed)          0.718    10.153    $flattendecoder.$abc$1177183$lut$aiger1177182$63634.A[6]
    SLICE_X94Y83         LUT6 (Prop_lut6_I5_O)        0.152    10.305 r  $flatten\\decoder.$abc$1177183$lut$aiger1177182$86422/O
                         net (fo=1, routed)           0.242    10.547    $flattendecoder.$techmap1191509$abc$1177183$lut$aiger1177182$86429.A[2]
    SLICE_X95Y85         LUT3 (Prop_lut3_I2_O)        0.053    10.600 f  $flatten\\decoder.$abc$1177183$lut$aiger1177182$86429/O
                         net (fo=5, routed)           0.449    11.049    $flattendecoder.$techmap1192494$auto$abc9_ops.cc:1613:reintegrate$1187046.A[4]
    SLICE_X91Y90         LUT4 (Prop_lut4_I3_O)        0.053    11.102 r  $flatten\\decoder.$abc$1177183$lut\\application.__phi_decoder_profile_topology__SchedulerGrid_0_next_inst.__phi_halo_cell__DedicatedGroup_0_next_inst.__phi_halo_cell__DedicatedActor_0__1_next_inst.aggregate_request[5]/O
                         net (fo=3, routed)           0.408    11.511    decoder.application.__phi_decoder_profile_topology__SchedulerGrid_0_next_inst.__phi_halo_cell__DedicatedGroup_0_next_inst.__phi_halo_cell__DedicatedActor_0__1_next_inst.tuple_index_120839[5]
    SLICE_X88Y90         CARRY4 (Prop_carry4_DI[1]_CO[3])
                                                      0.307    11.818 r  $flatten\\decoder.$auto$alumacc.cc:512:replace_alu$23920.genblk1.slice[1].genblk1.carry4/CO[3]
                         net (fo=1, routed)           0.000    11.818    $flattendecoder.$abc$1177183$aiger1177182$38885
    SLICE_X88Y91         CARRY4 (Prop_carry4_CI_CO[3])
                                                      0.060    11.878 r  $flatten\\decoder.$auto$alumacc.cc:512:replace_alu$23920.genblk1.slice[2].genblk1.carry4/CO[3]
                         net (fo=1, routed)           0.000    11.878    $flattendecoder.$abc$1177183$aiger1177182$38893
    SLICE_X88Y92         CARRY4 (Prop_carry4_CI_O[1])
                                                      0.212    12.090 r  $flatten\\decoder.$auto$alumacc.cc:512:replace_alu$23920.genblk1.slice[3].genblk1.carry4/O[1]
                         net (fo=2, routed)           0.704    12.794    $flattendecoder.$abc$1177183$aiger1177182$38895
    DSP48_X4Y40          DSP48E1 (Prop_dsp48e1_B[13]_PCOUT[47])
                                                      3.366    16.160 r  $flatten\\decoder.\\application.\\__phi_decoder_profile_topology__SchedulerGrid_0_next_inst.\\__phi_halo_cell__DedicatedGroup_0_next_inst.\\__phi_halo_cell__DedicatedActor_0__1_next_inst.$mul$/Users/ecpeterson/Documents/code/erl_xls/_build/architecture-repo/_build/actor-boundaries/actor-ii2-batch-register-eager/phi_decoder_profile.v:3941$4369.genblk1.genblk1.genblk1.genblk1.genblk1.genblk1.genblk1.sliceA[0].mul.genblk1.genblk1.genblk1.genblk1.genblk1.genblk1.genblk1.genblk1.sliceB[0].mul/PCOUT[47]
                         net (fo=1, routed)           0.000    16.160    $flattendecoder.$abc$1177183$aiger1177182$39248
    DSP48_X4Y41          DSP48E1 (Prop_dsp48e1_PCIN[47]_PCOUT[47])
                                                      1.452    17.612 r  $flatten\\decoder.\\application.\\__phi_decoder_profile_topology__SchedulerGrid_0_next_inst.\\__phi_halo_cell__DedicatedGroup_0_next_inst.\\__phi_halo_cell__DedicatedActor_0__1_next_inst.$mul$/Users/ecpeterson/Documents/code/erl_xls/_build/architecture-repo/_build/actor-boundaries/actor-ii2-batch-register-eager/phi_decoder_profile.v:3941$4369.genblk1.genblk1.genblk1.genblk1.genblk1.genblk1.genblk1.sliceA[0].mul.genblk1.genblk1.genblk1.genblk1.genblk1.genblk1.genblk1.genblk1.sliceB[1].mul/PCOUT[47]
                         net (fo=1, routed)           0.000    17.612    $flattendecoder.$abc$1177183$aiger1177182$39402
    DSP48_X4Y42          DSP48E1 (Prop_dsp48e1_PCIN[47]_P[0])
                                                      1.286    18.898 r  $flatten\\decoder.\\application.\\__phi_decoder_profile_topology__SchedulerGrid_0_next_inst.\\__phi_halo_cell__DedicatedGroup_0_next_inst.\\__phi_halo_cell__DedicatedActor_0__1_next_inst.$mul$/Users/ecpeterson/Documents/code/erl_xls/_build/architecture-repo/_build/actor-boundaries/actor-ii2-batch-register-eager/phi_decoder_profile.v:3941$4369.genblk1.genblk1.genblk1.genblk1.genblk1.genblk1.genblk1.sliceA[0].mul.genblk1.genblk1.genblk1.genblk1.genblk1.genblk1.genblk1.genblk1.mul_sliceB_last/P[0]
                         net (fo=2, routed)           0.561    19.459    $flattendecoder.$techmap1192566$auto$abc9_ops.cc:1613:reintegrate$1186997.A[1]
    SLICE_X86Y105        LUT2 (Prop_lut2_I1_O)        0.053    19.512 r  $flatten\\decoder.$auto$abc9_ops.cc:1613:reintegrate$1186997/O
                         net (fo=1, routed)           0.000    19.512    $flattendecoder.$abc$1177183$aiger1177182$98097b
    SLICE_X86Y105        CARRY4 (Prop_carry4_S[1]_CO[3])
                                                      0.310    19.822 r  $flatten\\decoder.$auto$alumacc.cc:512:replace_alu$23689.genblk1.slice[4].genblk1.carry4/CO[3]
                         net (fo=1, routed)           0.000    19.822    $flattendecoder.$abc$1177183$aiger1177182$39759
    SLICE_X86Y106        CARRY4 (Prop_carry4_CI_CO[3])
                                                      0.060    19.882 r  $flatten\\decoder.$auto$alumacc.cc:512:replace_alu$23689.genblk1.slice[5].genblk1.carry4/CO[3]
                         net (fo=1, routed)           0.000    19.882    $flattendecoder.$abc$1177183$aiger1177182$39767
    SLICE_X86Y107        CARRY4 (Prop_carry4_CI_CO[3])
                                                      0.060    19.942 r  $flatten\\decoder.$auto$alumacc.cc:512:replace_alu$23689.genblk1.slice[6].genblk1.carry4/CO[3]
                         net (fo=1, routed)           0.000    19.942    $flattendecoder.$abc$1177183$aiger1177182$39775
    SLICE_X86Y108        CARRY4 (Prop_carry4_CI_CO[3])
                                                      0.060    20.002 r  $flatten\\decoder.$auto$alumacc.cc:512:replace_alu$23689.genblk1.slice[7].genblk1.carry4/CO[3]
                         net (fo=1, routed)           0.000    20.002    $flattendecoder.$abc$1177183$aiger1177182$39783
    SLICE_X86Y109        CARRY4 (Prop_carry4_CI_CO[3])
                                                      0.060    20.062 r  $flatten\\decoder.$auto$alumacc.cc:512:replace_alu$23689.genblk1.slice[8].genblk1.carry4/CO[3]
                         net (fo=1, routed)           0.000    20.062    $flattendecoder.$abc$1177183$aiger1177182$39945
    SLICE_X86Y110        CARRY4 (Prop_carry4_CI_CO[3])
                                                      0.060    20.122 r  $flatten\\decoder.$auto$alumacc.cc:512:replace_alu$23689.genblk1.slice[9].genblk1.carry4/CO[3]
                         net (fo=1, routed)           0.000    20.122    $flattendecoder.$abc$1177183$aiger1177182$39953
    SLICE_X86Y111        CARRY4 (Prop_carry4_CI_CO[3])
                                                      0.060    20.182 r  $flatten\\decoder.$auto$alumacc.cc:512:replace_alu$23689.genblk1.slice[10].genblk1.carry4/CO[3]
                         net (fo=1, routed)           0.000    20.182    $flattendecoder.$abc$1177183$aiger1177182$39961
    SLICE_X86Y112        CARRY4 (Prop_carry4_CI_CO[3])
                                                      0.060    20.242 r  $flatten\\decoder.$auto$alumacc.cc:512:replace_alu$23689.genblk1.slice[11].genblk1.carry4/CO[3]
                         net (fo=1, routed)           0.000    20.242    $flattendecoder.$abc$1177183$aiger1177182$39969
    SLICE_X86Y113        CARRY4 (Prop_carry4_CI_O[1])
                                                      0.212    20.454 r  $flatten\\decoder.$auto$alumacc.cc:512:replace_alu$23689.genblk1.slice[12].genblk1.carry4/O[1]
                         net (fo=1, routed)           0.473    20.927    $flattendecoder.$abc$1177183$aiger1177182$39971
    SLICE_X87Y111        CARRY4 (Prop_carry4_S[2]_CO[3])
                                                      0.390    21.317 r  $flatten\\decoder.$auto$alumacc.cc:512:replace_alu$23944.genblk1.slice[6].genblk1.carry4/CO[3]
                         net (fo=1, routed)           0.000    21.317    $flattendecoder.$abc$1177183$aiger1177182$44985
    SLICE_X87Y112        CARRY4 (Prop_carry4_CI_CO[3])
                                                      0.058    21.375 r  $flatten\\decoder.$auto$alumacc.cc:512:replace_alu$23944.genblk1.slice[7].genblk1.carry4/CO[3]
                         net (fo=1, routed)           0.000    21.375    $flattendecoder.$abc$1177183$aiger1177182$44993
    SLICE_X87Y113        CARRY4 (Prop_carry4_CI_O[1])
                                                      0.213    21.588 r  $flatten\\decoder.$auto$alumacc.cc:512:replace_alu$23944.genblk1.slice[8].genblk1.carry4/O[1]
                         net (fo=1, routed)           0.000    21.588    decoder.application.__phi_decoder_profile_topology__SchedulerGrid_0_next_inst.__phi_halo_cell__DedicatedGroup_0_next_inst.__phi_halo_cell__DedicatedActor_0__1_next_inst.add_121464[33]
    SLICE_X87Y113        FDRE                                         r  $flatten\\decoder.$auto$ff.cc:337:slice$53485/D
  -------------------------------------------------------------------    -------------------

                         (clock clock rise edge)      5.000     5.000 r
    AA14                                              0.000     5.000 r  clock (IN)
                         net (fo=0)                   0.000     5.000    clock
    AA14                 IBUF (Prop_ibuf_I_O)         0.767     5.767 r  $iopadmap$phi_timing_harness.clock/O
                         net (fo=1, routed)           1.741     7.508    $auto$clkbufmap.cc:262:execute$6457
    BUFGCTRL_X0Y0        BUFG (Prop_bufg_I_O)         0.113     7.621 r  $auto$clkbufmap.cc:261:execute$6456/O
                         net (fo=23211, routed)       1.278     8.899    decoder.application.clk
    SLICE_X87Y113        FDRE                                         r  $flatten\\decoder.$auto$ff.cc:337:slice$53485/C
                         clock pessimism              0.172     9.071
                         clock uncertainty           -0.035     9.036
    SLICE_X87Y113        FDRE (Setup_fdre_C_D)        0.051     9.087    $flatten\\decoder.$auto$ff.cc:337:slice$53485
  -------------------------------------------------------------------
                         required time                          9.087
                         arrival time                         -21.588
  -------------------------------------------------------------------
                         slack                                -12.501
