Copyright 1986-2022 Xilinx, Inc. All Rights Reserved. Copyright 2022-2024 Advanced Micro Devices, Inc. All Rights Reserved.
---------------------------------------------------------------------------------------------------------------------------------------------
| Tool Version : Vivado v.2024.2 (lin64) Build 5239630 Fri Nov 08 22:34:34 MST 2024
| Date         : Sun Sep 27 00:58:41 2026
| Host         : ip-172-31-24-238 running 64-bit Ubuntu 22.04.5 LTS
| Command      : check_timing -verbose -file /home/ubuntu/timing-followup-20260926/selector-edges/sel_d8_w24_n127/vivado/coverage.rpt
| Design       : probe_top
| Device       : 7z030-sbg485
| Speed File   : -1  PRODUCTION 1.12 2019-11-22
| Design State : Routed
---------------------------------------------------------------------------------------------------------------------------------------------


check_timing report

Table of Contents
-----------------
1. checking no_clock (0)
2. checking constant_clock (0)
3. checking pulse_width_clock (0)
4. checking unconstrained_internal_endpoints (0)
5. checking no_input_delay (3080)
6. checking no_output_delay (24)
7. checking multiple_clock (0)
8. checking generated_clocks (0)
9. checking loops (0)
10. checking partial_input_delay (0)
11. checking partial_output_delay (0)
12. checking latch_loops (0)

1. checking no_clock (0)
------------------------
 There are 0 register/latch pins with no clock.


2. checking constant_clock (0)
------------------------------
 There are 0 register/latch pins with constant_clock.


3. checking pulse_width_clock (0)
---------------------------------
 There are 0 register/latch pins which need pulse_width check


4. checking unconstrained_internal_endpoints (0)
------------------------------------------------
 There are 0 pins that are not constrained for maximum delay.

 There are 0 pins that are not constrained for maximum delay due to constant clock.


5. checking no_input_delay (3080)
---------------------------------
 There are 0 input ports with no input delay specified.

 There are 3080 input ports with no input delay but user has a false path constraint. (MEDIUM)

index[0]
index[1]
index[2]
index[3]
index[4]
index[5]
index[6]
index[7]
otherwise[0]
otherwise[10]
otherwise[11]
otherwise[12]
otherwise[13]
otherwise[14]
otherwise[15]
otherwise[16]
otherwise[17]
otherwise[18]
otherwise[19]
otherwise[1]
otherwise[20]
otherwise[21]
otherwise[22]
otherwise[23]
otherwise[2]
otherwise[3]
otherwise[4]
otherwise[5]
otherwise[6]
otherwise[7]
otherwise[8]
otherwise[9]
v0[0]
v0[10]
v0[11]
v0[12]
v0[13]
v0[14]
v0[15]
v0[16]
v0[17]
v0[18]
v0[19]
v0[1]
v0[20]
v0[21]
v0[22]
v0[23]
v0[2]
v0[3]
v0[4]
v0[5]
v0[6]
v0[7]
v0[8]
v0[9]
v100[0]
v100[10]
v100[11]
v100[12]
v100[13]
v100[14]
v100[15]
v100[16]
v100[17]
v100[18]
v100[19]
v100[1]
v100[20]
v100[21]
v100[22]
v100[23]
v100[2]
v100[3]
v100[4]
v100[5]
v100[6]
v100[7]
v100[8]
v100[9]
v101[0]
v101[10]
v101[11]
v101[12]
v101[13]
v101[14]
v101[15]
v101[16]
v101[17]
v101[18]
v101[19]
v101[1]
v101[20]
v101[21]
v101[22]
v101[23]
v101[2]
v101[3]
v101[4]
v101[5]
v101[6]
v101[7]
v101[8]
v101[9]
v102[0]
v102[10]
v102[11]
v102[12]
v102[13]
v102[14]
v102[15]
v102[16]
v102[17]
v102[18]
v102[19]
v102[1]
v102[20]
v102[21]
v102[22]
v102[23]
v102[2]
v102[3]
v102[4]
v102[5]
v102[6]
v102[7]
v102[8]
v102[9]
v103[0]
v103[10]
v103[11]
v103[12]
v103[13]
v103[14]
v103[15]
v103[16]
v103[17]
v103[18]
v103[19]
v103[1]
v103[20]
v103[21]
v103[22]
v103[23]
v103[2]
v103[3]
v103[4]
v103[5]
v103[6]
v103[7]
v103[8]
v103[9]
v104[0]
v104[10]
v104[11]
v104[12]
v104[13]
v104[14]
v104[15]
v104[16]
v104[17]
v104[18]
v104[19]
v104[1]
v104[20]
v104[21]
v104[22]
v104[23]
v104[2]
v104[3]
v104[4]
v104[5]
v104[6]
v104[7]
v104[8]
v104[9]
v105[0]
v105[10]
v105[11]
v105[12]
v105[13]
v105[14]
v105[15]
v105[16]
v105[17]
v105[18]
v105[19]
v105[1]
v105[20]
v105[21]
v105[22]
v105[23]
v105[2]
v105[3]
v105[4]
v105[5]
v105[6]
v105[7]
v105[8]
v105[9]
v106[0]
v106[10]
v106[11]
v106[12]
v106[13]
v106[14]
v106[15]
v106[16]
v106[17]
v106[18]
v106[19]
v106[1]
v106[20]
v106[21]
v106[22]
v106[23]
v106[2]
v106[3]
v106[4]
v106[5]
v106[6]
v106[7]
v106[8]
v106[9]
v107[0]
v107[10]
v107[11]
v107[12]
v107[13]
v107[14]
v107[15]
v107[16]
v107[17]
v107[18]
v107[19]
v107[1]
v107[20]
v107[21]
v107[22]
v107[23]
v107[2]
v107[3]
v107[4]
v107[5]
v107[6]
v107[7]
v107[8]
v107[9]
v108[0]
v108[10]
v108[11]
v108[12]
v108[13]
v108[14]
v108[15]
v108[16]
v108[17]
v108[18]
v108[19]
v108[1]
v108[20]
v108[21]
v108[22]
v108[23]
v108[2]
v108[3]
v108[4]
v108[5]
v108[6]
v108[7]
v108[8]
v108[9]
v109[0]
v109[10]
v109[11]
v109[12]
v109[13]
v109[14]
v109[15]
v109[16]
v109[17]
v109[18]
v109[19]
v109[1]
v109[20]
v109[21]
v109[22]
v109[23]
v109[2]
v109[3]
v109[4]
v109[5]
v109[6]
v109[7]
v109[8]
v109[9]
v10[0]
v10[10]
v10[11]
v10[12]
v10[13]
v10[14]
v10[15]
v10[16]
v10[17]
v10[18]
v10[19]
v10[1]
v10[20]
v10[21]
v10[22]
v10[23]
v10[2]
v10[3]
v10[4]
v10[5]
v10[6]
v10[7]
v10[8]
v10[9]
v110[0]
v110[10]
v110[11]
v110[12]
v110[13]
v110[14]
v110[15]
v110[16]
v110[17]
v110[18]
v110[19]
v110[1]
v110[20]
v110[21]
v110[22]
v110[23]
v110[2]
v110[3]
v110[4]
v110[5]
v110[6]
v110[7]
v110[8]
v110[9]
v111[0]
v111[10]
v111[11]
v111[12]
v111[13]
v111[14]
v111[15]
v111[16]
v111[17]
v111[18]
v111[19]
v111[1]
v111[20]
v111[21]
v111[22]
v111[23]
v111[2]
v111[3]
v111[4]
v111[5]
v111[6]
v111[7]
v111[8]
v111[9]
v112[0]
v112[10]
v112[11]
v112[12]
v112[13]
v112[14]
v112[15]
v112[16]
v112[17]
v112[18]
v112[19]
v112[1]
v112[20]
v112[21]
v112[22]
v112[23]
v112[2]
v112[3]
v112[4]
v112[5]
v112[6]
v112[7]
v112[8]
v112[9]
v113[0]
v113[10]
v113[11]
v113[12]
v113[13]
v113[14]
v113[15]
v113[16]
v113[17]
v113[18]
v113[19]
v113[1]
v113[20]
v113[21]
v113[22]
v113[23]
v113[2]
v113[3]
v113[4]
v113[5]
v113[6]
v113[7]
v113[8]
v113[9]
v114[0]
v114[10]
v114[11]
v114[12]
v114[13]
v114[14]
v114[15]
v114[16]
v114[17]
v114[18]
v114[19]
v114[1]
v114[20]
v114[21]
v114[22]
v114[23]
v114[2]
v114[3]
v114[4]
v114[5]
v114[6]
v114[7]
v114[8]
v114[9]
v115[0]
v115[10]
v115[11]
v115[12]
v115[13]
v115[14]
v115[15]
v115[16]
v115[17]
v115[18]
v115[19]
v115[1]
v115[20]
v115[21]
v115[22]
v115[23]
v115[2]
v115[3]
v115[4]
v115[5]
v115[6]
v115[7]
v115[8]
v115[9]
v116[0]
v116[10]
v116[11]
v116[12]
v116[13]
v116[14]
v116[15]
v116[16]
v116[17]
v116[18]
v116[19]
v116[1]
v116[20]
v116[21]
v116[22]
v116[23]
v116[2]
v116[3]
v116[4]
v116[5]
v116[6]
v116[7]
v116[8]
v116[9]
v117[0]
v117[10]
v117[11]
v117[12]
v117[13]
v117[14]
v117[15]
v117[16]
v117[17]
v117[18]
v117[19]
v117[1]
v117[20]
v117[21]
v117[22]
v117[23]
v117[2]
v117[3]
v117[4]
v117[5]
v117[6]
v117[7]
v117[8]
v117[9]
v118[0]
v118[10]
v118[11]
v118[12]
v118[13]
v118[14]
v118[15]
v118[16]
v118[17]
v118[18]
v118[19]
v118[1]
v118[20]
v118[21]
v118[22]
v118[23]
v118[2]
v118[3]
v118[4]
v118[5]
v118[6]
v118[7]
v118[8]
v118[9]
v119[0]
v119[10]
v119[11]
v119[12]
v119[13]
v119[14]
v119[15]
v119[16]
v119[17]
v119[18]
v119[19]
v119[1]
v119[20]
v119[21]
v119[22]
v119[23]
v119[2]
v119[3]
v119[4]
v119[5]
v119[6]
v119[7]
v119[8]
v119[9]
v11[0]
v11[10]
v11[11]
v11[12]
v11[13]
v11[14]
v11[15]
v11[16]
v11[17]
v11[18]
v11[19]
v11[1]
v11[20]
v11[21]
v11[22]
v11[23]
v11[2]
v11[3]
v11[4]
v11[5]
v11[6]
v11[7]
v11[8]
v11[9]
v120[0]
v120[10]
v120[11]
v120[12]
v120[13]
v120[14]
v120[15]
v120[16]
v120[17]
v120[18]
v120[19]
v120[1]
v120[20]
v120[21]
v120[22]
v120[23]
v120[2]
v120[3]
v120[4]
v120[5]
v120[6]
v120[7]
v120[8]
v120[9]
v121[0]
v121[10]
v121[11]
v121[12]
v121[13]
v121[14]
v121[15]
v121[16]
v121[17]
v121[18]
v121[19]
v121[1]
v121[20]
v121[21]
v121[22]
v121[23]
v121[2]
v121[3]
v121[4]
v121[5]
v121[6]
v121[7]
v121[8]
v121[9]
v122[0]
v122[10]
v122[11]
v122[12]
v122[13]
v122[14]
v122[15]
v122[16]
v122[17]
v122[18]
v122[19]
v122[1]
v122[20]
v122[21]
v122[22]
v122[23]
v122[2]
v122[3]
v122[4]
v122[5]
v122[6]
v122[7]
v122[8]
v122[9]
v123[0]
v123[10]
v123[11]
v123[12]
v123[13]
v123[14]
v123[15]
v123[16]
v123[17]
v123[18]
v123[19]
v123[1]
v123[20]
v123[21]
v123[22]
v123[23]
v123[2]
v123[3]
v123[4]
v123[5]
v123[6]
v123[7]
v123[8]
v123[9]
v124[0]
v124[10]
v124[11]
v124[12]
v124[13]
v124[14]
v124[15]
v124[16]
v124[17]
v124[18]
v124[19]
v124[1]
v124[20]
v124[21]
v124[22]
v124[23]
v124[2]
v124[3]
v124[4]
v124[5]
v124[6]
v124[7]
v124[8]
v124[9]
v125[0]
v125[10]
v125[11]
v125[12]
v125[13]
v125[14]
v125[15]
v125[16]
v125[17]
v125[18]
v125[19]
v125[1]
v125[20]
v125[21]
v125[22]
v125[23]
v125[2]
v125[3]
v125[4]
v125[5]
v125[6]
v125[7]
v125[8]
v125[9]
v126[0]
v126[10]
v126[11]
v126[12]
v126[13]
v126[14]
v126[15]
v126[16]
v126[17]
v126[18]
v126[19]
v126[1]
v126[20]
v126[21]
v126[22]
v126[23]
v126[2]
v126[3]
v126[4]
v126[5]
v126[6]
v126[7]
v126[8]
v126[9]
v12[0]
v12[10]
v12[11]
v12[12]
v12[13]
v12[14]
v12[15]
v12[16]
v12[17]
v12[18]
v12[19]
v12[1]
v12[20]
v12[21]
v12[22]
v12[23]
v12[2]
v12[3]
v12[4]
v12[5]
v12[6]
v12[7]
v12[8]
v12[9]
v13[0]
v13[10]
v13[11]
v13[12]
v13[13]
v13[14]
v13[15]
v13[16]
v13[17]
v13[18]
v13[19]
v13[1]
v13[20]
v13[21]
v13[22]
v13[23]
v13[2]
v13[3]
v13[4]
v13[5]
v13[6]
v13[7]
v13[8]
v13[9]
v14[0]
v14[10]
v14[11]
v14[12]
v14[13]
v14[14]
v14[15]
v14[16]
v14[17]
v14[18]
v14[19]
v14[1]
v14[20]
v14[21]
v14[22]
v14[23]
v14[2]
v14[3]
v14[4]
v14[5]
v14[6]
v14[7]
v14[8]
v14[9]
v15[0]
v15[10]
v15[11]
v15[12]
v15[13]
v15[14]
v15[15]
v15[16]
v15[17]
v15[18]
v15[19]
v15[1]
v15[20]
v15[21]
v15[22]
v15[23]
v15[2]
v15[3]
v15[4]
v15[5]
v15[6]
v15[7]
v15[8]
v15[9]
v16[0]
v16[10]
v16[11]
v16[12]
v16[13]
v16[14]
v16[15]
v16[16]
v16[17]
v16[18]
v16[19]
v16[1]
v16[20]
v16[21]
v16[22]
v16[23]
v16[2]
v16[3]
v16[4]
v16[5]
v16[6]
v16[7]
v16[8]
v16[9]
v17[0]
v17[10]
v17[11]
v17[12]
v17[13]
v17[14]
v17[15]
v17[16]
v17[17]
v17[18]
v17[19]
v17[1]
v17[20]
v17[21]
v17[22]
v17[23]
v17[2]
v17[3]
v17[4]
v17[5]
v17[6]
v17[7]
v17[8]
v17[9]
v18[0]
v18[10]
v18[11]
v18[12]
v18[13]
v18[14]
v18[15]
v18[16]
v18[17]
v18[18]
v18[19]
v18[1]
v18[20]
v18[21]
v18[22]
v18[23]
v18[2]
v18[3]
v18[4]
v18[5]
v18[6]
v18[7]
v18[8]
v18[9]
v19[0]
v19[10]
v19[11]
v19[12]
v19[13]
v19[14]
v19[15]
v19[16]
v19[17]
v19[18]
v19[19]
v19[1]
v19[20]
v19[21]
v19[22]
v19[23]
v19[2]
v19[3]
v19[4]
v19[5]
v19[6]
v19[7]
v19[8]
v19[9]
v1[0]
v1[10]
v1[11]
v1[12]
v1[13]
v1[14]
v1[15]
v1[16]
v1[17]
v1[18]
v1[19]
v1[1]
v1[20]
v1[21]
v1[22]
v1[23]
v1[2]
v1[3]
v1[4]
v1[5]
v1[6]
v1[7]
v1[8]
v1[9]
v20[0]
v20[10]
v20[11]
v20[12]
v20[13]
v20[14]
v20[15]
v20[16]
v20[17]
v20[18]
v20[19]
v20[1]
v20[20]
v20[21]
v20[22]
v20[23]
v20[2]
v20[3]
v20[4]
v20[5]
v20[6]
v20[7]
v20[8]
v20[9]
v21[0]
v21[10]
v21[11]
v21[12]
v21[13]
v21[14]
v21[15]
v21[16]
v21[17]
v21[18]
v21[19]
v21[1]
v21[20]
v21[21]
v21[22]
v21[23]
v21[2]
v21[3]
v21[4]
v21[5]
v21[6]
v21[7]
v21[8]
v21[9]
v22[0]
v22[10]
v22[11]
v22[12]
v22[13]
v22[14]
v22[15]
v22[16]
v22[17]
v22[18]
v22[19]
v22[1]
v22[20]
v22[21]
v22[22]
v22[23]
v22[2]
v22[3]
v22[4]
v22[5]
v22[6]
v22[7]
v22[8]
v22[9]
v23[0]
v23[10]
v23[11]
v23[12]
v23[13]
v23[14]
v23[15]
v23[16]
v23[17]
v23[18]
v23[19]
v23[1]
v23[20]
v23[21]
v23[22]
v23[23]
v23[2]
v23[3]
v23[4]
v23[5]
v23[6]
v23[7]
v23[8]
v23[9]
v24[0]
v24[10]
v24[11]
v24[12]
v24[13]
v24[14]
v24[15]
v24[16]
v24[17]
v24[18]
v24[19]
v24[1]
v24[20]
v24[21]
v24[22]
v24[23]
v24[2]
v24[3]
v24[4]
v24[5]
v24[6]
v24[7]
v24[8]
v24[9]
v25[0]
v25[10]
v25[11]
v25[12]
v25[13]
v25[14]
v25[15]
v25[16]
v25[17]
v25[18]
v25[19]
v25[1]
v25[20]
v25[21]
v25[22]
v25[23]
v25[2]
v25[3]
v25[4]
v25[5]
v25[6]
v25[7]
v25[8]
v25[9]
v26[0]
v26[10]
v26[11]
v26[12]
v26[13]
v26[14]
v26[15]
v26[16]
v26[17]
v26[18]
v26[19]
v26[1]
v26[20]
v26[21]
v26[22]
v26[23]
v26[2]
v26[3]
v26[4]
v26[5]
v26[6]
v26[7]
v26[8]
v26[9]
v27[0]
v27[10]
v27[11]
v27[12]
v27[13]
v27[14]
v27[15]
v27[16]
v27[17]
v27[18]
v27[19]
v27[1]
v27[20]
v27[21]
v27[22]
v27[23]
v27[2]
v27[3]
v27[4]
v27[5]
v27[6]
v27[7]
v27[8]
v27[9]
v28[0]
v28[10]
v28[11]
v28[12]
v28[13]
v28[14]
v28[15]
v28[16]
v28[17]
v28[18]
v28[19]
v28[1]
v28[20]
v28[21]
v28[22]
v28[23]
v28[2]
v28[3]
v28[4]
v28[5]
v28[6]
v28[7]
v28[8]
v28[9]
v29[0]
v29[10]
v29[11]
v29[12]
v29[13]
v29[14]
v29[15]
v29[16]
v29[17]
v29[18]
v29[19]
v29[1]
v29[20]
v29[21]
v29[22]
v29[23]
v29[2]
v29[3]
v29[4]
v29[5]
v29[6]
v29[7]
v29[8]
v29[9]
v2[0]
v2[10]
v2[11]
v2[12]
v2[13]
v2[14]
v2[15]
v2[16]
v2[17]
v2[18]
v2[19]
v2[1]
v2[20]
v2[21]
v2[22]
v2[23]
v2[2]
v2[3]
v2[4]
v2[5]
v2[6]
v2[7]
v2[8]
v2[9]
v30[0]
v30[10]
v30[11]
v30[12]
v30[13]
v30[14]
v30[15]
v30[16]
v30[17]
v30[18]
v30[19]
v30[1]
v30[20]
v30[21]
v30[22]
v30[23]
v30[2]
v30[3]
v30[4]
v30[5]
v30[6]
v30[7]
v30[8]
v30[9]
v31[0]
v31[10]
v31[11]
v31[12]
v31[13]
v31[14]
v31[15]
v31[16]
v31[17]
v31[18]
v31[19]
v31[1]
v31[20]
v31[21]
v31[22]
v31[23]
v31[2]
v31[3]
v31[4]
v31[5]
v31[6]
v31[7]
v31[8]
v31[9]
v32[0]
v32[10]
v32[11]
v32[12]
v32[13]
v32[14]
v32[15]
v32[16]
v32[17]
v32[18]
v32[19]
v32[1]
v32[20]
v32[21]
v32[22]
v32[23]
v32[2]
v32[3]
v32[4]
v32[5]
v32[6]
v32[7]
v32[8]
v32[9]
v33[0]
v33[10]
v33[11]
v33[12]
v33[13]
v33[14]
v33[15]
v33[16]
v33[17]
v33[18]
v33[19]
v33[1]
v33[20]
v33[21]
v33[22]
v33[23]
v33[2]
v33[3]
v33[4]
v33[5]
v33[6]
v33[7]
v33[8]
v33[9]
v34[0]
v34[10]
v34[11]
v34[12]
v34[13]
v34[14]
v34[15]
v34[16]
v34[17]
v34[18]
v34[19]
v34[1]
v34[20]
v34[21]
v34[22]
v34[23]
v34[2]
v34[3]
v34[4]
v34[5]
v34[6]
v34[7]
v34[8]
v34[9]
v35[0]
v35[10]
v35[11]
v35[12]
v35[13]
v35[14]
v35[15]
v35[16]
v35[17]
v35[18]
v35[19]
v35[1]
v35[20]
v35[21]
v35[22]
v35[23]
v35[2]
v35[3]
v35[4]
v35[5]
v35[6]
v35[7]
v35[8]
v35[9]
v36[0]
v36[10]
v36[11]
v36[12]
v36[13]
v36[14]
v36[15]
v36[16]
v36[17]
v36[18]
v36[19]
v36[1]
v36[20]
v36[21]
v36[22]
v36[23]
v36[2]
v36[3]
v36[4]
v36[5]
v36[6]
v36[7]
v36[8]
v36[9]
v37[0]
v37[10]
v37[11]
v37[12]
v37[13]
v37[14]
v37[15]
v37[16]
v37[17]
v37[18]
v37[19]
v37[1]
v37[20]
v37[21]
v37[22]
v37[23]
v37[2]
v37[3]
v37[4]
v37[5]
v37[6]
v37[7]
v37[8]
v37[9]
v38[0]
v38[10]
v38[11]
v38[12]
v38[13]
v38[14]
v38[15]
v38[16]
v38[17]
v38[18]
v38[19]
v38[1]
v38[20]
v38[21]
v38[22]
v38[23]
v38[2]
v38[3]
v38[4]
v38[5]
v38[6]
v38[7]
v38[8]
v38[9]
v39[0]
v39[10]
v39[11]
v39[12]
v39[13]
v39[14]
v39[15]
v39[16]
v39[17]
v39[18]
v39[19]
v39[1]
v39[20]
v39[21]
v39[22]
v39[23]
v39[2]
v39[3]
v39[4]
v39[5]
v39[6]
v39[7]
v39[8]
v39[9]
v3[0]
v3[10]
v3[11]
v3[12]
v3[13]
v3[14]
v3[15]
v3[16]
v3[17]
v3[18]
v3[19]
v3[1]
v3[20]
v3[21]
v3[22]
v3[23]
v3[2]
v3[3]
v3[4]
v3[5]
v3[6]
v3[7]
v3[8]
v3[9]
v40[0]
v40[10]
v40[11]
v40[12]
v40[13]
v40[14]
v40[15]
v40[16]
v40[17]
v40[18]
v40[19]
v40[1]
v40[20]
v40[21]
v40[22]
v40[23]
v40[2]
v40[3]
v40[4]
v40[5]
v40[6]
v40[7]
v40[8]
v40[9]
v41[0]
v41[10]
v41[11]
v41[12]
v41[13]
v41[14]
v41[15]
v41[16]
v41[17]
v41[18]
v41[19]
v41[1]
v41[20]
v41[21]
v41[22]
v41[23]
v41[2]
v41[3]
v41[4]
v41[5]
v41[6]
v41[7]
v41[8]
v41[9]
v42[0]
v42[10]
v42[11]
v42[12]
v42[13]
v42[14]
v42[15]
v42[16]
v42[17]
v42[18]
v42[19]
v42[1]
v42[20]
v42[21]
v42[22]
v42[23]
v42[2]
v42[3]
v42[4]
v42[5]
v42[6]
v42[7]
v42[8]
v42[9]
v43[0]
v43[10]
v43[11]
v43[12]
v43[13]
v43[14]
v43[15]
v43[16]
v43[17]
v43[18]
v43[19]
v43[1]
v43[20]
v43[21]
v43[22]
v43[23]
v43[2]
v43[3]
v43[4]
v43[5]
v43[6]
v43[7]
v43[8]
v43[9]
v44[0]
v44[10]
v44[11]
v44[12]
v44[13]
v44[14]
v44[15]
v44[16]
v44[17]
v44[18]
v44[19]
v44[1]
v44[20]
v44[21]
v44[22]
v44[23]
v44[2]
v44[3]
v44[4]
v44[5]
v44[6]
v44[7]
v44[8]
v44[9]
v45[0]
v45[10]
v45[11]
v45[12]
v45[13]
v45[14]
v45[15]
v45[16]
v45[17]
v45[18]
v45[19]
v45[1]
v45[20]
v45[21]
v45[22]
v45[23]
v45[2]
v45[3]
v45[4]
v45[5]
v45[6]
v45[7]
v45[8]
v45[9]
v46[0]
v46[10]
v46[11]
v46[12]
v46[13]
v46[14]
v46[15]
v46[16]
v46[17]
v46[18]
v46[19]
v46[1]
v46[20]
v46[21]
v46[22]
v46[23]
v46[2]
v46[3]
v46[4]
v46[5]
v46[6]
v46[7]
v46[8]
v46[9]
v47[0]
v47[10]
v47[11]
v47[12]
v47[13]
v47[14]
v47[15]
v47[16]
v47[17]
v47[18]
v47[19]
v47[1]
v47[20]
v47[21]
v47[22]
v47[23]
v47[2]
v47[3]
v47[4]
v47[5]
v47[6]
v47[7]
v47[8]
v47[9]
v48[0]
v48[10]
v48[11]
v48[12]
v48[13]
v48[14]
v48[15]
v48[16]
v48[17]
v48[18]
v48[19]
v48[1]
v48[20]
v48[21]
v48[22]
v48[23]
v48[2]
v48[3]
v48[4]
v48[5]
v48[6]
v48[7]
v48[8]
v48[9]
v49[0]
v49[10]
v49[11]
v49[12]
v49[13]
v49[14]
v49[15]
v49[16]
v49[17]
v49[18]
v49[19]
v49[1]
v49[20]
v49[21]
v49[22]
v49[23]
v49[2]
v49[3]
v49[4]
v49[5]
v49[6]
v49[7]
v49[8]
v49[9]
v4[0]
v4[10]
v4[11]
v4[12]
v4[13]
v4[14]
v4[15]
v4[16]
v4[17]
v4[18]
v4[19]
v4[1]
v4[20]
v4[21]
v4[22]
v4[23]
v4[2]
v4[3]
v4[4]
v4[5]
v4[6]
v4[7]
v4[8]
v4[9]
v50[0]
v50[10]
v50[11]
v50[12]
v50[13]
v50[14]
v50[15]
v50[16]
v50[17]
v50[18]
v50[19]
v50[1]
v50[20]
v50[21]
v50[22]
v50[23]
v50[2]
v50[3]
v50[4]
v50[5]
v50[6]
v50[7]
v50[8]
v50[9]
v51[0]
v51[10]
v51[11]
v51[12]
v51[13]
v51[14]
v51[15]
v51[16]
v51[17]
v51[18]
v51[19]
v51[1]
v51[20]
v51[21]
v51[22]
v51[23]
v51[2]
v51[3]
v51[4]
v51[5]
v51[6]
v51[7]
v51[8]
v51[9]
v52[0]
v52[10]
v52[11]
v52[12]
v52[13]
v52[14]
v52[15]
v52[16]
v52[17]
v52[18]
v52[19]
v52[1]
v52[20]
v52[21]
v52[22]
v52[23]
v52[2]
v52[3]
v52[4]
v52[5]
v52[6]
v52[7]
v52[8]
v52[9]
v53[0]
v53[10]
v53[11]
v53[12]
v53[13]
v53[14]
v53[15]
v53[16]
v53[17]
v53[18]
v53[19]
v53[1]
v53[20]
v53[21]
v53[22]
v53[23]
v53[2]
v53[3]
v53[4]
v53[5]
v53[6]
v53[7]
v53[8]
v53[9]
v54[0]
v54[10]
v54[11]
v54[12]
v54[13]
v54[14]
v54[15]
v54[16]
v54[17]
v54[18]
v54[19]
v54[1]
v54[20]
v54[21]
v54[22]
v54[23]
v54[2]
v54[3]
v54[4]
v54[5]
v54[6]
v54[7]
v54[8]
v54[9]
v55[0]
v55[10]
v55[11]
v55[12]
v55[13]
v55[14]
v55[15]
v55[16]
v55[17]
v55[18]
v55[19]
v55[1]
v55[20]
v55[21]
v55[22]
v55[23]
v55[2]
v55[3]
v55[4]
v55[5]
v55[6]
v55[7]
v55[8]
v55[9]
v56[0]
v56[10]
v56[11]
v56[12]
v56[13]
v56[14]
v56[15]
v56[16]
v56[17]
v56[18]
v56[19]
v56[1]
v56[20]
v56[21]
v56[22]
v56[23]
v56[2]
v56[3]
v56[4]
v56[5]
v56[6]
v56[7]
v56[8]
v56[9]
v57[0]
v57[10]
v57[11]
v57[12]
v57[13]
v57[14]
v57[15]
v57[16]
v57[17]
v57[18]
v57[19]
v57[1]
v57[20]
v57[21]
v57[22]
v57[23]
v57[2]
v57[3]
v57[4]
v57[5]
v57[6]
v57[7]
v57[8]
v57[9]
v58[0]
v58[10]
v58[11]
v58[12]
v58[13]
v58[14]
v58[15]
v58[16]
v58[17]
v58[18]
v58[19]
v58[1]
v58[20]
v58[21]
v58[22]
v58[23]
v58[2]
v58[3]
v58[4]
v58[5]
v58[6]
v58[7]
v58[8]
v58[9]
v59[0]
v59[10]
v59[11]
v59[12]
v59[13]
v59[14]
v59[15]
v59[16]
v59[17]
v59[18]
v59[19]
v59[1]
v59[20]
v59[21]
v59[22]
v59[23]
v59[2]
v59[3]
v59[4]
v59[5]
v59[6]
v59[7]
v59[8]
v59[9]
v5[0]
v5[10]
v5[11]
v5[12]
v5[13]
v5[14]
v5[15]
v5[16]
v5[17]
v5[18]
v5[19]
v5[1]
v5[20]
v5[21]
v5[22]
v5[23]
v5[2]
v5[3]
v5[4]
v5[5]
v5[6]
v5[7]
v5[8]
v5[9]
v60[0]
v60[10]
v60[11]
v60[12]
v60[13]
v60[14]
v60[15]
v60[16]
v60[17]
v60[18]
v60[19]
v60[1]
v60[20]
v60[21]
v60[22]
v60[23]
v60[2]
v60[3]
v60[4]
v60[5]
v60[6]
v60[7]
v60[8]
v60[9]
v61[0]
v61[10]
v61[11]
v61[12]
v61[13]
v61[14]
v61[15]
v61[16]
v61[17]
v61[18]
v61[19]
v61[1]
v61[20]
v61[21]
v61[22]
v61[23]
v61[2]
v61[3]
v61[4]
v61[5]
v61[6]
v61[7]
v61[8]
v61[9]
v62[0]
v62[10]
v62[11]
v62[12]
v62[13]
v62[14]
v62[15]
v62[16]
v62[17]
v62[18]
v62[19]
v62[1]
v62[20]
v62[21]
v62[22]
v62[23]
v62[2]
v62[3]
v62[4]
v62[5]
v62[6]
v62[7]
v62[8]
v62[9]
v63[0]
v63[10]
v63[11]
v63[12]
v63[13]
v63[14]
v63[15]
v63[16]
v63[17]
v63[18]
v63[19]
v63[1]
v63[20]
v63[21]
v63[22]
v63[23]
v63[2]
v63[3]
v63[4]
v63[5]
v63[6]
v63[7]
v63[8]
v63[9]
v64[0]
v64[10]
v64[11]
v64[12]
v64[13]
v64[14]
v64[15]
v64[16]
v64[17]
v64[18]
v64[19]
v64[1]
v64[20]
v64[21]
v64[22]
v64[23]
v64[2]
v64[3]
v64[4]
v64[5]
v64[6]
v64[7]
v64[8]
v64[9]
v65[0]
v65[10]
v65[11]
v65[12]
v65[13]
v65[14]
v65[15]
v65[16]
v65[17]
v65[18]
v65[19]
v65[1]
v65[20]
v65[21]
v65[22]
v65[23]
v65[2]
v65[3]
v65[4]
v65[5]
v65[6]
v65[7]
v65[8]
v65[9]
v66[0]
v66[10]
v66[11]
v66[12]
v66[13]
v66[14]
v66[15]
v66[16]
v66[17]
v66[18]
v66[19]
v66[1]
v66[20]
v66[21]
v66[22]
v66[23]
v66[2]
v66[3]
v66[4]
v66[5]
v66[6]
v66[7]
v66[8]
v66[9]
v67[0]
v67[10]
v67[11]
v67[12]
v67[13]
v67[14]
v67[15]
v67[16]
v67[17]
v67[18]
v67[19]
v67[1]
v67[20]
v67[21]
v67[22]
v67[23]
v67[2]
v67[3]
v67[4]
v67[5]
v67[6]
v67[7]
v67[8]
v67[9]
v68[0]
v68[10]
v68[11]
v68[12]
v68[13]
v68[14]
v68[15]
v68[16]
v68[17]
v68[18]
v68[19]
v68[1]
v68[20]
v68[21]
v68[22]
v68[23]
v68[2]
v68[3]
v68[4]
v68[5]
v68[6]
v68[7]
v68[8]
v68[9]
v69[0]
v69[10]
v69[11]
v69[12]
v69[13]
v69[14]
v69[15]
v69[16]
v69[17]
v69[18]
v69[19]
v69[1]
v69[20]
v69[21]
v69[22]
v69[23]
v69[2]
v69[3]
v69[4]
v69[5]
v69[6]
v69[7]
v69[8]
v69[9]
v6[0]
v6[10]
v6[11]
v6[12]
v6[13]
v6[14]
v6[15]
v6[16]
v6[17]
v6[18]
v6[19]
v6[1]
v6[20]
v6[21]
v6[22]
v6[23]
v6[2]
v6[3]
v6[4]
v6[5]
v6[6]
v6[7]
v6[8]
v6[9]
v70[0]
v70[10]
v70[11]
v70[12]
v70[13]
v70[14]
v70[15]
v70[16]
v70[17]
v70[18]
v70[19]
v70[1]
v70[20]
v70[21]
v70[22]
v70[23]
v70[2]
v70[3]
v70[4]
v70[5]
v70[6]
v70[7]
v70[8]
v70[9]
v71[0]
v71[10]
v71[11]
v71[12]
v71[13]
v71[14]
v71[15]
v71[16]
v71[17]
v71[18]
v71[19]
v71[1]
v71[20]
v71[21]
v71[22]
v71[23]
v71[2]
v71[3]
v71[4]
v71[5]
v71[6]
v71[7]
v71[8]
v71[9]
v72[0]
v72[10]
v72[11]
v72[12]
v72[13]
v72[14]
v72[15]
v72[16]
v72[17]
v72[18]
v72[19]
v72[1]
v72[20]
v72[21]
v72[22]
v72[23]
v72[2]
v72[3]
v72[4]
v72[5]
v72[6]
v72[7]
v72[8]
v72[9]
v73[0]
v73[10]
v73[11]
v73[12]
v73[13]
v73[14]
v73[15]
v73[16]
v73[17]
v73[18]
v73[19]
v73[1]
v73[20]
v73[21]
v73[22]
v73[23]
v73[2]
v73[3]
v73[4]
v73[5]
v73[6]
v73[7]
v73[8]
v73[9]
v74[0]
v74[10]
v74[11]
v74[12]
v74[13]
v74[14]
v74[15]
v74[16]
v74[17]
v74[18]
v74[19]
v74[1]
v74[20]
v74[21]
v74[22]
v74[23]
v74[2]
v74[3]
v74[4]
v74[5]
v74[6]
v74[7]
v74[8]
v74[9]
v75[0]
v75[10]
v75[11]
v75[12]
v75[13]
v75[14]
v75[15]
v75[16]
v75[17]
v75[18]
v75[19]
v75[1]
v75[20]
v75[21]
v75[22]
v75[23]
v75[2]
v75[3]
v75[4]
v75[5]
v75[6]
v75[7]
v75[8]
v75[9]
v76[0]
v76[10]
v76[11]
v76[12]
v76[13]
v76[14]
v76[15]
v76[16]
v76[17]
v76[18]
v76[19]
v76[1]
v76[20]
v76[21]
v76[22]
v76[23]
v76[2]
v76[3]
v76[4]
v76[5]
v76[6]
v76[7]
v76[8]
v76[9]
v77[0]
v77[10]
v77[11]
v77[12]
v77[13]
v77[14]
v77[15]
v77[16]
v77[17]
v77[18]
v77[19]
v77[1]
v77[20]
v77[21]
v77[22]
v77[23]
v77[2]
v77[3]
v77[4]
v77[5]
v77[6]
v77[7]
v77[8]
v77[9]
v78[0]
v78[10]
v78[11]
v78[12]
v78[13]
v78[14]
v78[15]
v78[16]
v78[17]
v78[18]
v78[19]
v78[1]
v78[20]
v78[21]
v78[22]
v78[23]
v78[2]
v78[3]
v78[4]
v78[5]
v78[6]
v78[7]
v78[8]
v78[9]
v79[0]
v79[10]
v79[11]
v79[12]
v79[13]
v79[14]
v79[15]
v79[16]
v79[17]
v79[18]
v79[19]
v79[1]
v79[20]
v79[21]
v79[22]
v79[23]
v79[2]
v79[3]
v79[4]
v79[5]
v79[6]
v79[7]
v79[8]
v79[9]
v7[0]
v7[10]
v7[11]
v7[12]
v7[13]
v7[14]
v7[15]
v7[16]
v7[17]
v7[18]
v7[19]
v7[1]
v7[20]
v7[21]
v7[22]
v7[23]
v7[2]
v7[3]
v7[4]
v7[5]
v7[6]
v7[7]
v7[8]
v7[9]
v80[0]
v80[10]
v80[11]
v80[12]
v80[13]
v80[14]
v80[15]
v80[16]
v80[17]
v80[18]
v80[19]
v80[1]
v80[20]
v80[21]
v80[22]
v80[23]
v80[2]
v80[3]
v80[4]
v80[5]
v80[6]
v80[7]
v80[8]
v80[9]
v81[0]
v81[10]
v81[11]
v81[12]
v81[13]
v81[14]
v81[15]
v81[16]
v81[17]
v81[18]
v81[19]
v81[1]
v81[20]
v81[21]
v81[22]
v81[23]
v81[2]
v81[3]
v81[4]
v81[5]
v81[6]
v81[7]
v81[8]
v81[9]
v82[0]
v82[10]
v82[11]
v82[12]
v82[13]
v82[14]
v82[15]
v82[16]
v82[17]
v82[18]
v82[19]
v82[1]
v82[20]
v82[21]
v82[22]
v82[23]
v82[2]
v82[3]
v82[4]
v82[5]
v82[6]
v82[7]
v82[8]
v82[9]
v83[0]
v83[10]
v83[11]
v83[12]
v83[13]
v83[14]
v83[15]
v83[16]
v83[17]
v83[18]
v83[19]
v83[1]
v83[20]
v83[21]
v83[22]
v83[23]
v83[2]
v83[3]
v83[4]
v83[5]
v83[6]
v83[7]
v83[8]
v83[9]
v84[0]
v84[10]
v84[11]
v84[12]
v84[13]
v84[14]
v84[15]
v84[16]
v84[17]
v84[18]
v84[19]
v84[1]
v84[20]
v84[21]
v84[22]
v84[23]
v84[2]
v84[3]
v84[4]
v84[5]
v84[6]
v84[7]
v84[8]
v84[9]
v85[0]
v85[10]
v85[11]
v85[12]
v85[13]
v85[14]
v85[15]
v85[16]
v85[17]
v85[18]
v85[19]
v85[1]
v85[20]
v85[21]
v85[22]
v85[23]
v85[2]
v85[3]
v85[4]
v85[5]
v85[6]
v85[7]
v85[8]
v85[9]
v86[0]
v86[10]
v86[11]
v86[12]
v86[13]
v86[14]
v86[15]
v86[16]
v86[17]
v86[18]
v86[19]
v86[1]
v86[20]
v86[21]
v86[22]
v86[23]
v86[2]
v86[3]
v86[4]
v86[5]
v86[6]
v86[7]
v86[8]
v86[9]
v87[0]
v87[10]
v87[11]
v87[12]
v87[13]
v87[14]
v87[15]
v87[16]
v87[17]
v87[18]
v87[19]
v87[1]
v87[20]
v87[21]
v87[22]
v87[23]
v87[2]
v87[3]
v87[4]
v87[5]
v87[6]
v87[7]
v87[8]
v87[9]
v88[0]
v88[10]
v88[11]
v88[12]
v88[13]
v88[14]
v88[15]
v88[16]
v88[17]
v88[18]
v88[19]
v88[1]
v88[20]
v88[21]
v88[22]
v88[23]
v88[2]
v88[3]
v88[4]
v88[5]
v88[6]
v88[7]
v88[8]
v88[9]
v89[0]
v89[10]
v89[11]
v89[12]
v89[13]
v89[14]
v89[15]
v89[16]
v89[17]
v89[18]
v89[19]
v89[1]
v89[20]
v89[21]
v89[22]
v89[23]
v89[2]
v89[3]
v89[4]
v89[5]
v89[6]
v89[7]
v89[8]
v89[9]
v8[0]
v8[10]
v8[11]
v8[12]
v8[13]
v8[14]
v8[15]
v8[16]
v8[17]
v8[18]
v8[19]
v8[1]
v8[20]
v8[21]
v8[22]
v8[23]
v8[2]
v8[3]
v8[4]
v8[5]
v8[6]
v8[7]
v8[8]
v8[9]
v90[0]
v90[10]
v90[11]
v90[12]
v90[13]
v90[14]
v90[15]
v90[16]
v90[17]
v90[18]
v90[19]
v90[1]
v90[20]
v90[21]
v90[22]
v90[23]
v90[2]
v90[3]
v90[4]
v90[5]
v90[6]
v90[7]
v90[8]
v90[9]
v91[0]
v91[10]
v91[11]
v91[12]
v91[13]
v91[14]
v91[15]
v91[16]
v91[17]
v91[18]
v91[19]
v91[1]
v91[20]
v91[21]
v91[22]
v91[23]
v91[2]
v91[3]
v91[4]
v91[5]
v91[6]
v91[7]
v91[8]
v91[9]
v92[0]
v92[10]
v92[11]
v92[12]
v92[13]
v92[14]
v92[15]
v92[16]
v92[17]
v92[18]
v92[19]
v92[1]
v92[20]
v92[21]
v92[22]
v92[23]
v92[2]
v92[3]
v92[4]
v92[5]
v92[6]
v92[7]
v92[8]
v92[9]
v93[0]
v93[10]
v93[11]
v93[12]
v93[13]
v93[14]
v93[15]
v93[16]
v93[17]
v93[18]
v93[19]
v93[1]
v93[20]
v93[21]
v93[22]
v93[23]
v93[2]
v93[3]
v93[4]
v93[5]
v93[6]
v93[7]
v93[8]
v93[9]
v94[0]
v94[10]
v94[11]
v94[12]
v94[13]
v94[14]
v94[15]
v94[16]
v94[17]
v94[18]
v94[19]
v94[1]
v94[20]
v94[21]
v94[22]
v94[23]
v94[2]
v94[3]
v94[4]
v94[5]
v94[6]
v94[7]
v94[8]
v94[9]
v95[0]
v95[10]
v95[11]
v95[12]
v95[13]
v95[14]
v95[15]
v95[16]
v95[17]
v95[18]
v95[19]
v95[1]
v95[20]
v95[21]
v95[22]
v95[23]
v95[2]
v95[3]
v95[4]
v95[5]
v95[6]
v95[7]
v95[8]
v95[9]
v96[0]
v96[10]
v96[11]
v96[12]
v96[13]
v96[14]
v96[15]
v96[16]
v96[17]
v96[18]
v96[19]
v96[1]
v96[20]
v96[21]
v96[22]
v96[23]
v96[2]
v96[3]
v96[4]
v96[5]
v96[6]
v96[7]
v96[8]
v96[9]
v97[0]
v97[10]
v97[11]
v97[12]
v97[13]
v97[14]
v97[15]
v97[16]
v97[17]
v97[18]
v97[19]
v97[1]
v97[20]
v97[21]
v97[22]
v97[23]
v97[2]
v97[3]
v97[4]
v97[5]
v97[6]
v97[7]
v97[8]
v97[9]
v98[0]
v98[10]
v98[11]
v98[12]
v98[13]
v98[14]
v98[15]
v98[16]
v98[17]
v98[18]
v98[19]
v98[1]
v98[20]
v98[21]
v98[22]
v98[23]
v98[2]
v98[3]
v98[4]
v98[5]
v98[6]
v98[7]
v98[8]
v98[9]
v99[0]
v99[10]
v99[11]
v99[12]
v99[13]
v99[14]
v99[15]
v99[16]
v99[17]
v99[18]
v99[19]
v99[1]
v99[20]
v99[21]
v99[22]
v99[23]
v99[2]
v99[3]
v99[4]
v99[5]
v99[6]
v99[7]
v99[8]
v99[9]
v9[0]
v9[10]
v9[11]
v9[12]
v9[13]
v9[14]
v9[15]
v9[16]
v9[17]
v9[18]
v9[19]
v9[1]
v9[20]
v9[21]
v9[22]
v9[23]
v9[2]
v9[3]
v9[4]
v9[5]
v9[6]
v9[7]
v9[8]
v9[9]


6. checking no_output_delay (24)
--------------------------------
 There are 0 ports with no output delay specified.

 There are 24 ports with no output delay but user has a false path constraint (MEDIUM)

out[0]
out[10]
out[11]
out[12]
out[13]
out[14]
out[15]
out[16]
out[17]
out[18]
out[19]
out[1]
out[20]
out[21]
out[22]
out[23]
out[2]
out[3]
out[4]
out[5]
out[6]
out[7]
out[8]
out[9]

 There are 0 ports with no output delay but with a timing clock defined on it or propagating through it


7. checking multiple_clock (0)
------------------------------
 There are 0 register/latch pins with multiple clocks.


8. checking generated_clocks (0)
--------------------------------
 There are 0 generated clocks that are not connected to a clock source.


9. checking loops (0)
---------------------
 There are 0 combinational loops in the design.


10. checking partial_input_delay (0)
------------------------------------
 There are 0 input ports with partial input delay specified.


11. checking partial_output_delay (0)
-------------------------------------
 There are 0 ports with partial output delay specified.


12. checking latch_loops (0)
----------------------------
 There are 0 combinational latch loops in the design through latch input
