Copyright 1986-2022 Xilinx, Inc. All Rights Reserved. Copyright 2022-2024 Advanced Micro Devices, Inc. All Rights Reserved.
----------------------------------------------------------------------------------------------------------------------------------------------------------------------------------------
| Tool Version : Vivado v.2024.2 (lin64) Build 5239630 Fri Nov 08 22:34:34 MST 2024
| Date         : Sun Sep 27 00:58:41 2026
| Host         : ip-172-31-24-238 running 64-bit Ubuntu 22.04.5 LTS
| Command      : report_timing -delay_type max -max_paths 20 -path_type full_clock_expanded -file /home/ubuntu/timing-followup-20260926/selector-edges/sel_d8_w24_n127/vivado/paths.rpt
| Design       : probe_top
| Device       : 7z030-sbg485
| Speed File   : -1  PRODUCTION 1.12 2019-11-22
| Design State : Routed
----------------------------------------------------------------------------------------------------------------------------------------------------------------------------------------

Timing Report

Slack (VIOLATED) :        -18.153ns  (required time - arrival time)
  Source:                 launch_index_2/C
                            (rising edge-triggered cell FDRE clocked by clock  {rise@0.000ns fall@2.500ns period=5.000ns})
  Destination:            capture_12/D
                            (rising edge-triggered cell FDRE clocked by clock  {rise@0.000ns fall@2.500ns period=5.000ns})
  Path Group:             clock
  Path Type:              Setup (Max at Slow Process Corner)
  Requirement:            5.000ns  (clock rise@5.000ns - clock rise@0.000ns)
  Data Path Delay:        23.124ns  (logic 9.569ns (41.381%)  route 13.555ns (58.619%))
  Logic Levels:           39  (LUT2=2 LUT4=1 LUT6=3 MUXF8=33)
  Clock Path Skew:        -0.027ns (DCD - SCD + CPR)
    Destination Clock Delay (DCD):    1.542ns = ( 6.542 - 5.000 )
    Source Clock Delay      (SCD):    1.654ns
    Clock Pessimism Removal (CPR):    0.085ns
  Clock Uncertainty:      0.035ns  ((TSJ^2 + TIJ^2)^1/2 + DJ) / 2 + PE
    Total System Jitter     (TSJ):    0.071ns
    Total Input Jitter      (TIJ):    0.000ns
    Discrete Jitter          (DJ):    0.000ns
    Phase Error              (PE):    0.000ns

    Location             Delay type                Incr(ns)  Path(ns)    Netlist Resource(s)
  -------------------------------------------------------------------    -------------------
                         (clock clock rise edge)      0.000     0.000 r
                                                      0.000     0.000 r  clock (IN)
                         net (fo=3103, unset)         1.654     1.654    clock
    SLICE_X27Y47         FDRE                                         r  launch_index_2/C
  -------------------------------------------------------------------    -------------------
    SLICE_X27Y47         FDRE (Prop_fdre_C_Q)         0.269     1.923 r  launch_index_2/Q
                         net (fo=10, routed)          0.385     2.308    dut.index[2]
    SLICE_X24Y48         LUT2 (Prop_lut2_I1_O)        0.053     2.361 r  $abc$65385$lut$aiger65384$12395/O
                         net (fo=5, routed)           0.358     2.719    $techmap65398$abc$65385$lut$aiger65384$12408.A[0]
    SLICE_X24Y48         LUT2 (Prop_lut2_I0_O)        0.053     2.772 r  $abc$65385$lut$aiger65384$12408/O
                         net (fo=28, routed)          0.632     3.405    $techmap66138$abc$65385$lut$aiger65384$20068.A[2]
    SLICE_X27Y46         LUT6 (Prop_lut6_I5_O)        0.053     3.458 f  $abc$65385$lut$aiger65384$17304/O
                         net (fo=1, routed)           0.249     3.707    $techmap65847$abc$65385$lut$aiger65384$17313.A[5]
    SLICE_X26Y44         LUT6 (Prop_lut6_I5_O)        0.053     3.760 f  $abc$65385$lut$aiger65384$17313/O
                         net (fo=1, routed)           0.387     4.146    $techmap65848$abc$65385$lut$aiger65384$17317.A[3]
    SLICE_X24Y44         LUT4 (Prop_lut4_I3_O)        0.053     4.199 r  $abc$65385$lut$aiger65384$17317/O
                         net (fo=1, routed)           0.247     4.446    $abc$65385$lut$aiger65384$17333.A[7]
    SLICE_X24Y45         MUXF8 (Prop_muxf8_S_O)       0.167     4.613 r  $abc$65385$lut$aiger65384$17333.genblk1.genblk1.genblk1.genblk1.genblk1.genblk1.genblk1.genblk1.genblk1.genblk1.mux8/O
                         net (fo=1, routed)           0.520     5.133    $abc$65385$lut$aiger65384$17344.A[7]
    SLICE_X23Y45         MUXF8 (Prop_muxf8_S_O)       0.267     5.400 r  $abc$65385$lut$aiger65384$17344.genblk1.genblk1.genblk1.genblk1.genblk1.genblk1.genblk1.genblk1.genblk1.genblk1.mux8/O
                         net (fo=1, routed)           0.247     5.647    $abc$65385$lut$aiger65384$17354.A[7]
    SLICE_X22Y45         MUXF8 (Prop_muxf8_S_O)       0.273     5.920 r  $abc$65385$lut$aiger65384$17354.genblk1.genblk1.genblk1.genblk1.genblk1.genblk1.genblk1.genblk1.genblk1.genblk1.mux8/O
                         net (fo=1, routed)           0.461     6.381    $abc$65385$lut$aiger65384$17365.A[7]
    SLICE_X20Y45         MUXF8 (Prop_muxf8_S_O)       0.276     6.657 r  $abc$65385$lut$aiger65384$17365.genblk1.genblk1.genblk1.genblk1.genblk1.genblk1.genblk1.genblk1.genblk1.genblk1.mux8/O
                         net (fo=1, routed)           0.350     7.007    $abc$65385$lut$aiger65384$17375.A[7]
    SLICE_X18Y45         MUXF8 (Prop_muxf8_S_O)       0.276     7.283 r  $abc$65385$lut$aiger65384$17375.genblk1.genblk1.genblk1.genblk1.genblk1.genblk1.genblk1.genblk1.genblk1.genblk1.mux8/O
                         net (fo=1, routed)           0.287     7.570    $abc$65385$lut$aiger65384$17386.A[7]
    SLICE_X18Y46         MUXF8 (Prop_muxf8_S_O)       0.276     7.846 r  $abc$65385$lut$aiger65384$17386.genblk1.genblk1.genblk1.genblk1.genblk1.genblk1.genblk1.genblk1.genblk1.genblk1.mux8/O
                         net (fo=1, routed)           0.287     8.133    $abc$65385$lut$aiger65384$17396.A[7]
    SLICE_X18Y47         MUXF8 (Prop_muxf8_S_O)       0.276     8.409 r  $abc$65385$lut$aiger65384$17396.genblk1.genblk1.genblk1.genblk1.genblk1.genblk1.genblk1.genblk1.genblk1.genblk1.mux8/O
                         net (fo=1, routed)           0.360     8.770    $abc$65385$lut$aiger65384$17407.A[7]
    SLICE_X14Y47         MUXF8 (Prop_muxf8_S_O)       0.276     9.046 r  $abc$65385$lut$aiger65384$17407.genblk1.genblk1.genblk1.genblk1.genblk1.genblk1.genblk1.genblk1.genblk1.genblk1.mux8/O
                         net (fo=1, routed)           0.287     9.333    $abc$65385$lut$aiger65384$17417.A[7]
    SLICE_X15Y47         MUXF8 (Prop_muxf8_S_O)       0.270     9.603 r  $abc$65385$lut$aiger65384$17417.genblk1.genblk1.genblk1.genblk1.genblk1.genblk1.genblk1.genblk1.genblk1.genblk1.mux8/O
                         net (fo=1, routed)           0.503    10.106    $abc$65385$lut$aiger65384$17428.A[7]
    SLICE_X15Y46         MUXF8 (Prop_muxf8_S_O)       0.267    10.373 r  $abc$65385$lut$aiger65384$17428.genblk1.genblk1.genblk1.genblk1.genblk1.genblk1.genblk1.genblk1.genblk1.genblk1.mux8/O
                         net (fo=1, routed)           0.247    10.620    $abc$65385$lut$aiger65384$17438.A[7]
    SLICE_X14Y46         MUXF8 (Prop_muxf8_S_O)       0.273    10.893 r  $abc$65385$lut$aiger65384$17438.genblk1.genblk1.genblk1.genblk1.genblk1.genblk1.genblk1.genblk1.genblk1.genblk1.mux8/O
                         net (fo=1, routed)           0.388    11.281    $abc$65385$lut$aiger65384$17449.A[7]
    SLICE_X14Y45         MUXF8 (Prop_muxf8_S_O)       0.276    11.557 r  $abc$65385$lut$aiger65384$17449.genblk1.genblk1.genblk1.genblk1.genblk1.genblk1.genblk1.genblk1.genblk1.genblk1.mux8/O
                         net (fo=1, routed)           0.287    11.844    $abc$65385$lut$aiger65384$17459.A[7]
    SLICE_X15Y45         MUXF8 (Prop_muxf8_S_O)       0.270    12.114 r  $abc$65385$lut$aiger65384$17459.genblk1.genblk1.genblk1.genblk1.genblk1.genblk1.genblk1.genblk1.genblk1.genblk1.mux8/O
                         net (fo=1, routed)           0.387    12.501    $abc$65385$lut$aiger65384$17470.A[7]
    SLICE_X14Y44         MUXF8 (Prop_muxf8_S_O)       0.273    12.774 r  $abc$65385$lut$aiger65384$17470.genblk1.genblk1.genblk1.genblk1.genblk1.genblk1.genblk1.genblk1.genblk1.genblk1.mux8/O
                         net (fo=1, routed)           0.450    13.224    $abc$65385$lut$aiger65384$17480.A[7]
    SLICE_X16Y44         MUXF8 (Prop_muxf8_S_O)       0.276    13.500 r  $abc$65385$lut$aiger65384$17480.genblk1.genblk1.genblk1.genblk1.genblk1.genblk1.genblk1.genblk1.genblk1.genblk1.mux8/O
                         net (fo=1, routed)           0.395    13.895    $abc$65385$lut$aiger65384$17491.A[7]
    SLICE_X15Y44         MUXF8 (Prop_muxf8_S_O)       0.270    14.165 r  $abc$65385$lut$aiger65384$17491.genblk1.genblk1.genblk1.genblk1.genblk1.genblk1.genblk1.genblk1.genblk1.genblk1.mux8/O
                         net (fo=1, routed)           0.387    14.552    $abc$65385$lut$aiger65384$17501.A[7]
    SLICE_X15Y43         MUXF8 (Prop_muxf8_S_O)       0.267    14.819 r  $abc$65385$lut$aiger65384$17501.genblk1.genblk1.genblk1.genblk1.genblk1.genblk1.genblk1.genblk1.genblk1.genblk1.mux8/O
                         net (fo=1, routed)           0.247    15.066    $abc$65385$lut$aiger65384$17512.A[7]
    SLICE_X14Y43         MUXF8 (Prop_muxf8_S_O)       0.273    15.339 r  $abc$65385$lut$aiger65384$17512.genblk1.genblk1.genblk1.genblk1.genblk1.genblk1.genblk1.genblk1.genblk1.genblk1.mux8/O
                         net (fo=1, routed)           0.345    15.684    $abc$65385$lut$aiger65384$17522.A[7]
    SLICE_X13Y44         MUXF8 (Prop_muxf8_S_O)       0.270    15.954 r  $abc$65385$lut$aiger65384$17522.genblk1.genblk1.genblk1.genblk1.genblk1.genblk1.genblk1.genblk1.genblk1.genblk1.mux8/O
                         net (fo=1, routed)           0.247    16.202    $abc$65385$lut$aiger65384$17533.A[7]
    SLICE_X12Y44         MUXF8 (Prop_muxf8_S_O)       0.273    16.475 r  $abc$65385$lut$aiger65384$17533.genblk1.genblk1.genblk1.genblk1.genblk1.genblk1.genblk1.genblk1.genblk1.genblk1.mux8/O
                         net (fo=1, routed)           0.287    16.762    $abc$65385$lut$aiger65384$17543.A[7]
    SLICE_X12Y45         MUXF8 (Prop_muxf8_S_O)       0.276    17.038 r  $abc$65385$lut$aiger65384$17543.genblk1.genblk1.genblk1.genblk1.genblk1.genblk1.genblk1.genblk1.genblk1.genblk1.mux8/O
                         net (fo=1, routed)           0.359    17.397    $abc$65385$lut$aiger65384$17554.A[7]
    SLICE_X12Y43         MUXF8 (Prop_muxf8_S_O)       0.276    17.673 r  $abc$65385$lut$aiger65384$17554.genblk1.genblk1.genblk1.genblk1.genblk1.genblk1.genblk1.genblk1.genblk1.genblk1.mux8/O
                         net (fo=1, routed)           0.287    17.960    $abc$65385$lut$aiger65384$17564.A[7]
    SLICE_X13Y43         MUXF8 (Prop_muxf8_S_O)       0.270    18.230 r  $abc$65385$lut$aiger65384$17564.genblk1.genblk1.genblk1.genblk1.genblk1.genblk1.genblk1.genblk1.genblk1.genblk1.mux8/O
                         net (fo=1, routed)           0.440    18.669    $abc$65385$lut$aiger65384$17575.A[7]
    SLICE_X13Y42         MUXF8 (Prop_muxf8_S_O)       0.267    18.936 r  $abc$65385$lut$aiger65384$17575.genblk1.genblk1.genblk1.genblk1.genblk1.genblk1.genblk1.genblk1.genblk1.genblk1.mux8/O
                         net (fo=1, routed)           0.286    19.223    $abc$65385$lut$aiger65384$17585.A[7]
    SLICE_X12Y42         MUXF8 (Prop_muxf8_S_O)       0.273    19.496 r  $abc$65385$lut$aiger65384$17585.genblk1.genblk1.genblk1.genblk1.genblk1.genblk1.genblk1.genblk1.genblk1.genblk1.mux8/O
                         net (fo=1, routed)           0.351    19.846    $abc$65385$lut$aiger65384$17596.A[7]
    SLICE_X11Y42         MUXF8 (Prop_muxf8_S_O)       0.270    20.116 r  $abc$65385$lut$aiger65384$17596.genblk1.genblk1.genblk1.genblk1.genblk1.genblk1.genblk1.genblk1.genblk1.genblk1.mux8/O
                         net (fo=1, routed)           0.244    20.361    $abc$65385$lut$aiger65384$17606.A[7]
    SLICE_X11Y43         MUXF8 (Prop_muxf8_S_O)       0.267    20.628 r  $abc$65385$lut$aiger65384$17606.genblk1.genblk1.genblk1.genblk1.genblk1.genblk1.genblk1.genblk1.genblk1.genblk1.mux8/O
                         net (fo=1, routed)           0.247    20.875    $abc$65385$lut$aiger65384$17617.A[7]
    SLICE_X10Y43         MUXF8 (Prop_muxf8_S_O)       0.273    21.148 r  $abc$65385$lut$aiger65384$17617.genblk1.genblk1.genblk1.genblk1.genblk1.genblk1.genblk1.genblk1.genblk1.genblk1.mux8/O
                         net (fo=1, routed)           0.348    21.496    $abc$65385$lut$aiger65384$17627.A[7]
    SLICE_X10Y42         MUXF8 (Prop_muxf8_S_O)       0.276    21.772 r  $abc$65385$lut$aiger65384$17627.genblk1.genblk1.genblk1.genblk1.genblk1.genblk1.genblk1.genblk1.genblk1.genblk1.mux8/O
                         net (fo=1, routed)           0.359    22.131    $abc$65385$lut$aiger65384$17638.A[7]
    SLICE_X10Y40         MUXF8 (Prop_muxf8_S_O)       0.276    22.407 r  $abc$65385$lut$aiger65384$17638.genblk1.genblk1.genblk1.genblk1.genblk1.genblk1.genblk1.genblk1.genblk1.genblk1.mux8/O
                         net (fo=1, routed)           0.287    22.694    $abc$65385$lut$aiger65384$17648.A[7]
    SLICE_X10Y41         MUXF8 (Prop_muxf8_S_O)       0.276    22.970 r  $abc$65385$lut$aiger65384$17648.genblk1.genblk1.genblk1.genblk1.genblk1.genblk1.genblk1.genblk1.genblk1.genblk1.mux8/O
                         net (fo=1, routed)           0.353    23.323    $abc$65385$lut$aiger65384$17659.A[7]
    SLICE_X9Y42          MUXF8 (Prop_muxf8_S_O)       0.270    23.593 r  $abc$65385$lut$aiger65384$17659.genblk1.genblk1.genblk1.genblk1.genblk1.genblk1.genblk1.genblk1.genblk1.genblk1.mux8/O
                         net (fo=1, routed)           0.513    24.106    $abc$65385$lut$aiger65384$17669.A[7]
    SLICE_X11Y37         MUXF8 (Prop_muxf8_S_O)       0.267    24.373 f  $abc$65385$lut$aiger65384$17669.genblk1.genblk1.genblk1.genblk1.genblk1.genblk1.genblk1.genblk1.genblk1.genblk1.mux8/O
                         net (fo=1, routed)           0.252    24.625    $techmap65987$abc$65385$lutvalue[12].A[5]
    SLICE_X9Y38          LUT6 (Prop_lut6_I5_O)        0.153    24.778 r  $abc$65385$lut\\value[12]/O
                         net (fo=1, routed)           0.000    24.778    dut.out[12]
    SLICE_X9Y38          FDRE                                         r  capture_12/D
  -------------------------------------------------------------------    -------------------

                         (clock clock rise edge)      5.000     5.000 r
                                                      0.000     5.000 r  clock (IN)
                         net (fo=3103, unset)         1.542     6.542    clock
    SLICE_X9Y38          FDRE                                         r  capture_12/C
                         clock pessimism              0.085     6.627
                         clock uncertainty           -0.035     6.592
    SLICE_X9Y38          FDRE (Setup_fdre_C_D)        0.034     6.626    capture_12
  -------------------------------------------------------------------
                         required time                          6.626
                         arrival time                         -24.778
  -------------------------------------------------------------------
                         slack                                -18.153
