Property                     Type    Read-only  Value
ARRIVAL_TIME                 double  true       24.778
CLASS                        string  true       timing_path
CLOCK_PESSIMISM              double  true       0.085
CORNER                       string  true       Slow
DATAPATH_DELAY               double  true       23.124
DATAPATH_LOGIC_DELAY         double  true       9.569
DATAPATH_NET_DELAY           double  true       13.555
DELAY_TYPE                   string  true       max
ENDPOINT_CLOCK               clock   true       clock
ENDPOINT_CLOCK_DELAY         double  true       1.542
ENDPOINT_CLOCK_EDGE          double  true       5.000
ENDPOINT_CLOCK_ROOT          string  true
ENDPOINT_PIN                 pin     true       capture_12/D
EXCEPTION                    string  true
EXCEPTION_ID                 int*    true
GROUP                        string  true       clock
INPUT_DELAY                  double  true
INTER_SLR_COMPENSATION       double  true
LOGIC_LEVELS                 int     true       39
MAX_FANOUT                   int     true       28
NAME                         string  true       {launch_index_2/C --> capture_12/D}
OUTPUT_DELAY                 double  true
REQUIRED_TIME                double  true       6.626
REQUIREMENT                  double  true       5.000
ROUTABLE_NETS                int     true       unset***
SKEW                         double  true       -0.027
SLACK                        double  true       -18.153
STARTPOINT_CLOCK             clock   true       clock
STARTPOINT_CLOCK_DELAY       double  true       1.654
STARTPOINT_CLOCK_EDGE        double  true       0.000
STARTPOINT_CLOCK_ROOT        string  true
STARTPOINT_PIN               pin     true       launch_index_2/C
TIME_BORROWED_FROM_ENDPOINT  double  true
TIME_GIVEN_TO_STARTPOINT     double  true
UNCERTAINTY                  double  true       0.035
USER_UNCERTAINTY             double  true
