# First of 20 reported paths; full reports are retained in the evidence archive.
Copyright 1986-2022 Xilinx, Inc. All Rights Reserved. Copyright 2022-2024 Advanced Micro Devices, Inc. All Rights Reserved.
--------------------------------------------------------------------------------------------------------------------------------------------------------------------------
| Tool Version : Vivado v.2024.2 (lin64) Build 5239630 Fri Nov 08 22:34:34 MST 2024
| Date         : Sat Sep 26 23:53:20 2026
| Host         : ip-172-31-24-238 running 64-bit Ubuntu 22.04.5 LTS
| Command      : report_timing -delay_type max -max_paths 20 -path_type full_clock_expanded -file /home/ubuntu/timing-followup-20260926/constraint40/dsp/vivado/paths.rpt
| Design       : probe_top
| Device       : 7z030-sbg485
| Speed File   : -1  PRODUCTION 1.12 2019-11-22
| Design State : Routed
--------------------------------------------------------------------------------------------------------------------------------------------------------------------------

Timing Report

Slack (MET) :             17.958ns  (required time - arrival time)
  Source:                 $flatten\\decoder.$auto$ff.cc:337:slice$55081/C
                            (rising edge-triggered cell FDRE clocked by clock  {rise@0.000ns fall@20.000ns period=40.000ns})
  Destination:            $flatten\\decoder.$auto$ff.cc:337:slice$41858/CE
                            (rising edge-triggered cell FDRE clocked by clock  {rise@0.000ns fall@20.000ns period=40.000ns})
  Path Group:             clock
  Path Type:              Setup (Max at Slow Process Corner)
  Requirement:            40.000ns  (clock rise@40.000ns - clock rise@0.000ns)
  Data Path Delay:        21.733ns  (logic 1.647ns (7.578%)  route 20.086ns (92.422%))
  Logic Levels:           26  (LUT2=6 LUT3=5 LUT4=5 LUT5=3 LUT6=7)
  Clock Path Skew:        -0.029ns (DCD - SCD + CPR)
    Destination Clock Delay (DCD):    4.099ns = ( 44.099 - 40.000 )
    Source Clock Delay      (SCD):    4.384ns
    Clock Pessimism Removal (CPR):    0.256ns
  Clock Uncertainty:      0.035ns  ((TSJ^2 + TIJ^2)^1/2 + DJ) / 2 + PE
    Total System Jitter     (TSJ):    0.071ns
    Total Input Jitter      (TIJ):    0.000ns
    Discrete Jitter          (DJ):    0.000ns
    Phase Error              (PE):    0.000ns

    Location             Delay type                Incr(ns)  Path(ns)    Netlist Resource(s)
  -------------------------------------------------------------------    -------------------
                         (clock clock rise edge)      0.000     0.000 r
    AA14                                              0.000     0.000 r  clock (IN)
                         net (fo=0)                   0.000     0.000    clock
    AA14                 IBUF (Prop_ibuf_I_O)         0.843     0.843 r  $iopadmap$phi_timing_harness.clock/O
                         net (fo=1, routed)           1.830     2.673    $auto$clkbufmap.cc:262:execute$6457
    BUFGCTRL_X0Y0        BUFG (Prop_bufg_I_O)         0.120     2.793 r  $auto$clkbufmap.cc:261:execute$6456/O
                         net (fo=22438, routed)       1.591     4.384    decoder.scheduler_3_state.clk
    SLICE_X59Y0          FDRE                                         r  $flatten\\decoder.$auto$ff.cc:337:slice$55081/C
  -------------------------------------------------------------------    -------------------
    SLICE_X59Y0          FDRE (Prop_fdre_C_Q)         0.269     4.653 r  $flatten\\decoder.$auto$ff.cc:337:slice$55081/Q
                         net (fo=62, routed)          1.612     6.265    decoder.application.__phi_decoder_profile_topology__SchedulerGrid_0_next_inst.__phi_halo_cell__SharedService_0__2_3_0_2_2_next_inst.materialized_fifo_fifo__executor_result_.push_valid
    SLICE_X31Y9          LUT3 (Prop_lut3_I1_O)        0.053     6.318 r  $flatten\\decoder.$abc$1119696$lut$aiger1119695$44154/O
                         net (fo=6, routed)           0.474     6.793    $flattendecoder.$techmap1130147$abc$1119696$lut$aiger1119695$44186.A[2]
    SLICE_X30Y9          LUT2 (Prop_lut2_I0_O)        0.053     6.846 r  $flatten\\decoder.$abc$1119696$lut$aiger1119695$44155/O
                         net (fo=918, routed)         1.042     7.888    $flattendecoder.$techmap1146144$abc$1119696$lutapplication.__phi_decoder_profile_topology__SchedulerGrid_0_next_inst.__phi_halo_cell__SharedService_0__2_3_0_2_2_next_inst.incoming_result[23].A[2]
    SLICE_X11Y5          LUT6 (Prop_lut6_I5_O)        0.053     7.941 f  $flatten\\decoder.$abc$1119696$lut$aiger1119695$44179/O
                         net (fo=3, routed)           0.543     8.484    $flattendecoder.$techmap1130277$abc$1119696$lut$aiger1119695$44733.A[2]
    SLICE_X12Y8          LUT2 (Prop_lut2_I1_O)        0.053     8.537 f  $flatten\\decoder.$abc$1119696$lut$aiger1119695$44187/O
                         net (fo=16, routed)          0.488     9.025    $flattendecoder.$techmap1133356$abc$1119696$lut$aiger1119695$103943.A[2]
    SLICE_X13Y13         LUT4 (Prop_lut4_I2_O)        0.053     9.078 f  $flatten\\decoder.$abc$1119696$lut$aiger1119695$44462/O
                         net (fo=14, routed)          0.831     9.909    $flattendecoder.$techmap1133356$abc$1119696$lut$aiger1119695$103943.A[3]
    SLICE_X1Y8           LUT4 (Prop_lut4_I3_O)        0.053     9.962 r  $flatten\\decoder.$abc$1119696$lut$aiger1119695$44477/O
                         net (fo=3, routed)           0.370    10.333    $flattendecoder.$techmap1135823$abc$1119696$lut$aiger1119695$111385.A[0]
    SLICE_X6Y8           LUT3 (Prop_lut3_I2_O)        0.053    10.386 r  $flatten\\decoder.$abc$1119696$lut$aiger1119695$44480/O
                         net (fo=2, routed)           0.580    10.965    $flattendecoder.$techmap1130228$abc$1119696$lut$aiger1119695$44499.A[2]
    SLICE_X5Y6           LUT4 (Prop_lut4_I2_O)        0.053    11.018 r  $flatten\\decoder.$abc$1119696$lut$aiger1119695$44499/O
                         net (fo=1, routed)           0.535    11.553    $flattendecoder.$techmap1130235$abc$1119696$lut$aiger1119695$44519.A[2]
    SLICE_X5Y8           LUT3 (Prop_lut3_I2_O)        0.053    11.606 r  $flatten\\decoder.$abc$1119696$lut$aiger1119695$44519/O
                         net (fo=3, routed)           0.643    12.250    $flattendecoder.$techmap1130271$abc$1119696$lut$aiger1119695$44669.A[4]
    SLICE_X14Y10         LUT2 (Prop_lut2_I0_O)        0.053    12.303 f  $flatten\\decoder.$abc$1119696$lut$aiger1119695$44629/O
                         net (fo=2, routed)           0.463    12.766    $flattendecoder.$techmap1130271$abc$1119696$lut$aiger1119695$44669.A[2]
    SLICE_X15Y10         LUT6 (Prop_lut6_I2_O)        0.053    12.819 f  $flatten\\decoder.$abc$1119696$lut$aiger1119695$44669/O
                         net (fo=2, routed)           0.435    13.254    $flattendecoder.$abc$1119696$lut$aiger1119695$79077.A[7]
    SLICE_X17Y11         LUT6 (Prop_lut6_I5_O)        0.053    13.307 f  $flatten\\decoder.$abc$1119696$lut$aiger1119695$44999/O
                         net (fo=3, routed)           0.430    13.736    $flattendecoder.$techmap1130356$abc$1119696$lut$aiger1119695$45004.A[3]
    SLICE_X21Y10         LUT4 (Prop_lut4_I3_O)        0.053    13.789 f  $flatten\\decoder.$abc$1119696$lut$aiger1119695$45004/O
                         net (fo=2, routed)           0.571    14.360    $flattendecoder.$techmap1147022$abc$1119696$lut$aiger1119695$83875.A[1]
    SLICE_X26Y10         LUT6 (Prop_lut6_I5_O)        0.053    14.413 f  $flatten\\decoder.$abc$1119696$lut$aiger1119695$45079/O
                         net (fo=4, routed)           0.321    14.734    $flattendecoder.$techmap1130396$abc$1119696$lutscheduler_3_state.rd_addr.A[5]
    SLICE_X25Y10         LUT6 (Prop_lut6_I5_O)        0.053    14.787 r  $flatten\\decoder.$abc$1119696$lut\\scheduler_3_state.rd_addr/O
                         net (fo=260, routed)         0.981    15.768    decoder.scheduler_3_state.rd_addr
    SLICE_X8Y7           LUT3 (Prop_lut3_I2_O)        0.053    15.821 f  $flatten\\decoder.$abc$1119696$lut$aiger1119695$46084/O
                         net (fo=2, routed)           0.439    16.260    $flattendecoder.$techmap1136344$auto$abc9_ops.cc:1613:reintegrate$1123557.A[0]
    SLICE_X8Y8           LUT4 (Prop_lut4_I0_O)        0.053    16.313 r  $flatten\\decoder.$abc$1119696$lut$aiger1119695$46087/O
                         net (fo=1, routed)           0.728    17.042    $flattendecoder.$techmap1130413$abc$1119696$lut$aiger1119695$46107.A[3]
    SLICE_X12Y11         LUT5 (Prop_lut5_I3_O)        0.053    17.095 r  $flatten\\decoder.$abc$1119696$lut$aiger1119695$46107/O
                         net (fo=10, routed)          0.479    17.573    $flattendecoder.$techmap1136344$auto$abc9_ops.cc:1613:reintegrate$1123557.A[1]
    SLICE_X13Y11         LUT6 (Prop_lut6_I5_O)        0.053    17.626 f  $flatten\\decoder.$abc$1119696$lut$aiger1119695$46168/O
                         net (fo=10, routed)          0.354    17.980    $flattendecoder.$techmap1135843$auto$abc9_ops.cc:1613:reintegrate$1123687.A[2]
    SLICE_X12Y11         LUT2 (Prop_lut2_I1_O)        0.053    18.033 r  $flatten\\decoder.$abc$1119696$lut$aiger1119695$46169/O
                         net (fo=4, routed)           0.329    18.363    $flattendecoder.$techmap1130479$abc$1119696$lut$aiger1119695$46373.A[5]
    SLICE_X13Y13         LUT2 (Prop_lut2_I1_O)        0.053    18.416 r  $flatten\\decoder.$abc$1119696$lut$aiger1119695$46226/O
                         net (fo=3, routed)           0.317    18.732    $flattendecoder.$techmap1130476$auto$abc9_ops.cc:1613:reintegrate$1124467.A[4]
    SLICE_X13Y13         LUT2 (Prop_lut2_I1_O)        0.053    18.785 r  $flatten\\decoder.$abc$1119696$lut$aiger1119695$46280/O
                         net (fo=5, routed)           0.422    19.207    $flattendecoder.$techmap1131736$abc$1119696$lut$aiger1119695$76894.A[5]
    SLICE_X16Y13         LUT6 (Prop_lut6_I5_O)        0.053    19.260 f  $flatten\\decoder.$abc$1119696$lut$aiger1119695$76894/O
                         net (fo=1, routed)           0.502    19.762    $flattendecoder.$techmap1131741$abc$1119696$lutapplication.__phi_decoder_profile_topology__SchedulerGrid_0_next_inst.__phi_halo_cell__SharedService_0__2_3_0_2_2_next_inst.p0_stage_done.A[4]
    SLICE_X15Y18         LUT5 (Prop_lut5_I4_O)        0.053    19.815 r  $flatten\\decoder.$abc$1119696$lut\\application.__phi_decoder_profile_topology__SchedulerGrid_0_next_inst.__phi_halo_cell__SharedService_0__2_3_0_2_2_next_inst.p0_stage_done/O
                         net (fo=235, routed)         2.131    21.946    decoder.application.__phi_decoder_profile_topology__SchedulerGrid_0_next_inst.__phi_halo_cell__SharedService_0__2_3_0_2_2_next_inst.p0_stage_done
    SLICE_X57Y11         LUT5 (Prop_lut5_I4_O)        0.053    21.999 r  $flatten\\decoder.$auto$abc9_ops.cc:1613:reintegrate$1119904/O
                         net (fo=2101, routed)        1.478    23.477    decoder.application.__phi_decoder_profile_topology__SchedulerGrid_0_next_inst.__phi_decoder_profile_topology__Phi_zReductionPlane_0_next_inst.stage_outputs_ready_0
    SLICE_X91Y9          LUT3 (Prop_lut3_I2_O)        0.053    23.530 r  $flatten\\decoder.$abc$1119696$lut\\application.__phi_decoder_profile_topology__SchedulerGrid_0_next_inst.__phi_decoder_profile_topology__Phi_zReductionPlane_0_next_inst.and_175606/O
                         net (fo=364, routed)         2.588    26.117    decoder.application.__phi_decoder_profile_topology__SchedulerGrid_0_next_inst.__phi_decoder_profile_topology__Phi_zReductionPlane_0_next_inst.and_175606
    SLICE_X63Y47         FDRE                                         r  $flatten\\decoder.$auto$ff.cc:337:slice$41858/CE
  -------------------------------------------------------------------    -------------------

                         (clock clock rise edge)     40.000    40.000 r
    AA14                                              0.000    40.000 r  clock (IN)
                         net (fo=0)                   0.000    40.000    clock
    AA14                 IBUF (Prop_ibuf_I_O)         0.767    40.767 r  $iopadmap$phi_timing_harness.clock/O
                         net (fo=1, routed)           1.741    42.508    $auto$clkbufmap.cc:262:execute$6457
    BUFGCTRL_X0Y0        BUFG (Prop_bufg_I_O)         0.113    42.621 r  $auto$clkbufmap.cc:261:execute$6456/O
                         net (fo=22438, routed)       1.478    44.099    decoder.scheduler_3_state.clk
    SLICE_X63Y47         FDRE                                         r  $flatten\\decoder.$auto$ff.cc:337:slice$41858/C
                         clock pessimism              0.256    44.355
                         clock uncertainty           -0.035    44.320
    SLICE_X63Y47         FDRE (Setup_fdre_C_CE)      -0.244    44.076    $flatten\\decoder.$auto$ff.cc:337:slice$41858
  -------------------------------------------------------------------
                         required time                         44.076
                         arrival time                         -26.117
  -------------------------------------------------------------------
                         slack                                 17.958
