# First of 20 reported paths; full reports are retained in the evidence archive.
Copyright 1986-2022 Xilinx, Inc. All Rights Reserved. Copyright 2022-2024 Advanced Micro Devices, Inc. All Rights Reserved.
--------------------------------------------------------------------------------------------------------------------------------------------------------------------------------------
| Tool Version : Vivado v.2024.2 (lin64) Build 5239630 Fri Nov 08 22:34:34 MST 2024
| Date         : Sat Sep 26 23:48:41 2026
| Host         : ip-172-31-24-238 running 64-bit Ubuntu 22.04.5 LTS
| Command      : report_timing -delay_type max -max_paths 20 -path_type full_clock_expanded -file /home/ubuntu/timing-followup-20260926/architectures/separate-entry/vivado/paths.rpt
| Design       : probe_top
| Device       : 7z030-sbg485
| Speed File   : -1  PRODUCTION 1.12 2019-11-22
| Design State : Routed
--------------------------------------------------------------------------------------------------------------------------------------------------------------------------------------

Timing Report

Slack (VIOLATED) :        -11.164ns  (required time - arrival time)
  Source:                 decoder.scheduler_3_state.memory.0.10/CLKARDCLK
                            (rising edge-triggered cell RAMB18E1 clocked by clock  {rise@0.000ns fall@2.500ns period=5.000ns})
  Destination:            $flatten\\decoder.$auto$ff.cc:337:slice$53225/D
                            (rising edge-triggered cell FDRE clocked by clock  {rise@0.000ns fall@2.500ns period=5.000ns})
  Path Group:             clock
  Path Type:              Setup (Max at Slow Process Corner)
  Requirement:            5.000ns  (clock rise@5.000ns - clock rise@0.000ns)
  Data Path Delay:        16.119ns  (logic 10.815ns (67.097%)  route 5.304ns (32.903%))
  Logic Levels:           26  (CARRY4=15 DSP48E1=3 LUT2=1 LUT3=1 LUT4=4 LUT5=1 LUT6=1)
  Clock Path Skew:        -0.062ns (DCD - SCD + CPR)
    Destination Clock Delay (DCD):    3.900ns = ( 8.900 - 5.000 )
    Source Clock Delay      (SCD):    4.216ns
    Clock Pessimism Removal (CPR):    0.254ns
  Clock Uncertainty:      0.035ns  ((TSJ^2 + TIJ^2)^1/2 + DJ) / 2 + PE
    Total System Jitter     (TSJ):    0.071ns
    Total Input Jitter      (TIJ):    0.000ns
    Discrete Jitter          (DJ):    0.000ns
    Phase Error              (PE):    0.000ns

    Location             Delay type                Incr(ns)  Path(ns)    Netlist Resource(s)
  -------------------------------------------------------------------    -------------------
                         (clock clock rise edge)      0.000     0.000 r
    AA14                                              0.000     0.000 r  clock (IN)
                         net (fo=0)                   0.000     0.000    clock
    AA14                 IBUF (Prop_ibuf_I_O)         0.843     0.843 r  $iopadmap$phi_timing_harness.clock/O
                         net (fo=1, routed)           1.830     2.673    $auto$clkbufmap.cc:262:execute$6457
    BUFGCTRL_X0Y0        BUFG (Prop_bufg_I_O)         0.120     2.793 r  $auto$clkbufmap.cc:261:execute$6456/O
                         net (fo=24264, routed)       1.423     4.216    decoder.scheduler_3_state.clk
    RAMB18_X3Y34         RAMB18E1                                     r  decoder.scheduler_3_state.memory.0.10/CLKARDCLK
  -------------------------------------------------------------------    -------------------
    RAMB18_X3Y34         RAMB18E1 (Prop_ramb18e1_CLKARDCLK_DOPADOP[0])
                                                      2.080     6.296 r  decoder.scheduler_3_state.memory.0.10/DOPADOP[0]
                         net (fo=2, routed)           0.647     6.943    decoder.scheduler_3_state_rd_data[368]
    SLICE_X56Y85         LUT4 (Prop_lut4_I0_O)        0.053     6.996 r  $flatten\\decoder.$abc$1115096$lut\\application.__phi_decoder_profile_topology__SchedulerGrid_0_next_inst.__phi_halo_cell__SharedService_0__2_3_0_2_2_next_inst.sel_149465[368]/O
                         net (fo=2, routed)           0.446     7.442    decoder.application.__phi_decoder_profile_topology__SchedulerGrid_0_next_inst.__phi_halo_cell__SharedService_0__2_3_0_2_2_next_inst.sel_149465[368]
    SLICE_X57Y85         LUT3 (Prop_lut3_I2_O)        0.053     7.495 r  $flatten\\decoder.$abc$1115096$lut$aiger1115095$91170/O
                         net (fo=6, routed)           0.419     7.914    $flattendecoder.$techmap1133508$abc$1115096$lut$aiger1115095$92264.A[3]
    SLICE_X59Y85         LUT4 (Prop_lut4_I3_O)        0.053     7.967 r  $flatten\\decoder.$abc$1115096$lut$aiger1115095$91179/O
                         net (fo=3, routed)           0.590     8.557    $flattendecoder.$techmap1132359$abc$1115096$lut$aiger1115095$91184.A[0]
    SLICE_X59Y88         LUT4 (Prop_lut4_I2_O)        0.053     8.610 r  $flatten\\decoder.$abc$1115096$lut$aiger1115095$91431/O
                         net (fo=1, routed)           0.651     9.262    $flattendecoder.$techmap1123601$abc$1115096$lut$aiger1115095$91442.A[3]
    SLICE_X50Y85         LUT5 (Prop_lut5_I3_O)        0.053     9.315 r  $flatten\\decoder.$abc$1115096$lut$aiger1115095$91442/O
                         net (fo=1, routed)           0.296     9.610    $flattendecoder.$techmap1123681$abc$1115096$lut$aiger1115095$91508.A[3]
    SLICE_X49Y85         LUT4 (Prop_lut4_I3_O)        0.053     9.663 r  $flatten\\decoder.$abc$1115096$lut$aiger1115095$91508/O
                         net (fo=117, routed)         0.564    10.227    $flattendecoder.$techmap1132182$abc$1115096$lut$aiger1115095$93452.A[1]
    SLICE_X51Y84         LUT6 (Prop_lut6_I5_O)        0.053    10.280 r  $flatten\\decoder.$auto$abc9_ops.cc:1613:reintegrate$1122952/O
                         net (fo=1, routed)           0.000    10.280    $flattendecoder.$abc$1115096$aiger1115095$111486b
    SLICE_X51Y84         CARRY4 (Prop_carry4_S[1]_CO[3])
                                                      0.324    10.604 r  $flatten\\decoder.$auto$alumacc.cc:512:replace_alu$27572.genblk1.slice[1].genblk1.carry4/CO[3]
                         net (fo=1, routed)           0.000    10.604    $flattendecoder.$abc$1115096$aiger1115095$34548
    SLICE_X51Y85         CARRY4 (Prop_carry4_CI_CO[3])
                                                      0.058    10.662 r  $flatten\\decoder.$auto$alumacc.cc:512:replace_alu$27572.genblk1.slice[2].genblk1.carry4/CO[3]
                         net (fo=1, routed)           0.000    10.662    $flattendecoder.$abc$1115096$aiger1115095$34556
    SLICE_X51Y86         CARRY4 (Prop_carry4_CI_O[1])
                                                      0.213    10.875 r  $flatten\\decoder.$auto$alumacc.cc:512:replace_alu$27572.genblk1.slice[3].genblk1.carry4/O[1]
                         net (fo=2, routed)           0.667    11.543    $flattendecoder.$abc$1115096$aiger1115095$34558
    DSP48_X3Y30          DSP48E1 (Prop_dsp48e1_B[14]_PCOUT[47])
                                                      3.363    14.906 r  $flatten\\decoder.\\application.\\__phi_decoder_profile_topology__SchedulerGrid_0_next_inst.\\__phi_halo_cell__SharedService_0__2_3_0_2_2_next_inst.\\__phi_halo_cell__SharedExecutor_0_next_inst.$mul$/Users/ecpeterson/Documents/code/erl_xls/_build/architecture-repo/_build/architecture/separate-entry/phi_decoder_profile.v:3633$3804.genblk1.genblk1.genblk1.genblk1.genblk1.genblk1.genblk1.sliceA[0].mul.genblk1.genblk1.genblk1.genblk1.genblk1.genblk1.genblk1.genblk1.sliceB[0].mul/PCOUT[47]
                         net (fo=1, routed)           0.000    14.906    $flattendecoder.$abc$1115096$aiger1115095$34911
    DSP48_X3Y31          DSP48E1 (Prop_dsp48e1_PCIN[47]_PCOUT[47])
                                                      1.452    16.358 r  $flatten\\decoder.\\application.\\__phi_decoder_profile_topology__SchedulerGrid_0_next_inst.\\__phi_halo_cell__SharedService_0__2_3_0_2_2_next_inst.\\__phi_halo_cell__SharedExecutor_0_next_inst.$mul$/Users/ecpeterson/Documents/code/erl_xls/_build/architecture-repo/_build/architecture/separate-entry/phi_decoder_profile.v:3633$3804.genblk1.genblk1.genblk1.genblk1.genblk1.genblk1.genblk1.sliceA[0].mul.genblk1.genblk1.genblk1.genblk1.genblk1.genblk1.genblk1.genblk1.sliceB[1].mul/PCOUT[47]
                         net (fo=1, routed)           0.000    16.358    $flattendecoder.$abc$1115096$aiger1115095$35065
    DSP48_X3Y32          DSP48E1 (Prop_dsp48e1_PCIN[47]_P[0])
                                                      1.286    17.644 r  $flatten\\decoder.\\application.\\__phi_decoder_profile_topology__SchedulerGrid_0_next_inst.\\__phi_halo_cell__SharedService_0__2_3_0_2_2_next_inst.\\__phi_halo_cell__SharedExecutor_0_next_inst.$mul$/Users/ecpeterson/Documents/code/erl_xls/_build/architecture-repo/_build/architecture/separate-entry/phi_decoder_profile.v:3633$3804.genblk1.genblk1.genblk1.genblk1.genblk1.genblk1.genblk1.sliceA[0].mul.genblk1.genblk1.genblk1.genblk1.genblk1.genblk1.genblk1.genblk1.mul_sliceB_last/P[0]
                         net (fo=2, routed)           0.576    18.220    $flattendecoder.$techmap1124540$auto$abc9_ops.cc:1613:reintegrate$1122908.A[1]
    SLICE_X52Y79         LUT2 (Prop_lut2_I1_O)        0.053    18.273 r  $flatten\\decoder.$auto$abc9_ops.cc:1613:reintegrate$1122908/O
                         net (fo=1, routed)           0.000    18.273    $flattendecoder.$abc$1115096$aiger1115095$112185b
    SLICE_X52Y79         CARRY4 (Prop_carry4_S[1]_CO[3])
                                                      0.310    18.583 r  $flatten\\decoder.$auto$alumacc.cc:512:replace_alu$27278.genblk1.slice[4].genblk1.carry4/CO[3]
                         net (fo=1, routed)           0.000    18.583    $flattendecoder.$abc$1115096$aiger1115095$35414
    SLICE_X52Y80         CARRY4 (Prop_carry4_CI_CO[3])
                                                      0.060    18.643 r  $flatten\\decoder.$auto$alumacc.cc:512:replace_alu$27278.genblk1.slice[5].genblk1.carry4/CO[3]
                         net (fo=1, routed)           0.000    18.643    $flattendecoder.$abc$1115096$aiger1115095$35422
    SLICE_X52Y81         CARRY4 (Prop_carry4_CI_CO[3])
                                                      0.060    18.703 r  $flatten\\decoder.$auto$alumacc.cc:512:replace_alu$27278.genblk1.slice[6].genblk1.carry4/CO[3]
                         net (fo=1, routed)           0.000    18.703    $flattendecoder.$abc$1115096$aiger1115095$35430
    SLICE_X52Y82         CARRY4 (Prop_carry4_CI_CO[3])
                                                      0.060    18.763 r  $flatten\\decoder.$auto$alumacc.cc:512:replace_alu$27278.genblk1.slice[7].genblk1.carry4/CO[3]
                         net (fo=1, routed)           0.000    18.763    $flattendecoder.$abc$1115096$aiger1115095$35438
    SLICE_X52Y83         CARRY4 (Prop_carry4_CI_CO[3])
                                                      0.060    18.823 r  $flatten\\decoder.$auto$alumacc.cc:512:replace_alu$27278.genblk1.slice[8].genblk1.carry4/CO[3]
                         net (fo=1, routed)           0.000    18.823    $flattendecoder.$abc$1115096$aiger1115095$35600
    SLICE_X52Y84         CARRY4 (Prop_carry4_CI_CO[3])
                                                      0.060    18.883 r  $flatten\\decoder.$auto$alumacc.cc:512:replace_alu$27278.genblk1.slice[9].genblk1.carry4/CO[3]
                         net (fo=1, routed)           0.000    18.883    $flattendecoder.$abc$1115096$aiger1115095$35608
    SLICE_X52Y85         CARRY4 (Prop_carry4_CI_CO[3])
                                                      0.060    18.943 r  $flatten\\decoder.$auto$alumacc.cc:512:replace_alu$27278.genblk1.slice[10].genblk1.carry4/CO[3]
                         net (fo=1, routed)           0.000    18.943    $flattendecoder.$abc$1115096$aiger1115095$35616
    SLICE_X52Y86         CARRY4 (Prop_carry4_CI_CO[3])
                                                      0.060    19.003 r  $flatten\\decoder.$auto$alumacc.cc:512:replace_alu$27278.genblk1.slice[11].genblk1.carry4/CO[3]
                         net (fo=1, routed)           0.000    19.003    $flattendecoder.$abc$1115096$aiger1115095$35624
    SLICE_X52Y87         CARRY4 (Prop_carry4_CI_CO[3])
                                                      0.060    19.063 r  $flatten\\decoder.$auto$alumacc.cc:512:replace_alu$27278.genblk1.slice[12].genblk1.carry4/CO[3]
                         net (fo=1, routed)           0.000    19.063    $flattendecoder.$abc$1115096$aiger1115095$35632
    SLICE_X52Y88         CARRY4 (Prop_carry4_CI_O[0])
                                                      0.135    19.198 r  $flatten\\decoder.$auto$alumacc.cc:512:replace_alu$27278.genblk1.slice[13].genblk1.carry4/O[0]
                         net (fo=1, routed)           0.446    19.644    $flattendecoder.$abc$1115096$aiger1115095$35633
    SLICE_X53Y88         CARRY4 (Prop_carry4_S[1]_CO[3])
                                                      0.477    20.121 r  $flatten\\decoder.$auto$alumacc.cc:512:replace_alu$27590.genblk1.slice[7].genblk1.carry4/CO[3]
                         net (fo=1, routed)           0.000    20.121    $flattendecoder.$abc$1115096$aiger1115095$43024
    SLICE_X53Y89         CARRY4 (Prop_carry4_CI_O[1])
                                                      0.213    20.334 r  $flatten\\decoder.$auto$alumacc.cc:512:replace_alu$27590.genblk1.slice[8].genblk1.carry4/O[1]
                         net (fo=1, routed)           0.000    20.334    decoder.application.__phi_decoder_profile_topology__SchedulerGrid_0_next_inst.__phi_halo_cell__SharedService_0__2_3_0_2_2_next_inst.__phi_halo_cell__SharedExecutor_0_next_inst.bit_slice_146596[16]
    SLICE_X53Y89         FDRE                                         r  $flatten\\decoder.$auto$ff.cc:337:slice$53225/D
  -------------------------------------------------------------------    -------------------

                         (clock clock rise edge)      5.000     5.000 r
    AA14                                              0.000     5.000 r  clock (IN)
                         net (fo=0)                   0.000     5.000    clock
    AA14                 IBUF (Prop_ibuf_I_O)         0.767     5.767 r  $iopadmap$phi_timing_harness.clock/O
                         net (fo=1, routed)           1.741     7.508    $auto$clkbufmap.cc:262:execute$6457
    BUFGCTRL_X0Y0        BUFG (Prop_bufg_I_O)         0.113     7.621 r  $auto$clkbufmap.cc:261:execute$6456/O
                         net (fo=24264, routed)       1.279     8.900    decoder.scheduler_3_state.clk
    SLICE_X53Y89         FDRE                                         r  $flatten\\decoder.$auto$ff.cc:337:slice$53225/C
                         clock pessimism              0.254     9.154
                         clock uncertainty           -0.035     9.119
    SLICE_X53Y89         FDRE (Setup_fdre_C_D)        0.051     9.170    $flatten\\decoder.$auto$ff.cc:337:slice$53225
  -------------------------------------------------------------------
                         required time                          9.170
                         arrival time                         -20.334
  -------------------------------------------------------------------
                         slack                                -11.164
