# First of 20 reported paths; full reports are retained in the evidence archive.
Copyright 1986-2022 Xilinx, Inc. All Rights Reserved. Copyright 2022-2024 Advanced Micro Devices, Inc. All Rights Reserved.
---------------------------------------------------------------------------------------------------------------------------------------------------------------------------------------
| Tool Version : Vivado v.2024.2 (lin64) Build 5239630 Fri Nov 08 22:34:34 MST 2024
| Date         : Sun Sep 27 00:10:51 2026
| Host         : ip-172-31-24-238 running 64-bit Ubuntu 22.04.5 LTS
| Command      : report_timing -delay_type max -max_paths 20 -path_type full_clock_expanded -file /home/ubuntu/timing-followup-20260926/architectures/actor-ii2-eager/vivado/paths.rpt
| Design       : probe_top
| Device       : 7z030-sbg485
| Speed File   : -1  PRODUCTION 1.12 2019-11-22
| Design State : Routed
---------------------------------------------------------------------------------------------------------------------------------------------------------------------------------------

Timing Report

Slack (VIOLATED) :        -12.233ns  (required time - arrival time)
  Source:                 $flatten\\decoder.$auto$ff.cc:337:slice$39168/C
                            (rising edge-triggered cell FDRE clocked by clock  {rise@0.000ns fall@2.500ns period=5.000ns})
  Destination:            $flatten\\decoder.$auto$ff.cc:337:slice$46979/D
                            (rising edge-triggered cell FDRE clocked by clock  {rise@0.000ns fall@2.500ns period=5.000ns})
  Path Group:             clock
  Path Type:              Setup (Max at Slow Process Corner)
  Requirement:            5.000ns  (clock rise@5.000ns - clock rise@0.000ns)
  Data Path Delay:        17.208ns  (logic 10.181ns (59.165%)  route 7.027ns (40.835%))
  Logic Levels:           35  (CARRY4=24 DSP48E1=3 LUT2=1 LUT3=1 LUT4=1 LUT5=4 LUT6=1)
  Clock Path Skew:        -0.041ns (DCD - SCD + CPR)
    Destination Clock Delay (DCD):    4.088ns = ( 9.088 - 5.000 )
    Source Clock Delay      (SCD):    4.385ns
    Clock Pessimism Removal (CPR):    0.256ns
  Clock Uncertainty:      0.035ns  ((TSJ^2 + TIJ^2)^1/2 + DJ) / 2 + PE
    Total System Jitter     (TSJ):    0.071ns
    Total Input Jitter      (TIJ):    0.000ns
    Discrete Jitter          (DJ):    0.000ns
    Phase Error              (PE):    0.000ns

    Location             Delay type                Incr(ns)  Path(ns)    Netlist Resource(s)
  -------------------------------------------------------------------    -------------------
                         (clock clock rise edge)      0.000     0.000 r
    AA14                                              0.000     0.000 r  clock (IN)
                         net (fo=0)                   0.000     0.000    clock
    AA14                 IBUF (Prop_ibuf_I_O)         0.843     0.843 r  $iopadmap$phi_timing_harness.clock/O
                         net (fo=1, routed)           1.830     2.673    $auto$clkbufmap.cc:262:execute$6457
    BUFGCTRL_X0Y0        BUFG (Prop_bufg_I_O)         0.120     2.793 r  $auto$clkbufmap.cc:261:execute$6456/O
                         net (fo=21619, routed)       1.592     4.385    decoder.application.clk
    SLICE_X32Y5          FDRE                                         r  $flatten\\decoder.$auto$ff.cc:337:slice$39168/C
  -------------------------------------------------------------------    -------------------
    SLICE_X32Y5          FDRE (Prop_fdre_C_Q)         0.308     4.693 r  $flatten\\decoder.$auto$ff.cc:337:slice$39168/Q
                         net (fo=4, routed)           0.686     5.379    decoder.application.__phi_decoder_profile_topology__SchedulerGrid_0_next_inst.__phi_decoder_profile_topology__Phi_zReductionPlane_0_next_inst.p0_priority_sel_71537[23]
    SLICE_X33Y2          LUT5 (Prop_lut5_I2_O)        0.053     5.432 r  $flatten\\decoder.$abc$1094589$lut$aiger1094588$65710/O
                         net (fo=1, routed)           0.381     5.812    $flattendecoder.$abc$1094589$aiger1094588$65710
    SLICE_X31Y3          CARRY4 (Prop_carry4_DI[0]_CO[3])
                                                      0.324     6.136 r  $flatten\\decoder.\\application.\\__phi_decoder_profile_topology__SchedulerGrid_0_next_inst.\\__phi_decoder_profile_topology__Phi_zReductionPlane_0_next_inst.$lt$/Users/ecpeterson/Documents/code/erl_xls/_build/architecture-repo/_build/actor-boundaries/actor-ii2-eager/phi_decoder_profile.v:7957$5919.genblk1.slice[2].genblk1.carry4/CO[3]
                         net (fo=1, routed)           0.000     6.136    $flattendecoder.$abc$1094589$aiger1094588$22525
    SLICE_X31Y4          CARRY4 (Prop_carry4_CI_CO[3])
                                                      0.058     6.194 r  $flatten\\decoder.\\application.\\__phi_decoder_profile_topology__SchedulerGrid_0_next_inst.\\__phi_decoder_profile_topology__Phi_zReductionPlane_0_next_inst.$lt$/Users/ecpeterson/Documents/code/erl_xls/_build/architecture-repo/_build/actor-boundaries/actor-ii2-eager/phi_decoder_profile.v:7957$5919.genblk1.slice[3].genblk1.carry4/CO[3]
                         net (fo=1, routed)           0.000     6.194    $flattendecoder.$abc$1094589$aiger1094588$22533
    SLICE_X31Y5          CARRY4 (Prop_carry4_CI_CO[3])
                                                      0.058     6.252 r  $flatten\\decoder.\\application.\\__phi_decoder_profile_topology__SchedulerGrid_0_next_inst.\\__phi_decoder_profile_topology__Phi_zReductionPlane_0_next_inst.$lt$/Users/ecpeterson/Documents/code/erl_xls/_build/architecture-repo/_build/actor-boundaries/actor-ii2-eager/phi_decoder_profile.v:7957$5919.genblk1.slice[4].genblk1.carry4/CO[3]
                         net (fo=1, routed)           0.000     6.252    $flattendecoder.$abc$1094589$aiger1094588$22541
    SLICE_X31Y6          CARRY4 (Prop_carry4_CI_O[2])
                                                      0.136     6.388 r  $flatten\\decoder.\\application.\\__phi_decoder_profile_topology__SchedulerGrid_0_next_inst.\\__phi_decoder_profile_topology__Phi_zReductionPlane_0_next_inst.$lt$/Users/ecpeterson/Documents/code/erl_xls/_build/architecture-repo/_build/actor-boundaries/actor-ii2-eager/phi_decoder_profile.v:7957$5919.genblk1.slice[5].genblk1.carry4/O[2]
                         net (fo=27, routed)          0.368     6.756    $flattendecoder.$auto$abc9_ops.cc:1613:reintegrate$1106192.A[7]
    SLICE_X29Y5          LUT4 (Prop_lut4_I3_O)        0.152     6.908 r  $flatten\\decoder.$abc$1094589$lut$aiger1094588$65939/O
                         net (fo=51, routed)          0.757     7.666    $flattendecoder.$techmap1107691$abc$1094589$lut$aiger1094588$66147.A[4]
    SLICE_X33Y8          LUT5 (Prop_lut5_I4_O)        0.053     7.719 r  $flatten\\decoder.$abc$1094589$lut$aiger1094588$66506/O
                         net (fo=6, routed)           0.645     8.364    $flattendecoder.$techmap1107516$abc$1094589$lut$aiger1094588$95614.A[2]
    SLICE_X29Y3          LUT5 (Prop_lut5_I4_O)        0.053     8.417 r  $flatten\\decoder.$abc$1094589$lut$aiger1094588$66738/O
                         net (fo=1, routed)           0.511     8.927    $flattendecoder.$abc$1094589$aiger1094588$66738
    SLICE_X29Y7          CARRY4 (Prop_carry4_DI[2]_CO[3])
                                                      0.239     9.166 r  $flatten\\decoder.\\application.\\__phi_decoder_profile_topology__SchedulerGrid_0_next_inst.\\__phi_decoder_profile_topology__Phi_zReductionPlane_0_next_inst.$lt$/Users/ecpeterson/Documents/code/erl_xls/_build/architecture-repo/_build/actor-boundaries/actor-ii2-eager/phi_decoder_profile.v:8004$5966.genblk1.slice[0].genblk1.carry4/CO[3]
                         net (fo=1, routed)           0.000     9.166    $flattendecoder.$abc$1094589$aiger1094588$22677
    SLICE_X29Y8          CARRY4 (Prop_carry4_CI_CO[3])
                                                      0.058     9.224 r  $flatten\\decoder.\\application.\\__phi_decoder_profile_topology__SchedulerGrid_0_next_inst.\\__phi_decoder_profile_topology__Phi_zReductionPlane_0_next_inst.$lt$/Users/ecpeterson/Documents/code/erl_xls/_build/architecture-repo/_build/actor-boundaries/actor-ii2-eager/phi_decoder_profile.v:8004$5966.genblk1.slice[1].genblk1.carry4/CO[3]
                         net (fo=1, routed)           0.000     9.224    $flattendecoder.$abc$1094589$aiger1094588$22685
    SLICE_X29Y9          CARRY4 (Prop_carry4_CI_CO[3])
                                                      0.058     9.282 r  $flatten\\decoder.\\application.\\__phi_decoder_profile_topology__SchedulerGrid_0_next_inst.\\__phi_decoder_profile_topology__Phi_zReductionPlane_0_next_inst.$lt$/Users/ecpeterson/Documents/code/erl_xls/_build/architecture-repo/_build/actor-boundaries/actor-ii2-eager/phi_decoder_profile.v:8004$5966.genblk1.slice[2].genblk1.carry4/CO[3]
                         net (fo=1, routed)           0.000     9.282    $flattendecoder.$abc$1094589$aiger1094588$22693
    SLICE_X29Y10         CARRY4 (Prop_carry4_CI_CO[3])
                                                      0.058     9.340 r  $flatten\\decoder.\\application.\\__phi_decoder_profile_topology__SchedulerGrid_0_next_inst.\\__phi_decoder_profile_topology__Phi_zReductionPlane_0_next_inst.$lt$/Users/ecpeterson/Documents/code/erl_xls/_build/architecture-repo/_build/actor-boundaries/actor-ii2-eager/phi_decoder_profile.v:8004$5966.genblk1.slice[3].genblk1.carry4/CO[3]
                         net (fo=1, routed)           0.000     9.340    $flattendecoder.$abc$1094589$aiger1094588$22701
    SLICE_X29Y11         CARRY4 (Prop_carry4_CI_CO[3])
                                                      0.058     9.398 r  $flatten\\decoder.\\application.\\__phi_decoder_profile_topology__SchedulerGrid_0_next_inst.\\__phi_decoder_profile_topology__Phi_zReductionPlane_0_next_inst.$lt$/Users/ecpeterson/Documents/code/erl_xls/_build/architecture-repo/_build/actor-boundaries/actor-ii2-eager/phi_decoder_profile.v:8004$5966.genblk1.slice[4].genblk1.carry4/CO[3]
                         net (fo=1, routed)           0.000     9.398    $flattendecoder.$abc$1094589$aiger1094588$22709
    SLICE_X29Y12         CARRY4 (Prop_carry4_CI_O[2])
                                                      0.136     9.534 f  $flatten\\decoder.\\application.\\__phi_decoder_profile_topology__SchedulerGrid_0_next_inst.\\__phi_decoder_profile_topology__Phi_zReductionPlane_0_next_inst.$lt$/Users/ecpeterson/Documents/code/erl_xls/_build/architecture-repo/_build/actor-boundaries/actor-ii2-eager/phi_decoder_profile.v:8004$5966.genblk1.slice[5].genblk1.carry4/O[2]
                         net (fo=32, routed)          0.407     9.941    $flattendecoder.$techmap1107584$abc$1094589$lut$aiger1094588$95856.A[4]
    SLICE_X30Y13         LUT6 (Prop_lut6_I4_O)        0.152    10.093 r  $flatten\\decoder.$abc$1094589$lut$aiger1094588$71602/O
                         net (fo=1, routed)           0.602    10.696    $flattendecoder.$techmap1107074$abc$1094589$lutapplication.__phi_decoder_profile_topology__SchedulerGrid_0_next_inst.__phi_halo_cell__DedicatedGroup_0_next_inst_1.materialized_fifo_fifo__dedicated_aggregate__0_.push_data[13].A[4]
    SLICE_X32Y13         LUT5 (Prop_lut5_I4_O)        0.053    10.749 r  $flatten\\decoder.$abc$1094589$lut\\application.__phi_decoder_profile_topology__SchedulerGrid_0_next_inst.__phi_halo_cell__DedicatedGroup_0_next_inst_1.materialized_fifo_fifo__dedicated_aggregate__0_.push_data[13]/O
                         net (fo=6, routed)           0.422    11.171    decoder.application.__phi_decoder_profile_topology__SchedulerGrid_0_next_inst.materialized_fifo_fifo__scheduler_3_aggregate_.push_data[13]
    SLICE_X39Y11         LUT3 (Prop_lut3_I2_O)        0.053    11.224 r  $flatten\\decoder.$abc$1094589$lut\\application.__phi_decoder_profile_topology__SchedulerGrid_0_next_inst.__phi_halo_cell__DedicatedGroup_0_next_inst_1.__phi_halo_cell__DedicatedActor_0__1_next_inst.aggregate_request[13]/O
                         net (fo=3, routed)           0.485    11.709    decoder.application.__phi_decoder_profile_topology__SchedulerGrid_0_next_inst.__phi_halo_cell__DedicatedGroup_0_next_inst_1.__phi_halo_cell__DedicatedActor_0__1_next_inst.tuple_index_120839[13]
    SLICE_X40Y10         CARRY4 (Prop_carry4_DI[1]_CO[3])
                                                      0.302    12.011 r  $flatten\\decoder.$auto$alumacc.cc:512:replace_alu$23888.genblk1.slice[3].genblk1.carry4/CO[3]
                         net (fo=1, routed)           0.000    12.011    $flattendecoder.$abc$1094589$aiger1094588$27573
    SLICE_X40Y11         CARRY4 (Prop_carry4_CI_O[0])
                                                      0.139    12.150 r  $flatten\\decoder.$auto$alumacc.cc:512:replace_alu$23888.genblk1.slice[4].genblk1.carry4/O[0]
                         net (fo=2, routed)           0.653    12.803    $flattendecoder.$abc$1094589$aiger1094588$27574
    DSP48_X3Y4           DSP48E1 (Prop_dsp48e1_B[16]_PCOUT[47])
                                                      3.366    16.169 r  $flatten\\decoder.\\application.\\__phi_decoder_profile_topology__SchedulerGrid_0_next_inst.\\__phi_halo_cell__DedicatedGroup_0_next_inst_1.\\__phi_halo_cell__DedicatedActor_0__1_next_inst.$mul$/Users/ecpeterson/Documents/code/erl_xls/_build/architecture-repo/_build/actor-boundaries/actor-ii2-eager/phi_decoder_profile.v:3941$4367.genblk1.genblk1.genblk1.genblk1.genblk1.genblk1.genblk1.sliceA[0].mul.genblk1.genblk1.genblk1.genblk1.genblk1.genblk1.genblk1.genblk1.sliceB[0].mul/PCOUT[47]
                         net (fo=1, routed)           0.000    16.169    $flattendecoder.$abc$1094589$aiger1094588$27920
    DSP48_X3Y5           DSP48E1 (Prop_dsp48e1_PCIN[47]_PCOUT[47])
                                                      1.452    17.621 r  $flatten\\decoder.\\application.\\__phi_decoder_profile_topology__SchedulerGrid_0_next_inst.\\__phi_halo_cell__DedicatedGroup_0_next_inst_1.\\__phi_halo_cell__DedicatedActor_0__1_next_inst.$mul$/Users/ecpeterson/Documents/code/erl_xls/_build/architecture-repo/_build/actor-boundaries/actor-ii2-eager/phi_decoder_profile.v:3941$4367.genblk1.genblk1.genblk1.genblk1.genblk1.genblk1.genblk1.sliceA[0].mul.genblk1.genblk1.genblk1.genblk1.genblk1.genblk1.genblk1.genblk1.sliceB[1].mul/PCOUT[47]
                         net (fo=1, routed)           0.000    17.621    $flattendecoder.$abc$1094589$aiger1094588$28074
    DSP48_X3Y6           DSP48E1 (Prop_dsp48e1_PCIN[47]_P[0])
                                                      1.286    18.907 r  $flatten\\decoder.\\application.\\__phi_decoder_profile_topology__SchedulerGrid_0_next_inst.\\__phi_halo_cell__DedicatedGroup_0_next_inst_1.\\__phi_halo_cell__DedicatedActor_0__1_next_inst.$mul$/Users/ecpeterson/Documents/code/erl_xls/_build/architecture-repo/_build/actor-boundaries/actor-ii2-eager/phi_decoder_profile.v:3941$4367.genblk1.genblk1.genblk1.genblk1.genblk1.genblk1.genblk1.sliceA[0].mul.genblk1.genblk1.genblk1.genblk1.genblk1.genblk1.genblk1.genblk1.mul_sliceB_last/P[0]
                         net (fo=2, routed)           0.647    19.554    $flattendecoder.$techmap1108047$auto$abc9_ops.cc:1613:reintegrate$1105565.A[1]
    SLICE_X48Y9          LUT2 (Prop_lut2_I1_O)        0.053    19.607 r  $flatten\\decoder.$auto$abc9_ops.cc:1613:reintegrate$1105565/O
                         net (fo=1, routed)           0.000    19.607    $flattendecoder.$abc$1094589$aiger1094588$93725b
    SLICE_X48Y9          CARRY4 (Prop_carry4_S[1]_CO[3])
                                                      0.310    19.917 r  $flatten\\decoder.$auto$alumacc.cc:512:replace_alu$23450.genblk1.slice[4].genblk1.carry4/CO[3]
                         net (fo=1, routed)           0.000    19.917    $flattendecoder.$abc$1094589$aiger1094588$28431
    SLICE_X48Y10         CARRY4 (Prop_carry4_CI_CO[3])
                                                      0.060    19.977 r  $flatten\\decoder.$auto$alumacc.cc:512:replace_alu$23450.genblk1.slice[5].genblk1.carry4/CO[3]
                         net (fo=1, routed)           0.000    19.977    $flattendecoder.$abc$1094589$aiger1094588$28439
    SLICE_X48Y11         CARRY4 (Prop_carry4_CI_CO[3])
                                                      0.060    20.037 r  $flatten\\decoder.$auto$alumacc.cc:512:replace_alu$23450.genblk1.slice[6].genblk1.carry4/CO[3]
                         net (fo=1, routed)           0.000    20.037    $flattendecoder.$abc$1094589$aiger1094588$28447
    SLICE_X48Y12         CARRY4 (Prop_carry4_CI_CO[3])
                                                      0.060    20.097 r  $flatten\\decoder.$auto$alumacc.cc:512:replace_alu$23450.genblk1.slice[7].genblk1.carry4/CO[3]
                         net (fo=1, routed)           0.000    20.097    $flattendecoder.$abc$1094589$aiger1094588$28455
    SLICE_X48Y13         CARRY4 (Prop_carry4_CI_CO[3])
                                                      0.060    20.157 r  $flatten\\decoder.$auto$alumacc.cc:512:replace_alu$23450.genblk1.slice[8].genblk1.carry4/CO[3]
                         net (fo=1, routed)           0.000    20.157    $flattendecoder.$abc$1094589$aiger1094588$28617
    SLICE_X48Y14         CARRY4 (Prop_carry4_CI_CO[3])
                                                      0.060    20.217 r  $flatten\\decoder.$auto$alumacc.cc:512:replace_alu$23450.genblk1.slice[9].genblk1.carry4/CO[3]
                         net (fo=1, routed)           0.000    20.217    $flattendecoder.$abc$1094589$aiger1094588$28625
    SLICE_X48Y15         CARRY4 (Prop_carry4_CI_CO[3])
                                                      0.060    20.277 r  $flatten\\decoder.$auto$alumacc.cc:512:replace_alu$23450.genblk1.slice[10].genblk1.carry4/CO[3]
                         net (fo=1, routed)           0.000    20.277    $flattendecoder.$abc$1094589$aiger1094588$28633
    SLICE_X48Y16         CARRY4 (Prop_carry4_CI_CO[3])
                                                      0.060    20.337 r  $flatten\\decoder.$auto$alumacc.cc:512:replace_alu$23450.genblk1.slice[11].genblk1.carry4/CO[3]
                         net (fo=1, routed)           0.000    20.337    $flattendecoder.$abc$1094589$aiger1094588$28641
    SLICE_X48Y17         CARRY4 (Prop_carry4_CI_O[2])
                                                      0.137    20.474 r  $flatten\\decoder.$auto$alumacc.cc:512:replace_alu$23450.genblk1.slice[12].genblk1.carry4/O[2]
                         net (fo=1, routed)           0.463    20.937    $flattendecoder.$abc$1094589$aiger1094588$28644
    SLICE_X49Y16         CARRY4 (Prop_carry4_S[3]_CO[3])
                                                      0.385    21.322 r  $flatten\\decoder.$auto$alumacc.cc:512:replace_alu$23912.genblk1.slice[6].genblk1.carry4/CO[3]
                         net (fo=1, routed)           0.000    21.322    $flattendecoder.$abc$1094589$aiger1094588$45777
    SLICE_X49Y17         CARRY4 (Prop_carry4_CI_CO[3])
                                                      0.058    21.380 r  $flatten\\decoder.$auto$alumacc.cc:512:replace_alu$23912.genblk1.slice[7].genblk1.carry4/CO[3]
                         net (fo=1, routed)           0.000    21.380    $flattendecoder.$abc$1094589$aiger1094588$45785
    SLICE_X49Y18         CARRY4 (Prop_carry4_CI_O[1])
                                                      0.213    21.593 r  $flatten\\decoder.$auto$alumacc.cc:512:replace_alu$23912.genblk1.slice[8].genblk1.carry4/O[1]
                         net (fo=1, routed)           0.000    21.593    decoder.application.__phi_decoder_profile_topology__SchedulerGrid_0_next_inst.__phi_halo_cell__DedicatedGroup_0_next_inst_1.__phi_halo_cell__DedicatedActor_0__1_next_inst.add_121464[33]
    SLICE_X49Y18         FDRE                                         r  $flatten\\decoder.$auto$ff.cc:337:slice$46979/D
  -------------------------------------------------------------------    -------------------

                         (clock clock rise edge)      5.000     5.000 r
    AA14                                              0.000     5.000 r  clock (IN)
                         net (fo=0)                   0.000     5.000    clock
    AA14                 IBUF (Prop_ibuf_I_O)         0.767     5.767 r  $iopadmap$phi_timing_harness.clock/O
                         net (fo=1, routed)           1.741     7.508    $auto$clkbufmap.cc:262:execute$6457
    BUFGCTRL_X0Y0        BUFG (Prop_bufg_I_O)         0.113     7.621 r  $auto$clkbufmap.cc:261:execute$6456/O
                         net (fo=21619, routed)       1.467     9.088    decoder.application.clk
    SLICE_X49Y18         FDRE                                         r  $flatten\\decoder.$auto$ff.cc:337:slice$46979/C
                         clock pessimism              0.256     9.344
                         clock uncertainty           -0.035     9.309
    SLICE_X49Y18         FDRE (Setup_fdre_C_D)        0.051     9.360    $flatten\\decoder.$auto$ff.cc:337:slice$46979
  -------------------------------------------------------------------
                         required time                          9.360
                         arrival time                         -21.593
  -------------------------------------------------------------------
                         slack                                -12.233
