Copyright 1986-2022 Xilinx, Inc. All Rights Reserved. Copyright 2022-2024 Advanced Micro Devices, Inc. All Rights Reserved.
---------------------------------------------------------------------------------------------------------------------------------------------------------------------------------------
| Tool Version : Vivado v.2024.2 (lin64) Build 5239630 Fri Nov 08 22:34:34 MST 2024
| Date         : Sun Sep 27 00:59:22 2026
| Host         : ip-172-31-24-238 running 64-bit Ubuntu 22.04.5 LTS
| Command      : report_timing -delay_type max -max_paths 20 -path_type full_clock_expanded -file /home/ubuntu/timing-followup-20260926/selector-edges/sel_d8_w24_n66/vivado/paths.rpt
| Design       : probe_top
| Device       : 7z030-sbg485
| Speed File   : -1  PRODUCTION 1.12 2019-11-22
| Design State : Routed
---------------------------------------------------------------------------------------------------------------------------------------------------------------------------------------

Timing Report

Slack (VIOLATED) :        -6.549ns  (required time - arrival time)
  Source:                 launch_index_5/C
                            (rising edge-triggered cell FDRE clocked by clock  {rise@0.000ns fall@2.500ns period=5.000ns})
  Destination:            capture_18/D
                            (rising edge-triggered cell FDRE clocked by clock  {rise@0.000ns fall@2.500ns period=5.000ns})
  Path Group:             clock
  Path Type:              Setup (Max at Slow Process Corner)
  Requirement:            5.000ns  (clock rise@5.000ns - clock rise@0.000ns)
  Data Path Delay:        11.639ns  (logic 2.715ns (23.327%)  route 8.924ns (76.673%))
  Logic Levels:           30  (LUT3=2 LUT4=2 LUT5=18 LUT6=4 MUXF8=4)
  Clock Path Skew:        0.090ns (DCD - SCD + CPR)
    Destination Clock Delay (DCD):    1.538ns = ( 6.538 - 5.000 )
    Source Clock Delay      (SCD):    1.458ns
    Clock Pessimism Removal (CPR):    0.010ns
  Clock Uncertainty:      0.035ns  ((TSJ^2 + TIJ^2)^1/2 + DJ) / 2 + PE
    Total System Jitter     (TSJ):    0.071ns
    Total Input Jitter      (TIJ):    0.000ns
    Discrete Jitter          (DJ):    0.000ns
    Phase Error              (PE):    0.000ns

    Location             Delay type                Incr(ns)  Path(ns)    Netlist Resource(s)
  -------------------------------------------------------------------    -------------------
                         (clock clock rise edge)      0.000     0.000 r
                                                      0.000     0.000 r  clock (IN)
                         net (fo=1639, unset)         1.458     1.458    clock
    SLICE_X25Y52         FDRE                                         r  launch_index_5/C
  -------------------------------------------------------------------    -------------------
    SLICE_X25Y52         FDRE (Prop_fdre_C_Q)         0.269     1.727 f  launch_index_5/Q
                         net (fo=4, routed)           0.588     2.315    dut.index[5]
    SLICE_X25Y50         LUT4 (Prop_lut4_I2_O)        0.053     2.368 r  $abc$34979$lut$aiger34978$6540/O
                         net (fo=24, routed)          0.546     2.914    $abc$34979$lut$aiger34978$10181.A[7]
    SLICE_X29Y49         MUXF8 (Prop_muxf8_S_O)       0.167     3.081 r  $abc$34979$lut$aiger34978$10623.genblk1.genblk1.genblk1.genblk1.genblk1.genblk1.genblk1.genblk1.genblk1.genblk1.mux8/O
                         net (fo=1, routed)           0.415     3.496    $techmap35588$abc$34979$lut$aiger34978$10637.A[3]
    SLICE_X27Y49         LUT4 (Prop_lut4_I3_O)        0.153     3.649 r  $abc$34979$lut$aiger34978$10637/O
                         net (fo=1, routed)           0.386     4.035    $techmap35589$abc$34979$lut$aiger34978$10661.A[5]
    SLICE_X26Y48         LUT6 (Prop_lut6_I5_O)        0.053     4.088 f  $abc$34979$lut$aiger34978$10661/O
                         net (fo=1, routed)           0.230     4.317    $techmap35590$abc$34979$lut$aiger34978$10667.A[4]
    SLICE_X25Y48         LUT5 (Prop_lut5_I4_O)        0.053     4.370 r  $abc$34979$lut$aiger34978$10667/O
                         net (fo=1, routed)           0.409     4.779    $techmap35748$abc$34979$lut$aiger34978$10673.A[4]
    SLICE_X24Y47         LUT5 (Prop_lut5_I4_O)        0.053     4.832 r  $abc$34979$lut$aiger34978$10673/O
                         net (fo=1, routed)           0.231     5.064    $techmap35749$abc$34979$lut$aiger34978$10679.A[4]
    SLICE_X27Y47         LUT5 (Prop_lut5_I4_O)        0.053     5.117 r  $abc$34979$lut$aiger34978$10679/O
                         net (fo=1, routed)           0.237     5.353    $techmap35750$abc$34979$lut$aiger34978$10686.A[5]
    SLICE_X27Y48         LUT6 (Prop_lut6_I5_O)        0.053     5.406 r  $abc$34979$lut$aiger34978$10686/O
                         net (fo=1, routed)           0.254     5.660    $abc$34979$lut$aiger34978$10697.A[7]
    SLICE_X29Y48         MUXF8 (Prop_muxf8_S_O)       0.167     5.827 r  $abc$34979$lut$aiger34978$10697.genblk1.genblk1.genblk1.genblk1.genblk1.genblk1.genblk1.genblk1.genblk1.genblk1.mux8/O
                         net (fo=1, routed)           0.234     6.062    $techmap35751$abc$34979$lut$aiger34978$10703.A[4]
    SLICE_X30Y48         LUT5 (Prop_lut5_I4_O)        0.153     6.215 r  $abc$34979$lut$aiger34978$10703/O
                         net (fo=1, routed)           0.136     6.351    $techmap35752$abc$34979$lut$aiger34978$10709.A[4]
    SLICE_X30Y48         LUT5 (Prop_lut5_I4_O)        0.053     6.404 r  $abc$34979$lut$aiger34978$10709/O
                         net (fo=1, routed)           0.142     6.546    $techmap35753$abc$34979$lut$aiger34978$10715.A[4]
    SLICE_X30Y48         LUT5 (Prop_lut5_I4_O)        0.053     6.599 r  $abc$34979$lut$aiger34978$10715/O
                         net (fo=1, routed)           0.325     6.924    $techmap35754$abc$34979$lut$aiger34978$10718.A[2]
    SLICE_X28Y48         LUT3 (Prop_lut3_I2_O)        0.053     6.977 r  $abc$34979$lut$aiger34978$10718/O
                         net (fo=1, routed)           0.448     7.425    $techmap35755$abc$34979$lut$aiger34978$10724.A[4]
    SLICE_X28Y48         LUT5 (Prop_lut5_I4_O)        0.053     7.478 r  $abc$34979$lut$aiger34978$10724/O
                         net (fo=1, routed)           0.232     7.710    $techmap35756$abc$34979$lut$aiger34978$10730.A[4]
    SLICE_X27Y48         LUT5 (Prop_lut5_I4_O)        0.053     7.763 r  $abc$34979$lut$aiger34978$10730/O
                         net (fo=1, routed)           0.251     8.014    $techmap35757$abc$34979$lut$aiger34978$10736.A[4]
    SLICE_X30Y48         LUT5 (Prop_lut5_I4_O)        0.053     8.068 r  $abc$34979$lut$aiger34978$10736/O
                         net (fo=1, routed)           0.246     8.314    $techmap35758$abc$34979$lut$aiger34978$10742.A[4]
    SLICE_X30Y47         LUT5 (Prop_lut5_I4_O)        0.053     8.367 r  $abc$34979$lut$aiger34978$10742/O
                         net (fo=1, routed)           0.230     8.597    $techmap35759$abc$34979$lut$aiger34978$10749.A[5]
    SLICE_X29Y47         LUT6 (Prop_lut6_I5_O)        0.053     8.650 r  $abc$34979$lut$aiger34978$10749/O
                         net (fo=1, routed)           0.243     8.892    $abc$34979$lut$aiger34978$10760.A[7]
    SLICE_X28Y46         MUXF8 (Prop_muxf8_S_O)       0.167     9.059 r  $abc$34979$lut$aiger34978$10760.genblk1.genblk1.genblk1.genblk1.genblk1.genblk1.genblk1.genblk1.genblk1.genblk1.mux8/O
                         net (fo=1, routed)           0.234     9.293    $techmap35799$abc$34979$lut$aiger34978$10766.A[4]
    SLICE_X29Y46         LUT5 (Prop_lut5_I4_O)        0.153     9.446 r  $abc$34979$lut$aiger34978$10766/O
                         net (fo=1, routed)           0.306     9.753    $techmap35800$abc$34979$lut$aiger34978$10772.A[4]
    SLICE_X29Y46         LUT5 (Prop_lut5_I4_O)        0.053     9.806 r  $abc$34979$lut$aiger34978$10772/O
                         net (fo=1, routed)           0.235    10.041    $techmap35801$abc$34979$lut$aiger34978$10778.A[4]
    SLICE_X30Y46         LUT5 (Prop_lut5_I4_O)        0.053    10.094 r  $abc$34979$lut$aiger34978$10778/O
                         net (fo=1, routed)           0.319    10.413    $techmap35802$abc$34979$lut$aiger34978$10781.A[2]
    SLICE_X30Y46         LUT3 (Prop_lut3_I2_O)        0.053    10.466 r  $abc$34979$lut$aiger34978$10781/O
                         net (fo=1, routed)           0.457    10.923    $techmap35803$abc$34979$lut$aiger34978$10787.A[4]
    SLICE_X30Y46         LUT5 (Prop_lut5_I4_O)        0.053    10.976 r  $abc$34979$lut$aiger34978$10787/O
                         net (fo=1, routed)           0.242    11.217    $techmap35804$abc$34979$lut$aiger34978$10793.A[4]
    SLICE_X30Y47         LUT5 (Prop_lut5_I4_O)        0.053    11.270 r  $abc$34979$lut$aiger34978$10793/O
                         net (fo=1, routed)           0.135    11.405    $techmap35805$abc$34979$lut$aiger34978$10799.A[4]
    SLICE_X30Y47         LUT5 (Prop_lut5_I4_O)        0.053    11.458 r  $abc$34979$lut$aiger34978$10799/O
                         net (fo=1, routed)           0.230    11.688    $techmap35806$abc$34979$lut$aiger34978$10805.A[4]
    SLICE_X29Y47         LUT5 (Prop_lut5_I4_O)        0.053    11.741 r  $abc$34979$lut$aiger34978$10805/O
                         net (fo=1, routed)           0.237    11.978    $techmap35807$abc$34979$lut$aiger34978$10812.A[5]
    SLICE_X30Y47         LUT6 (Prop_lut6_I5_O)        0.053    12.031 r  $abc$34979$lut$aiger34978$10812/O
                         net (fo=1, routed)           0.388    12.419    $abc$34979$lut$aiger34978$10827.A[7]
    SLICE_X31Y47         MUXF8 (Prop_muxf8_S_O)       0.167    12.586 f  $abc$34979$lut$aiger34978$10827.genblk1.genblk1.genblk1.genblk1.genblk1.genblk1.genblk1.genblk1.genblk1.genblk1.mux8/O
                         net (fo=1, routed)           0.358    12.944    $techmap35808$abc$34979$lutvalue[18].A[4]
    SLICE_X29Y47         LUT5 (Prop_lut5_I4_O)        0.153    13.097 r  $abc$34979$lut\\value[18]/O
                         net (fo=1, routed)           0.000    13.097    dut.out[18]
    SLICE_X29Y47         FDRE                                         r  capture_18/D
  -------------------------------------------------------------------    -------------------

                         (clock clock rise edge)      5.000     5.000 r
                                                      0.000     5.000 r  clock (IN)
                         net (fo=1639, unset)         1.538     6.538    clock
    SLICE_X29Y47         FDRE                                         r  capture_18/C
                         clock pessimism              0.010     6.548
                         clock uncertainty           -0.035     6.513
    SLICE_X29Y47         FDRE (Setup_fdre_C_D)        0.035     6.548    capture_18
  -------------------------------------------------------------------
                         required time                          6.548
                         arrival time                         -13.097
  -------------------------------------------------------------------
                         slack                                 -6.549
