Property                     Type    Read-only  Value
ARRIVAL_TIME                 double  true       13.097
CLASS                        string  true       timing_path
CLOCK_PESSIMISM              double  true       0.010
CORNER                       string  true       Slow
DATAPATH_DELAY               double  true       11.639
DATAPATH_LOGIC_DELAY         double  true       2.715
DATAPATH_NET_DELAY           double  true       8.924
DELAY_TYPE                   string  true       max
ENDPOINT_CLOCK               clock   true       clock
ENDPOINT_CLOCK_DELAY         double  true       1.538
ENDPOINT_CLOCK_EDGE          double  true       5.000
ENDPOINT_CLOCK_ROOT          string  true
ENDPOINT_PIN                 pin     true       capture_18/D
EXCEPTION                    string  true
EXCEPTION_ID                 int*    true
GROUP                        string  true       clock
INPUT_DELAY                  double  true
INTER_SLR_COMPENSATION       double  true
LOGIC_LEVELS                 int     true       30
MAX_FANOUT                   int     true       24
NAME                         string  true       {launch_index_5/C --> capture_18/D}
OUTPUT_DELAY                 double  true
REQUIRED_TIME                double  true       6.548
REQUIREMENT                  double  true       5.000
ROUTABLE_NETS                int     true       unset***
SKEW                         double  true       0.090
SLACK                        double  true       -6.549
STARTPOINT_CLOCK             clock   true       clock
STARTPOINT_CLOCK_DELAY       double  true       1.458
STARTPOINT_CLOCK_EDGE        double  true       0.000
STARTPOINT_CLOCK_ROOT        string  true
STARTPOINT_PIN               pin     true       launch_index_5/C
TIME_BORROWED_FROM_ENDPOINT  double  true
TIME_GIVEN_TO_STARTPOINT     double  true
UNCERTAINTY                  double  true       0.035
USER_UNCERTAINTY             double  true
