# First of 20 reported paths; full reports are retained in the evidence archive.
Copyright 1986-2022 Xilinx, Inc. All Rights Reserved. Copyright 2022-2024 Advanced Micro Devices, Inc. All Rights Reserved.
------------------------------------------------------------------------------------------------------------------------------------------------------------------------------
| Tool Version : Vivado v.2024.2 (lin64) Build 5239630 Fri Nov 08 22:34:34 MST 2024
| Date         : Sat Sep 26 23:22:09 2026
| Host         : ip-172-31-24-238 running 64-bit Ubuntu 22.04.5 LTS
| Command      : report_timing -delay_type max -max_paths 20 -path_type full_clock_expanded -file /home/ubuntu/timing-followup-20260926/mapping-controls/lut/vivado/paths.rpt
| Design       : probe_top
| Device       : 7z030-sbg485
| Speed File   : -1  PRODUCTION 1.12 2019-11-22
| Design State : Routed
------------------------------------------------------------------------------------------------------------------------------------------------------------------------------

Timing Report

Slack (VIOLATED) :        -10.090ns  (required time - arrival time)
  Source:                 decoder.scheduler_3_state.memory.0.3/CLKARDCLK
                            (rising edge-triggered cell RAMB18E1 clocked by clock  {rise@0.000ns fall@2.500ns period=5.000ns})
  Destination:            $flatten\\decoder.$auto$ff.cc:337:slice$56683/D
                            (rising edge-triggered cell FDRE clocked by clock  {rise@0.000ns fall@2.500ns period=5.000ns})
  Path Group:             clock
  Path Type:              Setup (Max at Slow Process Corner)
  Requirement:            5.000ns  (clock rise@5.000ns - clock rise@0.000ns)
  Data Path Delay:        14.790ns  (logic 6.150ns (41.582%)  route 8.640ns (58.418%))
  Logic Levels:           32  (CARRY4=17 LUT2=7 LUT3=4 LUT4=3 LUT5=1)
  Clock Path Skew:        -0.170ns (DCD - SCD + CPR)
    Destination Clock Delay (DCD):    3.881ns = ( 8.881 - 5.000 )
    Source Clock Delay      (SCD):    4.223ns
    Clock Pessimism Removal (CPR):    0.172ns
  Clock Uncertainty:      0.035ns  ((TSJ^2 + TIJ^2)^1/2 + DJ) / 2 + PE
    Total System Jitter     (TSJ):    0.071ns
    Total Input Jitter      (TIJ):    0.000ns
    Discrete Jitter          (DJ):    0.000ns
    Phase Error              (PE):    0.000ns

    Location             Delay type                Incr(ns)  Path(ns)    Netlist Resource(s)
  -------------------------------------------------------------------    -------------------
                         (clock clock rise edge)      0.000     0.000 r
    AA14                                              0.000     0.000 r  clock (IN)
                         net (fo=0)                   0.000     0.000    clock
    AA14                 IBUF (Prop_ibuf_I_O)         0.843     0.843 r  $iopadmap$phi_timing_harness.clock/O
                         net (fo=1, routed)           1.830     2.673    $auto$clkbufmap.cc:262:execute$6457
    BUFGCTRL_X0Y0        BUFG (Prop_bufg_I_O)         0.120     2.793 r  $auto$clkbufmap.cc:261:execute$6456/O
                         net (fo=22438, routed)       1.430     4.223    decoder.scheduler_3_state.clk
    RAMB18_X2Y37         RAMB18E1                                     r  decoder.scheduler_3_state.memory.0.3/CLKARDCLK
  -------------------------------------------------------------------    -------------------
    RAMB18_X2Y37         RAMB18E1 (Prop_ramb18e1_CLKARDCLK_DOADO[9])
                                                      2.080     6.303 r  decoder.scheduler_3_state.memory.0.3/DOADO[9]
                         net (fo=2, routed)           0.657     6.960    decoder.scheduler_3_state_rd_data[118]
    SLICE_X24Y95         LUT4 (Prop_lut4_I0_O)        0.053     7.013 r  $flatten\\decoder.$abc$1383692$lut\\application.__phi_decoder_profile_topology__SchedulerGrid_0_next_inst.__phi_halo_cell__SharedService_0__2_3_0_2_2_next_inst.sel_169963[118]/O
                         net (fo=2, routed)           0.246     7.259    decoder.application.__phi_decoder_profile_topology__SchedulerGrid_0_next_inst.__phi_halo_cell__SharedService_0__2_3_0_2_2_next_inst.sel_169963[118]
    SLICE_X25Y96         LUT3 (Prop_lut3_I2_O)        0.053     7.312 r  $flatten\\decoder.$abc$1383692$lut\\application.__phi_decoder_profile_topology__SchedulerGrid_0_next_inst.__phi_halo_cell__SharedService_0__2_3_0_2_2_next_inst.__phi_halo_cell__SharedExecutor_0_next_inst._request_in[484]/O
                         net (fo=6, routed)           0.610     7.922    decoder.application.__phi_decoder_profile_topology__SchedulerGrid_0_next_inst.__phi_halo_cell__SharedService_0__2_3_0_2_2_next_inst.materialized_fifo_fifo__executor_request_.pop_data[484]
    SLICE_X32Y97         LUT2 (Prop_lut2_I0_O)        0.053     7.975 r  $flatten\\decoder.$auto$abc9_ops.cc:1613:reintegrate$1389477/O
                         net (fo=1, routed)           0.000     7.975    $flattendecoder.$abc$1383692$aiger1383691$112233b
    SLICE_X32Y97         CARRY4 (Prop_carry4_S[1]_CO[3])
                                                      0.310     8.285 r  $flatten\\decoder.$auto$alumacc.cc:512:replace_alu$29066.genblk1.slice[1].genblk1.carry4/CO[3]
                         net (fo=1, routed)           0.000     8.285    $flattendecoder.$abc$1383692$aiger1383691$32142
    SLICE_X32Y98         CARRY4 (Prop_carry4_CI_CO[3])
                                                      0.060     8.345 r  $flatten\\decoder.$auto$alumacc.cc:512:replace_alu$29066.genblk1.slice[2].genblk1.carry4/CO[3]
                         net (fo=1, routed)           0.000     8.345    $flattendecoder.$abc$1383692$aiger1383691$32150
    SLICE_X32Y99         CARRY4 (Prop_carry4_CI_O[1])
                                                      0.212     8.557 r  $flatten\\decoder.$auto$alumacc.cc:512:replace_alu$29066.genblk1.slice[3].genblk1.carry4/O[1]
                         net (fo=1, routed)           0.451     9.008    $flattendecoder.$techmap1395864$auto$abc9_ops.cc:1613:reintegrate$1389438.A[1]
    SLICE_X33Y100        LUT2 (Prop_lut2_I1_O)        0.155     9.163 r  $flatten\\decoder.$auto$abc9_ops.cc:1613:reintegrate$1389438/O
                         net (fo=1, routed)           0.000     9.163    $flattendecoder.$abc$1383692$aiger1383691$112368b
    SLICE_X33Y100        CARRY4 (Prop_carry4_S[2]_CO[3])
                                                      0.235     9.398 r  $flatten\\decoder.$auto$alumacc.cc:512:replace_alu$29075.genblk1.slice[3].genblk1.carry4/CO[3]
                         net (fo=1, routed)           0.000     9.398    $flattendecoder.$abc$1383692$aiger1383691$32230
    SLICE_X33Y101        CARRY4 (Prop_carry4_CI_CO[3])
                                                      0.058     9.456 r  $flatten\\decoder.$auto$alumacc.cc:512:replace_alu$29075.genblk1.slice[4].genblk1.carry4/CO[3]
                         net (fo=1, routed)           0.000     9.456    $flattendecoder.$abc$1383692$aiger1383691$32238
    SLICE_X33Y102        CARRY4 (Prop_carry4_CI_CO[3])
                                                      0.058     9.514 r  $flatten\\decoder.$auto$alumacc.cc:512:replace_alu$29075.genblk1.slice[5].genblk1.carry4/CO[3]
                         net (fo=1, routed)           0.000     9.514    $flattendecoder.$abc$1383692$aiger1383691$32246
    SLICE_X33Y103        CARRY4 (Prop_carry4_CI_O[1])
                                                      0.213     9.727 r  $flatten\\decoder.$auto$alumacc.cc:512:replace_alu$29075.genblk1.slice[6].genblk1.carry4/O[1]
                         net (fo=3, routed)           0.574    10.301    $flattendecoder.$techmap1396268$auto$abc9_ops.cc:1613:reintegrate$1389328.A[0]
    SLICE_X41Y106        LUT2 (Prop_lut2_I1_O)        0.152    10.453 r  $flatten\\decoder.$auto$abc9_ops.cc:1613:reintegrate$1389364/O
                         net (fo=1, routed)           0.000    10.453    $flattendecoder.$abc$1383692$aiger1383691$113148b
    SLICE_X41Y106        CARRY4 (Prop_carry4_S[1]_CO[3])
                                                      0.324    10.777 r  $flatten\\decoder.$auto$alumacc.cc:512:replace_alu$29090.genblk1.slice[6].genblk1.carry4/CO[3]
                         net (fo=1, routed)           0.000    10.777    $flattendecoder.$abc$1383692$aiger1383691$32454
    SLICE_X41Y107        CARRY4 (Prop_carry4_CI_O[1])
                                                      0.213    10.990 r  $flatten\\decoder.$auto$alumacc.cc:512:replace_alu$29090.genblk1.slice[7].genblk1.carry4/O[1]
                         net (fo=15, routed)          0.487    11.477    $flattendecoder.$techmap1396901$abc$1383692$lut$aiger1383691$115440.A[3]
    SLICE_X42Y111        LUT2 (Prop_lut2_I1_O)        0.152    11.629 r  $flatten\\decoder.$abc$1383692$lut$aiger1383691$113319/O
                         net (fo=5, routed)           0.358    11.986    $flattendecoder.$techmap1396958$abc$1383692$lut$aiger1383691$114273.A[1]
    SLICE_X42Y113        LUT2 (Prop_lut2_I1_O)        0.053    12.039 r  $flatten\\decoder.$abc$1383692$lut$aiger1383691$113322/O
                         net (fo=13, routed)          0.716    12.755    $flattendecoder.$techmap1397062$abc$1383692$lut$aiger1383691$113444.A[0]
    SLICE_X45Y116        LUT5 (Prop_lut5_I0_O)        0.053    12.808 r  $flatten\\decoder.$abc$1383692$lut$aiger1383691$113444/O
                         net (fo=9, routed)           0.476    13.284    $flattendecoder.$techmap1397303$abc$1383692$lut$aiger1383691$148986.A[3]
    SLICE_X49Y121        LUT3 (Prop_lut3_I1_O)        0.053    13.337 r  $flatten\\decoder.$abc$1383692$lut$aiger1383691$113887/O
                         net (fo=5, routed)           0.315    13.652    $flattendecoder.$techmap1397281$abc$1383692$lut$aiger1383691$146340.A[2]
    SLICE_X51Y121        LUT2 (Prop_lut2_I1_O)        0.053    13.705 r  $flatten\\decoder.$abc$1383692$lut$aiger1383691$113919/O
                         net (fo=12, routed)          0.743    14.448    $flattendecoder.$techmap1397266$abc$1383692$lut$aiger1383691$142472.A[3]
    SLICE_X53Y125        LUT3 (Prop_lut3_I1_O)        0.053    14.501 r  $flatten\\decoder.$abc$1383692$lut$aiger1383691$114052/O
                         net (fo=12, routed)          0.449    14.950    $flattendecoder.$techmap1397203$abc$1383692$lut$aiger1383691$139397.A[4]
    SLICE_X52Y127        LUT4 (Prop_lut4_I3_O)        0.053    15.003 f  $flatten\\decoder.$abc$1383692$lut$aiger1383691$134495/O
                         net (fo=2, routed)           0.439    15.442    $flattendecoder.$techmap1397166$abc$1383692$lut$aiger1383691$134516.A[2]
    SLICE_X54Y127        LUT3 (Prop_lut3_I2_O)        0.053    15.495 r  $flatten\\decoder.$abc$1383692$lut$aiger1383691$134584/O
                         net (fo=2, routed)           0.452    15.947    $flattendecoder.$techmap1397196$auto$abc9_ops.cc:1613:reintegrate$1389098.A[0]
    SLICE_X55Y125        LUT2 (Prop_lut2_I0_O)        0.053    16.000 r  $flatten\\decoder.$auto$abc9_ops.cc:1613:reintegrate$1389103/O
                         net (fo=2, routed)           0.923    16.924    $flattendecoder.$techmap1397195$auto$abc9_ops.cc:1613:reintegrate$1389099.A[3]
    SLICE_X55Y112        LUT4 (Prop_lut4_I3_O)        0.053    16.977 r  $flatten\\decoder.$auto$abc9_ops.cc:1613:reintegrate$1389099/O
                         net (fo=1, routed)           0.000    16.977    $flattendecoder.$abc$1383692$aiger1383691$134760b
    SLICE_X55Y112        CARRY4 (Prop_carry4_S[1]_CO[3])
                                                      0.324    17.301 r  $flatten\\decoder.$auto$maccmap.cc:240:synth$47734.genblk1.slice[12].genblk1.carry4/CO[3]
                         net (fo=1, routed)           0.000    17.301    $flattendecoder.$abc$1383692$aiger1383691$32902
    SLICE_X55Y113        CARRY4 (Prop_carry4_CI_CO[3])
                                                      0.058    17.359 r  $flatten\\decoder.$auto$maccmap.cc:240:synth$47734.genblk1.slice[13].genblk1.carry4/CO[3]
                         net (fo=1, routed)           0.000    17.359    $flattendecoder.$abc$1383692$aiger1383691$32918
    SLICE_X55Y114        CARRY4 (Prop_carry4_CI_CO[3])
                                                      0.058    17.417 r  $flatten\\decoder.$auto$maccmap.cc:240:synth$47734.genblk1.slice[14].genblk1.carry4/CO[3]
                         net (fo=1, routed)           0.000    17.417    $flattendecoder.$abc$1383692$aiger1383691$32934
    SLICE_X55Y115        CARRY4 (Prop_carry4_CI_CO[3])
                                                      0.058    17.475 r  $flatten\\decoder.$auto$maccmap.cc:240:synth$47734.genblk1.slice[15].genblk1.carry4/CO[3]
                         net (fo=1, routed)           0.000    17.475    $flattendecoder.$abc$1383692$aiger1383691$32950
    SLICE_X55Y116        CARRY4 (Prop_carry4_CI_CO[3])
                                                      0.058    17.533 r  $flatten\\decoder.$auto$maccmap.cc:240:synth$47734.genblk1.slice[16].genblk1.carry4/CO[3]
                         net (fo=1, routed)           0.000    17.533    $flattendecoder.$abc$1383692$aiger1383691$32966
    SLICE_X55Y117        CARRY4 (Prop_carry4_CI_O[0])
                                                      0.139    17.672 r  $flatten\\decoder.$auto$maccmap.cc:240:synth$47734.genblk1.slice[17].genblk1.carry4/O[0]
                         net (fo=1, routed)           0.501    18.172    $flattendecoder.$abc$1383692$aiger1383691$32975
    SLICE_X54Y117        CARRY4 (Prop_carry4_S[0]_CO[3])
                                                      0.452    18.624 r  $flatten\\decoder.$auto$alumacc.cc:512:replace_alu$29108.genblk1.slice[7].genblk1.carry4/CO[3]
                         net (fo=1, routed)           0.000    18.624    $flattendecoder.$abc$1383692$aiger1383691$32990
    SLICE_X54Y118        CARRY4 (Prop_carry4_CI_O[2])
                                                      0.145    18.769 r  $flatten\\decoder.$auto$alumacc.cc:512:replace_alu$29108.genblk1.slice[8].genblk1.carry4/O[2]
                         net (fo=2, routed)           0.243    19.013    decoder.application.__phi_decoder_profile_topology__SchedulerGrid_0_next_inst.__phi_halo_cell__SharedService_0__2_3_0_2_2_next_inst.__phi_halo_cell__SharedExecutor_0_next_inst.bit_slice_166747[17]
    SLICE_X54Y118        FDRE                                         r  $flatten\\decoder.$auto$ff.cc:337:slice$56683/D
  -------------------------------------------------------------------    -------------------

                         (clock clock rise edge)      5.000     5.000 r
    AA14                                              0.000     5.000 r  clock (IN)
                         net (fo=0)                   0.000     5.000    clock
    AA14                 IBUF (Prop_ibuf_I_O)         0.767     5.767 r  $iopadmap$phi_timing_harness.clock/O
                         net (fo=1, routed)           1.741     7.508    $auto$clkbufmap.cc:262:execute$6457
    BUFGCTRL_X0Y0        BUFG (Prop_bufg_I_O)         0.113     7.621 r  $auto$clkbufmap.cc:261:execute$6456/O
                         net (fo=22438, routed)       1.260     8.881    decoder.scheduler_3_state.clk
    SLICE_X54Y118        FDRE                                         r  $flatten\\decoder.$auto$ff.cc:337:slice$56683/C
                         clock pessimism              0.172     9.053
                         clock uncertainty           -0.035     9.018
    SLICE_X54Y118        FDRE (Setup_fdre_C_D)       -0.095     8.923    $flatten\\decoder.$auto$ff.cc:337:slice$56683
  -------------------------------------------------------------------
                         required time                          8.923
                         arrival time                         -19.013
  -------------------------------------------------------------------
                         slack                                -10.090
