Property                     Type    Read-only  Value
ARRIVAL_TIME                 double  true       19.013
CLASS                        string  true       timing_path
CLOCK_PESSIMISM              double  true       0.172
CORNER                       string  true       Slow
DATAPATH_DELAY               double  true       14.790
DATAPATH_LOGIC_DELAY         double  true       6.150
DATAPATH_NET_DELAY           double  true       8.640
DELAY_TYPE                   string  true       max
ENDPOINT_CLOCK               clock   true       clock
ENDPOINT_CLOCK_DELAY         double  true       3.881
ENDPOINT_CLOCK_EDGE          double  true       5.000
ENDPOINT_CLOCK_ROOT          string  true
ENDPOINT_PIN                 pin     true       $flatten\\decoder.$auto$ff.cc:337:slice$56683/D
EXCEPTION                    string  true
EXCEPTION_ID                 int*    true
GROUP                        string  true       clock
INPUT_DELAY                  double  true
INTER_SLR_COMPENSATION       double  true
LOGIC_LEVELS                 int     true       32
MAX_FANOUT                   int     true       15
NAME                         string  true       {decoder.scheduler_3_state.memory.0.3/CLKARDCLK --> $flatten\\decoder.$auto$ff.cc:337:slice$56683/D}
OUTPUT_DELAY                 double  true
REQUIRED_TIME                double  true       8.923
REQUIREMENT                  double  true       5.000
ROUTABLE_NETS                int     true       unset***
SKEW                         double  true       -0.170
SLACK                        double  true       -10.090
STARTPOINT_CLOCK             clock   true       clock
STARTPOINT_CLOCK_DELAY       double  true       4.223
STARTPOINT_CLOCK_EDGE        double  true       0.000
STARTPOINT_CLOCK_ROOT        string  true
STARTPOINT_PIN               pin     true       decoder.scheduler_3_state.memory.0.3/CLKARDCLK
TIME_BORROWED_FROM_ENDPOINT  double  true
TIME_GIVEN_TO_STARTPOINT     double  true
UNCERTAINTY                  double  true       0.035
USER_UNCERTAINTY             double  true
