# First of 20 reported paths; full reports are retained in the evidence archive.
Copyright 1986-2022 Xilinx, Inc. All Rights Reserved. Copyright 2022-2024 Advanced Micro Devices, Inc. All Rights Reserved.
---------------------------------------------------------------------------------------------------------------------------------------------------------------------------------
| Tool Version : Vivado v.2024.2 (lin64) Build 5239630 Fri Nov 08 22:34:34 MST 2024
| Date         : Sun Sep 27 00:01:48 2026
| Host         : ip-172-31-24-238 running 64-bit Ubuntu 22.04.5 LTS
| Command      : report_timing -delay_type max -max_paths 20 -path_type full_clock_expanded -file /home/ubuntu/timing-followup-20260926/architectures/actor-ii2/vivado/paths.rpt
| Design       : probe_top
| Device       : 7z030-sbg485
| Speed File   : -1  PRODUCTION 1.12 2019-11-22
| Design State : Routed
---------------------------------------------------------------------------------------------------------------------------------------------------------------------------------

Timing Report

Slack (VIOLATED) :        -12.692ns  (required time - arrival time)
  Source:                 $flatten\\decoder.$auto$ff.cc:337:slice$42732/C
                            (rising edge-triggered cell FDRE clocked by clock  {rise@0.000ns fall@2.500ns period=5.000ns})
  Destination:            $flatten\\decoder.$auto$ff.cc:337:slice$50145/D
                            (rising edge-triggered cell FDRE clocked by clock  {rise@0.000ns fall@2.500ns period=5.000ns})
  Path Group:             clock
  Path Type:              Setup (Max at Slow Process Corner)
  Requirement:            5.000ns  (clock rise@5.000ns - clock rise@0.000ns)
  Data Path Delay:        17.688ns  (logic 10.508ns (59.406%)  route 7.180ns (40.594%))
  Logic Levels:           37  (CARRY4=25 DSP48E1=3 LUT2=4 LUT4=1 LUT5=3 LUT6=1)
  Clock Path Skew:        -0.019ns (DCD - SCD + CPR)
    Destination Clock Delay (DCD):    3.971ns = ( 8.971 - 5.000 )
    Source Clock Delay      (SCD):    4.244ns
    Clock Pessimism Removal (CPR):    0.254ns
  Clock Uncertainty:      0.035ns  ((TSJ^2 + TIJ^2)^1/2 + DJ) / 2 + PE
    Total System Jitter     (TSJ):    0.071ns
    Total Input Jitter      (TIJ):    0.000ns
    Discrete Jitter          (DJ):    0.000ns
    Phase Error              (PE):    0.000ns

    Location             Delay type                Incr(ns)  Path(ns)    Netlist Resource(s)
  -------------------------------------------------------------------    -------------------
                         (clock clock rise edge)      0.000     0.000 r
    AA14                                              0.000     0.000 r  clock (IN)
                         net (fo=0)                   0.000     0.000    clock
    AA14                 IBUF (Prop_ibuf_I_O)         0.843     0.843 r  $iopadmap$phi_timing_harness.clock/O
                         net (fo=1, routed)           1.830     2.673    $auto$clkbufmap.cc:262:execute$6457
    BUFGCTRL_X0Y0        BUFG (Prop_bufg_I_O)         0.120     2.793 r  $auto$clkbufmap.cc:261:execute$6456/O
                         net (fo=21682, routed)       1.451     4.244    decoder.application.clk
    SLICE_X17Y67         FDRE                                         r  $flatten\\decoder.$auto$ff.cc:337:slice$42732/C
  -------------------------------------------------------------------    -------------------
    SLICE_X17Y67         FDRE (Prop_fdre_C_Q)         0.269     4.513 f  $flatten\\decoder.$auto$ff.cc:337:slice$42732/Q
                         net (fo=3, routed)           0.459     4.972    decoder.application.__phi_decoder_profile_topology__SchedulerGrid_0_next_inst.__phi_decoder_profile_topology__Phi_xReductionPlane_0_next_inst.p0_v_Xls_clause_1_RightValue_1__2[9]
    SLICE_X17Y67         LUT5 (Prop_lut5_I0_O)        0.053     5.025 r  $flatten\\decoder.$abc$1105794$lut$aiger1105793$61225/O
                         net (fo=1, routed)           0.473     5.498    $flattendecoder.$abc$1105794$aiger1105793$61225
    SLICE_X18Y68         CARRY4 (Prop_carry4_DI[3]_CO[3])
                                                      0.234     5.732 r  $flatten\\decoder.\\application.\\__phi_decoder_profile_topology__SchedulerGrid_0_next_inst.\\__phi_decoder_profile_topology__Phi_xReductionPlane_0_next_inst.$lt$/Users/ecpeterson/Documents/code/erl_xls/_build/architecture-repo/_build/actor-boundaries/actor-ii2-read-label/phi_decoder_profile.v:6657$4769.genblk1.slice[0].genblk1.carry4/CO[3]
                         net (fo=1, routed)           0.000     5.732    $flattendecoder.$abc$1105794$aiger1105793$32308
    SLICE_X18Y69         CARRY4 (Prop_carry4_CI_CO[3])
                                                      0.060     5.792 r  $flatten\\decoder.\\application.\\__phi_decoder_profile_topology__SchedulerGrid_0_next_inst.\\__phi_decoder_profile_topology__Phi_xReductionPlane_0_next_inst.$lt$/Users/ecpeterson/Documents/code/erl_xls/_build/architecture-repo/_build/actor-boundaries/actor-ii2-read-label/phi_decoder_profile.v:6657$4769.genblk1.slice[1].genblk1.carry4/CO[3]
                         net (fo=1, routed)           0.000     5.792    $flattendecoder.$abc$1105794$aiger1105793$32316
    SLICE_X18Y70         CARRY4 (Prop_carry4_CI_CO[3])
                                                      0.060     5.852 r  $flatten\\decoder.\\application.\\__phi_decoder_profile_topology__SchedulerGrid_0_next_inst.\\__phi_decoder_profile_topology__Phi_xReductionPlane_0_next_inst.$lt$/Users/ecpeterson/Documents/code/erl_xls/_build/architecture-repo/_build/actor-boundaries/actor-ii2-read-label/phi_decoder_profile.v:6657$4769.genblk1.slice[2].genblk1.carry4/CO[3]
                         net (fo=1, routed)           0.000     5.852    $flattendecoder.$abc$1105794$aiger1105793$32324
    SLICE_X18Y71         CARRY4 (Prop_carry4_CI_CO[3])
                                                      0.060     5.912 r  $flatten\\decoder.\\application.\\__phi_decoder_profile_topology__SchedulerGrid_0_next_inst.\\__phi_decoder_profile_topology__Phi_xReductionPlane_0_next_inst.$lt$/Users/ecpeterson/Documents/code/erl_xls/_build/architecture-repo/_build/actor-boundaries/actor-ii2-read-label/phi_decoder_profile.v:6657$4769.genblk1.slice[3].genblk1.carry4/CO[3]
                         net (fo=1, routed)           0.000     5.912    $flattendecoder.$abc$1105794$aiger1105793$32332
    SLICE_X18Y72         CARRY4 (Prop_carry4_CI_CO[3])
                                                      0.060     5.972 r  $flatten\\decoder.\\application.\\__phi_decoder_profile_topology__SchedulerGrid_0_next_inst.\\__phi_decoder_profile_topology__Phi_xReductionPlane_0_next_inst.$lt$/Users/ecpeterson/Documents/code/erl_xls/_build/architecture-repo/_build/actor-boundaries/actor-ii2-read-label/phi_decoder_profile.v:6657$4769.genblk1.slice[4].genblk1.carry4/CO[3]
                         net (fo=1, routed)           0.000     5.972    $flattendecoder.$abc$1105794$aiger1105793$32340
    SLICE_X18Y73         CARRY4 (Prop_carry4_CI_O[2])
                                                      0.137     6.109 r  $flatten\\decoder.\\application.\\__phi_decoder_profile_topology__SchedulerGrid_0_next_inst.\\__phi_decoder_profile_topology__Phi_xReductionPlane_0_next_inst.$lt$/Users/ecpeterson/Documents/code/erl_xls/_build/architecture-repo/_build/actor-boundaries/actor-ii2-read-label/phi_decoder_profile.v:6657$4769.genblk1.slice[5].genblk1.carry4/O[2]
                         net (fo=14, routed)          0.407     6.515    $flattendecoder.$abc$1105794$lut$aiger1105793$61756.A[7]
    SLICE_X23Y73         LUT4 (Prop_lut4_I3_O)        0.152     6.667 r  $flatten\\decoder.$abc$1105794$lut$aiger1105793$61300/O
                         net (fo=57, routed)          0.645     7.312    $flattendecoder.$techmap1120251$auto$abc9_ops.cc:1613:reintegrate$1116397.A[4]
    SLICE_X23Y72         LUT5 (Prop_lut5_I4_O)        0.053     7.365 r  $flatten\\decoder.$abc$1105794$lut$aiger1105793$61599/O
                         net (fo=4, routed)           0.403     7.768    $flattendecoder.$techmap1120895$abc$1105794$lut$aiger1105793$88134.A[1]
    SLICE_X15Y72         LUT2 (Prop_lut2_I1_O)        0.053     7.821 f  $flatten\\decoder.$abc$1105794$lut$aiger1105793$61690/O
                         net (fo=3, routed)           0.720     8.541    $flattendecoder.$techmap1120893$abc$1105794$lut$aiger1105793$88127.A[2]
    SLICE_X19Y75         LUT2 (Prop_lut2_I0_O)        0.053     8.594 r  $flatten\\decoder.$abc$1105794$lut$aiger1105793$61691/O
                         net (fo=2, routed)           0.308     8.902    $flattendecoder.$abc$1105794$aiger1105793$61691
    SLICE_X16Y75         CARRY4 (Prop_carry4_S[1]_CO[3])
                                                      0.363     9.265 r  $flatten\\decoder.\\application.\\__phi_decoder_profile_topology__SchedulerGrid_0_next_inst.\\__phi_decoder_profile_topology__Phi_xReductionPlane_0_next_inst.$lt$/Users/ecpeterson/Documents/code/erl_xls/_build/architecture-repo/_build/actor-boundaries/actor-ii2-read-label/phi_decoder_profile.v:6704$4816.genblk1.slice[1].genblk1.carry4/CO[3]
                         net (fo=1, routed)           0.000     9.265    $flattendecoder.$abc$1105794$aiger1105793$32484
    SLICE_X16Y76         CARRY4 (Prop_carry4_CI_CO[3])
                                                      0.060     9.325 r  $flatten\\decoder.\\application.\\__phi_decoder_profile_topology__SchedulerGrid_0_next_inst.\\__phi_decoder_profile_topology__Phi_xReductionPlane_0_next_inst.$lt$/Users/ecpeterson/Documents/code/erl_xls/_build/architecture-repo/_build/actor-boundaries/actor-ii2-read-label/phi_decoder_profile.v:6704$4816.genblk1.slice[2].genblk1.carry4/CO[3]
                         net (fo=1, routed)           0.000     9.325    $flattendecoder.$abc$1105794$aiger1105793$32492
    SLICE_X16Y77         CARRY4 (Prop_carry4_CI_CO[3])
                                                      0.060     9.385 r  $flatten\\decoder.\\application.\\__phi_decoder_profile_topology__SchedulerGrid_0_next_inst.\\__phi_decoder_profile_topology__Phi_xReductionPlane_0_next_inst.$lt$/Users/ecpeterson/Documents/code/erl_xls/_build/architecture-repo/_build/actor-boundaries/actor-ii2-read-label/phi_decoder_profile.v:6704$4816.genblk1.slice[3].genblk1.carry4/CO[3]
                         net (fo=1, routed)           0.000     9.385    $flattendecoder.$abc$1105794$aiger1105793$32500
    SLICE_X16Y78         CARRY4 (Prop_carry4_CI_CO[3])
                                                      0.060     9.445 r  $flatten\\decoder.\\application.\\__phi_decoder_profile_topology__SchedulerGrid_0_next_inst.\\__phi_decoder_profile_topology__Phi_xReductionPlane_0_next_inst.$lt$/Users/ecpeterson/Documents/code/erl_xls/_build/architecture-repo/_build/actor-boundaries/actor-ii2-read-label/phi_decoder_profile.v:6704$4816.genblk1.slice[4].genblk1.carry4/CO[3]
                         net (fo=1, routed)           0.000     9.445    $flattendecoder.$abc$1105794$aiger1105793$32508
    SLICE_X16Y79         CARRY4 (Prop_carry4_CI_O[2])
                                                      0.137     9.582 f  $flatten\\decoder.\\application.\\__phi_decoder_profile_topology__SchedulerGrid_0_next_inst.\\__phi_decoder_profile_topology__Phi_xReductionPlane_0_next_inst.$lt$/Users/ecpeterson/Documents/code/erl_xls/_build/architecture-repo/_build/actor-boundaries/actor-ii2-read-label/phi_decoder_profile.v:6704$4816.genblk1.slice[5].genblk1.carry4/O[2]
                         net (fo=30, routed)          0.767    10.350    $flattendecoder.$techmap1120385$abc$1105794$lut$aiger1105793$73351.A[3]
    SLICE_X26Y82         LUT6 (Prop_lut6_I4_O)        0.152    10.502 r  $flatten\\decoder.$abc$1105794$lut$aiger1105793$73524/O
                         net (fo=1, routed)           0.135    10.637    $flattendecoder.$techmap1120336$abc$1105794$lut$aiger1105793$73525.A[1]
    SLICE_X26Y82         LUT2 (Prop_lut2_I1_O)        0.053    10.690 r  $flatten\\decoder.$abc$1105794$lut$aiger1105793$73525/O
                         net (fo=5, routed)           0.546    11.236    $flattendecoder.$techmap1121266$auto$abc9_ops.cc:1613:reintegrate$1115915.A[5]
    SLICE_X21Y85         LUT5 (Prop_lut5_I4_O)        0.053    11.289 r  $flatten\\decoder.$abc$1105794$lut\\application.__phi_decoder_profile_topology__SchedulerGrid_0_next_inst.__phi_halo_cell__DedicatedGroup_0_next_inst.__phi_halo_cell__DedicatedActor_0__0_next_inst.aggregate_request[4]/O
                         net (fo=3, routed)           0.272    11.561    decoder.application.__phi_decoder_profile_topology__SchedulerGrid_0_next_inst.__phi_halo_cell__DedicatedGroup_0_next_inst.__phi_halo_cell__DedicatedActor_0__0_next_inst.tuple_index_119269[4]
    SLICE_X19Y86         CARRY4 (Prop_carry4_DI[0]_CO[3])
                                                      0.324    11.885 r  $flatten\\decoder.$auto$alumacc.cc:512:replace_alu$23610.genblk1.slice[1].genblk1.carry4/CO[3]
                         net (fo=1, routed)           0.000    11.885    $flattendecoder.$abc$1105794$aiger1105793$32540
    SLICE_X19Y87         CARRY4 (Prop_carry4_CI_CO[3])
                                                      0.058    11.943 r  $flatten\\decoder.$auto$alumacc.cc:512:replace_alu$23610.genblk1.slice[2].genblk1.carry4/CO[3]
                         net (fo=1, routed)           0.000    11.943    $flattendecoder.$abc$1105794$aiger1105793$32556
    SLICE_X19Y88         CARRY4 (Prop_carry4_CI_O[1])
                                                      0.213    12.156 r  $flatten\\decoder.$auto$alumacc.cc:512:replace_alu$23610.genblk1.slice[3].genblk1.carry4/O[1]
                         net (fo=2, routed)           0.642    12.798    $flattendecoder.$abc$1105794$aiger1105793$32566
    DSP48_X0Y37          DSP48E1 (Prop_dsp48e1_B[13]_PCOUT[47])
                                                      3.363    16.161 r  $flatten\\decoder.\\application.\\__phi_decoder_profile_topology__SchedulerGrid_0_next_inst.\\__phi_halo_cell__DedicatedGroup_0_next_inst.\\__phi_halo_cell__DedicatedActor_0__0_next_inst.$mul$/Users/ecpeterson/Documents/code/erl_xls/_build/architecture-repo/_build/actor-boundaries/actor-ii2-read-label/phi_decoder_profile.v:2202$2669.genblk1.genblk1.genblk1.genblk1.genblk1.genblk1.genblk1.sliceA[0].mul.genblk1.genblk1.genblk1.genblk1.genblk1.genblk1.genblk1.genblk1.sliceB[0].mul/PCOUT[47]
                         net (fo=1, routed)           0.000    16.161    $flattendecoder.$abc$1105794$aiger1105793$32959
    DSP48_X0Y38          DSP48E1 (Prop_dsp48e1_PCIN[47]_PCOUT[47])
                                                      1.452    17.613 r  $flatten\\decoder.\\application.\\__phi_decoder_profile_topology__SchedulerGrid_0_next_inst.\\__phi_halo_cell__DedicatedGroup_0_next_inst.\\__phi_halo_cell__DedicatedActor_0__0_next_inst.$mul$/Users/ecpeterson/Documents/code/erl_xls/_build/architecture-repo/_build/actor-boundaries/actor-ii2-read-label/phi_decoder_profile.v:2202$2669.genblk1.genblk1.genblk1.genblk1.genblk1.genblk1.genblk1.sliceA[0].mul.genblk1.genblk1.genblk1.genblk1.genblk1.genblk1.genblk1.genblk1.sliceB[1].mul/PCOUT[47]
                         net (fo=1, routed)           0.000    17.613    $flattendecoder.$abc$1105794$aiger1105793$33113
    DSP48_X0Y39          DSP48E1 (Prop_dsp48e1_PCIN[47]_P[0])
                                                      1.286    18.899 r  $flatten\\decoder.\\application.\\__phi_decoder_profile_topology__SchedulerGrid_0_next_inst.\\__phi_halo_cell__DedicatedGroup_0_next_inst.\\__phi_halo_cell__DedicatedActor_0__0_next_inst.$mul$/Users/ecpeterson/Documents/code/erl_xls/_build/architecture-repo/_build/actor-boundaries/actor-ii2-read-label/phi_decoder_profile.v:2202$2669.genblk1.genblk1.genblk1.genblk1.genblk1.genblk1.genblk1.sliceA[0].mul.genblk1.genblk1.genblk1.genblk1.genblk1.genblk1.genblk1.genblk1.mul_sliceB_last/P[0]
                         net (fo=2, routed)           0.856    19.755    $flattendecoder.$techmap1120600$auto$abc9_ops.cc:1613:reintegrate$1116369.A[1]
    SLICE_X13Y86         LUT2 (Prop_lut2_I1_O)        0.053    19.808 r  $flatten\\decoder.$auto$abc9_ops.cc:1613:reintegrate$1116369/O
                         net (fo=1, routed)           0.000    19.808    $flattendecoder.$abc$1105794$aiger1105793$87341b
    SLICE_X13Y86         CARRY4 (Prop_carry4_S[1]_CO[3])
                                                      0.324    20.132 r  $flatten\\decoder.$auto$alumacc.cc:512:replace_alu$23457.genblk1.slice[4].genblk1.carry4/CO[3]
                         net (fo=1, routed)           0.000    20.132    $flattendecoder.$abc$1105794$aiger1105793$33470
    SLICE_X13Y87         CARRY4 (Prop_carry4_CI_CO[3])
                                                      0.058    20.190 r  $flatten\\decoder.$auto$alumacc.cc:512:replace_alu$23457.genblk1.slice[5].genblk1.carry4/CO[3]
                         net (fo=1, routed)           0.000    20.190    $flattendecoder.$abc$1105794$aiger1105793$33478
    SLICE_X13Y88         CARRY4 (Prop_carry4_CI_CO[3])
                                                      0.058    20.248 r  $flatten\\decoder.$auto$alumacc.cc:512:replace_alu$23457.genblk1.slice[6].genblk1.carry4/CO[3]
                         net (fo=1, routed)           0.000    20.248    $flattendecoder.$abc$1105794$aiger1105793$33486
    SLICE_X13Y89         CARRY4 (Prop_carry4_CI_O[3])
                                                      0.179    20.427 r  $flatten\\decoder.$auto$alumacc.cc:512:replace_alu$23457.genblk1.slice[7].genblk1.carry4/O[3]
                         net (fo=1, routed)           0.547    20.975    $flattendecoder.$abc$1105794$aiger1105793$33490
    SLICE_X15Y92         CARRY4 (Prop_carry4_S[0]_CO[3])
                                                      0.455    21.430 r  $flatten\\decoder.$auto$alumacc.cc:512:replace_alu$23634.genblk1.slice[2].genblk1.carry4/CO[3]
                         net (fo=1, routed)           0.000    21.430    $flattendecoder.$abc$1105794$aiger1105793$42400
    SLICE_X15Y93         CARRY4 (Prop_carry4_CI_CO[3])
                                                      0.058    21.488 r  $flatten\\decoder.$auto$alumacc.cc:512:replace_alu$23634.genblk1.slice[3].genblk1.carry4/CO[3]
                         net (fo=1, routed)           0.000    21.488    $flattendecoder.$abc$1105794$aiger1105793$42408
    SLICE_X15Y94         CARRY4 (Prop_carry4_CI_CO[3])
                                                      0.058    21.546 r  $flatten\\decoder.$auto$alumacc.cc:512:replace_alu$23634.genblk1.slice[4].genblk1.carry4/CO[3]
                         net (fo=1, routed)           0.000    21.546    $flattendecoder.$abc$1105794$aiger1105793$42416
    SLICE_X15Y95         CARRY4 (Prop_carry4_CI_CO[3])
                                                      0.058    21.604 r  $flatten\\decoder.$auto$alumacc.cc:512:replace_alu$23634.genblk1.slice[5].genblk1.carry4/CO[3]
                         net (fo=1, routed)           0.000    21.604    $flattendecoder.$abc$1105794$aiger1105793$42424
    SLICE_X15Y96         CARRY4 (Prop_carry4_CI_CO[3])
                                                      0.058    21.662 r  $flatten\\decoder.$auto$alumacc.cc:512:replace_alu$23634.genblk1.slice[6].genblk1.carry4/CO[3]
                         net (fo=1, routed)           0.000    21.662    $flattendecoder.$abc$1105794$aiger1105793$42432
    SLICE_X15Y97         CARRY4 (Prop_carry4_CI_CO[3])
                                                      0.058    21.720 r  $flatten\\decoder.$auto$alumacc.cc:512:replace_alu$23634.genblk1.slice[7].genblk1.carry4/CO[3]
                         net (fo=1, routed)           0.000    21.720    $flattendecoder.$abc$1105794$aiger1105793$42440
    SLICE_X15Y98         CARRY4 (Prop_carry4_CI_O[1])
                                                      0.213    21.933 r  $flatten\\decoder.$auto$alumacc.cc:512:replace_alu$23634.genblk1.slice[8].genblk1.carry4/O[1]
                         net (fo=1, routed)           0.000    21.933    decoder.application.__phi_decoder_profile_topology__SchedulerGrid_0_next_inst.__phi_halo_cell__DedicatedGroup_0_next_inst.__phi_halo_cell__DedicatedActor_0__0_next_inst.add_119894[33]
    SLICE_X15Y98         FDRE                                         r  $flatten\\decoder.$auto$ff.cc:337:slice$50145/D
  -------------------------------------------------------------------    -------------------

                         (clock clock rise edge)      5.000     5.000 r
    AA14                                              0.000     5.000 r  clock (IN)
                         net (fo=0)                   0.000     5.000    clock
    AA14                 IBUF (Prop_ibuf_I_O)         0.767     5.767 r  $iopadmap$phi_timing_harness.clock/O
                         net (fo=1, routed)           1.741     7.508    $auto$clkbufmap.cc:262:execute$6457
    BUFGCTRL_X0Y0        BUFG (Prop_bufg_I_O)         0.113     7.621 r  $auto$clkbufmap.cc:261:execute$6456/O
                         net (fo=21682, routed)       1.350     8.971    decoder.application.clk
    SLICE_X15Y98         FDRE                                         r  $flatten\\decoder.$auto$ff.cc:337:slice$50145/C
                         clock pessimism              0.254     9.225
                         clock uncertainty           -0.035     9.190
    SLICE_X15Y98         FDRE (Setup_fdre_C_D)        0.051     9.241    $flatten\\decoder.$auto$ff.cc:337:slice$50145
  -------------------------------------------------------------------
                         required time                          9.241
                         arrival time                         -21.933
  -------------------------------------------------------------------
                         slack                                -12.692
