# First of 20 reported paths; full reports are retained in the evidence archive.
Copyright 1986-2022 Xilinx, Inc. All Rights Reserved. Copyright 2022-2024 Advanced Micro Devices, Inc. All Rights Reserved.
--------------------------------------------------------------------------------------------------------------------------------------------------------------------------------------------
| Tool Version : Vivado v.2024.2 (lin64) Build 5239630 Fri Nov 08 22:34:34 MST 2024
| Date         : Sat Sep 26 23:42:21 2026
| Host         : ip-172-31-24-238 running 64-bit Ubuntu 22.04.5 LTS
| Command      : report_timing -delay_type max -max_paths 20 -path_type full_clock_expanded -file /home/ubuntu/timing-followup-20260926/architectures/no-immediate-reissue/vivado/paths.rpt
| Design       : probe_top
| Device       : 7z030-sbg485
| Speed File   : -1  PRODUCTION 1.12 2019-11-22
| Design State : Routed
--------------------------------------------------------------------------------------------------------------------------------------------------------------------------------------------

Timing Report

Slack (VIOLATED) :        -10.756ns  (required time - arrival time)
  Source:                 decoder.scheduler_3_state.memory.0.9/CLKARDCLK
                            (rising edge-triggered cell RAMB18E1 clocked by clock  {rise@0.000ns fall@2.500ns period=5.000ns})
  Destination:            $flatten\\decoder.$auto$ff.cc:337:slice$53011/D
                            (rising edge-triggered cell FDRE clocked by clock  {rise@0.000ns fall@2.500ns period=5.000ns})
  Path Group:             clock
  Path Type:              Setup (Max at Slow Process Corner)
  Requirement:            5.000ns  (clock rise@5.000ns - clock rise@0.000ns)
  Data Path Delay:        15.781ns  (logic 10.226ns (64.800%)  route 5.555ns (35.200%))
  Logic Levels:           26  (CARRY4=14 DSP48E1=3 LUT2=2 LUT3=1 LUT4=2 LUT5=3 LUT6=1)
  Clock Path Skew:        0.009ns (DCD - SCD + CPR)
    Destination Clock Delay (DCD):    4.161ns = ( 9.161 - 5.000 )
    Source Clock Delay      (SCD):    4.408ns
    Clock Pessimism Removal (CPR):    0.256ns
  Clock Uncertainty:      0.035ns  ((TSJ^2 + TIJ^2)^1/2 + DJ) / 2 + PE
    Total System Jitter     (TSJ):    0.071ns
    Total Input Jitter      (TIJ):    0.000ns
    Discrete Jitter          (DJ):    0.000ns
    Phase Error              (PE):    0.000ns

    Location             Delay type                Incr(ns)  Path(ns)    Netlist Resource(s)
  -------------------------------------------------------------------    -------------------
                         (clock clock rise edge)      0.000     0.000 r
    AA14                                              0.000     0.000 r  clock (IN)
                         net (fo=0)                   0.000     0.000    clock
    AA14                 IBUF (Prop_ibuf_I_O)         0.843     0.843 r  $iopadmap$phi_timing_harness.clock/O
                         net (fo=1, routed)           1.830     2.673    $auto$clkbufmap.cc:262:execute$6457
    BUFGCTRL_X0Y0        BUFG (Prop_bufg_I_O)         0.120     2.793 r  $auto$clkbufmap.cc:261:execute$6456/O
                         net (fo=24166, routed)       1.615     4.408    decoder.scheduler_3_state.clk
    RAMB18_X4Y10         RAMB18E1                                     r  decoder.scheduler_3_state.memory.0.9/CLKARDCLK
  -------------------------------------------------------------------    -------------------
    RAMB18_X4Y10         RAMB18E1 (Prop_ramb18e1_CLKARDCLK_DOBDO[13])
                                                      2.080     6.488 f  decoder.scheduler_3_state.memory.0.9/DOBDO[13]
                         net (fo=2, routed)           0.652     7.140    decoder.scheduler_3_state_rd_data[356]
    SLICE_X73Y26         LUT4 (Prop_lut4_I0_O)        0.053     7.193 f  $flatten\\decoder.$abc$1106613$lut\\application.__phi_decoder_profile_topology__SchedulerGrid_0_next_inst.__phi_halo_cell__SharedService_0__2_3_0_2_2_next_inst.sel_149120[356]/O
                         net (fo=2, routed)           0.391     7.584    decoder.application.__phi_decoder_profile_topology__SchedulerGrid_0_next_inst.__phi_halo_cell__SharedService_0__2_3_0_2_2_next_inst.sel_149120[356]
    SLICE_X81Y28         LUT3 (Prop_lut3_I2_O)        0.053     7.637 f  $flatten\\decoder.$abc$1106613$lut$aiger1106612$91263/O
                         net (fo=7, routed)           0.684     8.321    $flattendecoder.$techmap1123915$abc$1106613$lutapplication.__phi_decoder_profile_topology__SchedulerGrid_0_next_inst.__phi_halo_cell__SharedService_0__2_3_0_2_2_next_inst.__phi_halo_cell__SharedExecutor_0_next_inst.nor_145459.A[0]
    SLICE_X93Y30         LUT4 (Prop_lut4_I3_O)        0.053     8.374 f  $flatten\\decoder.$abc$1106613$lut$aiger1106612$91579/O
                         net (fo=2, routed)           0.249     8.623    $flattendecoder.$techmap1115164$abc$1106613$lut$aiger1106612$91930.A[1]
    SLICE_X94Y30         LUT2 (Prop_lut2_I1_O)        0.053     8.676 r  $flatten\\decoder.$abc$1106613$lut$aiger1106612$91930/O
                         net (fo=2, routed)           0.459     9.135    $flattendecoder.$techmap1115165$abc$1106613$lut$aiger1106612$91937.A[5]
    SLICE_X94Y30         LUT6 (Prop_lut6_I5_O)        0.053     9.188 r  $flatten\\decoder.$abc$1106613$lut$aiger1106612$91937/O
                         net (fo=1, routed)           0.235     9.424    $flattendecoder.$techmap1115170$abc$1106613$lut$aiger1106612$91951.A[4]
    SLICE_X97Y30         LUT5 (Prop_lut5_I4_O)        0.053     9.477 r  $flatten\\decoder.$abc$1106613$lut$aiger1106612$91951/O
                         net (fo=1, routed)           0.600    10.077    $flattendecoder.$techmap1115291$abc$1106613$lut$aiger1106612$92051.A[4]
    SLICE_X96Y31         LUT5 (Prop_lut5_I4_O)        0.053    10.130 r  $flatten\\decoder.$abc$1106613$lut$aiger1106612$92051/O
                         net (fo=115, routed)         0.730    10.860    $flattendecoder.$techmap1124006$abc$1106613$lut$aiger1106612$94574.A[3]
    SLICE_X103Y31        LUT5 (Prop_lut5_I4_O)        0.053    10.913 r  $flatten\\decoder.$auto$abc9_ops.cc:1613:reintegrate$1114986/O
                         net (fo=2, routed)           0.439    11.352    $flattendecoder.$techmap1124012$abc$1106613$lut$aiger1106612$94741.A[2]
    SLICE_X102Y31        CARRY4 (Prop_carry4_DI[3]_CO[3])
                                                      0.234    11.586 r  $flatten\\decoder.$auto$alumacc.cc:512:replace_alu$27521.genblk1.slice[1].genblk1.carry4/CO[3]
                         net (fo=1, routed)           0.000    11.586    $flattendecoder.$abc$1106613$aiger1106612$31038
    SLICE_X102Y32        CARRY4 (Prop_carry4_CI_CO[3])
                                                      0.060    11.646 r  $flatten\\decoder.$auto$alumacc.cc:512:replace_alu$27521.genblk1.slice[2].genblk1.carry4/CO[3]
                         net (fo=1, routed)           0.000    11.646    $flattendecoder.$abc$1106613$aiger1106612$31054
    SLICE_X102Y33        CARRY4 (Prop_carry4_CI_O[1])
                                                      0.212    11.858 r  $flatten\\decoder.$auto$alumacc.cc:512:replace_alu$27521.genblk1.slice[3].genblk1.carry4/O[1]
                         net (fo=2, routed)           0.562    12.420    $flattendecoder.$abc$1106613$aiger1106612$31064
    DSP48_X5Y10          DSP48E1 (Prop_dsp48e1_B[13]_PCOUT[47])
                                                      3.366    15.786 r  $flatten\\decoder.\\application.\\__phi_decoder_profile_topology__SchedulerGrid_0_next_inst.\\__phi_halo_cell__SharedService_0__2_3_0_2_2_next_inst.\\__phi_halo_cell__SharedExecutor_0_next_inst.$mul$/Users/ecpeterson/Documents/code/erl_xls/_build/architecture-repo/_build/architecture/registered-selection/phi_decoder_profile.v:3633$3869.genblk1.genblk1.genblk1.genblk1.genblk1.genblk1.genblk1.sliceA[0].mul.genblk1.genblk1.genblk1.genblk1.genblk1.genblk1.genblk1.genblk1.sliceB[0].mul/PCOUT[47]
                         net (fo=1, routed)           0.000    15.786    $flattendecoder.$abc$1106613$aiger1106612$31457
    DSP48_X5Y11          DSP48E1 (Prop_dsp48e1_PCIN[47]_PCOUT[47])
                                                      1.452    17.238 r  $flatten\\decoder.\\application.\\__phi_decoder_profile_topology__SchedulerGrid_0_next_inst.\\__phi_halo_cell__SharedService_0__2_3_0_2_2_next_inst.\\__phi_halo_cell__SharedExecutor_0_next_inst.$mul$/Users/ecpeterson/Documents/code/erl_xls/_build/architecture-repo/_build/architecture/registered-selection/phi_decoder_profile.v:3633$3869.genblk1.genblk1.genblk1.genblk1.genblk1.genblk1.genblk1.sliceA[0].mul.genblk1.genblk1.genblk1.genblk1.genblk1.genblk1.genblk1.genblk1.sliceB[1].mul/PCOUT[47]
                         net (fo=1, routed)           0.000    17.238    $flattendecoder.$abc$1106613$aiger1106612$31611
    DSP48_X5Y12          DSP48E1 (Prop_dsp48e1_PCIN[47]_P[0])
                                                      1.286    18.524 r  $flatten\\decoder.\\application.\\__phi_decoder_profile_topology__SchedulerGrid_0_next_inst.\\__phi_halo_cell__SharedService_0__2_3_0_2_2_next_inst.\\__phi_halo_cell__SharedExecutor_0_next_inst.$mul$/Users/ecpeterson/Documents/code/erl_xls/_build/architecture-repo/_build/architecture/registered-selection/phi_decoder_profile.v:3633$3869.genblk1.genblk1.genblk1.genblk1.genblk1.genblk1.genblk1.sliceA[0].mul.genblk1.genblk1.genblk1.genblk1.genblk1.genblk1.genblk1.genblk1.mul_sliceB_last/P[0]
                         net (fo=2, routed)           0.553    19.076    $flattendecoder.$techmap1115685$auto$abc9_ops.cc:1613:reintegrate$1114858.A[1]
    SLICE_X105Y30        LUT2 (Prop_lut2_I1_O)        0.053    19.129 r  $flatten\\decoder.$auto$abc9_ops.cc:1613:reintegrate$1114858/O
                         net (fo=1, routed)           0.000    19.129    $flattendecoder.$abc$1106613$aiger1106612$150890b
    SLICE_X105Y30        CARRY4 (Prop_carry4_S[1]_CO[3])
                                                      0.324    19.453 r  $flatten\\decoder.$auto$alumacc.cc:512:replace_alu$27206.genblk1.slice[4].genblk1.carry4/CO[3]
                         net (fo=1, routed)           0.000    19.453    $flattendecoder.$abc$1106613$aiger1106612$31968
    SLICE_X105Y31        CARRY4 (Prop_carry4_CI_CO[3])
                                                      0.058    19.511 r  $flatten\\decoder.$auto$alumacc.cc:512:replace_alu$27206.genblk1.slice[5].genblk1.carry4/CO[3]
                         net (fo=1, routed)           0.000    19.511    $flattendecoder.$abc$1106613$aiger1106612$31976
    SLICE_X105Y32        CARRY4 (Prop_carry4_CI_CO[3])
                                                      0.058    19.569 r  $flatten\\decoder.$auto$alumacc.cc:512:replace_alu$27206.genblk1.slice[6].genblk1.carry4/CO[3]
                         net (fo=1, routed)           0.000    19.569    $flattendecoder.$abc$1106613$aiger1106612$31984
    SLICE_X105Y33        CARRY4 (Prop_carry4_CI_CO[3])
                                                      0.058    19.627 r  $flatten\\decoder.$auto$alumacc.cc:512:replace_alu$27206.genblk1.slice[7].genblk1.carry4/CO[3]
                         net (fo=1, routed)           0.000    19.627    $flattendecoder.$abc$1106613$aiger1106612$31992
    SLICE_X105Y34        CARRY4 (Prop_carry4_CI_CO[3])
                                                      0.058    19.685 r  $flatten\\decoder.$auto$alumacc.cc:512:replace_alu$27206.genblk1.slice[8].genblk1.carry4/CO[3]
                         net (fo=1, routed)           0.000    19.685    $flattendecoder.$abc$1106613$aiger1106612$32154
    SLICE_X105Y35        CARRY4 (Prop_carry4_CI_CO[3])
                                                      0.058    19.743 r  $flatten\\decoder.$auto$alumacc.cc:512:replace_alu$27206.genblk1.slice[9].genblk1.carry4/CO[3]
                         net (fo=1, routed)           0.000    19.743    $flattendecoder.$abc$1106613$aiger1106612$32162
    SLICE_X105Y36        CARRY4 (Prop_carry4_CI_CO[3])
                                                      0.058    19.801 r  $flatten\\decoder.$auto$alumacc.cc:512:replace_alu$27206.genblk1.slice[10].genblk1.carry4/CO[3]
                         net (fo=1, routed)           0.000    19.801    $flattendecoder.$abc$1106613$aiger1106612$32170
    SLICE_X105Y37        CARRY4 (Prop_carry4_CI_CO[3])
                                                      0.058    19.859 r  $flatten\\decoder.$auto$alumacc.cc:512:replace_alu$27206.genblk1.slice[11].genblk1.carry4/CO[3]
                         net (fo=1, routed)           0.000    19.859    $flattendecoder.$abc$1106613$aiger1106612$32178
    SLICE_X105Y38        CARRY4 (Prop_carry4_CI_CO[3])
                                                      0.058    19.917 r  $flatten\\decoder.$auto$alumacc.cc:512:replace_alu$27206.genblk1.slice[12].genblk1.carry4/CO[3]
                         net (fo=1, routed)           0.000    19.917    $flattendecoder.$abc$1106613$aiger1106612$32186
    SLICE_X105Y39        CARRY4 (Prop_carry4_CI_CO[3])
                                                      0.058    19.975 r  $flatten\\decoder.$auto$alumacc.cc:512:replace_alu$27206.genblk1.slice[13].genblk1.carry4/CO[3]
                         net (fo=1, routed)           0.000    19.975    $flattendecoder.$abc$1106613$aiger1106612$32194
    SLICE_X105Y40        CARRY4 (Prop_carry4_CI_O[1])
                                                      0.213    20.188 r  $flatten\\decoder.$auto$alumacc.cc:512:replace_alu$27206.genblk1.slice[14].genblk1.carry4/O[1]
                         net (fo=1, routed)           0.000    20.188    decoder.application.__phi_decoder_profile_topology__SchedulerGrid_0_next_inst.__phi_halo_cell__SharedService_0__2_3_0_2_2_next_inst.__phi_halo_cell__SharedExecutor_0_next_inst.smul_146195[74]
    SLICE_X105Y40        FDRE                                         r  $flatten\\decoder.$auto$ff.cc:337:slice$53011/D
  -------------------------------------------------------------------    -------------------

                         (clock clock rise edge)      5.000     5.000 r
    AA14                                              0.000     5.000 r  clock (IN)
                         net (fo=0)                   0.000     5.000    clock
    AA14                 IBUF (Prop_ibuf_I_O)         0.767     5.767 r  $iopadmap$phi_timing_harness.clock/O
                         net (fo=1, routed)           1.741     7.508    $auto$clkbufmap.cc:262:execute$6457
    BUFGCTRL_X0Y0        BUFG (Prop_bufg_I_O)         0.113     7.621 r  $auto$clkbufmap.cc:261:execute$6456/O
                         net (fo=24166, routed)       1.540     9.161    decoder.scheduler_3_state.clk
    SLICE_X105Y40        FDRE                                         r  $flatten\\decoder.$auto$ff.cc:337:slice$53011/C
                         clock pessimism              0.256     9.417
                         clock uncertainty           -0.035     9.382
    SLICE_X105Y40        FDRE (Setup_fdre_C_D)        0.051     9.433    $flatten\\decoder.$auto$ff.cc:337:slice$53011
  -------------------------------------------------------------------
                         required time                          9.433
                         arrival time                         -20.188
  -------------------------------------------------------------------
                         slack                                -10.756
