Property                     Type    Read-only  Value
ARRIVAL_TIME                 double  true       20.188
CLASS                        string  true       timing_path
CLOCK_PESSIMISM              double  true       0.256
CORNER                       string  true       Slow
DATAPATH_DELAY               double  true       15.781
DATAPATH_LOGIC_DELAY         double  true       10.226
DATAPATH_NET_DELAY           double  true       5.555
DELAY_TYPE                   string  true       max
ENDPOINT_CLOCK               clock   true       clock
ENDPOINT_CLOCK_DELAY         double  true       4.161
ENDPOINT_CLOCK_EDGE          double  true       5.000
ENDPOINT_CLOCK_ROOT          string  true
ENDPOINT_PIN                 pin     true       $flatten\\decoder.$auto$ff.cc:337:slice$53011/D
EXCEPTION                    string  true
EXCEPTION_ID                 int*    true
GROUP                        string  true       clock
INPUT_DELAY                  double  true
INTER_SLR_COMPENSATION       double  true
LOGIC_LEVELS                 int     true       26
MAX_FANOUT                   int     true       115
NAME                         string  true       {decoder.scheduler_3_state.memory.0.9/CLKARDCLK --> $flatten\\decoder.$auto$ff.cc:337:slice$53011/D}
OUTPUT_DELAY                 double  true
REQUIRED_TIME                double  true       9.433
REQUIREMENT                  double  true       5.000
ROUTABLE_NETS                int     true       unset***
SKEW                         double  true       0.009
SLACK                        double  true       -10.756
STARTPOINT_CLOCK             clock   true       clock
STARTPOINT_CLOCK_DELAY       double  true       4.408
STARTPOINT_CLOCK_EDGE        double  true       0.000
STARTPOINT_CLOCK_ROOT        string  true
STARTPOINT_PIN               pin     true       decoder.scheduler_3_state.memory.0.9/CLKARDCLK
TIME_BORROWED_FROM_ENDPOINT  double  true
TIME_GIVEN_TO_STARTPOINT     double  true
UNCERTAINTY                  double  true       0.035
USER_UNCERTAINTY             double  true
