# First of 20 reported paths; full reports are retained in the evidence archive.
Copyright 1986-2022 Xilinx, Inc. All Rights Reserved. Copyright 2022-2024 Advanced Micro Devices, Inc. All Rights Reserved.
------------------------------------------------------------------------------------------------------------------------------------------------------------------------------------------
| Tool Version : Vivado v.2024.2 (lin64) Build 5239630 Fri Nov 08 22:34:34 MST 2024
| Date         : Sat Sep 26 23:59:03 2026
| Host         : ip-172-31-24-238 running 64-bit Ubuntu 22.04.5 LTS
| Command      : report_timing -delay_type max -max_paths 20 -path_type full_clock_expanded -file /home/ubuntu/timing-followup-20260926/architectures/collector-register/vivado/paths.rpt
| Design       : probe_top
| Device       : 7z030-sbg485
| Speed File   : -1  PRODUCTION 1.12 2019-11-22
| Design State : Routed
------------------------------------------------------------------------------------------------------------------------------------------------------------------------------------------

Timing Report

Slack (VIOLATED) :        -12.809ns  (required time - arrival time)
  Source:                 $flatten\\decoder.$auto$ff.cc:337:slice$50115/C
                            (rising edge-triggered cell FDRE clocked by clock  {rise@0.000ns fall@2.500ns period=5.000ns})
  Destination:            $flatten\\decoder.$auto$ff.cc:337:slice$50179/D
                            (rising edge-triggered cell FDRE clocked by clock  {rise@0.000ns fall@2.500ns period=5.000ns})
  Path Group:             clock
  Path Type:              Setup (Max at Slow Process Corner)
  Requirement:            5.000ns  (clock rise@5.000ns - clock rise@0.000ns)
  Data Path Delay:        17.651ns  (logic 10.104ns (57.244%)  route 7.547ns (42.756%))
  Logic Levels:           31  (CARRY4=17 DSP48E1=3 LUT2=3 LUT3=1 LUT4=3 LUT5=1 LUT6=3)
  Clock Path Skew:        -0.091ns (DCD - SCD + CPR)
    Destination Clock Delay (DCD):    4.087ns = ( 9.087 - 5.000 )
    Source Clock Delay      (SCD):    4.434ns
    Clock Pessimism Removal (CPR):    0.256ns
  Clock Uncertainty:      0.035ns  ((TSJ^2 + TIJ^2)^1/2 + DJ) / 2 + PE
    Total System Jitter     (TSJ):    0.071ns
    Total Input Jitter      (TIJ):    0.000ns
    Discrete Jitter          (DJ):    0.000ns
    Phase Error              (PE):    0.000ns

    Location             Delay type                Incr(ns)  Path(ns)    Netlist Resource(s)
  -------------------------------------------------------------------    -------------------
                         (clock clock rise edge)      0.000     0.000 r
    AA14                                              0.000     0.000 r  clock (IN)
                         net (fo=0)                   0.000     0.000    clock
    AA14                 IBUF (Prop_ibuf_I_O)         0.843     0.843 r  $iopadmap$phi_timing_harness.clock/O
                         net (fo=1, routed)           1.830     2.673    $auto$clkbufmap.cc:262:execute$6457
    BUFGCTRL_X0Y0        BUFG (Prop_bufg_I_O)         0.120     2.793 r  $auto$clkbufmap.cc:261:execute$6456/O
                         net (fo=19430, routed)       1.641     4.434    decoder.application.clk
    SLICE_X30Y16         FDRE                                         r  $flatten\\decoder.$auto$ff.cc:337:slice$50115/C
  -------------------------------------------------------------------    -------------------
    SLICE_X30Y16         FDRE (Prop_fdre_C_Q)         0.308     4.742 f  $flatten\\decoder.$auto$ff.cc:337:slice$50115/Q
                         net (fo=2, routed)           0.459     5.201    decoder.application.__phi_decoder_profile_topology__SchedulerGrid_0_next_inst.__phi_halo_cell__DedicatedGroup_0_next_inst.__phi_halo_cell__DedicatedActor_0__1_next_inst.____state_21[11]
    SLICE_X29Y17         LUT4 (Prop_lut4_I0_O)        0.053     5.254 r  $flatten\\decoder.$abc$1102507$lut$aiger1102506$57309/O
                         net (fo=1, routed)           0.420     5.674    $flattendecoder.$techmap1116488$abc$1102507$lut$aiger1102506$57313.A[4]
    SLICE_X30Y17         LUT5 (Prop_lut5_I4_O)        0.053     5.727 r  $flatten\\decoder.$abc$1102507$lut$aiger1102506$57313/O
                         net (fo=1, routed)           0.135     5.862    $flattendecoder.$techmap1116490$abc$1102507$lut$aiger1102506$57321.A[5]
    SLICE_X30Y17         LUT6 (Prop_lut6_I5_O)        0.053     5.915 r  $flatten\\decoder.$abc$1102507$lut$aiger1102506$57321/O
                         net (fo=14, routed)          0.521     6.436    $flattendecoder.$techmap1119220$abc$1102507$lut$aiger1102506$57326.A[1]
    SLICE_X31Y18         LUT3 (Prop_lut3_I1_O)        0.053     6.489 r  $flatten\\decoder.$abc$1102507$lut$aiger1102506$57464/O
                         net (fo=137, routed)         0.572     7.061    $flattendecoder.$techmap1123284$abc$1102507$lut$aiger1102506$74966.A[1]
    SLICE_X33Y19         LUT4 (Prop_lut4_I3_O)        0.053     7.114 r  $flatten\\decoder.$abc$1102507$lut$aiger1102506$74282/O
                         net (fo=5, routed)           0.539     7.653    $flattendecoder.$techmap1125626$abc$1102507$lut$aiger1102506$74291.A[2]
    SLICE_X34Y20         LUT2 (Prop_lut2_I1_O)        0.053     7.706 r  $flatten\\decoder.$abc$1102507$lut$aiger1102506$83182/O
                         net (fo=1, routed)           0.000     7.706    $flattendecoder.$abc$1102507$aiger1102506$83182
    SLICE_X34Y20         CARRY4 (Prop_carry4_S[3]_CO[3])
                                                      0.216     7.922 r  $flatten\\decoder.$auto$alumacc.cc:512:replace_alu$21541.genblk1.slice[2].genblk1.carry4/CO[3]
                         net (fo=1, routed)           0.000     7.922    $flattendecoder.$abc$1102507$aiger1102506$36768
    SLICE_X34Y21         CARRY4 (Prop_carry4_CI_O[0])
                                                      0.135     8.057 r  $flatten\\decoder.$auto$alumacc.cc:512:replace_alu$21541.genblk1.slice[3].genblk1.carry4/O[0]
                         net (fo=2, routed)           0.603     8.660    $flattendecoder.$abc$1102507$aiger1102506$36769
    DSP48_X2Y7           DSP48E1 (Prop_dsp48e1_B[13]_PCOUT[47])
                                                      3.364    12.024 r  $flatten\\decoder.\\application.\\__phi_decoder_profile_topology__SchedulerGrid_0_next_inst.\\__phi_halo_cell__DedicatedGroup_0_next_inst.\\__phi_halo_cell__DedicatedActor_0__1_next_inst.$mul$/Users/ecpeterson/Documents/code/erl_xls/_build/architecture-repo/_build/actor-boundaries/collector-register/phi_decoder_profile.v:3464$3964.genblk1.genblk1.genblk1.genblk1.genblk1.genblk1.genblk1.sliceA[0].mul.genblk1.genblk1.genblk1.genblk1.genblk1.genblk1.genblk1.genblk1.sliceB[0].mul/PCOUT[47]
                         net (fo=1, routed)           0.000    12.024    $flattendecoder.$abc$1102507$aiger1102506$37123
    DSP48_X2Y8           DSP48E1 (Prop_dsp48e1_PCIN[47]_PCOUT[47])
                                                      1.452    13.476 r  $flatten\\decoder.\\application.\\__phi_decoder_profile_topology__SchedulerGrid_0_next_inst.\\__phi_halo_cell__DedicatedGroup_0_next_inst.\\__phi_halo_cell__DedicatedActor_0__1_next_inst.$mul$/Users/ecpeterson/Documents/code/erl_xls/_build/architecture-repo/_build/actor-boundaries/collector-register/phi_decoder_profile.v:3464$3964.genblk1.genblk1.genblk1.genblk1.genblk1.genblk1.genblk1.sliceA[0].mul.genblk1.genblk1.genblk1.genblk1.genblk1.genblk1.genblk1.genblk1.sliceB[1].mul/PCOUT[47]
                         net (fo=1, routed)           0.000    13.476    $flattendecoder.$abc$1102507$aiger1102506$37277
    DSP48_X2Y9           DSP48E1 (Prop_dsp48e1_PCIN[47]_P[3])
                                                      1.286    14.762 r  $flatten\\decoder.\\application.\\__phi_decoder_profile_topology__SchedulerGrid_0_next_inst.\\__phi_halo_cell__DedicatedGroup_0_next_inst.\\__phi_halo_cell__DedicatedActor_0__1_next_inst.$mul$/Users/ecpeterson/Documents/code/erl_xls/_build/architecture-repo/_build/actor-boundaries/collector-register/phi_decoder_profile.v:3464$3964.genblk1.genblk1.genblk1.genblk1.genblk1.genblk1.genblk1.sliceA[0].mul.genblk1.genblk1.genblk1.genblk1.genblk1.genblk1.genblk1.genblk1.mul_sliceB_last/P[3]
                         net (fo=2, routed)           0.592    15.354    $flattendecoder.$techmap1116817$auto$abc9_ops.cc:1613:reintegrate$1112571.A[1]
    SLICE_X35Y21         LUT2 (Prop_lut2_I1_O)        0.053    15.407 r  $flatten\\decoder.$auto$abc9_ops.cc:1613:reintegrate$1112571/O
                         net (fo=1, routed)           0.000    15.407    $flattendecoder.$abc$1102507$aiger1102506$83526b
    SLICE_X35Y21         CARRY4 (Prop_carry4_S[0]_CO[3])
                                                      0.313    15.720 r  $flatten\\decoder.$auto$alumacc.cc:512:replace_alu$21322.genblk1.slice[5].genblk1.carry4/CO[3]
                         net (fo=1, routed)           0.000    15.720    $flattendecoder.$abc$1102507$aiger1102506$37634
    SLICE_X35Y22         CARRY4 (Prop_carry4_CI_O[1])
                                                      0.213    15.933 r  $flatten\\decoder.$auto$alumacc.cc:512:replace_alu$21322.genblk1.slice[6].genblk1.carry4/O[1]
                         net (fo=1, routed)           0.448    16.380    $flattendecoder.$abc$1102507$aiger1102506$37636
    SLICE_X33Y22         CARRY4 (Prop_carry4_S[2]_CO[3])
                                                      0.387    16.767 r  $flatten\\decoder.$auto$alumacc.cc:512:replace_alu$21547.genblk1.slice[0].genblk1.carry4/CO[3]
                         net (fo=1, routed)           0.000    16.767    $flattendecoder.$abc$1102507$aiger1102506$40396
    SLICE_X33Y23         CARRY4 (Prop_carry4_CI_CO[3])
                                                      0.058    16.825 r  $flatten\\decoder.$auto$alumacc.cc:512:replace_alu$21547.genblk1.slice[1].genblk1.carry4/CO[3]
                         net (fo=1, routed)           0.000    16.825    $flattendecoder.$abc$1102507$aiger1102506$40404
    SLICE_X33Y24         CARRY4 (Prop_carry4_CI_CO[3])
                                                      0.058    16.883 r  $flatten\\decoder.$auto$alumacc.cc:512:replace_alu$21547.genblk1.slice[2].genblk1.carry4/CO[3]
                         net (fo=1, routed)           0.008    16.891    $flattendecoder.$abc$1102507$aiger1102506$40412
    SLICE_X33Y25         CARRY4 (Prop_carry4_CI_CO[3])
                                                      0.058    16.949 r  $flatten\\decoder.$auto$alumacc.cc:512:replace_alu$21547.genblk1.slice[3].genblk1.carry4/CO[3]
                         net (fo=1, routed)           0.000    16.949    $flattendecoder.$abc$1102507$aiger1102506$40420
    SLICE_X33Y26         CARRY4 (Prop_carry4_CI_CO[3])
                                                      0.058    17.007 r  $flatten\\decoder.$auto$alumacc.cc:512:replace_alu$21547.genblk1.slice[4].genblk1.carry4/CO[3]
                         net (fo=1, routed)           0.000    17.007    $flattendecoder.$abc$1102507$aiger1102506$40428
    SLICE_X33Y27         CARRY4 (Prop_carry4_CI_CO[3])
                                                      0.058    17.065 r  $flatten\\decoder.$auto$alumacc.cc:512:replace_alu$21547.genblk1.slice[5].genblk1.carry4/CO[3]
                         net (fo=1, routed)           0.000    17.065    $flattendecoder.$abc$1102507$aiger1102506$40436
    SLICE_X33Y28         CARRY4 (Prop_carry4_CI_O[1])
                                                      0.213    17.278 r  $flatten\\decoder.$auto$alumacc.cc:512:replace_alu$21547.genblk1.slice[6].genblk1.carry4/O[1]
                         net (fo=2, routed)           0.587    17.865    $flattendecoder.$techmap1118860$auto$abc9_ops.cc:1613:reintegrate$1111958.A[1]
    SLICE_X31Y26         LUT2 (Prop_lut2_I1_O)        0.152    18.017 r  $flatten\\decoder.$auto$abc9_ops.cc:1613:reintegrate$1111958/O
                         net (fo=1, routed)           0.000    18.017    $flattendecoder.$abc$1102507$aiger1102506$83667b
    SLICE_X31Y26         CARRY4 (Prop_carry4_S[0]_CO[3])
                                                      0.313    18.330 r  $flatten\\decoder.$auto$alumacc.cc:512:replace_alu$21559.genblk1.slice[2].genblk1.carry4/CO[3]
                         net (fo=1, routed)           0.000    18.330    $flattendecoder.$abc$1102507$aiger1102506$40556
    SLICE_X31Y27         CARRY4 (Prop_carry4_CI_CO[3])
                                                      0.058    18.388 r  $flatten\\decoder.$auto$alumacc.cc:512:replace_alu$21559.genblk1.slice[3].genblk1.carry4/CO[3]
                         net (fo=1, routed)           0.000    18.388    $flattendecoder.$abc$1102507$aiger1102506$40564
    SLICE_X31Y28         CARRY4 (Prop_carry4_CI_CO[3])
                                                      0.058    18.446 r  $flatten\\decoder.$auto$alumacc.cc:512:replace_alu$21559.genblk1.slice[4].genblk1.carry4/CO[3]
                         net (fo=1, routed)           0.000    18.446    $flattendecoder.$abc$1102507$aiger1102506$40572
    SLICE_X31Y29         CARRY4 (Prop_carry4_CI_O[3])
                                                      0.179    18.625 r  $flatten\\decoder.$auto$alumacc.cc:512:replace_alu$21559.genblk1.slice[5].genblk1.carry4/O[3]
                         net (fo=4, routed)           0.818    19.443    $flattendecoder.$techmap1121714$auto$abc9_ops.cc:1613:reintegrate$1111459.A[1]
    SLICE_X30Y26         LUT6 (Prop_lut6_I1_O)        0.142    19.585 r  $flatten\\decoder.$auto$abc9_ops.cc:1613:reintegrate$1111459/O
                         net (fo=1, routed)           0.285    19.870    $flattendecoder.$abc$1102507$aiger1102506$83751b
    SLICE_X32Y26         CARRY4 (Prop_carry4_DI[3]_CO[3])
                                                      0.234    20.104 r  $flatten\\decoder.\\application.\\__phi_decoder_profile_topology__SchedulerGrid_0_next_inst.\\__phi_halo_cell__DedicatedGroup_0_next_inst.\\__phi_halo_cell__DedicatedActor_0__1_next_inst.$gt$/Users/ecpeterson/Documents/code/erl_xls/_build/architecture-repo/_build/actor-boundaries/collector-register/phi_decoder_profile.v:4555$3653.genblk1.slice[1].genblk1.carry4/CO[3]
                         net (fo=1, routed)           0.000    20.104    $flattendecoder.$abc$1102507$aiger1102506$46772
    SLICE_X32Y27         CARRY4 (Prop_carry4_CI_O[1])
                                                      0.212    20.316 r  $flatten\\decoder.\\application.\\__phi_decoder_profile_topology__SchedulerGrid_0_next_inst.\\__phi_halo_cell__DedicatedGroup_0_next_inst.\\__phi_halo_cell__DedicatedActor_0__1_next_inst.$gt$/Users/ecpeterson/Documents/code/erl_xls/_build/architecture-repo/_build/actor-boundaries/collector-register/phi_decoder_profile.v:4555$3653.genblk1.slice[2].genblk1.carry4/O[1]
                         net (fo=18, routed)          0.757    21.073    $flattendecoder.$techmap1143039$abc$1102507$lut$aiger1102506$95971.A[4]
    SLICE_X38Y27         LUT6 (Prop_lut6_I4_O)        0.155    21.228 r  $flatten\\decoder.$abc$1102507$lut$aiger1102506$134123/O
                         net (fo=1, routed)           0.442    21.670    $flattendecoder.$techmap1129720$auto$abc9_ops.cc:1613:reintegrate$1108805.A[3]
    SLICE_X38Y27         LUT4 (Prop_lut4_I3_O)        0.053    21.723 r  $flatten\\decoder.$auto$abc9_ops.cc:1613:reintegrate$1108805/O
                         net (fo=2, routed)           0.362    22.085    decoder.application.__phi_decoder_profile_topology__SchedulerGrid_0_next_inst.__phi_halo_cell__DedicatedGroup_0_next_inst.__phi_halo_cell__DedicatedActor_0__1_next_inst.sel_120561[27]
    SLICE_X37Y27         FDRE                                         r  $flatten\\decoder.$auto$ff.cc:337:slice$50179/D
  -------------------------------------------------------------------    -------------------

                         (clock clock rise edge)      5.000     5.000 r
    AA14                                              0.000     5.000 r  clock (IN)
                         net (fo=0)                   0.000     5.000    clock
    AA14                 IBUF (Prop_ibuf_I_O)         0.767     5.767 r  $iopadmap$phi_timing_harness.clock/O
                         net (fo=1, routed)           1.741     7.508    $auto$clkbufmap.cc:262:execute$6457
    BUFGCTRL_X0Y0        BUFG (Prop_bufg_I_O)         0.113     7.621 r  $auto$clkbufmap.cc:261:execute$6456/O
                         net (fo=19430, routed)       1.466     9.087    decoder.application.clk
    SLICE_X37Y27         FDRE                                         r  $flatten\\decoder.$auto$ff.cc:337:slice$50179/C
                         clock pessimism              0.256     9.343
                         clock uncertainty           -0.035     9.308
    SLICE_X37Y27         FDRE (Setup_fdre_C_D)       -0.032     9.276    $flatten\\decoder.$auto$ff.cc:337:slice$50179
  -------------------------------------------------------------------
                         required time                          9.276
                         arrival time                         -22.085
  -------------------------------------------------------------------
                         slack                                -12.809
