Property                     Type    Read-only  Value
ARRIVAL_TIME                 double  true       22.085
CLASS                        string  true       timing_path
CLOCK_PESSIMISM              double  true       0.256
CORNER                       string  true       Slow
DATAPATH_DELAY               double  true       17.651
DATAPATH_LOGIC_DELAY         double  true       10.104
DATAPATH_NET_DELAY           double  true       7.547
DELAY_TYPE                   string  true       max
ENDPOINT_CLOCK               clock   true       clock
ENDPOINT_CLOCK_DELAY         double  true       4.087
ENDPOINT_CLOCK_EDGE          double  true       5.000
ENDPOINT_CLOCK_ROOT          string  true
ENDPOINT_PIN                 pin     true       $flatten\\decoder.$auto$ff.cc:337:slice$50179/D
EXCEPTION                    string  true
EXCEPTION_ID                 int*    true
GROUP                        string  true       clock
INPUT_DELAY                  double  true
INTER_SLR_COMPENSATION       double  true
LOGIC_LEVELS                 int     true       31
MAX_FANOUT                   int     true       137
NAME                         string  true       {$flatten\\decoder.$auto$ff.cc:337:slice$50115/C --> $flatten\\decoder.$auto$ff.cc:337:slice$50179/D}
OUTPUT_DELAY                 double  true
REQUIRED_TIME                double  true       9.276
REQUIREMENT                  double  true       5.000
ROUTABLE_NETS                int     true       unset***
SKEW                         double  true       -0.091
SLACK                        double  true       -12.809
STARTPOINT_CLOCK             clock   true       clock
STARTPOINT_CLOCK_DELAY       double  true       4.434
STARTPOINT_CLOCK_EDGE        double  true       0.000
STARTPOINT_CLOCK_ROOT        string  true
STARTPOINT_PIN               pin     true       $flatten\\decoder.$auto$ff.cc:337:slice$50115/C
TIME_BORROWED_FROM_ENDPOINT  double  true
TIME_GIVEN_TO_STARTPOINT     double  true
UNCERTAINTY                  double  true       0.035
USER_UNCERTAINTY             double  true
