# First of 20 reported paths; full reports are retained in the evidence archive.
Copyright 1986-2022 Xilinx, Inc. All Rights Reserved. Copyright 2022-2024 Advanced Micro Devices, Inc. All Rights Reserved.
----------------------------------------------------------------------------------------------------------------------------------------------------------------------------------------
| Tool Version : Vivado v.2024.2 (lin64) Build 5239630 Fri Nov 08 22:34:34 MST 2024
| Date         : Sun Sep 27 00:12:12 2026
| Host         : ip-172-31-24-238 running 64-bit Ubuntu 22.04.5 LTS
| Command      : report_timing -delay_type max -max_paths 20 -path_type full_clock_expanded -file /home/ubuntu/timing-followup-20260926/architectures/factored-unsplit/vivado/paths.rpt
| Design       : probe_top
| Device       : 7z030-sbg485
| Speed File   : -1  PRODUCTION 1.12 2019-11-22
| Design State : Routed
----------------------------------------------------------------------------------------------------------------------------------------------------------------------------------------

Timing Report

Slack (VIOLATED) :        -10.836ns  (required time - arrival time)
  Source:                 $flatten\\decoder.$auto$ff.cc:337:slice$50436/C
                            (rising edge-triggered cell FDRE clocked by clock  {rise@0.000ns fall@2.500ns period=5.000ns})
  Destination:            $flatten\\decoder.$auto$ff.cc:337:slice$47190/CE
                            (rising edge-triggered cell FDRE clocked by clock  {rise@0.000ns fall@2.500ns period=5.000ns})
  Path Group:             clock
  Path Type:              Setup (Max at Slow Process Corner)
  Requirement:            5.000ns  (clock rise@5.000ns - clock rise@0.000ns)
  Data Path Delay:        15.380ns  (logic 1.753ns (11.398%)  route 13.627ns (88.602%))
  Logic Levels:           28  (LUT2=7 LUT3=3 LUT4=4 LUT5=8 LUT6=6)
  Clock Path Skew:        -0.176ns (DCD - SCD + CPR)
    Destination Clock Delay (DCD):    3.897ns = ( 8.897 - 5.000 )
    Source Clock Delay      (SCD):    4.245ns
    Clock Pessimism Removal (CPR):    0.172ns
  Clock Uncertainty:      0.035ns  ((TSJ^2 + TIJ^2)^1/2 + DJ) / 2 + PE
    Total System Jitter     (TSJ):    0.071ns
    Total Input Jitter      (TIJ):    0.000ns
    Discrete Jitter          (DJ):    0.000ns
    Phase Error              (PE):    0.000ns

    Location             Delay type                Incr(ns)  Path(ns)    Netlist Resource(s)
  -------------------------------------------------------------------    -------------------
                         (clock clock rise edge)      0.000     0.000 r
    AA14                                              0.000     0.000 r  clock (IN)
                         net (fo=0)                   0.000     0.000    clock
    AA14                 IBUF (Prop_ibuf_I_O)         0.843     0.843 r  $iopadmap$phi_timing_harness.clock/O
                         net (fo=1, routed)           1.830     2.673    $auto$clkbufmap.cc:262:execute$6457
    BUFGCTRL_X0Y0        BUFG (Prop_bufg_I_O)         0.120     2.793 r  $auto$clkbufmap.cc:261:execute$6456/O
                         net (fo=24164, routed)       1.452     4.245    decoder.scheduler_3_state.clk
    SLICE_X94Y106        FDRE                                         r  $flatten\\decoder.$auto$ff.cc:337:slice$50436/C
  -------------------------------------------------------------------    -------------------
    SLICE_X94Y106        FDRE (Prop_fdre_C_Q)         0.269     4.514 f  $flatten\\decoder.$auto$ff.cc:337:slice$50436/Q
                         net (fo=922, routed)         0.377     4.891    decoder.application.__phi_decoder_profile_topology__SchedulerGrid_0_next_inst.__phi_halo_cell__SharedService_0__2_3_0_2_2_next_inst.____state_9
    SLICE_X94Y106        LUT2 (Prop_lut2_I0_O)        0.053     4.944 f  $flatten\\decoder.$abc$1106537$lut$aiger1106536$46956/O
                         net (fo=2, routed)           0.610     5.554    $flattendecoder.$techmap1118159$abc$1106537$lut$aiger1106536$46964.A[5]
    SLICE_X95Y106        LUT6 (Prop_lut6_I5_O)        0.053     5.607 r  $flatten\\decoder.$abc$1106537$lut$aiger1106536$46964/O
                         net (fo=923, routed)         0.750     6.357    $flattendecoder.$techmap1141612$abc$1106537$lutapplication.__phi_decoder_profile_topology__SchedulerGrid_0_next_inst.__phi_halo_cell__SharedService_0__2_3_0_2_2_next_inst.incoming_result[23].A[2]
    SLICE_X100Y104       LUT6 (Prop_lut6_I5_O)        0.053     6.410 r  $flatten\\decoder.$auto$abc9_ops.cc:1613:reintegrate$1107597/O
                         net (fo=136, routed)         0.302     6.712    decoder.application.__phi_decoder_profile_topology__SchedulerGrid_0_next_inst.materialized_fifo_fifo__scheduler_3_egress_.push_data[392]
    SLICE_X98Y104        LUT3 (Prop_lut3_I2_O)        0.053     6.765 r  $flatten\\decoder.$abc$1106537$lut$aiger1106536$46987/O
                         net (fo=4, routed)           0.596     7.361    $flattendecoder.$techmap1119186$abc$1106537$lut$aiger1106536$47354.A[1]
    SLICE_X97Y105        LUT4 (Prop_lut4_I2_O)        0.053     7.414 f  $flatten\\decoder.$abc$1106537$lut$aiger1106536$47003/O
                         net (fo=1, routed)           0.443     7.858    $flattendecoder.$techmap1119134$abc$1106537$lut$aiger1106536$47076.A[5]
    SLICE_X96Y105        LUT6 (Prop_lut6_I5_O)        0.053     7.911 f  $flatten\\decoder.$abc$1106537$lut$aiger1106536$47076/O
                         net (fo=5, routed)           0.284     8.195    $flattendecoder.$techmap1119186$abc$1106537$lut$aiger1106536$47354.A[4]
    SLICE_X98Y105        LUT5 (Prop_lut5_I4_O)        0.053     8.248 r  $flatten\\decoder.$abc$1106537$lut$aiger1106536$47360/O
                         net (fo=5, routed)           0.849     9.097    $flattendecoder.$techmap1119245$abc$1106537$lut$aiger1106536$47594.A[0]
    SLICE_X102Y105       LUT6 (Prop_lut6_I2_O)        0.053     9.150 f  $flatten\\decoder.$abc$1106537$lut$aiger1106536$47433/O
                         net (fo=1, routed)           0.246     9.396    $flattendecoder.$techmap1119215$abc$1106537$lut$aiger1106536$47476.A[4]
    SLICE_X102Y104       LUT5 (Prop_lut5_I4_O)        0.053     9.449 f  $flatten\\decoder.$abc$1106537$lut$aiger1106536$47476/O
                         net (fo=1, routed)           0.610    10.059    $flattendecoder.$techmap1119238$abc$1106537$lut$aiger1106536$47566.A[4]
    SLICE_X100Y106       LUT5 (Prop_lut5_I4_O)        0.053    10.112 r  $flatten\\decoder.$abc$1106537$lut$aiger1106536$47566/O
                         net (fo=1, routed)           0.406    10.518    $flattendecoder.$techmap1119252$abc$1106537$lut$aiger1106536$47631.A[4]
    SLICE_X99Y106        LUT6 (Prop_lut6_I4_O)        0.053    10.571 r  $flatten\\decoder.$abc$1106537$lut$aiger1106536$47631/O
                         net (fo=2, routed)           0.450    11.021    $flattendecoder.$techmap1119304$abc$1106537$lut$aiger1106536$47804.A[5]
    SLICE_X97Y103        LUT6 (Prop_lut6_I5_O)        0.053    11.074 f  $flatten\\decoder.$abc$1106537$lut$aiger1106536$47804/O
                         net (fo=2, routed)           0.242    11.317    $flattendecoder.$techmap1142747$abc$1106537$lut$aiger1106536$90282.A[1]
    SLICE_X97Y102        LUT5 (Prop_lut5_I4_O)        0.053    11.370 f  $flatten\\decoder.$abc$1106537$lut$aiger1106536$47889/O
                         net (fo=1, routed)           0.359    11.728    $flattendecoder.$techmap1119346$auto$abc9_ops.cc:1613:reintegrate$1113236.A[4]
    SLICE_X96Y102        LUT5 (Prop_lut5_I4_O)        0.053    11.781 r  $flatten\\decoder.$auto$abc9_ops.cc:1613:reintegrate$1113236/O
                         net (fo=306, routed)         0.376    12.157    decoder.scheduler_3_state.rd_addr
    SLICE_X97Y101        LUT3 (Prop_lut3_I2_O)        0.053    12.210 r  $flatten\\decoder.$abc$1106537$lut$aiger1106536$49011/O
                         net (fo=2, routed)           0.203    12.413    $flattendecoder.$techmap1119352$abc$1106537$lut$aiger1106536$49015.A[3]
    SLICE_X97Y101        LUT4 (Prop_lut4_I3_O)        0.053    12.466 f  $flatten\\decoder.$abc$1106537$lut$aiger1106536$49015/O
                         net (fo=4, routed)           0.295    12.761    $flattendecoder.$techmap1119418$abc$1106537$lut$aiger1106536$49270.A[4]
    SLICE_X96Y101        LUT2 (Prop_lut2_I1_O)        0.053    12.814 f  $flatten\\decoder.$abc$1106537$lut$aiger1106536$49019/O
                         net (fo=2, routed)           0.427    13.241    $flattendecoder.$techmap1119380$abc$1106537$lut$aiger1106536$49126.A[1]
    SLICE_X96Y100        LUT5 (Prop_lut5_I4_O)        0.053    13.294 r  $flatten\\decoder.$abc$1106537$lut$aiger1106536$49044/O
                         net (fo=1, routed)           0.325    13.620    $flattendecoder.$techmap1119366$abc$1106537$lut$aiger1106536$49075.A[4]
    SLICE_X96Y100        LUT5 (Prop_lut5_I4_O)        0.053    13.673 r  $flatten\\decoder.$abc$1106537$lut$aiger1106536$49075/O
                         net (fo=10, routed)          0.423    14.095    $flattendecoder.$techmap1119428$abc$1106537$lut$aiger1106536$49352.A[2]
    SLICE_X95Y100        LUT4 (Prop_lut4_I3_O)        0.053    14.148 f  $flatten\\decoder.$abc$1106537$lut$aiger1106536$49126/O
                         net (fo=10, routed)          0.485    14.633    $flattendecoder.$techmap1126831$auto$abc9_ops.cc:1613:reintegrate$1112104.A[1]
    SLICE_X93Y99         LUT2 (Prop_lut2_I1_O)        0.053    14.686 r  $flatten\\decoder.$abc$1106537$lut$aiger1106536$49127/O
                         net (fo=2, routed)           0.315    15.001    $flattendecoder.$techmap1119396$abc$1106537$lut$aiger1106536$49183.A[1]
    SLICE_X92Y99         LUT2 (Prop_lut2_I1_O)        0.053    15.054 r  $flatten\\decoder.$abc$1106537$lut$aiger1106536$49183/O
                         net (fo=2, routed)           0.431    15.485    $flattendecoder.$techmap1119409$abc$1106537$lut$aiger1106536$49234.A[1]
    SLICE_X92Y98         LUT2 (Prop_lut2_I1_O)        0.053    15.538 r  $flatten\\decoder.$abc$1106537$lut$aiger1106536$49234/O
                         net (fo=2, routed)           0.394    15.932    $flattendecoder.$techmap1121833$abc$1106537$lutapplication.__phi_decoder_profile_topology__SchedulerGrid_0_next_inst.__phi_halo_cell__SharedService_0__2_3_0_2_2_next_inst.and_149833.A[2]
    SLICE_X91Y96         LUT3 (Prop_lut3_I2_O)        0.053    15.985 f  $flatten\\decoder.$abc$1106537$lut\\application.__phi_decoder_profile_topology__SchedulerGrid_0_next_inst.__phi_halo_cell__SharedService_0__2_3_0_2_2_next_inst.and_149833/O
                         net (fo=2, routed)           0.306    16.290    decoder.application.__phi_decoder_profile_topology__SchedulerGrid_0_next_inst.__phi_halo_cell__SharedService_0__2_3_0_2_2_next_inst.and_149833
    SLICE_X91Y96         LUT2 (Prop_lut2_I1_O)        0.053    16.343 f  $flatten\\decoder.$abc$1106537$lut\\application.__phi_decoder_profile_topology__SchedulerGrid_0_next_inst.__phi_halo_cell__SharedService_0__2_3_0_2_2_next_inst.and_149163/O
                         net (fo=3, routed)           0.139    16.482    decoder.application.__phi_decoder_profile_topology__SchedulerGrid_0_next_inst.__phi_halo_cell__SharedService_0__2_3_0_2_2_next_inst.and_149163
    SLICE_X91Y96         LUT2 (Prop_lut2_I1_O)        0.053    16.535 f  $flatten\\decoder.$abc$1106537$lut$aiger1106536$82209/O
                         net (fo=19, routed)          0.773    17.308    $flattendecoder.$techmap1121847$abc$1106537$lutapplication.__phi_decoder_profile_topology__SchedulerGrid_0_next_inst.__phi_halo_cell__SharedService_0__2_3_0_2_2_next_inst.or_149842.A[2]
    SLICE_X72Y96         LUT5 (Prop_lut5_I4_O)        0.053    17.361 r  $flatten\\decoder.$abc$1106537$lut$aiger1106536$82240/O
                         net (fo=142, routed)         1.074    18.435    $flattendecoder.$techmap1122362$auto$abc9_ops.cc:1613:reintegrate$1112868.A[5]
    SLICE_X51Y81         LUT4 (Prop_lut4_I3_O)        0.053    18.488 r  $flatten\\decoder.$abc$1106537$lut\\application.__phi_decoder_profile_topology__SchedulerGrid_0_next_inst.__phi_decoder_profile_topology__Phi_zReductionPlane_0_next_inst.or_152947/O
                         net (fo=212, routed)         1.137    19.625    decoder.application.__phi_decoder_profile_topology__SchedulerGrid_0_next_inst.__phi_decoder_profile_topology__Phi_zReductionPlane_0_next_inst.or_153013
    SLICE_X47Y67         FDRE                                         r  $flatten\\decoder.$auto$ff.cc:337:slice$47190/CE
  -------------------------------------------------------------------    -------------------

                         (clock clock rise edge)      5.000     5.000 r
    AA14                                              0.000     5.000 r  clock (IN)
                         net (fo=0)                   0.000     5.000    clock
    AA14                 IBUF (Prop_ibuf_I_O)         0.767     5.767 r  $iopadmap$phi_timing_harness.clock/O
                         net (fo=1, routed)           1.741     7.508    $auto$clkbufmap.cc:262:execute$6457
    BUFGCTRL_X0Y0        BUFG (Prop_bufg_I_O)         0.113     7.621 r  $auto$clkbufmap.cc:261:execute$6456/O
                         net (fo=24164, routed)       1.276     8.897    decoder.scheduler_3_state.clk
    SLICE_X47Y67         FDRE                                         r  $flatten\\decoder.$auto$ff.cc:337:slice$47190/C
                         clock pessimism              0.172     9.069
                         clock uncertainty           -0.035     9.034
    SLICE_X47Y67         FDRE (Setup_fdre_C_CE)      -0.244     8.790    $flatten\\decoder.$auto$ff.cc:337:slice$47190
  -------------------------------------------------------------------
                         required time                          8.790
                         arrival time                         -19.625
  -------------------------------------------------------------------
                         slack                                -10.836
