# First of 20 reported paths; full reports are retained in the evidence archive.
Copyright 1986-2022 Xilinx, Inc. All Rights Reserved. Copyright 2022-2024 Advanced Micro Devices, Inc. All Rights Reserved.
-----------------------------------------------------------------------------------------------------------------------------------------------------------------------------------------
| Tool Version : Vivado v.2024.2 (lin64) Build 5239630 Fri Nov 08 22:34:34 MST 2024
| Date         : Sat Sep 26 23:58:46 2026
| Host         : ip-172-31-24-238 running 64-bit Ubuntu 22.04.5 LTS
| Command      : report_timing -delay_type max -max_paths 20 -path_type full_clock_expanded -file /home/ubuntu/timing-followup-20260926/architectures/registered-egress/vivado/paths.rpt
| Design       : probe_top
| Device       : 7z030-sbg485
| Speed File   : -1  PRODUCTION 1.12 2019-11-22
| Design State : Routed
-----------------------------------------------------------------------------------------------------------------------------------------------------------------------------------------

Timing Report

Slack (VIOLATED) :        -10.991ns  (required time - arrival time)
  Source:                 decoder.scheduler_2_state.memory.0.9/CLKARDCLK
                            (rising edge-triggered cell RAMB18E1 clocked by clock  {rise@0.000ns fall@2.500ns period=5.000ns})
  Destination:            $flatten\\decoder.$auto$ff.cc:337:slice$58523/D
                            (rising edge-triggered cell FDRE clocked by clock  {rise@0.000ns fall@2.500ns period=5.000ns})
  Path Group:             clock
  Path Type:              Setup (Max at Slow Process Corner)
  Requirement:            5.000ns  (clock rise@5.000ns - clock rise@0.000ns)
  Data Path Delay:        15.852ns  (logic 10.228ns (64.524%)  route 5.624ns (35.476%))
  Logic Levels:           26  (CARRY4=13 DSP48E1=3 LUT2=2 LUT3=3 LUT4=4 LUT5=1)
  Clock Path Skew:        -0.189ns (DCD - SCD + CPR)
    Destination Clock Delay (DCD):    3.901ns = ( 8.901 - 5.000 )
    Source Clock Delay      (SCD):    4.272ns
    Clock Pessimism Removal (CPR):    0.182ns
  Clock Uncertainty:      0.035ns  ((TSJ^2 + TIJ^2)^1/2 + DJ) / 2 + PE
    Total System Jitter     (TSJ):    0.071ns
    Total Input Jitter      (TIJ):    0.000ns
    Discrete Jitter          (DJ):    0.000ns
    Phase Error              (PE):    0.000ns

    Location             Delay type                Incr(ns)  Path(ns)    Netlist Resource(s)
  -------------------------------------------------------------------    -------------------
                         (clock clock rise edge)      0.000     0.000 r
    AA14                                              0.000     0.000 r  clock (IN)
                         net (fo=0)                   0.000     0.000    clock
    AA14                 IBUF (Prop_ibuf_I_O)         0.843     0.843 r  $iopadmap$phi_timing_harness.clock/O
                         net (fo=1, routed)           1.830     2.673    $auto$clkbufmap.cc:262:execute$6457
    BUFGCTRL_X0Y0        BUFG (Prop_bufg_I_O)         0.120     2.793 r  $auto$clkbufmap.cc:261:execute$6456/O
                         net (fo=25604, routed)       1.479     4.272    decoder.scheduler_3_state.clk
    RAMB18_X5Y27         RAMB18E1                                     r  decoder.scheduler_2_state.memory.0.9/CLKARDCLK
  -------------------------------------------------------------------    -------------------
    RAMB18_X5Y27         RAMB18E1 (Prop_ramb18e1_CLKARDCLK_DOBDO[14])
                                                      2.080     6.352 r  decoder.scheduler_2_state.memory.0.9/DOBDO[14]
                         net (fo=2, routed)           0.612     6.963    decoder.scheduler_2_state_rd_data[357]
    SLICE_X92Y69         LUT4 (Prop_lut4_I0_O)        0.053     7.016 r  $flatten\\decoder.$abc$1129983$lut\\application.__phi_decoder_profile_topology__SchedulerGrid_0_next_inst.__phi_halo_cell__SharedService_0__2_2_0_2_2_next_inst.sel_147230[357]/O
                         net (fo=2, routed)           0.356     7.372    decoder.application.__phi_decoder_profile_topology__SchedulerGrid_0_next_inst.__phi_halo_cell__SharedService_0__2_2_0_2_2_next_inst.sel_147230[357]
    SLICE_X90Y70         LUT3 (Prop_lut3_I2_O)        0.053     7.425 f  $flatten\\decoder.$auto$abc9_ops.cc:1613:reintegrate$1136958/O
                         net (fo=10, routed)          0.506     7.932    $flattendecoder.$techmap1155435$abc$1129983$lut$aiger1129982$150056.A[1]
    SLICE_X84Y73         LUT4 (Prop_lut4_I3_O)        0.053     7.985 f  $flatten\\decoder.$abc$1129983$lut$aiger1129982$85435/O
                         net (fo=2, routed)           0.573     8.557    $flattendecoder.$techmap1139581$abc$1129983$lut$aiger1129982$87895.A[2]
    SLICE_X81Y73         LUT4 (Prop_lut4_I2_O)        0.053     8.610 r  $flatten\\decoder.$abc$1129983$lut$aiger1129982$87895/O
                         net (fo=1, routed)           0.131     8.742    $flattendecoder.$techmap1139585$abc$1129983$lut$aiger1129982$87907.A[3]
    SLICE_X81Y73         LUT4 (Prop_lut4_I3_O)        0.053     8.795 r  $flatten\\decoder.$abc$1129983$lut$aiger1129982$87907/O
                         net (fo=2, routed)           0.539     9.334    $flattendecoder.$techmap1139910$abc$1129983$lut$aiger1129982$87911.A[0]
    SLICE_X83Y75         LUT5 (Prop_lut5_I3_O)        0.053     9.387 r  $flatten\\decoder.$abc$1129983$lut$aiger1129982$87945/O
                         net (fo=1, routed)           0.128     9.515    $flattendecoder.$techmap1139699$abc$1129983$lut$aiger1129982$87976.A[2]
    SLICE_X83Y75         LUT3 (Prop_lut3_I2_O)        0.053     9.568 r  $flatten\\decoder.$abc$1129983$lut$aiger1129982$87976/O
                         net (fo=43, routed)          0.702    10.271    $flattendecoder.$techmap1140363$auto$abc9_ops.cc:1613:reintegrate$1137575.A[4]
    SLICE_X69Y75         LUT3 (Prop_lut3_I2_O)        0.053    10.324 r  $flatten\\decoder.$auto$abc9_ops.cc:1613:reintegrate$1137803/O
                         net (fo=3, routed)           0.775    11.099    $flattendecoder.$techmap1139866$auto$abc9_ops.cc:1613:reintegrate$1137791.A[1]
    SLICE_X57Y76         LUT2 (Prop_lut2_I1_O)        0.053    11.152 r  $flatten\\decoder.$auto$abc9_ops.cc:1613:reintegrate$1137791/O
                         net (fo=1, routed)           0.000    11.152    $flattendecoder.$abc$1129983$aiger1129982$148426b
    SLICE_X57Y76         CARRY4 (Prop_carry4_S[0]_CO[3])
                                                      0.313    11.465 r  $flatten\\decoder.$auto$alumacc.cc:512:replace_alu$27628.genblk1.slice[3].genblk1.carry4/CO[3]
                         net (fo=1, routed)           0.000    11.465    $flattendecoder.$abc$1129983$aiger1129982$37068
    SLICE_X57Y77         CARRY4 (Prop_carry4_CI_O[0])
                                                      0.139    11.604 r  $flatten\\decoder.$auto$alumacc.cc:512:replace_alu$27628.genblk1.slice[4].genblk1.carry4/O[0]
                         net (fo=2, routed)           0.611    12.215    $flattendecoder.$abc$1129983$aiger1129982$37077
    DSP48_X3Y33          DSP48E1 (Prop_dsp48e1_B[16]_PCOUT[47])
                                                      3.366    15.581 r  $flatten\\decoder.\\application.\\__phi_decoder_profile_topology__SchedulerGrid_0_next_inst.\\__phi_halo_cell__SharedService_0__2_2_0_2_2_next_inst.\\__phi_halo_cell__SharedExecutor_0_next_inst.$mul$/Users/ecpeterson/Documents/code/erl_xls/_build/architecture-repo/_build/architecture/registered-egress/phi_decoder_profile.v:3633$3871.genblk1.genblk1.genblk1.genblk1.genblk1.genblk1.genblk1.sliceA[0].mul.genblk1.genblk1.genblk1.genblk1.genblk1.genblk1.genblk1.genblk1.sliceB[0].mul/PCOUT[47]
                         net (fo=1, routed)           0.000    15.581    $flattendecoder.$abc$1129983$aiger1129982$37455
    DSP48_X3Y34          DSP48E1 (Prop_dsp48e1_PCIN[47]_PCOUT[47])
                                                      1.452    17.033 r  $flatten\\decoder.\\application.\\__phi_decoder_profile_topology__SchedulerGrid_0_next_inst.\\__phi_halo_cell__SharedService_0__2_2_0_2_2_next_inst.\\__phi_halo_cell__SharedExecutor_0_next_inst.$mul$/Users/ecpeterson/Documents/code/erl_xls/_build/architecture-repo/_build/architecture/registered-egress/phi_decoder_profile.v:3633$3871.genblk1.genblk1.genblk1.genblk1.genblk1.genblk1.genblk1.sliceA[0].mul.genblk1.genblk1.genblk1.genblk1.genblk1.genblk1.genblk1.genblk1.sliceB[1].mul/PCOUT[47]
                         net (fo=1, routed)           0.000    17.033    $flattendecoder.$abc$1129983$aiger1129982$37609
    DSP48_X3Y35          DSP48E1 (Prop_dsp48e1_PCIN[47]_P[0])
                                                      1.286    18.319 r  $flatten\\decoder.\\application.\\__phi_decoder_profile_topology__SchedulerGrid_0_next_inst.\\__phi_halo_cell__SharedService_0__2_2_0_2_2_next_inst.\\__phi_halo_cell__SharedExecutor_0_next_inst.$mul$/Users/ecpeterson/Documents/code/erl_xls/_build/architecture-repo/_build/architecture/registered-egress/phi_decoder_profile.v:3633$3871.genblk1.genblk1.genblk1.genblk1.genblk1.genblk1.genblk1.sliceA[0].mul.genblk1.genblk1.genblk1.genblk1.genblk1.genblk1.genblk1.genblk1.mul_sliceB_last/P[0]
                         net (fo=2, routed)           0.689    19.008    $flattendecoder.$techmap1140109$auto$abc9_ops.cc:1613:reintegrate$1137710.A[1]
    SLICE_X52Y81         LUT2 (Prop_lut2_I1_O)        0.053    19.061 r  $flatten\\decoder.$auto$abc9_ops.cc:1613:reintegrate$1137710/O
                         net (fo=1, routed)           0.000    19.061    $flattendecoder.$abc$1129983$aiger1129982$148516b
    SLICE_X52Y81         CARRY4 (Prop_carry4_S[1]_CO[3])
                                                      0.310    19.371 r  $flatten\\decoder.$auto$alumacc.cc:512:replace_alu$27439.genblk1.slice[4].genblk1.carry4/CO[3]
                         net (fo=1, routed)           0.000    19.371    $flattendecoder.$abc$1129983$aiger1129982$37966
    SLICE_X52Y82         CARRY4 (Prop_carry4_CI_CO[3])
                                                      0.060    19.431 r  $flatten\\decoder.$auto$alumacc.cc:512:replace_alu$27439.genblk1.slice[5].genblk1.carry4/CO[3]
                         net (fo=1, routed)           0.000    19.431    $flattendecoder.$abc$1129983$aiger1129982$37974
    SLICE_X52Y83         CARRY4 (Prop_carry4_CI_CO[3])
                                                      0.060    19.491 r  $flatten\\decoder.$auto$alumacc.cc:512:replace_alu$27439.genblk1.slice[6].genblk1.carry4/CO[3]
                         net (fo=1, routed)           0.000    19.491    $flattendecoder.$abc$1129983$aiger1129982$37982
    SLICE_X52Y84         CARRY4 (Prop_carry4_CI_CO[3])
                                                      0.060    19.551 r  $flatten\\decoder.$auto$alumacc.cc:512:replace_alu$27439.genblk1.slice[7].genblk1.carry4/CO[3]
                         net (fo=1, routed)           0.000    19.551    $flattendecoder.$abc$1129983$aiger1129982$37990
    SLICE_X52Y85         CARRY4 (Prop_carry4_CI_CO[3])
                                                      0.060    19.611 r  $flatten\\decoder.$auto$alumacc.cc:512:replace_alu$27439.genblk1.slice[8].genblk1.carry4/CO[3]
                         net (fo=1, routed)           0.000    19.611    $flattendecoder.$abc$1129983$aiger1129982$38152
    SLICE_X52Y86         CARRY4 (Prop_carry4_CI_CO[3])
                                                      0.060    19.671 r  $flatten\\decoder.$auto$alumacc.cc:512:replace_alu$27439.genblk1.slice[9].genblk1.carry4/CO[3]
                         net (fo=1, routed)           0.000    19.671    $flattendecoder.$abc$1129983$aiger1129982$38160
    SLICE_X52Y87         CARRY4 (Prop_carry4_CI_CO[3])
                                                      0.060    19.731 r  $flatten\\decoder.$auto$alumacc.cc:512:replace_alu$27439.genblk1.slice[10].genblk1.carry4/CO[3]
                         net (fo=1, routed)           0.000    19.731    $flattendecoder.$abc$1129983$aiger1129982$38168
    SLICE_X52Y88         CARRY4 (Prop_carry4_CI_CO[3])
                                                      0.060    19.791 r  $flatten\\decoder.$auto$alumacc.cc:512:replace_alu$27439.genblk1.slice[11].genblk1.carry4/CO[3]
                         net (fo=1, routed)           0.000    19.791    $flattendecoder.$abc$1129983$aiger1129982$38176
    SLICE_X52Y89         CARRY4 (Prop_carry4_CI_CO[3])
                                                      0.060    19.851 r  $flatten\\decoder.$auto$alumacc.cc:512:replace_alu$27439.genblk1.slice[12].genblk1.carry4/CO[3]
                         net (fo=1, routed)           0.000    19.851    $flattendecoder.$abc$1129983$aiger1129982$38184
    SLICE_X52Y90         CARRY4 (Prop_carry4_CI_CO[3])
                                                      0.060    19.911 r  $flatten\\decoder.$auto$alumacc.cc:512:replace_alu$27439.genblk1.slice[13].genblk1.carry4/CO[3]
                         net (fo=1, routed)           0.000    19.911    $flattendecoder.$abc$1129983$aiger1129982$38192
    SLICE_X52Y91         CARRY4 (Prop_carry4_CI_O[1])
                                                      0.212    20.123 r  $flatten\\decoder.$auto$alumacc.cc:512:replace_alu$27439.genblk1.slice[14].genblk1.carry4/O[1]
                         net (fo=1, routed)           0.000    20.123    decoder.application.__phi_decoder_profile_topology__SchedulerGrid_0_next_inst.__phi_halo_cell__SharedService_0__2_2_0_2_2_next_inst.__phi_halo_cell__SharedExecutor_0_next_inst.smul_146191[74]
    SLICE_X52Y91         FDRE                                         r  $flatten\\decoder.$auto$ff.cc:337:slice$58523/D
  -------------------------------------------------------------------    -------------------

                         (clock clock rise edge)      5.000     5.000 r
    AA14                                              0.000     5.000 r  clock (IN)
                         net (fo=0)                   0.000     5.000    clock
    AA14                 IBUF (Prop_ibuf_I_O)         0.767     5.767 r  $iopadmap$phi_timing_harness.clock/O
                         net (fo=1, routed)           1.741     7.508    $auto$clkbufmap.cc:262:execute$6457
    BUFGCTRL_X0Y0        BUFG (Prop_bufg_I_O)         0.113     7.621 r  $auto$clkbufmap.cc:261:execute$6456/O
                         net (fo=25604, routed)       1.280     8.901    decoder.scheduler_3_state.clk
    SLICE_X52Y91         FDRE                                         r  $flatten\\decoder.$auto$ff.cc:337:slice$58523/C
                         clock pessimism              0.182     9.083
                         clock uncertainty           -0.035     9.048
    SLICE_X52Y91         FDRE (Setup_fdre_C_D)        0.084     9.132    $flatten\\decoder.$auto$ff.cc:337:slice$58523
  -------------------------------------------------------------------
                         required time                          9.132
                         arrival time                         -20.123
  -------------------------------------------------------------------
                         slack                                -10.991
