Property                     Type    Read-only  Value
ARRIVAL_TIME                 double  true       20.123
CLASS                        string  true       timing_path
CLOCK_PESSIMISM              double  true       0.182
CORNER                       string  true       Slow
DATAPATH_DELAY               double  true       15.852
DATAPATH_LOGIC_DELAY         double  true       10.228
DATAPATH_NET_DELAY           double  true       5.624
DELAY_TYPE                   string  true       max
ENDPOINT_CLOCK               clock   true       clock
ENDPOINT_CLOCK_DELAY         double  true       3.901
ENDPOINT_CLOCK_EDGE          double  true       5.000
ENDPOINT_CLOCK_ROOT          string  true
ENDPOINT_PIN                 pin     true       $flatten\\decoder.$auto$ff.cc:337:slice$58523/D
EXCEPTION                    string  true
EXCEPTION_ID                 int*    true
GROUP                        string  true       clock
INPUT_DELAY                  double  true
INTER_SLR_COMPENSATION       double  true
LOGIC_LEVELS                 int     true       26
MAX_FANOUT                   int     true       43
NAME                         string  true       {decoder.scheduler_2_state.memory.0.9/CLKARDCLK --> $flatten\\decoder.$auto$ff.cc:337:slice$58523/D}
OUTPUT_DELAY                 double  true
REQUIRED_TIME                double  true       9.132
REQUIREMENT                  double  true       5.000
ROUTABLE_NETS                int     true       unset***
SKEW                         double  true       -0.189
SLACK                        double  true       -10.991
STARTPOINT_CLOCK             clock   true       clock
STARTPOINT_CLOCK_DELAY       double  true       4.272
STARTPOINT_CLOCK_EDGE        double  true       0.000
STARTPOINT_CLOCK_ROOT        string  true
STARTPOINT_PIN               pin     true       decoder.scheduler_2_state.memory.0.9/CLKARDCLK
TIME_BORROWED_FROM_ENDPOINT  double  true
TIME_GIVEN_TO_STARTPOINT     double  true
UNCERTAINTY                  double  true       0.035
USER_UNCERTAINTY             double  true
