Copyright 1986-2022 Xilinx, Inc. All Rights Reserved. Copyright 2022-2024 Advanced Micro Devices, Inc. All Rights Reserved.
----------------------------------------------------------------------------------------------------------------------------------------------------------------------------------------------------------------------------------------------------------------------------------------------------------------------------------------------------------------------------------------
| Tool Version : Vivado v.2024.2 (lin64) Build 5239630 Fri Nov 08 22:34:34 MST 2024
| Date         : Sat Sep 26 23:47:44 2026
| Host         : ip-172-31-24-238 running 64-bit Ubuntu 22.04.5 LTS
| Command      : report_timing -from [get_pins -of_objects {$flatten\\decoder.$auto$ff.cc:337:slice$51938} -filter {REF_PIN_NAME == Q}] -to [get_pins -of_objects {$flatten\\decoder.$auto$ff.cc:337:slice$51938} -filter {REF_PIN_NAME == CE}] -delay_type max -max_paths 1 -path_type full_clock_expanded -file /home/ubuntu/timing-followup-20260926/path-queries/lut/seed1-path.rpt
| Design       : probe_top
| Device       : 7z030-sbg485
| Speed File   : -1  PRODUCTION 1.12 2019-11-22
| Design State : Routed
----------------------------------------------------------------------------------------------------------------------------------------------------------------------------------------------------------------------------------------------------------------------------------------------------------------------------------------------------------------------------------------

Timing Report

Slack (VIOLATED) :        -8.814ns  (required time - arrival time)
  Source:                 $flatten\\decoder.$auto$ff.cc:337:slice$60464/C
                            (rising edge-triggered cell FDRE clocked by clock  {rise@0.000ns fall@2.500ns period=5.000ns})
  Destination:            $flatten\\decoder.$auto$ff.cc:337:slice$51938/CE
                            (rising edge-triggered cell FDRE clocked by clock  {rise@0.000ns fall@2.500ns period=5.000ns})
  Path Group:             clock
  Path Type:              Setup (Max at Slow Process Corner)
  Requirement:            5.000ns  (clock rise@5.000ns - clock rise@0.000ns)
  Data Path Delay:        13.252ns  (logic 1.760ns (13.281%)  route 11.492ns (86.719%))
  Logic Levels:           26  (LUT2=8 LUT3=4 LUT4=4 LUT5=8 LUT6=2)
  Clock Path Skew:        -0.283ns (DCD - SCD + CPR)
    Destination Clock Delay (DCD):    3.906ns = ( 8.906 - 5.000 )
    Source Clock Delay      (SCD):    4.371ns
    Clock Pessimism Removal (CPR):    0.182ns
  Clock Uncertainty:      0.035ns  ((TSJ^2 + TIJ^2)^1/2 + DJ) / 2 + PE
    Total System Jitter     (TSJ):    0.071ns
    Total Input Jitter      (TIJ):    0.000ns
    Discrete Jitter          (DJ):    0.000ns
    Phase Error              (PE):    0.000ns

    Location             Delay type                Incr(ns)  Path(ns)    Netlist Resource(s)
  -------------------------------------------------------------------    -------------------
                         (clock clock rise edge)      0.000     0.000 r
    AA14                                              0.000     0.000 r  clock (IN)
                         net (fo=0)                   0.000     0.000    clock
    AA14                 IBUF (Prop_ibuf_I_O)         0.843     0.843 r  $iopadmap$phi_timing_harness.clock/O
                         net (fo=1, routed)           1.830     2.673    $auto$clkbufmap.cc:262:execute$6457
    BUFGCTRL_X0Y0        BUFG (Prop_bufg_I_O)         0.120     2.793 r  $auto$clkbufmap.cc:261:execute$6456/O
                         net (fo=22438, routed)       1.578     4.371    decoder.scheduler_3_state.clk
    SLICE_X66Y22         FDRE                                         r  $flatten\\decoder.$auto$ff.cc:337:slice$60464/C
  -------------------------------------------------------------------    -------------------
    SLICE_X66Y22         FDRE (Prop_fdre_C_Q)         0.282     4.653 r  $flatten\\decoder.$auto$ff.cc:337:slice$60464/Q
                         net (fo=100, routed)         0.428     5.082    decoder.application.__phi_decoder_profile_topology__SchedulerGrid_0_next_inst.__phi_halo_cell__SharedService_0__2_2_0_2_2_next_inst.__phi_halo_cell__SharedExecutor_0_next_inst.p0_request_internal__1
    SLICE_X66Y25         LUT5 (Prop_lut5_I3_O)        0.153     5.235 f  $flatten\\decoder.$abc$1383692$lut$aiger1383691$38530/O
                         net (fo=2, routed)           0.480     5.715    $flattendecoder.$techmap1391679$abc$1383692$lut$aiger1383691$38532.A[0]
    SLICE_X64Y27         LUT3 (Prop_lut3_I0_O)        0.053     5.768 f  $flatten\\decoder.$abc$1383692$lut$aiger1383691$38532/O
                         net (fo=129, routed)         0.147     5.914    $flattendecoder.$techmap1417039$abc$1383692$lutapplication.__phi_decoder_profile_topology__SchedulerGrid_0_next_inst.__phi_halo_cell__SharedService_0__2_2_0_2_2_next_inst.__phi_halo_cell__SharedExecutor_0_next_inst.and_166639[192].A[0]
    SLICE_X64Y27         LUT2 (Prop_lut2_I1_O)        0.053     5.967 f  $flatten\\decoder.$abc$1383692$lut$aiger1383691$38572/O
                         net (fo=3, routed)           0.357     6.324    $flattendecoder.$techmap1391977$abc$1383692$lut$aiger1383691$38576.A[4]
    SLICE_X63Y27         LUT5 (Prop_lut5_I4_O)        0.053     6.377 f  $flatten\\decoder.$abc$1383692$lut$aiger1383691$38576/O
                         net (fo=3, routed)           0.304     6.681    $flattendecoder.$techmap1391978$auto$abc9_ops.cc:1613:reintegrate$1384671.A[1]
    SLICE_X62Y27         LUT2 (Prop_lut2_I1_O)        0.053     6.734 f  $flatten\\decoder.$auto$abc9_ops.cc:1613:reintegrate$1384671/O
                         net (fo=2, routed)           0.244     6.978    decoder.application.__phi_decoder_profile_topology__SchedulerGrid_0_next_inst.__phi_halo_cell__SharedService_0__2_2_0_2_2_next_inst.materialized_fifo_fifo__executor_result_.push_data[755]
    SLICE_X61Y27         LUT4 (Prop_lut4_I3_O)        0.053     7.031 f  $flatten\\decoder.$abc$1383692$lut\\application.__phi_decoder_profile_topology__SchedulerGrid_0_next_inst.__phi_halo_cell__SharedService_0__2_2_0_2_2_next_inst.incoming_result[755]/O
                         net (fo=2, routed)           0.377     7.408    decoder.application.__phi_decoder_profile_topology__SchedulerGrid_0_next_inst.__phi_halo_cell__SharedService_0__2_2_0_2_2_next_inst.tuple_index_167041[340]
    SLICE_X61Y28         LUT3 (Prop_lut3_I2_O)        0.053     7.461 f  $flatten\\decoder.$abc$1383692$lut$aiger1383691$38584/O
                         net (fo=2, routed)           0.354     7.815    $flattendecoder.$techmap1392015$abc$1383692$lut$aiger1383691$38705.A[2]
    SLICE_X60Y28         LUT3 (Prop_lut3_I2_O)        0.053     7.868 r  $flatten\\decoder.$abc$1383692$lut$aiger1383691$38705/O
                         net (fo=5, routed)           0.449     8.317    $flattendecoder.$techmap1417993$abc$1383692$lut$aiger1383691$84673.A[2]
    SLICE_X56Y28         LUT2 (Prop_lut2_I1_O)        0.053     8.370 r  $flatten\\decoder.$abc$1383692$lut$aiger1383691$38714/O
                         net (fo=2, routed)           0.317     8.687    $flattendecoder.$techmap1392023$abc$1383692$lut$aiger1383691$38769.A[1]
    SLICE_X56Y28         LUT2 (Prop_lut2_I1_O)        0.053     8.740 r  $flatten\\decoder.$abc$1383692$lut$aiger1383691$38769/O
                         net (fo=4, routed)           0.597     9.336    $flattendecoder.$techmap1392024$abc$1383692$lut$aiger1383691$38774.A[3]
    SLICE_X49Y26         LUT4 (Prop_lut4_I3_O)        0.053     9.389 r  $flatten\\decoder.$abc$1383692$lut$aiger1383691$38802/O
                         net (fo=3, routed)           0.559     9.948    $flattendecoder.$techmap1418068$abc$1383692$lut$aiger1383691$85072.A[1]
    SLICE_X49Y25         LUT5 (Prop_lut5_I3_O)        0.053    10.001 f  $flatten\\decoder.$abc$1383692$lut$aiger1383691$38807/O
                         net (fo=2, routed)           0.289    10.290    $flattendecoder.$techmap1418068$abc$1383692$lut$aiger1383691$85072.A[0]
    SLICE_X48Y25         LUT4 (Prop_lut4_I3_O)        0.053    10.343 r  $flatten\\decoder.$abc$1383692$lut$aiger1383691$38812/O
                         net (fo=4, routed)           0.431    10.774    $flattendecoder.$techmap1392058$abc$1383692$lutscheduler_2_state.rd_addr.A[3]
    SLICE_X47Y25         LUT5 (Prop_lut5_I3_O)        0.053    10.827 r  $flatten\\decoder.$abc$1383692$lut\\scheduler_2_state.rd_addr/O
                         net (fo=259, routed)         0.555    11.382    decoder.scheduler_2_state.rd_addr
    SLICE_X45Y25         LUT3 (Prop_lut3_I2_O)        0.053    11.435 r  $flatten\\decoder.$abc$1383692$lut$aiger1383691$39298/O
                         net (fo=2, routed)           0.403    11.838    $flattendecoder.$techmap1392067$abc$1383692$lut$aiger1383691$39304.A[5]
    SLICE_X45Y23         LUT6 (Prop_lut6_I5_O)        0.053    11.891 f  $flatten\\decoder.$abc$1383692$lut$aiger1383691$39304/O
                         net (fo=2, routed)           0.428    12.319    $flattendecoder.$techmap1392108$abc$1383692$lut$aiger1383691$39488.A[4]
    SLICE_X46Y23         LUT5 (Prop_lut5_I4_O)        0.053    12.372 r  $flatten\\decoder.$abc$1383692$lut$aiger1383691$39329/O
                         net (fo=1, routed)           0.211    12.583    $flattendecoder.$techmap1392075$abc$1383692$lut$aiger1383691$39349.A[3]
    SLICE_X46Y23         LUT5 (Prop_lut5_I3_O)        0.053    12.636 r  $flatten\\decoder.$abc$1383692$lut$aiger1383691$39349/O
                         net (fo=10, routed)          0.463    13.099    $flattendecoder.$techmap1407079$auto$abc9_ops.cc:1613:reintegrate$1387529.A[3]
    SLICE_X44Y23         LUT6 (Prop_lut6_I5_O)        0.053    13.152 f  $flatten\\decoder.$abc$1383692$lut$aiger1383691$39410/O
                         net (fo=10, routed)          0.392    13.545    $flattendecoder.$techmap1406429$abc$1383692$lut$aiger1383691$132231.A[2]
    SLICE_X43Y23         LUT2 (Prop_lut2_I1_O)        0.053    13.598 r  $flatten\\decoder.$abc$1383692$lut$aiger1383691$39411/O
                         net (fo=2, routed)           0.373    13.971    $flattendecoder.$techmap1392105$abc$1383692$lut$aiger1383691$39468.A[1]
    SLICE_X42Y23         LUT2 (Prop_lut2_I1_O)        0.053    14.024 r  $flatten\\decoder.$abc$1383692$lut$aiger1383691$39468/O
                         net (fo=4, routed)           0.484    14.508    $flattendecoder.$techmap1417554$abc$1383692$lutapplication.__phi_decoder_profile_topology__SchedulerGrid_0_next_inst.__phi_halo_cell__SharedService_0__2_2_0_2_2_next_inst.and_168449.A[4]
    SLICE_X42Y23         LUT5 (Prop_lut5_I4_O)        0.053    14.561 f  $flatten\\decoder.$abc$1383692$lut\\application.__phi_decoder_profile_topology__SchedulerGrid_0_next_inst.__phi_halo_cell__SharedService_0__2_2_0_2_2_next_inst.and_168449/O
                         net (fo=2, routed)           0.257    14.818    decoder.application.__phi_decoder_profile_topology__SchedulerGrid_0_next_inst.__phi_halo_cell__SharedService_0__2_2_0_2_2_next_inst.and_168449
    SLICE_X42Y24         LUT2 (Prop_lut2_I1_O)        0.053    14.871 f  $flatten\\decoder.$abc$1383692$lut\\application.__phi_decoder_profile_topology__SchedulerGrid_0_next_inst.__phi_halo_cell__SharedService_0__2_2_0_2_2_next_inst.and_167555/O
                         net (fo=4, routed)           0.464    15.335    decoder.application.__phi_decoder_profile_topology__SchedulerGrid_0_next_inst.__phi_halo_cell__SharedService_0__2_2_0_2_2_next_inst.and_167555
    SLICE_X42Y25         LUT4 (Prop_lut4_I3_O)        0.053    15.388 r  $flatten\\decoder.$abc$1383692$lut\\application.__phi_decoder_profile_topology__SchedulerGrid_0_next_inst.__phi_halo_cell__SharedService_0__2_2_0_2_2_next_inst.p0_stage_done/O
                         net (fo=217, routed)         0.569    15.957    decoder.application.__phi_decoder_profile_topology__SchedulerGrid_0_next_inst.__phi_halo_cell__SharedService_0__2_2_0_2_2_next_inst.p0_stage_done
    SLICE_X45Y28         LUT2 (Prop_lut2_I1_O)        0.053    16.010 r  $flatten\\decoder.$abc$1383692$lut\\application.__phi_decoder_profile_topology__SchedulerGrid_0_next_inst.__phi_halo_cell__SharedService_0__2_2_0_2_2_next_inst.and_168465/O
                         net (fo=55, routed)          0.939    16.949    decoder.application.__phi_decoder_profile_topology__SchedulerGrid_0_next_inst.__phi_halo_cell__SharedService_0__2_2_0_2_2_next_inst.or_168536
    SLICE_X40Y44         LUT5 (Prop_lut5_I4_O)        0.053    17.002 r  $flatten\\decoder.$abc$1383692$lut\\application.__phi_decoder_profile_topology__SchedulerGrid_0_next_inst.__phi_decoder_profile_topology__Phi_xReductionPlane_0_next_inst.or_173266/O
                         net (fo=104, routed)         0.621    17.623    decoder.application.__phi_decoder_profile_topology__SchedulerGrid_0_next_inst.__phi_decoder_profile_topology__Phi_xReductionPlane_0_next_inst.or_173266
    SLICE_X39Y50         FDRE                                         r  $flatten\\decoder.$auto$ff.cc:337:slice$51938/CE
  -------------------------------------------------------------------    -------------------

                         (clock clock rise edge)      5.000     5.000 r
    AA14                                              0.000     5.000 r  clock (IN)
                         net (fo=0)                   0.000     5.000    clock
    AA14                 IBUF (Prop_ibuf_I_O)         0.767     5.767 r  $iopadmap$phi_timing_harness.clock/O
                         net (fo=1, routed)           1.741     7.508    $auto$clkbufmap.cc:262:execute$6457
    BUFGCTRL_X0Y0        BUFG (Prop_bufg_I_O)         0.113     7.621 r  $auto$clkbufmap.cc:261:execute$6456/O
                         net (fo=22438, routed)       1.285     8.906    decoder.scheduler_3_state.clk
    SLICE_X39Y50         FDRE                                         r  $flatten\\decoder.$auto$ff.cc:337:slice$51938/C
                         clock pessimism              0.182     9.088
                         clock uncertainty           -0.035     9.053
    SLICE_X39Y50         FDRE (Setup_fdre_C_CE)      -0.244     8.809    $flatten\\decoder.$auto$ff.cc:337:slice$51938
  -------------------------------------------------------------------
                         required time                          8.809
                         arrival time                         -17.623
  -------------------------------------------------------------------
                         slack                                 -8.814
