# First of 20 reported paths; full reports are retained in the evidence archive.
Copyright 1986-2022 Xilinx, Inc. All Rights Reserved. Copyright 2022-2024 Advanced Micro Devices, Inc. All Rights Reserved.
---------------------------------------------------------------------------------------------------------------------------------------------------------------------------------
| Tool Version : Vivado v.2024.2 (lin64) Build 5239630 Fri Nov 08 22:34:34 MST 2024
| Date         : Sat Sep 26 23:34:47 2026
| Host         : ip-172-31-24-238 running 64-bit Ubuntu 22.04.5 LTS
| Command      : report_timing -delay_type max -max_paths 20 -path_type full_clock_expanded -file /home/ubuntu/timing-followup-20260926/architectures/dedicated/vivado/paths.rpt
| Design       : probe_top
| Device       : 7z030-sbg485
| Speed File   : -1  PRODUCTION 1.12 2019-11-22
| Design State : Routed
---------------------------------------------------------------------------------------------------------------------------------------------------------------------------------

Timing Report

Slack (VIOLATED) :        -16.675ns  (required time - arrival time)
  Source:                 $flatten\\decoder.$auto$ff.cc:337:slice$40659/C
                            (rising edge-triggered cell FDRE clocked by clock  {rise@0.000ns fall@2.500ns period=5.000ns})
  Destination:            $flatten\\decoder.$auto$ff.cc:337:slice$48233/D
                            (rising edge-triggered cell FDRE clocked by clock  {rise@0.000ns fall@2.500ns period=5.000ns})
  Path Group:             clock
  Path Type:              Setup (Max at Slow Process Corner)
  Requirement:            5.000ns  (clock rise@5.000ns - clock rise@0.000ns)
  Data Path Delay:        21.593ns  (logic 11.691ns (54.142%)  route 9.902ns (45.858%))
  Logic Levels:           42  (CARRY4=27 DSP48E1=3 LUT1=1 LUT2=4 LUT4=2 LUT5=3 LUT6=2)
  Clock Path Skew:        -0.026ns (DCD - SCD + CPR)
    Destination Clock Delay (DCD):    4.095ns = ( 9.095 - 5.000 )
    Source Clock Delay      (SCD):    4.385ns
    Clock Pessimism Removal (CPR):    0.264ns
  Clock Uncertainty:      0.035ns  ((TSJ^2 + TIJ^2)^1/2 + DJ) / 2 + PE
    Total System Jitter     (TSJ):    0.071ns
    Total Input Jitter      (TIJ):    0.000ns
    Discrete Jitter          (DJ):    0.000ns
    Phase Error              (PE):    0.000ns

    Location             Delay type                Incr(ns)  Path(ns)    Netlist Resource(s)
  -------------------------------------------------------------------    -------------------
                         (clock clock rise edge)      0.000     0.000 r
    AA14                                              0.000     0.000 r  clock (IN)
                         net (fo=0)                   0.000     0.000    clock
    AA14                 IBUF (Prop_ibuf_I_O)         0.843     0.843 r  $iopadmap$phi_timing_harness.clock/O
                         net (fo=1, routed)           1.830     2.673    $auto$clkbufmap.cc:262:execute$6457
    BUFGCTRL_X0Y0        BUFG (Prop_bufg_I_O)         0.120     2.793 r  $auto$clkbufmap.cc:261:execute$6456/O
                         net (fo=18546, routed)       1.592     4.385    decoder.application.clk
    SLICE_X39Y4          FDRE                                         r  $flatten\\decoder.$auto$ff.cc:337:slice$40659/C
  -------------------------------------------------------------------    -------------------
    SLICE_X39Y4          FDRE (Prop_fdre_C_Q)         0.269     4.654 f  $flatten\\decoder.$auto$ff.cc:337:slice$40659/Q
                         net (fo=6, routed)           0.427     5.081    decoder.application.__phi_decoder_profile_topology__SchedulerGrid_0_next_inst.__phi_decoder_profile_topology__Phi_xReductionPlane_0_next_inst.p0_v_Xls_clause_1_RightValue_1__2[31]
    SLICE_X41Y4          LUT1 (Prop_lut1_I0_O)        0.053     5.134 r  $flatten\\decoder.$abc$1084070$lut$not$aiger1084069$11836/O
                         net (fo=10, routed)          0.501     5.635    $flattendecoder.$abc$1084070$aiger1084069$11836b
    SLICE_X39Y4          CARRY4 (Prop_carry4_DI[0]_CO[3])
                                                      0.324     5.959 r  $flatten\\decoder.\\application.\\__phi_decoder_profile_topology__SchedulerGrid_0_next_inst.\\__phi_decoder_profile_topology__Phi_xReductionPlane_0_next_inst.$lt$/Users/ecpeterson/Documents/code/erl_xls/_build/architecture-repo/_build/architecture/dedicated-v3/phi_decoder_profile.v:5901$4463.genblk1.slice[3].genblk1.carry4/CO[3]
                         net (fo=1, routed)           0.000     5.959    $flattendecoder.$abc$1084070$aiger1084069$29196
    SLICE_X39Y5          CARRY4 (Prop_carry4_CI_CO[3])
                                                      0.058     6.017 r  $flatten\\decoder.\\application.\\__phi_decoder_profile_topology__SchedulerGrid_0_next_inst.\\__phi_decoder_profile_topology__Phi_xReductionPlane_0_next_inst.$lt$/Users/ecpeterson/Documents/code/erl_xls/_build/architecture-repo/_build/architecture/dedicated-v3/phi_decoder_profile.v:5901$4463.genblk1.slice[4].genblk1.carry4/CO[3]
                         net (fo=1, routed)           0.000     6.017    $flattendecoder.$abc$1084070$aiger1084069$29204
    SLICE_X39Y6          CARRY4 (Prop_carry4_CI_O[2])
                                                      0.136     6.153 r  $flatten\\decoder.\\application.\\__phi_decoder_profile_topology__SchedulerGrid_0_next_inst.\\__phi_decoder_profile_topology__Phi_xReductionPlane_0_next_inst.$lt$/Users/ecpeterson/Documents/code/erl_xls/_build/architecture-repo/_build/architecture/dedicated-v3/phi_decoder_profile.v:5901$4463.genblk1.slice[5].genblk1.carry4/O[2]
                         net (fo=15, routed)          0.474     6.627    $flattendecoder.$abc$1084070$lut$aiger1084069$48810.A[7]
    SLICE_X35Y3          LUT4 (Prop_lut4_I3_O)        0.152     6.779 r  $flatten\\decoder.$abc$1084070$lut$aiger1084069$48354/O
                         net (fo=56, routed)          0.629     7.407    $flattendecoder.$techmap1098739$auto$abc9_ops.cc:1613:reintegrate$1094817.A[4]
    SLICE_X34Y5          LUT5 (Prop_lut5_I4_O)        0.053     7.460 r  $flatten\\decoder.$abc$1084070$lut$aiger1084069$48423/O
                         net (fo=5, routed)           0.688     8.149    $flattendecoder.$techmap1098578$auto$abc9_ops.cc:1613:reintegrate$1094907.A[5]
    SLICE_X31Y9          LUT2 (Prop_lut2_I1_O)        0.053     8.202 f  $flatten\\decoder.$abc$1084070$lut$aiger1084069$48521/O
                         net (fo=3, routed)           0.489     8.690    $flattendecoder.$techmap1099478$abc$1084070$lut$aiger1084069$77387.A[2]
    SLICE_X30Y4          LUT4 (Prop_lut4_I3_O)        0.053     8.743 r  $flatten\\decoder.$abc$1084070$lut$aiger1084069$48529/O
                         net (fo=2, routed)           0.380     9.123    $flattendecoder.$abc$1084070$aiger1084069$48529
    SLICE_X33Y3          CARRY4 (Prop_carry4_S[1]_CO[3])
                                                      0.377     9.500 r  $flatten\\decoder.\\application.\\__phi_decoder_profile_topology__SchedulerGrid_0_next_inst.\\__phi_decoder_profile_topology__Phi_xReductionPlane_0_next_inst.$lt$/Users/ecpeterson/Documents/code/erl_xls/_build/architecture-repo/_build/architecture/dedicated-v3/phi_decoder_profile.v:5948$4510.genblk1.slice[2].genblk1.carry4/CO[3]
                         net (fo=1, routed)           0.000     9.500    $flattendecoder.$abc$1084070$aiger1084069$29356
    SLICE_X33Y4          CARRY4 (Prop_carry4_CI_CO[3])
                                                      0.058     9.558 r  $flatten\\decoder.\\application.\\__phi_decoder_profile_topology__SchedulerGrid_0_next_inst.\\__phi_decoder_profile_topology__Phi_xReductionPlane_0_next_inst.$lt$/Users/ecpeterson/Documents/code/erl_xls/_build/architecture-repo/_build/architecture/dedicated-v3/phi_decoder_profile.v:5948$4510.genblk1.slice[3].genblk1.carry4/CO[3]
                         net (fo=1, routed)           0.000     9.558    $flattendecoder.$abc$1084070$aiger1084069$29364
    SLICE_X33Y5          CARRY4 (Prop_carry4_CI_CO[3])
                                                      0.058     9.616 r  $flatten\\decoder.\\application.\\__phi_decoder_profile_topology__SchedulerGrid_0_next_inst.\\__phi_decoder_profile_topology__Phi_xReductionPlane_0_next_inst.$lt$/Users/ecpeterson/Documents/code/erl_xls/_build/architecture-repo/_build/architecture/dedicated-v3/phi_decoder_profile.v:5948$4510.genblk1.slice[4].genblk1.carry4/CO[3]
                         net (fo=1, routed)           0.000     9.616    $flattendecoder.$abc$1084070$aiger1084069$29372
    SLICE_X33Y6          CARRY4 (Prop_carry4_CI_O[2])
                                                      0.136     9.752 r  $flatten\\decoder.\\application.\\__phi_decoder_profile_topology__SchedulerGrid_0_next_inst.\\__phi_decoder_profile_topology__Phi_xReductionPlane_0_next_inst.$lt$/Users/ecpeterson/Documents/code/erl_xls/_build/architecture-repo/_build/architecture/dedicated-v3/phi_decoder_profile.v:5948$4510.genblk1.slice[5].genblk1.carry4/O[2]
                         net (fo=12, routed)          0.603    10.355    $flattendecoder.$techmap1098666$abc$1084070$lut$aiger1084069$49095.A[0]
    SLICE_X28Y8          LUT5 (Prop_lut5_I4_O)        0.152    10.507 r  $flatten\\decoder.$abc$1084070$lut$aiger1084069$76915/O
                         net (fo=1, routed)           0.133    10.640    $flattendecoder.$techmap1099328$abc$1084070$lut$aiger1084069$76916.A[1]
    SLICE_X28Y8          LUT2 (Prop_lut2_I1_O)        0.053    10.693 r  $flatten\\decoder.$abc$1084070$lut$aiger1084069$76916/O
                         net (fo=5, routed)           0.618    11.311    $flattendecoder.$techmap1100054$auto$abc9_ops.cc:1613:reintegrate$1094050.A[5]
    SLICE_X29Y9          LUT5 (Prop_lut5_I4_O)        0.053    11.364 r  $flatten\\decoder.$abc$1084070$lut$aiger1084069$82373/O
                         net (fo=1, routed)           0.390    11.754    $flattendecoder.$abc$1084070$aiger1084069$82373
    SLICE_X35Y9          CARRY4 (Prop_carry4_DI[1]_CO[3])
                                                      0.302    12.056 r  $flatten\\decoder.$auto$alumacc.cc:512:replace_alu$21482.genblk1.slice[1].genblk1.carry4/CO[3]
                         net (fo=1, routed)           0.000    12.056    $flattendecoder.$abc$1084070$aiger1084069$36596
    SLICE_X35Y10         CARRY4 (Prop_carry4_CI_CO[3])
                                                      0.058    12.114 r  $flatten\\decoder.$auto$alumacc.cc:512:replace_alu$21482.genblk1.slice[2].genblk1.carry4/CO[3]
                         net (fo=1, routed)           0.000    12.114    $flattendecoder.$abc$1084070$aiger1084069$36604
    SLICE_X35Y11         CARRY4 (Prop_carry4_CI_O[1])
                                                      0.213    12.327 r  $flatten\\decoder.$auto$alumacc.cc:512:replace_alu$21482.genblk1.slice[3].genblk1.carry4/O[1]
                         net (fo=2, routed)           0.510    12.837    $flattendecoder.$abc$1084070$aiger1084069$36606
    DSP48_X2Y2           DSP48E1 (Prop_dsp48e1_B[14]_PCOUT[47])
                                                      3.363    16.200 r  $flatten\\decoder.\\application.\\__phi_decoder_profile_topology__SchedulerGrid_0_next_inst.\\__phi_halo_cell__DedicatedGroup_0_next_inst.\\__phi_halo_cell__DedicatedActor_0__1_next_inst.$mul$/Users/ecpeterson/Documents/code/erl_xls/_build/architecture-repo/_build/architecture/dedicated-v3/phi_decoder_profile.v:3464$3964.genblk1.genblk1.genblk1.genblk1.genblk1.genblk1.genblk1.sliceA[0].mul.genblk1.genblk1.genblk1.genblk1.genblk1.genblk1.genblk1.genblk1.sliceB[0].mul/PCOUT[47]
                         net (fo=1, routed)           0.000    16.200    $flattendecoder.$abc$1084070$aiger1084069$36959
    DSP48_X2Y3           DSP48E1 (Prop_dsp48e1_PCIN[47]_PCOUT[47])
                                                      1.452    17.652 r  $flatten\\decoder.\\application.\\__phi_decoder_profile_topology__SchedulerGrid_0_next_inst.\\__phi_halo_cell__DedicatedGroup_0_next_inst.\\__phi_halo_cell__DedicatedActor_0__1_next_inst.$mul$/Users/ecpeterson/Documents/code/erl_xls/_build/architecture-repo/_build/architecture/dedicated-v3/phi_decoder_profile.v:3464$3964.genblk1.genblk1.genblk1.genblk1.genblk1.genblk1.genblk1.sliceA[0].mul.genblk1.genblk1.genblk1.genblk1.genblk1.genblk1.genblk1.genblk1.sliceB[1].mul/PCOUT[47]
                         net (fo=1, routed)           0.000    17.652    $flattendecoder.$abc$1084070$aiger1084069$37113
    DSP48_X2Y4           DSP48E1 (Prop_dsp48e1_PCIN[47]_P[0])
                                                      1.286    18.938 r  $flatten\\decoder.\\application.\\__phi_decoder_profile_topology__SchedulerGrid_0_next_inst.\\__phi_halo_cell__DedicatedGroup_0_next_inst.\\__phi_halo_cell__DedicatedActor_0__1_next_inst.$mul$/Users/ecpeterson/Documents/code/erl_xls/_build/architecture-repo/_build/architecture/dedicated-v3/phi_decoder_profile.v:3464$3964.genblk1.genblk1.genblk1.genblk1.genblk1.genblk1.genblk1.sliceA[0].mul.genblk1.genblk1.genblk1.genblk1.genblk1.genblk1.genblk1.genblk1.mul_sliceB_last/P[0]
                         net (fo=2, routed)           0.546    19.484    $flattendecoder.$techmap1100131$auto$abc9_ops.cc:1613:reintegrate$1094002.A[1]
    SLICE_X36Y9          LUT2 (Prop_lut2_I1_O)        0.053    19.537 r  $flatten\\decoder.$auto$abc9_ops.cc:1613:reintegrate$1094002/O
                         net (fo=1, routed)           0.000    19.537    $flattendecoder.$abc$1084070$aiger1084069$83073b
    SLICE_X36Y9          CARRY4 (Prop_carry4_S[1]_CO[3])
                                                      0.310    19.847 r  $flatten\\decoder.$auto$alumacc.cc:512:replace_alu$21263.genblk1.slice[4].genblk1.carry4/CO[3]
                         net (fo=1, routed)           0.000    19.847    $flattendecoder.$abc$1084070$aiger1084069$37462
    SLICE_X36Y10         CARRY4 (Prop_carry4_CI_CO[3])
                                                      0.060    19.907 r  $flatten\\decoder.$auto$alumacc.cc:512:replace_alu$21263.genblk1.slice[5].genblk1.carry4/CO[3]
                         net (fo=1, routed)           0.000    19.907    $flattendecoder.$abc$1084070$aiger1084069$37470
    SLICE_X36Y11         CARRY4 (Prop_carry4_CI_CO[3])
                                                      0.060    19.967 r  $flatten\\decoder.$auto$alumacc.cc:512:replace_alu$21263.genblk1.slice[6].genblk1.carry4/CO[3]
                         net (fo=1, routed)           0.000    19.967    $flattendecoder.$abc$1084070$aiger1084069$37478
    SLICE_X36Y12         CARRY4 (Prop_carry4_CI_CO[3])
                                                      0.060    20.027 r  $flatten\\decoder.$auto$alumacc.cc:512:replace_alu$21263.genblk1.slice[7].genblk1.carry4/CO[3]
                         net (fo=1, routed)           0.000    20.027    $flattendecoder.$abc$1084070$aiger1084069$37486
    SLICE_X36Y13         CARRY4 (Prop_carry4_CI_CO[3])
                                                      0.060    20.087 r  $flatten\\decoder.$auto$alumacc.cc:512:replace_alu$21263.genblk1.slice[8].genblk1.carry4/CO[3]
                         net (fo=1, routed)           0.000    20.087    $flattendecoder.$abc$1084070$aiger1084069$37648
    SLICE_X36Y14         CARRY4 (Prop_carry4_CI_CO[3])
                                                      0.060    20.147 r  $flatten\\decoder.$auto$alumacc.cc:512:replace_alu$21263.genblk1.slice[9].genblk1.carry4/CO[3]
                         net (fo=1, routed)           0.000    20.147    $flattendecoder.$abc$1084070$aiger1084069$37656
    SLICE_X36Y15         CARRY4 (Prop_carry4_CI_O[0])
                                                      0.135    20.282 r  $flatten\\decoder.$auto$alumacc.cc:512:replace_alu$21263.genblk1.slice[10].genblk1.carry4/O[0]
                         net (fo=1, routed)           0.463    20.745    $flattendecoder.$abc$1084070$aiger1084069$37657
    SLICE_X38Y14         CARRY4 (Prop_carry4_S[1]_CO[3])
                                                      0.463    21.208 r  $flatten\\decoder.$auto$alumacc.cc:512:replace_alu$21488.genblk1.slice[4].genblk1.carry4/CO[3]
                         net (fo=1, routed)           0.000    21.208    $flattendecoder.$abc$1084070$aiger1084069$39728
    SLICE_X38Y15         CARRY4 (Prop_carry4_CI_CO[3])
                                                      0.060    21.268 r  $flatten\\decoder.$auto$alumacc.cc:512:replace_alu$21488.genblk1.slice[5].genblk1.carry4/CO[3]
                         net (fo=1, routed)           0.000    21.268    $flattendecoder.$abc$1084070$aiger1084069$39736
    SLICE_X38Y16         CARRY4 (Prop_carry4_CI_CO[3])
                                                      0.060    21.328 r  $flatten\\decoder.$auto$alumacc.cc:512:replace_alu$21488.genblk1.slice[6].genblk1.carry4/CO[3]
                         net (fo=1, routed)           0.000    21.328    $flattendecoder.$abc$1084070$aiger1084069$39744
    SLICE_X38Y17         CARRY4 (Prop_carry4_CI_CO[3])
                                                      0.060    21.388 r  $flatten\\decoder.$auto$alumacc.cc:512:replace_alu$21488.genblk1.slice[7].genblk1.carry4/CO[3]
                         net (fo=1, routed)           0.000    21.388    $flattendecoder.$abc$1084070$aiger1084069$39752
    SLICE_X38Y18         CARRY4 (Prop_carry4_CI_O[3])
                                                      0.181    21.569 r  $flatten\\decoder.$auto$alumacc.cc:512:replace_alu$21488.genblk1.slice[8].genblk1.carry4/O[3]
                         net (fo=32, routed)          0.498    22.066    $flattendecoder.$techmap1101442$auto$abc9_ops.cc:1613:reintegrate$1093583.A[1]
    SLICE_X39Y18         LUT2 (Prop_lut2_I1_O)        0.142    22.208 r  $flatten\\decoder.$auto$abc9_ops.cc:1613:reintegrate$1093583/O
                         net (fo=1, routed)           0.000    22.208    $flattendecoder.$abc$1084070$aiger1084069$83181b
    SLICE_X39Y18         CARRY4 (Prop_carry4_S[2]_CO[3])
                                                      0.235    22.443 r  $flatten\\decoder.$auto$alumacc.cc:512:replace_alu$21500.genblk1.slice[4].genblk1.carry4/CO[3]
                         net (fo=1, routed)           0.000    22.443    $flattendecoder.$abc$1084070$aiger1084069$39872
    SLICE_X39Y19         CARRY4 (Prop_carry4_CI_CO[3])
                                                      0.058    22.501 r  $flatten\\decoder.$auto$alumacc.cc:512:replace_alu$21500.genblk1.slice[5].genblk1.carry4/CO[3]
                         net (fo=1, routed)           0.000    22.501    $flattendecoder.$abc$1084070$aiger1084069$39880
    SLICE_X39Y20         CARRY4 (Prop_carry4_CI_O[3])
                                                      0.179    22.680 f  $flatten\\decoder.$auto$alumacc.cc:512:replace_alu$21500.genblk1.slice[6].genblk1.carry4/O[3]
                         net (fo=4, routed)           0.722    23.402    $flattendecoder.$techmap1103268$auto$abc9_ops.cc:1613:reintegrate$1093113.A[4]
    SLICE_X38Y19         LUT6 (Prop_lut6_I4_O)        0.142    23.544 r  $flatten\\decoder.$auto$abc9_ops.cc:1613:reintegrate$1093108/O
                         net (fo=1, routed)           0.590    24.134    $flattendecoder.$abc$1084070$aiger1084069$83242b
    SLICE_X34Y16         CARRY4 (Prop_carry4_DI[3]_CO[3])
                                                      0.234    24.368 r  $flatten\\decoder.\\application.\\__phi_decoder_profile_topology__SchedulerGrid_0_next_inst.\\__phi_halo_cell__DedicatedGroup_0_next_inst.\\__phi_halo_cell__DedicatedActor_0__1_next_inst.$lt$/Users/ecpeterson/Documents/code/erl_xls/_build/architecture-repo/_build/architecture/dedicated-v3/phi_decoder_profile.v:4555$3654.genblk1.slice[1].genblk1.carry4/CO[3]
                         net (fo=1, routed)           0.000    24.368    $flattendecoder.$abc$1084070$aiger1084069$45800
    SLICE_X34Y17         CARRY4 (Prop_carry4_CI_O[1])
                                                      0.212    24.580 f  $flatten\\decoder.\\application.\\__phi_decoder_profile_topology__SchedulerGrid_0_next_inst.\\__phi_halo_cell__DedicatedGroup_0_next_inst.\\__phi_halo_cell__DedicatedActor_0__1_next_inst.$lt$/Users/ecpeterson/Documents/code/erl_xls/_build/architecture-repo/_build/architecture/dedicated-v3/phi_decoder_profile.v:4555$3654.genblk1.slice[2].genblk1.carry4/O[1]
                         net (fo=31, routed)          0.797    25.377    $flattendecoder.$techmap1126183$auto$abc9_ops.cc:1613:reintegrate$1084282.A[5]
    SLICE_X37Y14         LUT6 (Prop_lut6_I5_O)        0.155    25.532 r  $flatten\\decoder.$auto$abc9_ops.cc:1613:reintegrate$1089971/O
                         net (fo=2, routed)           0.446    25.978    decoder.application.__phi_decoder_profile_topology__SchedulerGrid_0_next_inst.__phi_halo_cell__DedicatedGroup_0_next_inst.__phi_halo_cell__DedicatedActor_0__1_next_inst.sel_120561[29]
    SLICE_X39Y14         FDRE                                         r  $flatten\\decoder.$auto$ff.cc:337:slice$48233/D
  -------------------------------------------------------------------    -------------------

                         (clock clock rise edge)      5.000     5.000 r
    AA14                                              0.000     5.000 r  clock (IN)
                         net (fo=0)                   0.000     5.000    clock
    AA14                 IBUF (Prop_ibuf_I_O)         0.767     5.767 r  $iopadmap$phi_timing_harness.clock/O
                         net (fo=1, routed)           1.741     7.508    $auto$clkbufmap.cc:262:execute$6457
    BUFGCTRL_X0Y0        BUFG (Prop_bufg_I_O)         0.113     7.621 r  $auto$clkbufmap.cc:261:execute$6456/O
                         net (fo=18546, routed)       1.474     9.095    decoder.application.clk
    SLICE_X39Y14         FDRE                                         r  $flatten\\decoder.$auto$ff.cc:337:slice$48233/C
                         clock pessimism              0.264     9.359
                         clock uncertainty           -0.035     9.324
    SLICE_X39Y14         FDRE (Setup_fdre_C_D)       -0.020     9.304    $flatten\\decoder.$auto$ff.cc:337:slice$48233
  -------------------------------------------------------------------
                         required time                          9.304
                         arrival time                         -25.978
  -------------------------------------------------------------------
                         slack                                -16.675
