Property                     Type    Read-only  Value
ARRIVAL_TIME                 double  true       26.041
CLASS                        string  true       timing_path
CLOCK_PESSIMISM              double  true       0.256
CORNER                       string  true       Slow
DATAPATH_DELAY               double  true       21.591
DATAPATH_LOGIC_DELAY         double  true       11.407
DATAPATH_NET_DELAY           double  true       10.184
DELAY_TYPE                   string  true       max
ENDPOINT_CLOCK               clock   true       clock
ENDPOINT_CLOCK_DELAY         double  true       4.142
ENDPOINT_CLOCK_EDGE          double  true       5.000
ENDPOINT_CLOCK_ROOT          string  true
ENDPOINT_PIN                 pin     true       $flatten\\decoder.$auto$ff.cc:337:slice$43245/D
EXCEPTION                    string  true
EXCEPTION_ID                 int*    true
GROUP                        string  true       clock
INPUT_DELAY                  double  true
INTER_SLR_COMPENSATION       double  true
LOGIC_LEVELS                 int     true       40
MAX_FANOUT                   int     true       50
NAME                         string  true       {$flatten\\decoder.$auto$ff.cc:337:slice$37324/C --> $flatten\\decoder.$auto$ff.cc:337:slice$43245/D}
OUTPUT_DELAY                 double  true
REQUIRED_TIME                double  true       9.318
REQUIREMENT                  double  true       5.000
ROUTABLE_NETS                int     true       unset***
SKEW                         double  true       -0.051
SLACK                        double  true       -16.723
STARTPOINT_CLOCK             clock   true       clock
STARTPOINT_CLOCK_DELAY       double  true       4.449
STARTPOINT_CLOCK_EDGE        double  true       0.000
STARTPOINT_CLOCK_ROOT        string  true
STARTPOINT_PIN               pin     true       $flatten\\decoder.$auto$ff.cc:337:slice$37324/C
TIME_BORROWED_FROM_ENDPOINT  double  true
TIME_GIVEN_TO_STARTPOINT     double  true
UNCERTAINTY                  double  true       0.035
USER_UNCERTAINTY             double  true
