Copyright 1986-2022 Xilinx, Inc. All Rights Reserved. Copyright 2022-2024 Advanced Micro Devices, Inc. All Rights Reserved.
--------------------------------------------------------------------------------------------------------------------------------------------------------------------------------------------------------------------------------------------------------------------------------------------------------------------------------------------------------------------------------------------
| Tool Version : Vivado v.2024.2 (lin64) Build 5239630 Fri Nov 08 22:34:34 MST 2024
| Date         : Sat Sep 26 23:47:17 2026
| Host         : ip-172-31-24-238 running 64-bit Ubuntu 22.04.5 LTS
| Command      : report_timing -from [get_pins -of_objects {$flatten\\decoder.$auto$ff.cc:337:slice$59296} -filter {REF_PIN_NAME == Q}] -to [get_pins -of_objects {$flatten\\decoder.$auto$ff.cc:337:slice$59296} -filter {REF_PIN_NAME == D}] -delay_type max -max_paths 1 -path_type full_clock_expanded -file /home/ubuntu/timing-followup-20260926/path-queries/dsp/historical-path.rpt
| Design       : probe_top
| Device       : 7z030-sbg485
| Speed File   : -1  PRODUCTION 1.12 2019-11-22
| Design State : Routed
--------------------------------------------------------------------------------------------------------------------------------------------------------------------------------------------------------------------------------------------------------------------------------------------------------------------------------------------------------------------------------------------

Timing Report

Slack (VIOLATED) :        -5.684ns  (required time - arrival time)
  Source:                 $flatten\\decoder.$auto$ff.cc:337:slice$54924/C
                            (rising edge-triggered cell FDRE clocked by clock  {rise@0.000ns fall@2.500ns period=5.000ns})
  Destination:            $flatten\\decoder.$auto$ff.cc:337:slice$59296/D
                            (rising edge-triggered cell FDRE clocked by clock  {rise@0.000ns fall@2.500ns period=5.000ns})
  Path Group:             clock
  Path Type:              Setup (Max at Slow Process Corner)
  Requirement:            5.000ns  (clock rise@5.000ns - clock rise@0.000ns)
  Data Path Delay:        10.509ns  (logic 1.331ns (12.665%)  route 9.178ns (87.335%))
  Logic Levels:           17  (LUT2=4 LUT3=2 LUT4=2 LUT5=5 LUT6=4)
  Clock Path Skew:        -0.173ns (DCD - SCD + CPR)
    Destination Clock Delay (DCD):    4.091ns = ( 9.091 - 5.000 )
    Source Clock Delay      (SCD):    4.448ns
    Clock Pessimism Removal (CPR):    0.184ns
  Clock Uncertainty:      0.035ns  ((TSJ^2 + TIJ^2)^1/2 + DJ) / 2 + PE
    Total System Jitter     (TSJ):    0.071ns
    Total Input Jitter      (TIJ):    0.000ns
    Discrete Jitter          (DJ):    0.000ns
    Phase Error              (PE):    0.000ns

    Location             Delay type                Incr(ns)  Path(ns)    Netlist Resource(s)
  -------------------------------------------------------------------    -------------------
                         (clock clock rise edge)      0.000     0.000 r
    AA14                                              0.000     0.000 r  clock (IN)
                         net (fo=0)                   0.000     0.000    clock
    AA14                 IBUF (Prop_ibuf_I_O)         0.843     0.843 r  $iopadmap$phi_timing_harness.clock/O
                         net (fo=1, routed)           1.830     2.673    $auto$clkbufmap.cc:262:execute$6457
    BUFGCTRL_X0Y0        BUFG (Prop_bufg_I_O)         0.120     2.793 r  $auto$clkbufmap.cc:261:execute$6456/O
                         net (fo=22438, routed)       1.655     4.448    decoder.scheduler_3_state.clk
    SLICE_X18Y7          FDRE                                         r  $flatten\\decoder.$auto$ff.cc:337:slice$54924/C
  -------------------------------------------------------------------    -------------------
    SLICE_X18Y7          FDRE (Prop_fdre_C_Q)         0.308     4.756 f  $flatten\\decoder.$auto$ff.cc:337:slice$54924/Q
                         net (fo=3, routed)           0.339     5.095    decoder.application.__phi_decoder_profile_topology__SchedulerGrid_0_next_inst.__phi_halo_cell__SharedService_0__2_3_0_2_2_next_inst.materialized_fifo_fifo__executor_result_.push_data[739]
    SLICE_X16Y8          LUT4 (Prop_lut4_I3_O)        0.053     5.148 r  $flatten\\decoder.$abc$1119696$lut$aiger1119695$45802/O
                         net (fo=1, routed)           0.731     5.879    $flattendecoder.$techmap1129359$abc$1119696$lut$aiger1119695$45807.A[4]
    SLICE_X15Y20         LUT6 (Prop_lut6_I4_O)        0.053     5.932 r  $flatten\\decoder.$abc$1119696$lut$aiger1119695$45807/O
                         net (fo=1, routed)           0.495     6.427    $flattendecoder.$techmap1129363$abc$1119696$lut$aiger1119695$45823.A[4]
    SLICE_X22Y21         LUT5 (Prop_lut5_I4_O)        0.053     6.480 r  $flatten\\decoder.$abc$1119696$lut$aiger1119695$45823/O
                         net (fo=2, routed)           0.969     7.450    $flattendecoder.$techmap1129366$abc$1119696$lut$aiger1119695$45825.A[1]
    SLICE_X41Y20         LUT2 (Prop_lut2_I1_O)        0.053     7.503 r  $flatten\\decoder.$abc$1119696$lut$aiger1119695$45841/O
                         net (fo=31, routed)          0.709     8.212    $flattendecoder.$techmap1140534$abc$1119696$lutapplication.__phi_decoder_profile_topology__SchedulerGrid_0_next_inst.__phi_halo_cell__SharedService_0__2_3_0_2_2_next_inst.__phi_halo_cell__SharedExecutor_0_next_inst.and_166639[32].A[2]
    SLICE_X48Y17         LUT5 (Prop_lut5_I2_O)        0.053     8.265 f  $flatten\\decoder.$abc$1119696$lut$aiger1119695$45845/O
                         net (fo=2, routed)           0.146     8.411    $flattendecoder.$techmap1129377$auto$abc9_ops.cc:1613:reintegrate$1120643.A[5]
    SLICE_X48Y17         LUT6 (Prop_lut6_I5_O)        0.053     8.464 r  $flatten\\decoder.$auto$abc9_ops.cc:1613:reintegrate$1120643/O
                         net (fo=3, routed)           0.453     8.917    decoder.application.__phi_decoder_profile_topology__SchedulerGrid_0_next_inst.materialized_fifo_fifo__scheduler_3_egress_.push_data[384]
    SLICE_X47Y21         LUT5 (Prop_lut5_I4_O)        0.053     8.970 r  $flatten\\decoder.$abc$1119696$lut$aiger1119695$45898/O
                         net (fo=10, routed)          0.377     9.347    $flattendecoder.$techmap1131753$abc$1119696$lut$aiger1119695$50793.A[0]
    SLICE_X49Y20         LUT6 (Prop_lut6_I4_O)        0.053     9.400 f  $flatten\\decoder.$abc$1119696$lut$aiger1119695$45967/O
                         net (fo=7, routed)           0.477     9.878    $flattendecoder.$techmap1131776$abc$1119696$lut$aiger1119695$81323.A[0]
    SLICE_X53Y23         LUT2 (Prop_lut2_I1_O)        0.053     9.931 f  $flatten\\decoder.$abc$1119696$lut$aiger1119695$86412/O
                         net (fo=4, routed)           0.488    10.418    $flattendecoder.$techmap1131768$abc$1119696$lut$aiger1119695$91918.A[3]
    SLICE_X55Y27         LUT3 (Prop_lut3_I2_O)        0.053    10.471 f  $flatten\\decoder.$abc$1119696$lut$aiger1119695$86414/O
                         net (fo=365, routed)         0.278    10.749    $flattendecoder.$techmap1132332$auto$abc9_ops.cc:1613:reintegrate$1124125.A[3]
    SLICE_X55Y29         LUT4 (Prop_lut4_I3_O)        0.053    10.802 f  $flatten\\decoder.$abc$1119696$lut\\application.__phi_decoder_profile_topology__SchedulerGrid_0_next_inst.__phi_decoder_profile_topology__Phi_zReductionPlane_0_next_inst.one_hot_sel_175611/O
                         net (fo=6, routed)           0.568    11.371    decoder.application.__phi_decoder_profile_topology__SchedulerGrid_0_next_inst.__phi_decoder_profile_topology__Phi_zReductionPlane_0_next_inst.tuple_index_173584[0]
    SLICE_X56Y34         LUT3 (Prop_lut3_I2_O)        0.053    11.424 r  $flatten\\decoder.$abc$1119696$lut$aiger1119695$86420/O
                         net (fo=21, routed)          0.845    12.269    $flattendecoder.$techmap1147327$auto$abc9_ops.cc:1613:reintegrate$1119776.A[0]
    SLICE_X57Y28         LUT5 (Prop_lut5_I4_O)        0.053    12.322 f  $flatten\\decoder.$abc$1119696$lut$aiger1119695$86430/O
                         net (fo=1, routed)           0.308    12.629    $flattendecoder.$techmap1133276$abc$1119696$lut$aiger1119695$86445.A[4]
    SLICE_X57Y28         LUT6 (Prop_lut6_I4_O)        0.053    12.682 r  $flatten\\decoder.$abc$1119696$lut$aiger1119695$86445/O
                         net (fo=11, routed)          0.594    13.277    $flattendecoder.$techmap1147327$auto$abc9_ops.cc:1613:reintegrate$1119776.A[2]
    SLICE_X58Y30         LUT2 (Prop_lut2_I1_O)        0.053    13.330 r  $flatten\\decoder.$abc$1119696$lut$aiger1119695$91453/O
                         net (fo=11, routed)          0.710    14.040    $flattendecoder.$techmap1133947$abc$1119696$lut$aiger1119695$91508.A[0]
    SLICE_X57Y31         LUT2 (Prop_lut2_I0_O)        0.063    14.103 r  $flatten\\decoder.$abc$1119696$lut$aiger1119695$92272/O
                         net (fo=102, routed)         0.690    14.793    $flattendecoder.$techmap1147241$auto$abc9_ops.cc:1613:reintegrate$1119814.A[2]
    SLICE_X68Y30         LUT5 (Prop_lut5_I4_O)        0.165    14.958 r  $flatten\\decoder.$auto$xilinx_dffopt.cc:338:execute$1161986/O
                         net (fo=1, routed)           0.000    14.958    $flattendecoder.$auto$xilinx_dffopt.cc:347:execute$1161987
    SLICE_X68Y30         FDRE                                         r  $flatten\\decoder.$auto$ff.cc:337:slice$59296/D
  -------------------------------------------------------------------    -------------------

                         (clock clock rise edge)      5.000     5.000 r
    AA14                                              0.000     5.000 r  clock (IN)
                         net (fo=0)                   0.000     5.000    clock
    AA14                 IBUF (Prop_ibuf_I_O)         0.767     5.767 r  $iopadmap$phi_timing_harness.clock/O
                         net (fo=1, routed)           1.741     7.508    $auto$clkbufmap.cc:262:execute$6457
    BUFGCTRL_X0Y0        BUFG (Prop_bufg_I_O)         0.113     7.621 r  $auto$clkbufmap.cc:261:execute$6456/O
                         net (fo=22438, routed)       1.470     9.091    decoder.scheduler_3_state.clk
    SLICE_X68Y30         FDRE                                         r  $flatten\\decoder.$auto$ff.cc:337:slice$59296/C
                         clock pessimism              0.184     9.275
                         clock uncertainty           -0.035     9.240
    SLICE_X68Y30         FDRE (Setup_fdre_C_D)        0.034     9.274    $flatten\\decoder.$auto$ff.cc:337:slice$59296
  -------------------------------------------------------------------
                         required time                          9.274
                         arrival time                         -14.958
  -------------------------------------------------------------------
                         slack                                 -5.684
