Property                     Type    Read-only  Value
ARRIVAL_TIME                 double  true       18.390
CLASS                        string  true       timing_path
CLOCK_PESSIMISM              double  true       0.172
CORNER                       string  true       Slow
DATAPATH_DELAY               double  true       14.213
DATAPATH_LOGIC_DELAY         double  true       1.707
DATAPATH_NET_DELAY           double  true       12.506
DELAY_TYPE                   string  true       max
ENDPOINT_CLOCK               clock   true       clock
ENDPOINT_CLOCK_DELAY         double  true       3.893
ENDPOINT_CLOCK_EDGE          double  true       5.000
ENDPOINT_CLOCK_ROOT          string  true
ENDPOINT_PIN                 pin     true       $flatten\\decoder.$auto$ff.cc:337:slice$41686/CE
EXCEPTION                    string  true
EXCEPTION_ID                 int*    true
GROUP                        string  true       clock
INPUT_DELAY                  double  true
INTER_SLR_COMPENSATION       double  true
LOGIC_LEVELS                 int     true       25
MAX_FANOUT                   int     true       2102
NAME                         string  true       {$flatten\\decoder.$auto$ff.cc:337:slice$59198/C --> $flatten\\decoder.$auto$ff.cc:337:slice$41686/CE}
OUTPUT_DELAY                 double  true
REQUIRED_TIME                double  true       8.811
REQUIREMENT                  double  true       5.000
ROUTABLE_NETS                int     true       unset***
SKEW                         double  true       -0.112
SLACK                        double  true       -9.579
STARTPOINT_CLOCK             clock   true       clock
STARTPOINT_CLOCK_DELAY       double  true       4.177
STARTPOINT_CLOCK_EDGE        double  true       0.000
STARTPOINT_CLOCK_ROOT        string  true
STARTPOINT_PIN               pin     true       $flatten\\decoder.$auto$ff.cc:337:slice$59198/C
TIME_BORROWED_FROM_ENDPOINT  double  true
TIME_GIVEN_TO_STARTPOINT     double  true
UNCERTAINTY                  double  true       0.035
USER_UNCERTAINTY             double  true
