Copyright 1986-2022 Xilinx, Inc. All Rights Reserved. Copyright 2022-2024 Advanced Micro Devices, Inc. All Rights Reserved.
----------------------------------------------------------------------------------------------------------------------------------------------------------------------------------------------------------------------------------------------------------------------------------------------------------------------------------------------------------------------------------------
| Tool Version : Vivado v.2024.2 (lin64) Build 5239630 Fri Nov 08 22:34:34 MST 2024
| Date         : Sat Sep 26 23:47:16 2026
| Host         : ip-172-31-24-238 running 64-bit Ubuntu 22.04.5 LTS
| Command      : report_timing -from [get_pins -of_objects {$flatten\\decoder.$auto$ff.cc:337:slice$41686} -filter {REF_PIN_NAME == Q}] -to [get_pins -of_objects {$flatten\\decoder.$auto$ff.cc:337:slice$41686} -filter {REF_PIN_NAME == CE}] -delay_type max -max_paths 1 -path_type full_clock_expanded -file /home/ubuntu/timing-followup-20260926/path-queries/dsp/seed1-path.rpt
| Design       : probe_top
| Device       : 7z030-sbg485
| Speed File   : -1  PRODUCTION 1.12 2019-11-22
| Design State : Routed
----------------------------------------------------------------------------------------------------------------------------------------------------------------------------------------------------------------------------------------------------------------------------------------------------------------------------------------------------------------------------------------

Timing Report

Slack (VIOLATED) :        -9.579ns  (required time - arrival time)
  Source:                 $flatten\\decoder.$auto$ff.cc:337:slice$59198/C
                            (rising edge-triggered cell FDRE clocked by clock  {rise@0.000ns fall@2.500ns period=5.000ns})
  Destination:            $flatten\\decoder.$auto$ff.cc:337:slice$41686/CE
                            (rising edge-triggered cell FDRE clocked by clock  {rise@0.000ns fall@2.500ns period=5.000ns})
  Path Group:             clock
  Path Type:              Setup (Max at Slow Process Corner)
  Requirement:            5.000ns  (clock rise@5.000ns - clock rise@0.000ns)
  Data Path Delay:        14.213ns  (logic 1.707ns (12.010%)  route 12.506ns (87.990%))
  Logic Levels:           25  (LUT2=7 LUT3=1 LUT4=5 LUT5=6 LUT6=6)
  Clock Path Skew:        -0.112ns (DCD - SCD + CPR)
    Destination Clock Delay (DCD):    3.893ns = ( 8.893 - 5.000 )
    Source Clock Delay      (SCD):    4.177ns
    Clock Pessimism Removal (CPR):    0.172ns
  Clock Uncertainty:      0.035ns  ((TSJ^2 + TIJ^2)^1/2 + DJ) / 2 + PE
    Total System Jitter     (TSJ):    0.071ns
    Total Input Jitter      (TIJ):    0.000ns
    Discrete Jitter          (DJ):    0.000ns
    Phase Error              (PE):    0.000ns

    Location             Delay type                Incr(ns)  Path(ns)    Netlist Resource(s)
  -------------------------------------------------------------------    -------------------
                         (clock clock rise edge)      0.000     0.000 r
    AA14                                              0.000     0.000 r  clock (IN)
                         net (fo=0)                   0.000     0.000    clock
    AA14                 IBUF (Prop_ibuf_I_O)         0.843     0.843 r  $iopadmap$phi_timing_harness.clock/O
                         net (fo=1, routed)           1.830     2.673    $auto$clkbufmap.cc:262:execute$6457
    BUFGCTRL_X0Y0        BUFG (Prop_bufg_I_O)         0.120     2.793 r  $auto$clkbufmap.cc:261:execute$6456/O
                         net (fo=22438, routed)       1.384     4.177    decoder.scheduler_3_state.clk
    SLICE_X62Y69         FDRE                                         r  $flatten\\decoder.$auto$ff.cc:337:slice$59198/C
  -------------------------------------------------------------------    -------------------
    SLICE_X62Y69         FDRE (Prop_fdre_C_Q)         0.282     4.459 r  $flatten\\decoder.$auto$ff.cc:337:slice$59198/Q
                         net (fo=33, routed)          0.690     5.149    decoder.application.__phi_decoder_profile_topology__SchedulerGrid_0_next_inst.__phi_halo_cell__SharedService_0__2_2_0_2_2_next_inst.__phi_halo_cell__SharedExecutor_0_next_inst.p0_request_aggregate_valid__1
    SLICE_X69Y71         LUT5 (Prop_lut5_I3_O)        0.153     5.302 r  $flatten\\decoder.$abc$1119696$lut$aiger1119695$43255/O
                         net (fo=3, routed)           0.743     6.044    $flattendecoder.$techmap1140938$abc$1119696$lut$aiger1119695$128979.A[2]
    SLICE_X84Y72         LUT4 (Prop_lut4_I2_O)        0.053     6.097 r  $flatten\\decoder.$abc$1119696$lut$aiger1119695$43264/O
                         net (fo=158, routed)         0.369     6.467    $flattendecoder.$techmap1140622$auto$abc9_ops.cc:1613:reintegrate$1122499.A[0]
    SLICE_X84Y73         LUT2 (Prop_lut2_I0_O)        0.053     6.520 r  $flatten\\decoder.$abc$1119696$lut$aiger1119695$48263/O
                         net (fo=3, routed)           0.260     6.780    $flattendecoder.$techmap1129626$abc$1119696$lut$aiger1119695$48266.A[3]
    SLICE_X84Y74         LUT4 (Prop_lut4_I3_O)        0.053     6.833 r  $flatten\\decoder.$abc$1119696$lut$aiger1119695$48266/O
                         net (fo=4, routed)           0.547     7.379    $flattendecoder.$techmap1129628$abc$1119696$lut$aiger1119695$48274.A[5]
    SLICE_X89Y72         LUT6 (Prop_lut6_I5_O)        0.053     7.432 r  $flatten\\decoder.$abc$1119696$lut$aiger1119695$48274/O
                         net (fo=2, routed)           0.468     7.901    $flattendecoder.$techmap1129643$abc$1119696$lut$aiger1119695$48332.A[4]
    SLICE_X89Y72         LUT6 (Prop_lut6_I4_O)        0.053     7.954 f  $flatten\\decoder.$abc$1119696$lut$aiger1119695$48332/O
                         net (fo=8, routed)           0.388     8.341    $flattendecoder.$techmap1131790$abc$1119696$lut$aiger1119695$79145.A[4]
    SLICE_X84Y72         LUT2 (Prop_lut2_I1_O)        0.053     8.394 f  $flatten\\decoder.$abc$1119696$lut$aiger1119695$48351/O
                         net (fo=2, routed)           0.145     8.540    $flattendecoder.$techmap1129654$abc$1119696$lut$aiger1119695$48360.A[1]
    SLICE_X84Y72         LUT2 (Prop_lut2_I1_O)        0.053     8.593 f  $flatten\\decoder.$abc$1119696$lut$aiger1119695$48360/O
                         net (fo=6, routed)           0.482     9.074    $flattendecoder.$techmap1129655$abc$1119696$lut$aiger1119695$48367.A[4]
    SLICE_X85Y70         LUT5 (Prop_lut5_I4_O)        0.053     9.127 f  $flatten\\decoder.$abc$1119696$lut$aiger1119695$48367/O
                         net (fo=2, routed)           0.243     9.371    $flattendecoder.$techmap1147277$abc$1119696$lut$aiger1119695$92400.A[3]
    SLICE_X85Y69         LUT4 (Prop_lut4_I3_O)        0.053     9.424 r  $flatten\\decoder.$abc$1119696$lut$aiger1119695$48375/O
                         net (fo=2, routed)           0.561     9.984    $flattendecoder.$techmap1129663$abc$1119696$lut$aiger1119695$48386.A[4]
    SLICE_X86Y67         LUT6 (Prop_lut6_I4_O)        0.053    10.037 f  $flatten\\decoder.$abc$1119696$lut$aiger1119695$48386/O
                         net (fo=1, routed)           0.468    10.505    $flattendecoder.$techmap1129674$auto$abc9_ops.cc:1613:reintegrate$1124642.A[3]
    SLICE_X86Y67         LUT4 (Prop_lut4_I3_O)        0.053    10.558 r  $flatten\\decoder.$auto$abc9_ops.cc:1613:reintegrate$1124642/O
                         net (fo=262, routed)         0.462    11.020    decoder.scheduler_2_state.rd_addr
    SLICE_X86Y66         LUT5 (Prop_lut5_I4_O)        0.053    11.073 r  $flatten\\decoder.$abc$1119696$lut$aiger1119695$48802/O
                         net (fo=2, routed)           0.146    11.219    $flattendecoder.$techmap1129679$abc$1119696$lut$aiger1119695$48806.A[3]
    SLICE_X86Y66         LUT4 (Prop_lut4_I3_O)        0.053    11.272 f  $flatten\\decoder.$abc$1119696$lut$aiger1119695$48806/O
                         net (fo=4, routed)           0.441    11.713    $flattendecoder.$techmap1129744$abc$1119696$lut$aiger1119695$49066.A[4]
    SLICE_X86Y63         LUT2 (Prop_lut2_I1_O)        0.053    11.766 f  $flatten\\decoder.$abc$1119696$lut$aiger1119695$48810/O
                         net (fo=2, routed)           0.355    12.121    $flattendecoder.$techmap1129696$abc$1119696$lut$aiger1119695$48882.A[4]
    SLICE_X87Y63         LUT5 (Prop_lut5_I4_O)        0.053    12.174 r  $flatten\\decoder.$abc$1119696$lut$aiger1119695$48835/O
                         net (fo=1, routed)           0.306    12.481    $flattendecoder.$techmap1129693$abc$1119696$lut$aiger1119695$48863.A[4]
    SLICE_X87Y63         LUT5 (Prop_lut5_I4_O)        0.053    12.534 r  $flatten\\decoder.$abc$1119696$lut$aiger1119695$48863/O
                         net (fo=10, routed)          0.341    12.875    $flattendecoder.$techmap1136384$auto$abc9_ops.cc:1613:reintegrate$1123546.A[3]
    SLICE_X87Y63         LUT6 (Prop_lut6_I5_O)        0.053    12.928 f  $flatten\\decoder.$abc$1119696$lut$aiger1119695$48914/O
                         net (fo=10, routed)          0.459    13.386    $flattendecoder.$techmap1136145$abc$1119696$lut$aiger1119695$112291.A[4]
    SLICE_X84Y63         LUT2 (Prop_lut2_I1_O)        0.053    13.439 r  $flatten\\decoder.$abc$1119696$lut$aiger1119695$48915/O
                         net (fo=3, routed)           0.327    13.766    $flattendecoder.$techmap1129751$abc$1119696$lut$aiger1119695$49095.A[5]
    SLICE_X83Y63         LUT2 (Prop_lut2_I1_O)        0.053    13.819 r  $flatten\\decoder.$abc$1119696$lut$aiger1119695$48974/O
                         net (fo=3, routed)           0.389    14.208    $flattendecoder.$techmap1131798$abc$1119696$lutapplication.__phi_decoder_profile_topology__SchedulerGrid_0_next_inst.__phi_halo_cell__SharedService_0__2_2_0_2_2_next_inst.and_168449.A[4]
    SLICE_X79Y68         LUT5 (Prop_lut5_I4_O)        0.053    14.261 f  $flatten\\decoder.$abc$1119696$lut\\application.__phi_decoder_profile_topology__SchedulerGrid_0_next_inst.__phi_halo_cell__SharedService_0__2_2_0_2_2_next_inst.and_168449/O
                         net (fo=2, routed)           0.290    14.551    decoder.application.__phi_decoder_profile_topology__SchedulerGrid_0_next_inst.__phi_halo_cell__SharedService_0__2_2_0_2_2_next_inst.and_168449
    SLICE_X78Y68         LUT2 (Prop_lut2_I1_O)        0.053    14.604 f  $flatten\\decoder.$abc$1119696$lut\\application.__phi_decoder_profile_topology__SchedulerGrid_0_next_inst.__phi_halo_cell__SharedService_0__2_2_0_2_2_next_inst.and_167555/O
                         net (fo=4, routed)           0.442    15.045    decoder.application.__phi_decoder_profile_topology__SchedulerGrid_0_next_inst.__phi_halo_cell__SharedService_0__2_2_0_2_2_next_inst.and_167555
    SLICE_X72Y68         LUT6 (Prop_lut6_I5_O)        0.053    15.098 r  $flatten\\decoder.$abc$1119696$lut\\application.__phi_decoder_profile_topology__SchedulerGrid_0_next_inst.__phi_halo_cell__SharedService_0__2_2_0_2_2_next_inst.p0_stage_done/O
                         net (fo=222, routed)         1.507    16.606    decoder.application.__phi_decoder_profile_topology__SchedulerGrid_0_next_inst.__phi_halo_cell__SharedService_0__2_2_0_2_2_next_inst.p0_stage_done
    SLICE_X36Y93         LUT6 (Prop_lut6_I5_O)        0.053    16.659 r  $flatten\\decoder.$auto$abc9_ops.cc:1613:reintegrate$1119961/O
                         net (fo=2102, routed)        0.954    17.613    decoder.application.__phi_decoder_profile_topology__SchedulerGrid_0_next_inst.__phi_decoder_profile_topology__Phi_xReductionPlane_0_next_inst.stage_outputs_ready_0
    SLICE_X36Y103        LUT3 (Prop_lut3_I2_O)        0.053    17.666 r  $flatten\\decoder.$abc$1119696$lut\\application.__phi_decoder_profile_topology__SchedulerGrid_0_next_inst.__phi_decoder_profile_topology__Phi_xReductionPlane_0_next_inst.and_173190/O
                         net (fo=364, routed)         0.724    18.390    decoder.application.__phi_decoder_profile_topology__SchedulerGrid_0_next_inst.__phi_decoder_profile_topology__Phi_xReductionPlane_0_next_inst.and_173190
    SLICE_X38Y110        FDRE                                         r  $flatten\\decoder.$auto$ff.cc:337:slice$41686/CE
  -------------------------------------------------------------------    -------------------

                         (clock clock rise edge)      5.000     5.000 r
    AA14                                              0.000     5.000 r  clock (IN)
                         net (fo=0)                   0.000     5.000    clock
    AA14                 IBUF (Prop_ibuf_I_O)         0.767     5.767 r  $iopadmap$phi_timing_harness.clock/O
                         net (fo=1, routed)           1.741     7.508    $auto$clkbufmap.cc:262:execute$6457
    BUFGCTRL_X0Y0        BUFG (Prop_bufg_I_O)         0.113     7.621 r  $auto$clkbufmap.cc:261:execute$6456/O
                         net (fo=22438, routed)       1.272     8.893    decoder.scheduler_3_state.clk
    SLICE_X38Y110        FDRE                                         r  $flatten\\decoder.$auto$ff.cc:337:slice$41686/C
                         clock pessimism              0.172     9.065
                         clock uncertainty           -0.035     9.030
    SLICE_X38Y110        FDRE (Setup_fdre_C_CE)      -0.219     8.811    $flatten\\decoder.$auto$ff.cc:337:slice$41686
  -------------------------------------------------------------------
                         required time                          8.811
                         arrival time                         -18.390
  -------------------------------------------------------------------
                         slack                                 -9.579
