Copyright 1986-2022 Xilinx, Inc. All Rights Reserved. Copyright 2022-2024 Advanced Micro Devices, Inc. All Rights Reserved.
---------------------------------------------------------------------------------------------------------------------------------------------------------------------------------------------------------------------------------------------------------------------------------------------------------------------------------------------------------------------------------------
| Tool Version : Vivado v.2024.2 (lin64) Build 5239630 Fri Nov 08 22:34:34 MST 2024
| Date         : Sat Sep 26 23:47:17 2026
| Host         : ip-172-31-24-238 running 64-bit Ubuntu 22.04.5 LTS
| Command      : report_timing -from [get_pins -of_objects {$flatten\\decoder.$auto$ff.cc:337:slice$50684} -filter {REF_PIN_NAME == Q}] -to [get_pins -of_objects {$flatten\\decoder.$auto$ff.cc:337:slice$50684} -filter {REF_PIN_NAME == D}] -delay_type max -max_paths 1 -path_type full_clock_expanded -file /home/ubuntu/timing-followup-20260926/path-queries/dsp/seed2-path.rpt
| Design       : probe_top
| Device       : 7z030-sbg485
| Speed File   : -1  PRODUCTION 1.12 2019-11-22
| Design State : Routed
---------------------------------------------------------------------------------------------------------------------------------------------------------------------------------------------------------------------------------------------------------------------------------------------------------------------------------------------------------------------------------------

Timing Report

Slack (VIOLATED) :        -8.769ns  (required time - arrival time)
  Source:                 $flatten\\decoder.$auto$ff.cc:337:slice$59197/C
                            (rising edge-triggered cell FDRE clocked by clock  {rise@0.000ns fall@2.500ns period=5.000ns})
  Destination:            $flatten\\decoder.$auto$ff.cc:337:slice$50684/D
                            (rising edge-triggered cell FDRE clocked by clock  {rise@0.000ns fall@2.500ns period=5.000ns})
  Path Group:             clock
  Path Type:              Setup (Max at Slow Process Corner)
  Requirement:            5.000ns  (clock rise@5.000ns - clock rise@0.000ns)
  Data Path Delay:        13.779ns  (logic 1.707ns (12.388%)  route 12.072ns (87.612%))
  Logic Levels:           25  (LUT2=7 LUT4=5 LUT5=7 LUT6=6)
  Clock Path Skew:        -0.026ns (DCD - SCD + CPR)
    Destination Clock Delay (DCD):    3.968ns = ( 8.968 - 5.000 )
    Source Clock Delay      (SCD):    4.176ns
    Clock Pessimism Removal (CPR):    0.182ns
  Clock Uncertainty:      0.035ns  ((TSJ^2 + TIJ^2)^1/2 + DJ) / 2 + PE
    Total System Jitter     (TSJ):    0.071ns
    Total Input Jitter      (TIJ):    0.000ns
    Discrete Jitter          (DJ):    0.000ns
    Phase Error              (PE):    0.000ns

    Location             Delay type                Incr(ns)  Path(ns)    Netlist Resource(s)
  -------------------------------------------------------------------    -------------------
                         (clock clock rise edge)      0.000     0.000 r
    AA14                                              0.000     0.000 r  clock (IN)
                         net (fo=0)                   0.000     0.000    clock
    AA14                 IBUF (Prop_ibuf_I_O)         0.843     0.843 r  $iopadmap$phi_timing_harness.clock/O
                         net (fo=1, routed)           1.830     2.673    $auto$clkbufmap.cc:262:execute$6457
    BUFGCTRL_X0Y0        BUFG (Prop_bufg_I_O)         0.120     2.793 r  $auto$clkbufmap.cc:261:execute$6456/O
                         net (fo=22438, routed)       1.383     4.176    decoder.scheduler_3_state.clk
    SLICE_X58Y68         FDRE                                         r  $flatten\\decoder.$auto$ff.cc:337:slice$59197/C
  -------------------------------------------------------------------    -------------------
    SLICE_X58Y68         FDRE (Prop_fdre_C_Q)         0.282     4.458 r  $flatten\\decoder.$auto$ff.cc:337:slice$59197/Q
                         net (fo=108, routed)         0.763     5.221    decoder.application.__phi_decoder_profile_topology__SchedulerGrid_0_next_inst.__phi_halo_cell__SharedService_0__2_2_0_2_2_next_inst.__phi_halo_cell__SharedExecutor_0_next_inst.p0_request_internal__1
    SLICE_X69Y71         LUT5 (Prop_lut5_I1_O)        0.153     5.374 r  $flatten\\decoder.$abc$1119696$lut$aiger1119695$43255/O
                         net (fo=3, routed)           0.743     6.117    $flattendecoder.$techmap1140938$abc$1119696$lut$aiger1119695$128979.A[2]
    SLICE_X84Y72         LUT4 (Prop_lut4_I2_O)        0.053     6.170 r  $flatten\\decoder.$abc$1119696$lut$aiger1119695$43264/O
                         net (fo=158, routed)         0.369     6.539    $flattendecoder.$techmap1140622$auto$abc9_ops.cc:1613:reintegrate$1122499.A[0]
    SLICE_X84Y73         LUT2 (Prop_lut2_I0_O)        0.053     6.592 r  $flatten\\decoder.$abc$1119696$lut$aiger1119695$48263/O
                         net (fo=3, routed)           0.260     6.852    $flattendecoder.$techmap1129626$abc$1119696$lut$aiger1119695$48266.A[3]
    SLICE_X84Y74         LUT4 (Prop_lut4_I3_O)        0.053     6.905 r  $flatten\\decoder.$abc$1119696$lut$aiger1119695$48266/O
                         net (fo=4, routed)           0.547     7.452    $flattendecoder.$techmap1129628$abc$1119696$lut$aiger1119695$48274.A[5]
    SLICE_X89Y72         LUT6 (Prop_lut6_I5_O)        0.053     7.505 r  $flatten\\decoder.$abc$1119696$lut$aiger1119695$48274/O
                         net (fo=2, routed)           0.468     7.973    $flattendecoder.$techmap1129643$abc$1119696$lut$aiger1119695$48332.A[4]
    SLICE_X89Y72         LUT6 (Prop_lut6_I4_O)        0.053     8.026 f  $flatten\\decoder.$abc$1119696$lut$aiger1119695$48332/O
                         net (fo=8, routed)           0.388     8.414    $flattendecoder.$techmap1131790$abc$1119696$lut$aiger1119695$79145.A[4]
    SLICE_X84Y72         LUT2 (Prop_lut2_I1_O)        0.053     8.467 f  $flatten\\decoder.$abc$1119696$lut$aiger1119695$48351/O
                         net (fo=2, routed)           0.145     8.612    $flattendecoder.$techmap1129654$abc$1119696$lut$aiger1119695$48360.A[1]
    SLICE_X84Y72         LUT2 (Prop_lut2_I1_O)        0.053     8.665 f  $flatten\\decoder.$abc$1119696$lut$aiger1119695$48360/O
                         net (fo=6, routed)           0.482     9.147    $flattendecoder.$techmap1129655$abc$1119696$lut$aiger1119695$48367.A[4]
    SLICE_X85Y70         LUT5 (Prop_lut5_I4_O)        0.053     9.200 f  $flatten\\decoder.$abc$1119696$lut$aiger1119695$48367/O
                         net (fo=2, routed)           0.243     9.443    $flattendecoder.$techmap1147277$abc$1119696$lut$aiger1119695$92400.A[3]
    SLICE_X85Y69         LUT4 (Prop_lut4_I3_O)        0.053     9.496 r  $flatten\\decoder.$abc$1119696$lut$aiger1119695$48375/O
                         net (fo=2, routed)           0.561    10.057    $flattendecoder.$techmap1129663$abc$1119696$lut$aiger1119695$48386.A[4]
    SLICE_X86Y67         LUT6 (Prop_lut6_I4_O)        0.053    10.110 f  $flatten\\decoder.$abc$1119696$lut$aiger1119695$48386/O
                         net (fo=1, routed)           0.468    10.578    $flattendecoder.$techmap1129674$auto$abc9_ops.cc:1613:reintegrate$1124642.A[3]
    SLICE_X86Y67         LUT4 (Prop_lut4_I3_O)        0.053    10.631 r  $flatten\\decoder.$auto$abc9_ops.cc:1613:reintegrate$1124642/O
                         net (fo=262, routed)         0.462    11.093    decoder.scheduler_2_state.rd_addr
    SLICE_X86Y66         LUT5 (Prop_lut5_I4_O)        0.053    11.146 r  $flatten\\decoder.$abc$1119696$lut$aiger1119695$48802/O
                         net (fo=2, routed)           0.146    11.292    $flattendecoder.$techmap1129679$abc$1119696$lut$aiger1119695$48806.A[3]
    SLICE_X86Y66         LUT4 (Prop_lut4_I3_O)        0.053    11.345 f  $flatten\\decoder.$abc$1119696$lut$aiger1119695$48806/O
                         net (fo=4, routed)           0.441    11.786    $flattendecoder.$techmap1129744$abc$1119696$lut$aiger1119695$49066.A[4]
    SLICE_X86Y63         LUT2 (Prop_lut2_I1_O)        0.053    11.839 f  $flatten\\decoder.$abc$1119696$lut$aiger1119695$48810/O
                         net (fo=2, routed)           0.355    12.194    $flattendecoder.$techmap1129696$abc$1119696$lut$aiger1119695$48882.A[4]
    SLICE_X87Y63         LUT5 (Prop_lut5_I4_O)        0.053    12.247 r  $flatten\\decoder.$abc$1119696$lut$aiger1119695$48835/O
                         net (fo=1, routed)           0.306    12.553    $flattendecoder.$techmap1129693$abc$1119696$lut$aiger1119695$48863.A[4]
    SLICE_X87Y63         LUT5 (Prop_lut5_I4_O)        0.053    12.606 r  $flatten\\decoder.$abc$1119696$lut$aiger1119695$48863/O
                         net (fo=10, routed)          0.341    12.947    $flattendecoder.$techmap1136384$auto$abc9_ops.cc:1613:reintegrate$1123546.A[3]
    SLICE_X87Y63         LUT6 (Prop_lut6_I5_O)        0.053    13.000 f  $flatten\\decoder.$abc$1119696$lut$aiger1119695$48914/O
                         net (fo=10, routed)          0.459    13.459    $flattendecoder.$techmap1136145$abc$1119696$lut$aiger1119695$112291.A[4]
    SLICE_X84Y63         LUT2 (Prop_lut2_I1_O)        0.053    13.512 r  $flatten\\decoder.$abc$1119696$lut$aiger1119695$48915/O
                         net (fo=3, routed)           0.327    13.839    $flattendecoder.$techmap1129751$abc$1119696$lut$aiger1119695$49095.A[5]
    SLICE_X83Y63         LUT2 (Prop_lut2_I1_O)        0.053    13.892 r  $flatten\\decoder.$abc$1119696$lut$aiger1119695$48974/O
                         net (fo=3, routed)           0.389    14.280    $flattendecoder.$techmap1131798$abc$1119696$lutapplication.__phi_decoder_profile_topology__SchedulerGrid_0_next_inst.__phi_halo_cell__SharedService_0__2_2_0_2_2_next_inst.and_168449.A[4]
    SLICE_X79Y68         LUT5 (Prop_lut5_I4_O)        0.053    14.333 f  $flatten\\decoder.$abc$1119696$lut\\application.__phi_decoder_profile_topology__SchedulerGrid_0_next_inst.__phi_halo_cell__SharedService_0__2_2_0_2_2_next_inst.and_168449/O
                         net (fo=2, routed)           0.290    14.623    decoder.application.__phi_decoder_profile_topology__SchedulerGrid_0_next_inst.__phi_halo_cell__SharedService_0__2_2_0_2_2_next_inst.and_168449
    SLICE_X78Y68         LUT2 (Prop_lut2_I1_O)        0.053    14.676 f  $flatten\\decoder.$abc$1119696$lut\\application.__phi_decoder_profile_topology__SchedulerGrid_0_next_inst.__phi_halo_cell__SharedService_0__2_2_0_2_2_next_inst.and_167555/O
                         net (fo=4, routed)           0.442    15.118    decoder.application.__phi_decoder_profile_topology__SchedulerGrid_0_next_inst.__phi_halo_cell__SharedService_0__2_2_0_2_2_next_inst.and_167555
    SLICE_X72Y68         LUT6 (Prop_lut6_I5_O)        0.053    15.171 r  $flatten\\decoder.$abc$1119696$lut\\application.__phi_decoder_profile_topology__SchedulerGrid_0_next_inst.__phi_halo_cell__SharedService_0__2_2_0_2_2_next_inst.p0_stage_done/O
                         net (fo=222, routed)         1.507    16.678    decoder.application.__phi_decoder_profile_topology__SchedulerGrid_0_next_inst.__phi_halo_cell__SharedService_0__2_2_0_2_2_next_inst.p0_stage_done
    SLICE_X36Y93         LUT6 (Prop_lut6_I5_O)        0.053    16.731 r  $flatten\\decoder.$auto$abc9_ops.cc:1613:reintegrate$1119961/O
                         net (fo=2102, routed)        1.171    17.903    decoder.application.__phi_decoder_profile_topology__SchedulerGrid_0_next_inst.__phi_decoder_profile_topology__Phi_xReductionPlane_0_next_inst.stage_outputs_ready_0
    SLICE_X22Y96         LUT5 (Prop_lut5_I2_O)        0.053    17.956 r  $flatten\\decoder.$auto$xilinx_dffopt.cc:338:execute$1165486/O
                         net (fo=1, routed)           0.000    17.956    $flattendecoder.$auto$xilinx_dffopt.cc:347:execute$1165487
    SLICE_X22Y96         FDRE                                         r  $flatten\\decoder.$auto$ff.cc:337:slice$50684/D
  -------------------------------------------------------------------    -------------------

                         (clock clock rise edge)      5.000     5.000 r
    AA14                                              0.000     5.000 r  clock (IN)
                         net (fo=0)                   0.000     5.000    clock
    AA14                 IBUF (Prop_ibuf_I_O)         0.767     5.767 r  $iopadmap$phi_timing_harness.clock/O
                         net (fo=1, routed)           1.741     7.508    $auto$clkbufmap.cc:262:execute$6457
    BUFGCTRL_X0Y0        BUFG (Prop_bufg_I_O)         0.113     7.621 r  $auto$clkbufmap.cc:261:execute$6456/O
                         net (fo=22438, routed)       1.347     8.968    decoder.scheduler_3_state.clk
    SLICE_X22Y96         FDRE                                         r  $flatten\\decoder.$auto$ff.cc:337:slice$50684/C
                         clock pessimism              0.182     9.150
                         clock uncertainty           -0.035     9.115
    SLICE_X22Y96         FDRE (Setup_fdre_C_D)        0.072     9.187    $flatten\\decoder.$auto$ff.cc:337:slice$50684
  -------------------------------------------------------------------
                         required time                          9.187
                         arrival time                         -17.956
  -------------------------------------------------------------------
                         slack                                 -8.769
