
-- Executing script file `/Users/ecpeterson/Documents/code/erl_xls/_build/timing-report-repo/_build/shared-completion-negative/proof.ys' --

1. Executing Verilog-2005 frontend: /Users/ecpeterson/Documents/code/erl_xls/_build/timing-report-repo/_build/shared-completion-negative/completion.v
Parsing Verilog input from `/Users/ecpeterson/Documents/code/erl_xls/_build/timing-report-repo/_build/shared-completion-negative/completion.v' to AST representation.
Generating RTLIL representation for module `\completion'.
Successfully finished Verilog frontend.

2. Executing PREP pass.

2.1. Executing HIERARCHY pass (managing design hierarchy).

2.1.1. Analyzing design hierarchy..
Top module:  \completion

2.1.2. Analyzing design hierarchy..
Top module:  \completion
Removed 0 unused modules.

2.2. Executing PROC pass (convert processes to netlists).

2.2.1. Executing PROC_CLEAN pass (remove empty switches from decision trees).
Cleaned up 0 empty switches.

2.2.2. Executing PROC_RMDEAD pass (remove dead branches from decision trees).
Removed 1 dead cases from process $proc$/Users/ecpeterson/Documents/code/erl_xls/_build/timing-report-repo/_build/shared-completion-negative/completion.v:415$439 in module completion.
Marked 1 switch rules as full_case in process $proc$/Users/ecpeterson/Documents/code/erl_xls/_build/timing-report-repo/_build/shared-completion-negative/completion.v:415$439 in module completion.
Removed 1 dead cases from process $proc$/Users/ecpeterson/Documents/code/erl_xls/_build/timing-report-repo/_build/shared-completion-negative/completion.v:413$428 in module completion.
Marked 1 switch rules as full_case in process $proc$/Users/ecpeterson/Documents/code/erl_xls/_build/timing-report-repo/_build/shared-completion-negative/completion.v:413$428 in module completion.
Removed 1 dead cases from process $proc$/Users/ecpeterson/Documents/code/erl_xls/_build/timing-report-repo/_build/shared-completion-negative/completion.v:413$417 in module completion.
Marked 1 switch rules as full_case in process $proc$/Users/ecpeterson/Documents/code/erl_xls/_build/timing-report-repo/_build/shared-completion-negative/completion.v:413$417 in module completion.
Removed 1 dead cases from process $proc$/Users/ecpeterson/Documents/code/erl_xls/_build/timing-report-repo/_build/shared-completion-negative/completion.v:392$404 in module completion.
Marked 1 switch rules as full_case in process $proc$/Users/ecpeterson/Documents/code/erl_xls/_build/timing-report-repo/_build/shared-completion-negative/completion.v:392$404 in module completion.
Removed 1 dead cases from process $proc$/Users/ecpeterson/Documents/code/erl_xls/_build/timing-report-repo/_build/shared-completion-negative/completion.v:389$396 in module completion.
Marked 1 switch rules as full_case in process $proc$/Users/ecpeterson/Documents/code/erl_xls/_build/timing-report-repo/_build/shared-completion-negative/completion.v:389$396 in module completion.
Removed 1 dead cases from process $proc$/Users/ecpeterson/Documents/code/erl_xls/_build/timing-report-repo/_build/shared-completion-negative/completion.v:385$388 in module completion.
Marked 1 switch rules as full_case in process $proc$/Users/ecpeterson/Documents/code/erl_xls/_build/timing-report-repo/_build/shared-completion-negative/completion.v:385$388 in module completion.
Removed 1 dead cases from process $proc$/Users/ecpeterson/Documents/code/erl_xls/_build/timing-report-repo/_build/shared-completion-negative/completion.v:344$380 in module completion.
Marked 1 switch rules as full_case in process $proc$/Users/ecpeterson/Documents/code/erl_xls/_build/timing-report-repo/_build/shared-completion-negative/completion.v:344$380 in module completion.
Removed 1 dead cases from process $proc$/Users/ecpeterson/Documents/code/erl_xls/_build/timing-report-repo/_build/shared-completion-negative/completion.v:335$371 in module completion.
Marked 1 switch rules as full_case in process $proc$/Users/ecpeterson/Documents/code/erl_xls/_build/timing-report-repo/_build/shared-completion-negative/completion.v:335$371 in module completion.
Removed 1 dead cases from process $proc$/Users/ecpeterson/Documents/code/erl_xls/_build/timing-report-repo/_build/shared-completion-negative/completion.v:331$363 in module completion.
Marked 1 switch rules as full_case in process $proc$/Users/ecpeterson/Documents/code/erl_xls/_build/timing-report-repo/_build/shared-completion-negative/completion.v:331$363 in module completion.
Removed a total of 9 dead cases.

2.2.3. Executing PROC_PRUNE pass (remove redundant assignments in processes).
Removed 0 redundant assignments.
Promoted 54 assignments to connections.

2.2.4. Executing PROC_INIT pass (extract init attributes).

2.2.5. Executing PROC_ARST pass (detect async resets in processes).

2.2.6. Executing PROC_ROM pass (convert switches to ROMs).
Converted 0 switches.
<suppressed ~9 debug messages>

2.2.7. Executing PROC_MUX pass (convert decision trees to multiplexers).
Creating decoders for process `\completion.$proc$/Users/ecpeterson/Documents/code/erl_xls/_build/timing-report-repo/_build/shared-completion-negative/completion.v:415$439'.
     1/1: $1\priority_sel_1b_2way$func$/Users/ecpeterson/Documents/code/erl_xls/_build/timing-report-repo/_build/shared-completion-negative/completion.v:415$18.$result[0:0]$446
Creating decoders for process `\completion.$proc$/Users/ecpeterson/Documents/code/erl_xls/_build/timing-report-repo/_build/shared-completion-negative/completion.v:413$428'.
     1/1: $1\priority_sel_32b_2way$func$/Users/ecpeterson/Documents/code/erl_xls/_build/timing-report-repo/_build/shared-completion-negative/completion.v:413$17.$result[31:0]$438
Creating decoders for process `\completion.$proc$/Users/ecpeterson/Documents/code/erl_xls/_build/timing-report-repo/_build/shared-completion-negative/completion.v:413$417'.
     1/1: $1\priority_sel_32b_2way$func$/Users/ecpeterson/Documents/code/erl_xls/_build/timing-report-repo/_build/shared-completion-negative/completion.v:413$16.$result[31:0]$427
Creating decoders for process `\completion.$proc$/Users/ecpeterson/Documents/code/erl_xls/_build/timing-report-repo/_build/shared-completion-negative/completion.v:392$404'.
     1/1: $1\priority_sel_32b_2way$func$/Users/ecpeterson/Documents/code/erl_xls/_build/timing-report-repo/_build/shared-completion-negative/completion.v:392$15.$result[31:0]$416
Creating decoders for process `\completion.$proc$/Users/ecpeterson/Documents/code/erl_xls/_build/timing-report-repo/_build/shared-completion-negative/completion.v:389$396'.
     1/1: $1\priority_sel_1b_2way$func$/Users/ecpeterson/Documents/code/erl_xls/_build/timing-report-repo/_build/shared-completion-negative/completion.v:389$14.$result[0:0]$403
Creating decoders for process `\completion.$proc$/Users/ecpeterson/Documents/code/erl_xls/_build/timing-report-repo/_build/shared-completion-negative/completion.v:385$388'.
     1/1: $1\priority_sel_1b_2way$func$/Users/ecpeterson/Documents/code/erl_xls/_build/timing-report-repo/_build/shared-completion-negative/completion.v:385$13.$result[0:0]$395
Creating decoders for process `\completion.$proc$/Users/ecpeterson/Documents/code/erl_xls/_build/timing-report-repo/_build/shared-completion-negative/completion.v:344$380'.
     1/1: $1\priority_sel_1b_2way$func$/Users/ecpeterson/Documents/code/erl_xls/_build/timing-report-repo/_build/shared-completion-negative/completion.v:344$12.$result[0:0]$387
Creating decoders for process `\completion.$proc$/Users/ecpeterson/Documents/code/erl_xls/_build/timing-report-repo/_build/shared-completion-negative/completion.v:335$371'.
     1/1: $1\priority_sel_8b_2way$func$/Users/ecpeterson/Documents/code/erl_xls/_build/timing-report-repo/_build/shared-completion-negative/completion.v:335$11.$result[7:0]$379
Creating decoders for process `\completion.$proc$/Users/ecpeterson/Documents/code/erl_xls/_build/timing-report-repo/_build/shared-completion-negative/completion.v:331$363'.
     1/1: $1\priority_sel_1b_2way$func$/Users/ecpeterson/Documents/code/erl_xls/_build/timing-report-repo/_build/shared-completion-negative/completion.v:331$10.$result[0:0]$370

2.2.8. Executing PROC_DLATCH pass (convert process syncs to latches).
No latch inferred for signal `\completion.\priority_sel_1b_2way$func$/Users/ecpeterson/Documents/code/erl_xls/_build/timing-report-repo/_build/shared-completion-negative/completion.v:415$9.$result' from process `\completion.$proc$/Users/ecpeterson/Documents/code/erl_xls/_build/timing-report-repo/_build/shared-completion-negative/completion.v:415$439'.
No latch inferred for signal `\completion.\priority_sel_1b_2way$func$/Users/ecpeterson/Documents/code/erl_xls/_build/timing-report-repo/_build/shared-completion-negative/completion.v:415$18.$result' from process `\completion.$proc$/Users/ecpeterson/Documents/code/erl_xls/_build/timing-report-repo/_build/shared-completion-negative/completion.v:415$439'.
No latch inferred for signal `\completion.\priority_sel_1b_2way$func$/Users/ecpeterson/Documents/code/erl_xls/_build/timing-report-repo/_build/shared-completion-negative/completion.v:415$18.sel' from process `\completion.$proc$/Users/ecpeterson/Documents/code/erl_xls/_build/timing-report-repo/_build/shared-completion-negative/completion.v:415$439'.
No latch inferred for signal `\completion.\priority_sel_1b_2way$func$/Users/ecpeterson/Documents/code/erl_xls/_build/timing-report-repo/_build/shared-completion-negative/completion.v:415$18.case0' from process `\completion.$proc$/Users/ecpeterson/Documents/code/erl_xls/_build/timing-report-repo/_build/shared-completion-negative/completion.v:415$439'.
No latch inferred for signal `\completion.\priority_sel_1b_2way$func$/Users/ecpeterson/Documents/code/erl_xls/_build/timing-report-repo/_build/shared-completion-negative/completion.v:415$18.case1' from process `\completion.$proc$/Users/ecpeterson/Documents/code/erl_xls/_build/timing-report-repo/_build/shared-completion-negative/completion.v:415$439'.
No latch inferred for signal `\completion.\priority_sel_1b_2way$func$/Users/ecpeterson/Documents/code/erl_xls/_build/timing-report-repo/_build/shared-completion-negative/completion.v:415$18.default_value' from process `\completion.$proc$/Users/ecpeterson/Documents/code/erl_xls/_build/timing-report-repo/_build/shared-completion-negative/completion.v:415$439'.
No latch inferred for signal `\completion.\priority_sel_32b_2way$func$/Users/ecpeterson/Documents/code/erl_xls/_build/timing-report-repo/_build/shared-completion-negative/completion.v:413$8.$result' from process `\completion.$proc$/Users/ecpeterson/Documents/code/erl_xls/_build/timing-report-repo/_build/shared-completion-negative/completion.v:413$428'.
No latch inferred for signal `\completion.\priority_sel_32b_2way$func$/Users/ecpeterson/Documents/code/erl_xls/_build/timing-report-repo/_build/shared-completion-negative/completion.v:413$17.$result' from process `\completion.$proc$/Users/ecpeterson/Documents/code/erl_xls/_build/timing-report-repo/_build/shared-completion-negative/completion.v:413$428'.
No latch inferred for signal `\completion.\priority_sel_32b_2way$func$/Users/ecpeterson/Documents/code/erl_xls/_build/timing-report-repo/_build/shared-completion-negative/completion.v:413$17.sel' from process `\completion.$proc$/Users/ecpeterson/Documents/code/erl_xls/_build/timing-report-repo/_build/shared-completion-negative/completion.v:413$428'.
No latch inferred for signal `\completion.\priority_sel_32b_2way$func$/Users/ecpeterson/Documents/code/erl_xls/_build/timing-report-repo/_build/shared-completion-negative/completion.v:413$17.case0' from process `\completion.$proc$/Users/ecpeterson/Documents/code/erl_xls/_build/timing-report-repo/_build/shared-completion-negative/completion.v:413$428'.
No latch inferred for signal `\completion.\priority_sel_32b_2way$func$/Users/ecpeterson/Documents/code/erl_xls/_build/timing-report-repo/_build/shared-completion-negative/completion.v:413$17.case1' from process `\completion.$proc$/Users/ecpeterson/Documents/code/erl_xls/_build/timing-report-repo/_build/shared-completion-negative/completion.v:413$428'.
No latch inferred for signal `\completion.\priority_sel_32b_2way$func$/Users/ecpeterson/Documents/code/erl_xls/_build/timing-report-repo/_build/shared-completion-negative/completion.v:413$17.default_value' from process `\completion.$proc$/Users/ecpeterson/Documents/code/erl_xls/_build/timing-report-repo/_build/shared-completion-negative/completion.v:413$428'.
No latch inferred for signal `\completion.\priority_sel_32b_2way$func$/Users/ecpeterson/Documents/code/erl_xls/_build/timing-report-repo/_build/shared-completion-negative/completion.v:413$7.$result' from process `\completion.$proc$/Users/ecpeterson/Documents/code/erl_xls/_build/timing-report-repo/_build/shared-completion-negative/completion.v:413$417'.
No latch inferred for signal `\completion.\priority_sel_32b_2way$func$/Users/ecpeterson/Documents/code/erl_xls/_build/timing-report-repo/_build/shared-completion-negative/completion.v:413$16.$result' from process `\completion.$proc$/Users/ecpeterson/Documents/code/erl_xls/_build/timing-report-repo/_build/shared-completion-negative/completion.v:413$417'.
No latch inferred for signal `\completion.\priority_sel_32b_2way$func$/Users/ecpeterson/Documents/code/erl_xls/_build/timing-report-repo/_build/shared-completion-negative/completion.v:413$16.sel' from process `\completion.$proc$/Users/ecpeterson/Documents/code/erl_xls/_build/timing-report-repo/_build/shared-completion-negative/completion.v:413$417'.
No latch inferred for signal `\completion.\priority_sel_32b_2way$func$/Users/ecpeterson/Documents/code/erl_xls/_build/timing-report-repo/_build/shared-completion-negative/completion.v:413$16.case0' from process `\completion.$proc$/Users/ecpeterson/Documents/code/erl_xls/_build/timing-report-repo/_build/shared-completion-negative/completion.v:413$417'.
No latch inferred for signal `\completion.\priority_sel_32b_2way$func$/Users/ecpeterson/Documents/code/erl_xls/_build/timing-report-repo/_build/shared-completion-negative/completion.v:413$16.case1' from process `\completion.$proc$/Users/ecpeterson/Documents/code/erl_xls/_build/timing-report-repo/_build/shared-completion-negative/completion.v:413$417'.
No latch inferred for signal `\completion.\priority_sel_32b_2way$func$/Users/ecpeterson/Documents/code/erl_xls/_build/timing-report-repo/_build/shared-completion-negative/completion.v:413$16.default_value' from process `\completion.$proc$/Users/ecpeterson/Documents/code/erl_xls/_build/timing-report-repo/_build/shared-completion-negative/completion.v:413$417'.
No latch inferred for signal `\completion.\priority_sel_32b_2way$func$/Users/ecpeterson/Documents/code/erl_xls/_build/timing-report-repo/_build/shared-completion-negative/completion.v:392$6.$result' from process `\completion.$proc$/Users/ecpeterson/Documents/code/erl_xls/_build/timing-report-repo/_build/shared-completion-negative/completion.v:392$404'.
No latch inferred for signal `\completion.\priority_sel_32b_2way$func$/Users/ecpeterson/Documents/code/erl_xls/_build/timing-report-repo/_build/shared-completion-negative/completion.v:392$15.$result' from process `\completion.$proc$/Users/ecpeterson/Documents/code/erl_xls/_build/timing-report-repo/_build/shared-completion-negative/completion.v:392$404'.
No latch inferred for signal `\completion.\priority_sel_32b_2way$func$/Users/ecpeterson/Documents/code/erl_xls/_build/timing-report-repo/_build/shared-completion-negative/completion.v:392$15.sel' from process `\completion.$proc$/Users/ecpeterson/Documents/code/erl_xls/_build/timing-report-repo/_build/shared-completion-negative/completion.v:392$404'.
No latch inferred for signal `\completion.\priority_sel_32b_2way$func$/Users/ecpeterson/Documents/code/erl_xls/_build/timing-report-repo/_build/shared-completion-negative/completion.v:392$15.case0' from process `\completion.$proc$/Users/ecpeterson/Documents/code/erl_xls/_build/timing-report-repo/_build/shared-completion-negative/completion.v:392$404'.
No latch inferred for signal `\completion.\priority_sel_32b_2way$func$/Users/ecpeterson/Documents/code/erl_xls/_build/timing-report-repo/_build/shared-completion-negative/completion.v:392$15.case1' from process `\completion.$proc$/Users/ecpeterson/Documents/code/erl_xls/_build/timing-report-repo/_build/shared-completion-negative/completion.v:392$404'.
No latch inferred for signal `\completion.\priority_sel_32b_2way$func$/Users/ecpeterson/Documents/code/erl_xls/_build/timing-report-repo/_build/shared-completion-negative/completion.v:392$15.default_value' from process `\completion.$proc$/Users/ecpeterson/Documents/code/erl_xls/_build/timing-report-repo/_build/shared-completion-negative/completion.v:392$404'.
No latch inferred for signal `\completion.\priority_sel_1b_2way$func$/Users/ecpeterson/Documents/code/erl_xls/_build/timing-report-repo/_build/shared-completion-negative/completion.v:389$5.$result' from process `\completion.$proc$/Users/ecpeterson/Documents/code/erl_xls/_build/timing-report-repo/_build/shared-completion-negative/completion.v:389$396'.
No latch inferred for signal `\completion.\priority_sel_1b_2way$func$/Users/ecpeterson/Documents/code/erl_xls/_build/timing-report-repo/_build/shared-completion-negative/completion.v:389$14.$result' from process `\completion.$proc$/Users/ecpeterson/Documents/code/erl_xls/_build/timing-report-repo/_build/shared-completion-negative/completion.v:389$396'.
No latch inferred for signal `\completion.\priority_sel_1b_2way$func$/Users/ecpeterson/Documents/code/erl_xls/_build/timing-report-repo/_build/shared-completion-negative/completion.v:389$14.sel' from process `\completion.$proc$/Users/ecpeterson/Documents/code/erl_xls/_build/timing-report-repo/_build/shared-completion-negative/completion.v:389$396'.
No latch inferred for signal `\completion.\priority_sel_1b_2way$func$/Users/ecpeterson/Documents/code/erl_xls/_build/timing-report-repo/_build/shared-completion-negative/completion.v:389$14.case0' from process `\completion.$proc$/Users/ecpeterson/Documents/code/erl_xls/_build/timing-report-repo/_build/shared-completion-negative/completion.v:389$396'.
No latch inferred for signal `\completion.\priority_sel_1b_2way$func$/Users/ecpeterson/Documents/code/erl_xls/_build/timing-report-repo/_build/shared-completion-negative/completion.v:389$14.case1' from process `\completion.$proc$/Users/ecpeterson/Documents/code/erl_xls/_build/timing-report-repo/_build/shared-completion-negative/completion.v:389$396'.
No latch inferred for signal `\completion.\priority_sel_1b_2way$func$/Users/ecpeterson/Documents/code/erl_xls/_build/timing-report-repo/_build/shared-completion-negative/completion.v:389$14.default_value' from process `\completion.$proc$/Users/ecpeterson/Documents/code/erl_xls/_build/timing-report-repo/_build/shared-completion-negative/completion.v:389$396'.
No latch inferred for signal `\completion.\priority_sel_1b_2way$func$/Users/ecpeterson/Documents/code/erl_xls/_build/timing-report-repo/_build/shared-completion-negative/completion.v:385$4.$result' from process `\completion.$proc$/Users/ecpeterson/Documents/code/erl_xls/_build/timing-report-repo/_build/shared-completion-negative/completion.v:385$388'.
No latch inferred for signal `\completion.\priority_sel_1b_2way$func$/Users/ecpeterson/Documents/code/erl_xls/_build/timing-report-repo/_build/shared-completion-negative/completion.v:385$13.$result' from process `\completion.$proc$/Users/ecpeterson/Documents/code/erl_xls/_build/timing-report-repo/_build/shared-completion-negative/completion.v:385$388'.
No latch inferred for signal `\completion.\priority_sel_1b_2way$func$/Users/ecpeterson/Documents/code/erl_xls/_build/timing-report-repo/_build/shared-completion-negative/completion.v:385$13.sel' from process `\completion.$proc$/Users/ecpeterson/Documents/code/erl_xls/_build/timing-report-repo/_build/shared-completion-negative/completion.v:385$388'.
No latch inferred for signal `\completion.\priority_sel_1b_2way$func$/Users/ecpeterson/Documents/code/erl_xls/_build/timing-report-repo/_build/shared-completion-negative/completion.v:385$13.case0' from process `\completion.$proc$/Users/ecpeterson/Documents/code/erl_xls/_build/timing-report-repo/_build/shared-completion-negative/completion.v:385$388'.
No latch inferred for signal `\completion.\priority_sel_1b_2way$func$/Users/ecpeterson/Documents/code/erl_xls/_build/timing-report-repo/_build/shared-completion-negative/completion.v:385$13.case1' from process `\completion.$proc$/Users/ecpeterson/Documents/code/erl_xls/_build/timing-report-repo/_build/shared-completion-negative/completion.v:385$388'.
No latch inferred for signal `\completion.\priority_sel_1b_2way$func$/Users/ecpeterson/Documents/code/erl_xls/_build/timing-report-repo/_build/shared-completion-negative/completion.v:385$13.default_value' from process `\completion.$proc$/Users/ecpeterson/Documents/code/erl_xls/_build/timing-report-repo/_build/shared-completion-negative/completion.v:385$388'.
No latch inferred for signal `\completion.\priority_sel_1b_2way$func$/Users/ecpeterson/Documents/code/erl_xls/_build/timing-report-repo/_build/shared-completion-negative/completion.v:344$3.$result' from process `\completion.$proc$/Users/ecpeterson/Documents/code/erl_xls/_build/timing-report-repo/_build/shared-completion-negative/completion.v:344$380'.
No latch inferred for signal `\completion.\priority_sel_1b_2way$func$/Users/ecpeterson/Documents/code/erl_xls/_build/timing-report-repo/_build/shared-completion-negative/completion.v:344$12.$result' from process `\completion.$proc$/Users/ecpeterson/Documents/code/erl_xls/_build/timing-report-repo/_build/shared-completion-negative/completion.v:344$380'.
No latch inferred for signal `\completion.\priority_sel_1b_2way$func$/Users/ecpeterson/Documents/code/erl_xls/_build/timing-report-repo/_build/shared-completion-negative/completion.v:344$12.sel' from process `\completion.$proc$/Users/ecpeterson/Documents/code/erl_xls/_build/timing-report-repo/_build/shared-completion-negative/completion.v:344$380'.
No latch inferred for signal `\completion.\priority_sel_1b_2way$func$/Users/ecpeterson/Documents/code/erl_xls/_build/timing-report-repo/_build/shared-completion-negative/completion.v:344$12.case0' from process `\completion.$proc$/Users/ecpeterson/Documents/code/erl_xls/_build/timing-report-repo/_build/shared-completion-negative/completion.v:344$380'.
No latch inferred for signal `\completion.\priority_sel_1b_2way$func$/Users/ecpeterson/Documents/code/erl_xls/_build/timing-report-repo/_build/shared-completion-negative/completion.v:344$12.case1' from process `\completion.$proc$/Users/ecpeterson/Documents/code/erl_xls/_build/timing-report-repo/_build/shared-completion-negative/completion.v:344$380'.
No latch inferred for signal `\completion.\priority_sel_1b_2way$func$/Users/ecpeterson/Documents/code/erl_xls/_build/timing-report-repo/_build/shared-completion-negative/completion.v:344$12.default_value' from process `\completion.$proc$/Users/ecpeterson/Documents/code/erl_xls/_build/timing-report-repo/_build/shared-completion-negative/completion.v:344$380'.
No latch inferred for signal `\completion.\priority_sel_8b_2way$func$/Users/ecpeterson/Documents/code/erl_xls/_build/timing-report-repo/_build/shared-completion-negative/completion.v:335$2.$result' from process `\completion.$proc$/Users/ecpeterson/Documents/code/erl_xls/_build/timing-report-repo/_build/shared-completion-negative/completion.v:335$371'.
No latch inferred for signal `\completion.\priority_sel_8b_2way$func$/Users/ecpeterson/Documents/code/erl_xls/_build/timing-report-repo/_build/shared-completion-negative/completion.v:335$11.$result' from process `\completion.$proc$/Users/ecpeterson/Documents/code/erl_xls/_build/timing-report-repo/_build/shared-completion-negative/completion.v:335$371'.
No latch inferred for signal `\completion.\priority_sel_8b_2way$func$/Users/ecpeterson/Documents/code/erl_xls/_build/timing-report-repo/_build/shared-completion-negative/completion.v:335$11.sel' from process `\completion.$proc$/Users/ecpeterson/Documents/code/erl_xls/_build/timing-report-repo/_build/shared-completion-negative/completion.v:335$371'.
No latch inferred for signal `\completion.\priority_sel_8b_2way$func$/Users/ecpeterson/Documents/code/erl_xls/_build/timing-report-repo/_build/shared-completion-negative/completion.v:335$11.case0' from process `\completion.$proc$/Users/ecpeterson/Documents/code/erl_xls/_build/timing-report-repo/_build/shared-completion-negative/completion.v:335$371'.
No latch inferred for signal `\completion.\priority_sel_8b_2way$func$/Users/ecpeterson/Documents/code/erl_xls/_build/timing-report-repo/_build/shared-completion-negative/completion.v:335$11.case1' from process `\completion.$proc$/Users/ecpeterson/Documents/code/erl_xls/_build/timing-report-repo/_build/shared-completion-negative/completion.v:335$371'.
No latch inferred for signal `\completion.\priority_sel_8b_2way$func$/Users/ecpeterson/Documents/code/erl_xls/_build/timing-report-repo/_build/shared-completion-negative/completion.v:335$11.default_value' from process `\completion.$proc$/Users/ecpeterson/Documents/code/erl_xls/_build/timing-report-repo/_build/shared-completion-negative/completion.v:335$371'.
No latch inferred for signal `\completion.\priority_sel_1b_2way$func$/Users/ecpeterson/Documents/code/erl_xls/_build/timing-report-repo/_build/shared-completion-negative/completion.v:331$1.$result' from process `\completion.$proc$/Users/ecpeterson/Documents/code/erl_xls/_build/timing-report-repo/_build/shared-completion-negative/completion.v:331$363'.
No latch inferred for signal `\completion.\priority_sel_1b_2way$func$/Users/ecpeterson/Documents/code/erl_xls/_build/timing-report-repo/_build/shared-completion-negative/completion.v:331$10.$result' from process `\completion.$proc$/Users/ecpeterson/Documents/code/erl_xls/_build/timing-report-repo/_build/shared-completion-negative/completion.v:331$363'.
No latch inferred for signal `\completion.\priority_sel_1b_2way$func$/Users/ecpeterson/Documents/code/erl_xls/_build/timing-report-repo/_build/shared-completion-negative/completion.v:331$10.sel' from process `\completion.$proc$/Users/ecpeterson/Documents/code/erl_xls/_build/timing-report-repo/_build/shared-completion-negative/completion.v:331$363'.
No latch inferred for signal `\completion.\priority_sel_1b_2way$func$/Users/ecpeterson/Documents/code/erl_xls/_build/timing-report-repo/_build/shared-completion-negative/completion.v:331$10.case0' from process `\completion.$proc$/Users/ecpeterson/Documents/code/erl_xls/_build/timing-report-repo/_build/shared-completion-negative/completion.v:331$363'.
No latch inferred for signal `\completion.\priority_sel_1b_2way$func$/Users/ecpeterson/Documents/code/erl_xls/_build/timing-report-repo/_build/shared-completion-negative/completion.v:331$10.case1' from process `\completion.$proc$/Users/ecpeterson/Documents/code/erl_xls/_build/timing-report-repo/_build/shared-completion-negative/completion.v:331$363'.
No latch inferred for signal `\completion.\priority_sel_1b_2way$func$/Users/ecpeterson/Documents/code/erl_xls/_build/timing-report-repo/_build/shared-completion-negative/completion.v:331$10.default_value' from process `\completion.$proc$/Users/ecpeterson/Documents/code/erl_xls/_build/timing-report-repo/_build/shared-completion-negative/completion.v:331$363'.

2.2.9. Executing PROC_DFF pass (convert process syncs to FFs).

2.2.10. Executing PROC_MEMWR pass (convert process memory writes to cells).

2.2.11. Executing PROC_CLEAN pass (remove empty switches from decision trees).
Found and cleaned up 1 empty switch in `\completion.$proc$/Users/ecpeterson/Documents/code/erl_xls/_build/timing-report-repo/_build/shared-completion-negative/completion.v:415$439'.
Removing empty process `completion.$proc$/Users/ecpeterson/Documents/code/erl_xls/_build/timing-report-repo/_build/shared-completion-negative/completion.v:415$439'.
Found and cleaned up 1 empty switch in `\completion.$proc$/Users/ecpeterson/Documents/code/erl_xls/_build/timing-report-repo/_build/shared-completion-negative/completion.v:413$428'.
Removing empty process `completion.$proc$/Users/ecpeterson/Documents/code/erl_xls/_build/timing-report-repo/_build/shared-completion-negative/completion.v:413$428'.
Found and cleaned up 1 empty switch in `\completion.$proc$/Users/ecpeterson/Documents/code/erl_xls/_build/timing-report-repo/_build/shared-completion-negative/completion.v:413$417'.
Removing empty process `completion.$proc$/Users/ecpeterson/Documents/code/erl_xls/_build/timing-report-repo/_build/shared-completion-negative/completion.v:413$417'.
Found and cleaned up 1 empty switch in `\completion.$proc$/Users/ecpeterson/Documents/code/erl_xls/_build/timing-report-repo/_build/shared-completion-negative/completion.v:392$404'.
Removing empty process `completion.$proc$/Users/ecpeterson/Documents/code/erl_xls/_build/timing-report-repo/_build/shared-completion-negative/completion.v:392$404'.
Found and cleaned up 1 empty switch in `\completion.$proc$/Users/ecpeterson/Documents/code/erl_xls/_build/timing-report-repo/_build/shared-completion-negative/completion.v:389$396'.
Removing empty process `completion.$proc$/Users/ecpeterson/Documents/code/erl_xls/_build/timing-report-repo/_build/shared-completion-negative/completion.v:389$396'.
Found and cleaned up 1 empty switch in `\completion.$proc$/Users/ecpeterson/Documents/code/erl_xls/_build/timing-report-repo/_build/shared-completion-negative/completion.v:385$388'.
Removing empty process `completion.$proc$/Users/ecpeterson/Documents/code/erl_xls/_build/timing-report-repo/_build/shared-completion-negative/completion.v:385$388'.
Found and cleaned up 1 empty switch in `\completion.$proc$/Users/ecpeterson/Documents/code/erl_xls/_build/timing-report-repo/_build/shared-completion-negative/completion.v:344$380'.
Removing empty process `completion.$proc$/Users/ecpeterson/Documents/code/erl_xls/_build/timing-report-repo/_build/shared-completion-negative/completion.v:344$380'.
Found and cleaned up 1 empty switch in `\completion.$proc$/Users/ecpeterson/Documents/code/erl_xls/_build/timing-report-repo/_build/shared-completion-negative/completion.v:335$371'.
Removing empty process `completion.$proc$/Users/ecpeterson/Documents/code/erl_xls/_build/timing-report-repo/_build/shared-completion-negative/completion.v:335$371'.
Found and cleaned up 1 empty switch in `\completion.$proc$/Users/ecpeterson/Documents/code/erl_xls/_build/timing-report-repo/_build/shared-completion-negative/completion.v:331$363'.
Removing empty process `completion.$proc$/Users/ecpeterson/Documents/code/erl_xls/_build/timing-report-repo/_build/shared-completion-negative/completion.v:331$363'.
Cleaned up 9 empty switches.

2.2.12. Executing OPT_EXPR pass (perform const folding).
Optimizing module completion.
<suppressed ~38 debug messages>

2.3. Executing FLATTEN pass (flatten design).

2.4. Executing FUTURE pass.

2.5. Executing OPT_EXPR pass (perform const folding).
Optimizing module completion.

2.6. Executing OPT_CLEAN pass (remove unused cells and wires).
Finding unused cells or wires in module \completion..
Removed 13 unused cells and 231 unused wires.
<suppressed ~16 debug messages>

2.7. Executing CHECK pass (checking for obvious problems).
Checking module completion...
Found and reported 0 problems.

2.8. Executing OPT pass (performing simple optimizations).

2.8.1. Executing OPT_EXPR pass (perform const folding).
Optimizing module completion.

2.8.2. Executing OPT_MERGE pass (detect identical cells).
Finding identical cells in module `\completion'.
Computing hashes of 369 cells of `\completion'.
Finding duplicate cells in `\completion'.
Computing hashes of 323 cells of `\completion'.
Finding duplicate cells in `\completion'.
Computing hashes of 309 cells of `\completion'.
Finding duplicate cells in `\completion'.
Computing hashes of 308 cells of `\completion'.
Finding duplicate cells in `\completion'.
<suppressed ~183 debug messages>
Removed a total of 61 cells.

2.8.3. Executing OPT_MUXTREE pass (detect dead branches in mux trees).
Running muxtree optimizer on module \completion..
  Creating internal representation of mux trees.
  Evaluating internal representation of mux trees.
  Analyzing evaluation results.
Removed 0 multiplexer ports.
<suppressed ~146 debug messages>

2.8.4. Executing OPT_REDUCE pass (consolidate $*mux and $reduce_* inputs).
  Optimizing cells in module \completion.
Performed a total of 0 changes.

2.8.5. Executing OPT_MERGE pass (detect identical cells).
Finding identical cells in module `\completion'.
Computing hashes of 308 cells of `\completion'.
Finding duplicate cells in `\completion'.
Removed a total of 0 cells.

2.8.6. Executing OPT_CLEAN pass (remove unused cells and wires).
Finding unused cells or wires in module \completion..
Removed 0 unused cells and 61 unused wires.
<suppressed ~1 debug messages>

2.8.7. Executing OPT_EXPR pass (perform const folding).
Optimizing module completion.

2.8.8. Rerunning OPT passes. (Maybe there is more to do..)

2.8.9. Executing OPT_MUXTREE pass (detect dead branches in mux trees).
Running muxtree optimizer on module \completion..
  Creating internal representation of mux trees.
  Evaluating internal representation of mux trees.
  Analyzing evaluation results.
Removed 0 multiplexer ports.
<suppressed ~146 debug messages>

2.8.10. Executing OPT_REDUCE pass (consolidate $*mux and $reduce_* inputs).
  Optimizing cells in module \completion.
Performed a total of 0 changes.

2.8.11. Executing OPT_MERGE pass (detect identical cells).
Finding identical cells in module `\completion'.
Computing hashes of 308 cells of `\completion'.
Finding duplicate cells in `\completion'.
Removed a total of 0 cells.

2.8.12. Executing OPT_CLEAN pass (remove unused cells and wires).
Finding unused cells or wires in module \completion..

2.8.13. Executing OPT_EXPR pass (perform const folding).
Optimizing module completion.

2.8.14. Finished fast OPT passes. (There is nothing left to do.)

2.9. Executing WREDUCE pass (reducing word size of cells).
Removed top 1 bits (of 2) from port B of cell completion.$ne$/Users/ecpeterson/Documents/code/erl_xls/_build/timing-report-repo/_build/shared-completion-negative/completion.v:256$19 ($ne).
Removed top 6 bits (of 8) from port B of cell completion.$eq$/Users/ecpeterson/Documents/code/erl_xls/_build/timing-report-repo/_build/shared-completion-negative/completion.v:276$43 ($eq).
Removed top 7 bits (of 8) from port B of cell completion.$eq$/Users/ecpeterson/Documents/code/erl_xls/_build/timing-report-repo/_build/shared-completion-negative/completion.v:284$53 ($eq).
Removed top 6 bits (of 8) from port B of cell completion.$eq$/Users/ecpeterson/Documents/code/erl_xls/_build/timing-report-repo/_build/shared-completion-negative/completion.v:289$56 ($eq).
Removed top 5 bits (of 8) from port B of cell completion.$eq$/Users/ecpeterson/Documents/code/erl_xls/_build/timing-report-repo/_build/shared-completion-negative/completion.v:289$58 ($eq).
Removed top 6 bits (of 8) from port B of cell completion.$eq$/Users/ecpeterson/Documents/code/erl_xls/_build/timing-report-repo/_build/shared-completion-negative/completion.v:289$59 ($eq).
Removed top 6 bits (of 8) from port B of cell completion.$eq$/Users/ecpeterson/Documents/code/erl_xls/_build/timing-report-repo/_build/shared-completion-negative/completion.v:290$62 ($eq).
Removed top 6 bits (of 8) from port B of cell completion.$eq$/Users/ecpeterson/Documents/code/erl_xls/_build/timing-report-repo/_build/shared-completion-negative/completion.v:294$67 ($eq).
Removed top 6 bits (of 8) from port B of cell completion.$eq$/Users/ecpeterson/Documents/code/erl_xls/_build/timing-report-repo/_build/shared-completion-negative/completion.v:295$68 ($eq).
Removed top 6 bits (of 8) from port B of cell completion.$eq$/Users/ecpeterson/Documents/code/erl_xls/_build/timing-report-repo/_build/shared-completion-negative/completion.v:296$69 ($eq).
Removed top 6 bits (of 8) from port B of cell completion.$eq$/Users/ecpeterson/Documents/code/erl_xls/_build/timing-report-repo/_build/shared-completion-negative/completion.v:303$82 ($eq).
Removed top 6 bits (of 8) from port B of cell completion.$eq$/Users/ecpeterson/Documents/code/erl_xls/_build/timing-report-repo/_build/shared-completion-negative/completion.v:304$83 ($eq).
Removed top 7 bits (of 8) from port B of cell completion.$add$/Users/ecpeterson/Documents/code/erl_xls/_build/timing-report-repo/_build/shared-completion-negative/completion.v:384$224 ($add).
Removed top 7 bits (of 9) from wire completion.entered_effects__1.
Removed top 7 bits (of 9) from wire completion.entered_effects.
Removed top 12 bits (of 16) from wire completion.entry_failure__1.
Removed top 12 bits (of 16) from wire completion.entry_failure.

2.10. Executing OPT_CLEAN pass (remove unused cells and wires).
Finding unused cells or wires in module \completion..
Removed 0 unused cells and 4 unused wires.
<suppressed ~1 debug messages>

2.11. Executing MEMORY_COLLECT pass (generating $mem cells).

2.12. Executing OPT pass (performing simple optimizations).

2.12.1. Executing OPT_EXPR pass (perform const folding).
Optimizing module completion.

2.12.2. Executing OPT_MERGE pass (detect identical cells).
Finding identical cells in module `\completion'.
Computing hashes of 308 cells of `\completion'.
Finding duplicate cells in `\completion'.
Removed a total of 0 cells.

2.12.3. Executing OPT_CLEAN pass (remove unused cells and wires).
Finding unused cells or wires in module \completion..

2.12.4. Finished fast OPT passes.

2.13. Executing SORT pass.

2.14. Printing statistics.

=== completion ===

        +----------Local Count, excluding submodules.
        | 
      402 wires
     3859 wire bits
      224 public wires
     2859 public wire bits
        2 ports
      509 port bits
      308 cells
        1   $add
       80   $and
       19   $eq
        8   $logic_not
       75   $mux
        4   $ne
       50   $not
       51   $or
        9   $pmux
        8   $reduce_bool
        3   $xor

2.15. Executing CHECK pass (checking for obvious problems).
Checking module completion...
Found and reported 0 problems.

3. Executing OPT pass (performing simple optimizations).

3.1. Executing OPT_EXPR pass (perform const folding).
Optimizing module completion.

3.2. Executing OPT_MERGE pass (detect identical cells).
Finding identical cells in module `\completion'.
Computing hashes of 308 cells of `\completion'.
Finding duplicate cells in `\completion'.
Removed a total of 0 cells.

3.3. Executing OPT_MUXTREE pass (detect dead branches in mux trees).
Running muxtree optimizer on module \completion..
  Creating internal representation of mux trees.
  Evaluating internal representation of mux trees.
  Analyzing evaluation results.
Removed 0 multiplexer ports.
<suppressed ~146 debug messages>

3.4. Executing OPT_REDUCE pass (consolidate $*mux and $reduce_* inputs).
  Optimizing cells in module \completion.
Performed a total of 0 changes.

3.5. Executing OPT_MERGE pass (detect identical cells).
Finding identical cells in module `\completion'.
Computing hashes of 308 cells of `\completion'.
Finding duplicate cells in `\completion'.
Removed a total of 0 cells.

3.6. Executing OPT_DFF pass (perform DFF optimizations).

3.7. Executing OPT_CLEAN pass (remove unused cells and wires).
Finding unused cells or wires in module \completion..

3.8. Executing OPT_EXPR pass (perform const folding).
Optimizing module completion.

3.9. Finished fast OPT passes. (There is nothing left to do.)

4. Executing SAT pass (solving SAT problems in the circuit).
Using SAT solver `minisat`.

Setting up SAT problem:
Final constraint equation: { } = { }
Import def constraint for this timestep: \request
Imported 308 cells to SAT database.
Import proof-constraint: \out = 1'1
Final proof equation: \out = 1'1
Import show expression: \request

Solving problem with 43555 variables and 119148 clauses..
SAT proof finished - model found: FAIL!

   ______                   ___       ___       _ _            _ _ 
  (_____ \                 / __)     / __)     (_) |          | | |
   _____) )___ ___   ___ _| |__    _| |__ _____ _| | _____  __| | |
  |  ____/ ___) _ \ / _ (_   __)  (_   __|____ | | || ___ |/ _  |_|
  | |   | |  | |_| | |_| || |       | |  / ___ | | || ____( (_| |_ 
  |_|   |_|   \___/ \___/ |_|       |_|  \_____|_|\_)_____)\____|_|


  Signal Name             Dec       Hex                                                                                                                                                                                                                                                                                                                                                                                                                                                                                                                             Bin
  --------------- ----------- ---------                                                                                                                                                                                                                       ---------------------------------------------------------------------------------------------------------------------------------------------------------------------------------------------------------------------------------------------------------------------------------------------------------
  \request                 --        --    0001011100010000000000000101100000000000000000000000001000000000000000000000000000000000000100000000000000000000000000000000000100000000000000000001100100000011000101010110110011101000100000000000000000000000000000000000000000000000000000011000000000000000000000100000000000000000000000000000000000000000000000000000000000000000000000000000000000000000000000000010011111000110100001101111111000100000000000000000000000000000000000000000000000001000000000110001010101101100111010001000000101100000000000000000

ERROR: Called with -verify and proof did fail!
