# First of 20 reported paths; full reports are retained in the evidence archive.
Copyright 1986-2022 Xilinx, Inc. All Rights Reserved. Copyright 2022-2024 Advanced Micro Devices, Inc. All Rights Reserved.
-------------------------------------------------------------------------------------------------------------------------------------------------------------------------------------
| Tool Version : Vivado v.2024.2 (lin64) Build 5239630 Fri Nov 08 22:34:34 MST 2024
| Date         : Sun Sep 27 00:07:07 2026
| Host         : ip-172-31-24-238 running 64-bit Ubuntu 22.04.5 LTS
| Command      : report_timing -delay_type max -max_paths 20 -path_type full_clock_expanded -file /home/ubuntu/timing-followup-20260926/constraint40/shared-unsplit/vivado/paths.rpt
| Design       : probe_top
| Device       : 7z030-sbg485
| Speed File   : -1  PRODUCTION 1.12 2019-11-22
| Design State : Routed
-------------------------------------------------------------------------------------------------------------------------------------------------------------------------------------

Timing Report

Slack (MET) :             15.305ns  (required time - arrival time)
  Source:                 $flatten\\decoder.$auto$ff.cc:337:slice$56971/C
                            (rising edge-triggered cell FDRE clocked by clock  {rise@0.000ns fall@20.000ns period=40.000ns})
  Destination:            $flatten\\decoder.$auto$ff.cc:337:slice$34986/CE
                            (rising edge-triggered cell FDRE clocked by clock  {rise@0.000ns fall@20.000ns period=40.000ns})
  Path Group:             clock
  Path Type:              Setup (Max at Slow Process Corner)
  Requirement:            40.000ns  (clock rise@40.000ns - clock rise@0.000ns)
  Data Path Delay:        24.229ns  (logic 1.647ns (6.798%)  route 22.582ns (93.202%))
  Logic Levels:           26  (LUT2=7 LUT3=3 LUT4=3 LUT5=11 LUT6=2)
  Clock Path Skew:        -0.187ns (DCD - SCD + CPR)
    Destination Clock Delay (DCD):    3.891ns = ( 43.891 - 40.000 )
    Source Clock Delay      (SCD):    4.250ns
    Clock Pessimism Removal (CPR):    0.172ns
  Clock Uncertainty:      0.035ns  ((TSJ^2 + TIJ^2)^1/2 + DJ) / 2 + PE
    Total System Jitter     (TSJ):    0.071ns
    Total Input Jitter      (TIJ):    0.000ns
    Discrete Jitter          (DJ):    0.000ns
    Phase Error              (PE):    0.000ns

    Location             Delay type                Incr(ns)  Path(ns)    Netlist Resource(s)
  -------------------------------------------------------------------    -------------------
                         (clock clock rise edge)      0.000     0.000 r
    AA14                                              0.000     0.000 r  clock (IN)
                         net (fo=0)                   0.000     0.000    clock
    AA14                 IBUF (Prop_ibuf_I_O)         0.843     0.843 r  $iopadmap$phi_timing_harness.clock/O
                         net (fo=1, routed)           1.830     2.673    $auto$clkbufmap.cc:262:execute$6457
    BUFGCTRL_X0Y0        BUFG (Prop_bufg_I_O)         0.120     2.793 r  $auto$clkbufmap.cc:261:execute$6456/O
                         net (fo=24166, routed)       1.457     4.250    decoder.scheduler_3_state.clk
    SLICE_X105Y101       FDRE                                         r  $flatten\\decoder.$auto$ff.cc:337:slice$56971/C
  -------------------------------------------------------------------    -------------------
    SLICE_X105Y101       FDRE (Prop_fdre_C_Q)         0.269     4.519 f  $flatten\\decoder.$auto$ff.cc:337:slice$56971/Q
                         net (fo=1035, routed)        2.227     6.746    decoder.application.__phi_decoder_profile_topology__SchedulerGrid_0_next_inst.__phi_halo_cell__SharedService_0__2_2_0_2_2_next_inst.materialized_fifo_fifo__executor_result_.slots
    SLICE_X84Y65         LUT3 (Prop_lut3_I2_O)        0.053     6.799 f  $flatten\\decoder.$abc$1106497$lut$aiger1106496$45507/O
                         net (fo=7, routed)           0.509     7.308    $flattendecoder.$techmap1141134$abc$1106497$lut$aiger1106496$95003.A[1]
    SLICE_X86Y64         LUT2 (Prop_lut2_I0_O)        0.053     7.361 f  $flatten\\decoder.$abc$1106497$lut$aiger1106496$45530/O
                         net (fo=915, routed)         2.258     9.619    $flattendecoder.$techmap1138688$abc$1106497$lutapplication.__phi_decoder_profile_topology__SchedulerGrid_0_next_inst.__phi_halo_cell__SharedService_0__2_2_0_2_2_next_inst.incoming_result[310].A[2]
    SLICE_X114Y91        LUT4 (Prop_lut4_I3_O)        0.053     9.672 f  $flatten\\decoder.$abc$1106497$lut\\application.__phi_decoder_profile_topology__SchedulerGrid_0_next_inst.__phi_halo_cell__SharedService_0__2_2_0_2_2_next_inst.incoming_result[760]/O
                         net (fo=2, routed)           0.400    10.072    decoder.application.__phi_decoder_profile_topology__SchedulerGrid_0_next_inst.__phi_halo_cell__SharedService_0__2_2_0_2_2_next_inst.tuple_index_146548[345]
    SLICE_X115Y91        LUT3 (Prop_lut3_I2_O)        0.053    10.125 r  $flatten\\decoder.$abc$1106497$lut$aiger1106496$50463/O
                         net (fo=2, routed)           0.437    10.562    $flattendecoder.$techmap1118005$abc$1106497$lut$aiger1106496$50479.A[4]
    SLICE_X113Y91        LUT5 (Prop_lut5_I4_O)        0.053    10.615 r  $flatten\\decoder.$abc$1106497$lut$aiger1106496$50479/O
                         net (fo=1, routed)           0.240    10.856    $flattendecoder.$techmap1118014$abc$1106497$lut$aiger1106496$50511.A[4]
    SLICE_X112Y90        LUT5 (Prop_lut5_I4_O)        0.053    10.909 r  $flatten\\decoder.$abc$1106497$lut$aiger1106496$50511/O
                         net (fo=1, routed)           0.292    11.201    $flattendecoder.$techmap1118030$abc$1106497$lut$aiger1106496$50567.A[4]
    SLICE_X113Y89        LUT5 (Prop_lut5_I4_O)        0.053    11.254 r  $flatten\\decoder.$abc$1106497$lut$aiger1106496$50567/O
                         net (fo=4, routed)           1.674    12.928    $flattendecoder.$techmap1118066$abc$1106497$lut$aiger1106496$50647.A[4]
    SLICE_X86Y65         LUT4 (Prop_lut4_I3_O)        0.053    12.981 r  $flatten\\decoder.$abc$1106497$lut$aiger1106496$50593/O
                         net (fo=3, routed)           0.443    13.423    $flattendecoder.$techmap1141267$abc$1106497$lut$aiger1106496$95584.A[1]
    SLICE_X85Y63         LUT5 (Prop_lut5_I4_O)        0.053    13.476 f  $flatten\\decoder.$abc$1106497$lut$aiger1106496$50682/O
                         net (fo=3, routed)           0.426    13.902    $flattendecoder.$techmap1118072$abc$1106497$lut$aiger1106496$50692.A[2]
    SLICE_X85Y64         LUT5 (Prop_lut5_I3_O)        0.053    13.955 f  $flatten\\decoder.$abc$1106497$lut$aiger1106496$50687/O
                         net (fo=2, routed)           0.583    14.538    $flattendecoder.$techmap1141303$abc$1106497$lut$aiger1106496$95714.A[0]
    SLICE_X80Y61         LUT4 (Prop_lut4_I3_O)        0.053    14.591 r  $flatten\\decoder.$abc$1106497$lut$aiger1106496$50692/O
                         net (fo=2, routed)           0.466    15.057    $flattendecoder.$techmap1118086$auto$abc9_ops.cc:1613:reintegrate$1113099.A[4]
    SLICE_X75Y61         LUT6 (Prop_lut6_I4_O)        0.053    15.110 r  $flatten\\decoder.$auto$abc9_ops.cc:1613:reintegrate$1113099/O
                         net (fo=136, routed)         0.658    15.768    decoder.scheduler_2_state.rd_addr
    SLICE_X76Y55         LUT5 (Prop_lut5_I4_O)        0.053    15.821 r  $flatten\\decoder.$abc$1106497$lut$aiger1106496$51452/O
                         net (fo=4, routed)           0.806    16.627    $flattendecoder.$techmap1118151$abc$1106497$lut$aiger1106496$51693.A[4]
    SLICE_X85Y57         LUT2 (Prop_lut2_I0_O)        0.053    16.680 f  $flatten\\decoder.$abc$1106497$lut$aiger1106496$51453/O
                         net (fo=2, routed)           0.364    17.043    $flattendecoder.$techmap1118118$abc$1106497$lut$aiger1106496$51562.A[2]
    SLICE_X85Y56         LUT5 (Prop_lut5_I4_O)        0.053    17.096 r  $flatten\\decoder.$abc$1106497$lut$aiger1106496$51478/O
                         net (fo=1, routed)           0.437    17.533    $flattendecoder.$techmap1118105$abc$1106497$lut$aiger1106496$51509.A[4]
    SLICE_X85Y57         LUT5 (Prop_lut5_I4_O)        0.053    17.586 r  $flatten\\decoder.$abc$1106497$lut$aiger1106496$51509/O
                         net (fo=10, routed)          0.339    17.925    $flattendecoder.$techmap1126216$auto$abc9_ops.cc:1613:reintegrate$1111798.A[1]
    SLICE_X85Y55         LUT5 (Prop_lut5_I4_O)        0.053    17.978 f  $flatten\\decoder.$abc$1106497$lut$aiger1106496$51562/O
                         net (fo=10, routed)          0.372    18.350    $flattendecoder.$techmap1125603$abc$1106497$lut$aiger1106496$120267.A[3]
    SLICE_X85Y58         LUT2 (Prop_lut2_I1_O)        0.053    18.403 r  $flatten\\decoder.$abc$1106497$lut$aiger1106496$51563/O
                         net (fo=2, routed)           0.365    18.768    $flattendecoder.$techmap1118134$abc$1106497$lut$aiger1106496$51619.A[1]
    SLICE_X84Y58         LUT2 (Prop_lut2_I1_O)        0.053    18.821 r  $flatten\\decoder.$abc$1106497$lut$aiger1106496$51619/O
                         net (fo=2, routed)           0.317    19.138    $flattendecoder.$techmap1118147$abc$1106497$lut$aiger1106496$51670.A[1]
    SLICE_X83Y58         LUT2 (Prop_lut2_I1_O)        0.053    19.191 r  $flatten\\decoder.$abc$1106497$lut$aiger1106496$51670/O
                         net (fo=2, routed)           0.490    19.680    $flattendecoder.$techmap1121164$abc$1106497$lutapplication.__phi_decoder_profile_topology__SchedulerGrid_0_next_inst.__phi_halo_cell__SharedService_0__2_2_0_2_2_next_inst.and_147694.A[4]
    SLICE_X84Y62         LUT5 (Prop_lut5_I4_O)        0.053    19.733 f  $flatten\\decoder.$abc$1106497$lut\\application.__phi_decoder_profile_topology__SchedulerGrid_0_next_inst.__phi_halo_cell__SharedService_0__2_2_0_2_2_next_inst.and_147694/O
                         net (fo=2, routed)           0.373    20.106    decoder.application.__phi_decoder_profile_topology__SchedulerGrid_0_next_inst.__phi_halo_cell__SharedService_0__2_2_0_2_2_next_inst.and_147694
    SLICE_X84Y65         LUT2 (Prop_lut2_I1_O)        0.053    20.159 f  $flatten\\decoder.$abc$1106497$lut\\application.__phi_decoder_profile_topology__SchedulerGrid_0_next_inst.__phi_halo_cell__SharedService_0__2_2_0_2_2_next_inst.and_147024/O
                         net (fo=4, routed)           0.811    20.971    decoder.application.__phi_decoder_profile_topology__SchedulerGrid_0_next_inst.__phi_halo_cell__SharedService_0__2_2_0_2_2_next_inst.and_147024
    SLICE_X63Y64         LUT6 (Prop_lut6_I5_O)        0.053    21.024 r  $flatten\\decoder.$abc$1106497$lut\\application.__phi_decoder_profile_topology__SchedulerGrid_0_next_inst.__phi_halo_cell__SharedService_0__2_2_0_2_2_next_inst.or_147703/O
                         net (fo=300, routed)         0.737    21.761    decoder.application.__phi_decoder_profile_topology__SchedulerGrid_0_next_inst.__phi_halo_cell__SharedService_0__2_2_0_2_2_next_inst.p0_stage_done
    SLICE_X69Y57         LUT2 (Prop_lut2_I1_O)        0.053    21.814 r  $flatten\\decoder.$abc$1106497$lut\\application.__phi_decoder_profile_topology__SchedulerGrid_0_next_inst.__phi_halo_cell__SharedService_0__2_2_0_2_2_next_inst.and_147549/O
                         net (fo=326, routed)         0.829    22.643    decoder.application.__phi_decoder_profile_topology__SchedulerGrid_0_next_inst.__phi_halo_cell__SharedService_0__2_2_0_2_2_next_inst.or_147789
    SLICE_X66Y72         LUT5 (Prop_lut5_I4_O)        0.053    22.696 r  $flatten\\decoder.$auto$abc9_ops.cc:1613:reintegrate$1106714/O
                         net (fo=467, routed)         3.109    25.804    decoder.application.__phi_decoder_profile_topology__SchedulerGrid_0_next_inst.__phi_decoder_profile_topology__Phi_xReductionPlane_0_next_inst.stage_outputs_ready_0
    SLICE_X29Y124        LUT3 (Prop_lut3_I2_O)        0.053    25.857 r  $flatten\\decoder.$abc$1106497$lut$auto$opt_dff.cc:251:make_patterns_logic$19517/O
                         net (fo=395, routed)         2.622    28.479    $flattendecoder.$abc$1106497$auto$opt_dff.cc:251:make_patterns_logic$19517
    SLICE_X53Y79         FDRE                                         r  $flatten\\decoder.$auto$ff.cc:337:slice$34986/CE
  -------------------------------------------------------------------    -------------------

                         (clock clock rise edge)     40.000    40.000 r
    AA14                                              0.000    40.000 r  clock (IN)
                         net (fo=0)                   0.000    40.000    clock
    AA14                 IBUF (Prop_ibuf_I_O)         0.767    40.767 r  $iopadmap$phi_timing_harness.clock/O
                         net (fo=1, routed)           1.741    42.508    $auto$clkbufmap.cc:262:execute$6457
    BUFGCTRL_X0Y0        BUFG (Prop_bufg_I_O)         0.113    42.621 r  $auto$clkbufmap.cc:261:execute$6456/O
                         net (fo=24166, routed)       1.270    43.891    decoder.scheduler_3_state.clk
    SLICE_X53Y79         FDRE                                         r  $flatten\\decoder.$auto$ff.cc:337:slice$34986/C
                         clock pessimism              0.172    44.063
                         clock uncertainty           -0.035    44.028
    SLICE_X53Y79         FDRE (Setup_fdre_C_CE)      -0.244    43.784    $flatten\\decoder.$auto$ff.cc:337:slice$34986
  -------------------------------------------------------------------
                         required time                         43.784
                         arrival time                         -28.479
  -------------------------------------------------------------------
                         slack                                 15.305
