Property                     Type    Read-only  Value
ARRIVAL_TIME                 double  true       28.479
CLASS                        string  true       timing_path
CLOCK_PESSIMISM              double  true       0.172
CORNER                       string  true       Slow
DATAPATH_DELAY               double  true       24.229
DATAPATH_LOGIC_DELAY         double  true       1.647
DATAPATH_NET_DELAY           double  true       22.582
DELAY_TYPE                   string  true       max
ENDPOINT_CLOCK               clock   true       clock
ENDPOINT_CLOCK_DELAY         double  true       3.891
ENDPOINT_CLOCK_EDGE          double  true       40.000
ENDPOINT_CLOCK_ROOT          string  true
ENDPOINT_PIN                 pin     true       $flatten\\decoder.$auto$ff.cc:337:slice$34986/CE
EXCEPTION                    string  true
EXCEPTION_ID                 int*    true
GROUP                        string  true       clock
INPUT_DELAY                  double  true
INTER_SLR_COMPENSATION       double  true
LOGIC_LEVELS                 int     true       26
MAX_FANOUT                   int     true       1035
NAME                         string  true       {$flatten\\decoder.$auto$ff.cc:337:slice$56971/C --> $flatten\\decoder.$auto$ff.cc:337:slice$34986/CE}
OUTPUT_DELAY                 double  true
REQUIRED_TIME                double  true       43.784
REQUIREMENT                  double  true       40.000
ROUTABLE_NETS                int     true       unset***
SKEW                         double  true       -0.187
SLACK                        double  true       15.305
STARTPOINT_CLOCK             clock   true       clock
STARTPOINT_CLOCK_DELAY       double  true       4.250
STARTPOINT_CLOCK_EDGE        double  true       0.000
STARTPOINT_CLOCK_ROOT        string  true
STARTPOINT_PIN               pin     true       $flatten\\decoder.$auto$ff.cc:337:slice$56971/C
TIME_BORROWED_FROM_ENDPOINT  double  true
TIME_GIVEN_TO_STARTPOINT     double  true
UNCERTAINTY                  double  true       0.035
USER_UNCERTAINTY             double  true
