# First of 20 reported paths; full reports are retained in the evidence archive.
Copyright 1986-2022 Xilinx, Inc. All Rights Reserved. Copyright 2022-2024 Advanced Micro Devices, Inc. All Rights Reserved.
------------------------------------------------------------------------------------------------------------------------------------------------------------------------------
| Tool Version : Vivado v.2024.2 (lin64) Build 5239630 Fri Nov 08 22:34:34 MST 2024
| Date         : Sat Sep 26 23:21:53 2026
| Host         : ip-172-31-24-238 running 64-bit Ubuntu 22.04.5 LTS
| Command      : report_timing -delay_type max -max_paths 20 -path_type full_clock_expanded -file /home/ubuntu/timing-followup-20260926/mapping-controls/dsp/vivado/paths.rpt
| Design       : probe_top
| Device       : 7z030-sbg485
| Speed File   : -1  PRODUCTION 1.12 2019-11-22
| Design State : Routed
------------------------------------------------------------------------------------------------------------------------------------------------------------------------------

Timing Report

Slack (VIOLATED) :        -10.846ns  (required time - arrival time)
  Source:                 decoder.scheduler_2_state.memory.0.10/CLKARDCLK
                            (rising edge-triggered cell RAMB18E1 clocked by clock  {rise@0.000ns fall@2.500ns period=5.000ns})
  Destination:            $flatten\\decoder.$auto$ff.cc:337:slice$60272/D
                            (rising edge-triggered cell FDRE clocked by clock  {rise@0.000ns fall@2.500ns period=5.000ns})
  Path Group:             clock
  Path Type:              Setup (Max at Slow Process Corner)
  Requirement:            5.000ns  (clock rise@5.000ns - clock rise@0.000ns)
  Data Path Delay:        15.806ns  (logic 10.160ns (64.280%)  route 5.646ns (35.720%))
  Logic Levels:           25  (CARRY4=13 DSP48E1=3 LUT2=1 LUT3=2 LUT4=4 LUT5=1 LUT6=1)
  Clock Path Skew:        -0.056ns (DCD - SCD + CPR)
    Destination Clock Delay (DCD):    3.911ns = ( 8.911 - 5.000 )
    Source Clock Delay      (SCD):    4.221ns
    Clock Pessimism Removal (CPR):    0.254ns
  Clock Uncertainty:      0.035ns  ((TSJ^2 + TIJ^2)^1/2 + DJ) / 2 + PE
    Total System Jitter     (TSJ):    0.071ns
    Total Input Jitter      (TIJ):    0.000ns
    Discrete Jitter          (DJ):    0.000ns
    Phase Error              (PE):    0.000ns

    Location             Delay type                Incr(ns)  Path(ns)    Netlist Resource(s)
  -------------------------------------------------------------------    -------------------
                         (clock clock rise edge)      0.000     0.000 r
    AA14                                              0.000     0.000 r  clock (IN)
                         net (fo=0)                   0.000     0.000    clock
    AA14                 IBUF (Prop_ibuf_I_O)         0.843     0.843 r  $iopadmap$phi_timing_harness.clock/O
                         net (fo=1, routed)           1.830     2.673    $auto$clkbufmap.cc:262:execute$6457
    BUFGCTRL_X0Y0        BUFG (Prop_bufg_I_O)         0.120     2.793 r  $auto$clkbufmap.cc:261:execute$6456/O
                         net (fo=22438, routed)       1.428     4.221    decoder.scheduler_3_state.clk
    RAMB18_X4Y24         RAMB18E1                                     r  decoder.scheduler_2_state.memory.0.10/CLKARDCLK
  -------------------------------------------------------------------    -------------------
    RAMB18_X4Y24         RAMB18E1 (Prop_ramb18e1_CLKARDCLK_DOADO[14])
                                                      2.080     6.301 f  decoder.scheduler_2_state.memory.0.10/DOADO[14]
                         net (fo=2, routed)           0.674     6.974    decoder.scheduler_2_state_rd_data[375]
    SLICE_X72Y62         LUT4 (Prop_lut4_I0_O)        0.053     7.027 f  $flatten\\decoder.$abc$1119696$lut\\application.__phi_decoder_profile_topology__SchedulerGrid_0_next_inst.__phi_halo_cell__SharedService_0__2_2_0_2_2_next_inst.sel_167806[375]/O
                         net (fo=2, routed)           0.264     7.292    decoder.application.__phi_decoder_profile_topology__SchedulerGrid_0_next_inst.__phi_halo_cell__SharedService_0__2_2_0_2_2_next_inst.sel_167806[375]
    SLICE_X74Y63         LUT3 (Prop_lut3_I2_O)        0.053     7.345 f  $flatten\\decoder.$abc$1119696$lut$aiger1119695$92902/O
                         net (fo=6, routed)           0.458     7.803    $flattendecoder.$techmap1132946$abc$1119696$lut$aiger1119695$94131.A[3]
    SLICE_X75Y63         LUT4 (Prop_lut4_I3_O)        0.053     7.856 f  $flatten\\decoder.$abc$1119696$lut$aiger1119695$92906/O
                         net (fo=2, routed)           0.430     8.286    $flattendecoder.$techmap1127367$abc$1119696$lut$aiger1119695$95875.A[3]
    SLICE_X79Y64         LUT6 (Prop_lut6_I4_O)        0.053     8.339 r  $flatten\\decoder.$abc$1119696$lut$aiger1119695$92924/O
                         net (fo=1, routed)           0.447     8.786    $flattendecoder.$techmap1127236$abc$1119696$lut$aiger1119695$92958.A[3]
    SLICE_X78Y64         LUT4 (Prop_lut4_I3_O)        0.053     8.839 r  $flatten\\decoder.$abc$1119696$lut$aiger1119695$92958/O
                         net (fo=1, routed)           0.448     9.287    $flattendecoder.$techmap1127267$abc$1119696$lut$aiger1119695$93086.A[2]
    SLICE_X79Y64         LUT4 (Prop_lut4_I2_O)        0.053     9.340 r  $flatten\\decoder.$abc$1119696$lut$aiger1119695$93086/O
                         net (fo=11, routed)          0.447     9.787    $flattendecoder.$techmap1127809$abc$1119696$lut$aiger1119695$115166.A[5]
    SLICE_X79Y65         LUT3 (Prop_lut3_I1_O)        0.053     9.840 r  $flatten\\decoder.$abc$1119696$lut$aiger1119695$93188/O
                         net (fo=70, routed)          0.363    10.203    $flattendecoder.$techmap1133057$abc$1119696$lut$aiger1119695$96195.A[4]
    SLICE_X80Y66         LUT5 (Prop_lut5_I4_O)        0.053    10.256 r  $flatten\\decoder.$abc$1119696$lut$aiger1119695$95817/O
                         net (fo=2, routed)           0.462    10.717    $flattendecoder.$techmap1133024$abc$1119696$lut$aiger1119695$95832.A[2]
    SLICE_X83Y66         CARRY4 (Prop_carry4_DI[3]_CO[3])
                                                      0.230    10.947 r  $flatten\\decoder.$auto$alumacc.cc:512:replace_alu$31324.genblk1.slice[2].genblk1.carry4/CO[3]
                         net (fo=1, routed)           0.000    10.947    $flattendecoder.$abc$1119696$aiger1119695$34014
    SLICE_X83Y67         CARRY4 (Prop_carry4_CI_O[1])
                                                      0.213    11.160 r  $flatten\\decoder.$auto$alumacc.cc:512:replace_alu$31324.genblk1.slice[3].genblk1.carry4/O[1]
                         net (fo=2, routed)           0.821    11.981    $flattendecoder.$abc$1119696$aiger1119695$34024
    DSP48_X4Y31          DSP48E1 (Prop_dsp48e1_B[13]_PCOUT[47])
                                                      3.363    15.344 r  $flatten\\decoder.\\application.\\__phi_decoder_profile_topology__SchedulerGrid_0_next_inst.\\__phi_halo_cell__SharedService_0__2_2_0_2_2_next_inst.\\__phi_halo_cell__SharedExecutor_0_next_inst.$mul$/Users/ecpeterson/Documents/code/erl_hls_worktrees/timing-control-simplification/_build/timing-fifo/compact-small/phi_decoder_profile.v:4007$4566.genblk1.genblk1.genblk1.genblk1.genblk1.genblk1.genblk1.sliceA[0].mul.genblk1.genblk1.genblk1.genblk1.genblk1.genblk1.genblk1.genblk1.sliceB[0].mul/PCOUT[47]
                         net (fo=1, routed)           0.000    15.344    $flattendecoder.$abc$1119696$aiger1119695$34417
    DSP48_X4Y32          DSP48E1 (Prop_dsp48e1_PCIN[47]_PCOUT[47])
                                                      1.452    16.796 r  $flatten\\decoder.\\application.\\__phi_decoder_profile_topology__SchedulerGrid_0_next_inst.\\__phi_halo_cell__SharedService_0__2_2_0_2_2_next_inst.\\__phi_halo_cell__SharedExecutor_0_next_inst.$mul$/Users/ecpeterson/Documents/code/erl_hls_worktrees/timing-control-simplification/_build/timing-fifo/compact-small/phi_decoder_profile.v:4007$4566.genblk1.genblk1.genblk1.genblk1.genblk1.genblk1.genblk1.sliceA[0].mul.genblk1.genblk1.genblk1.genblk1.genblk1.genblk1.genblk1.genblk1.sliceB[1].mul/PCOUT[47]
                         net (fo=1, routed)           0.000    16.796    $flattendecoder.$abc$1119696$aiger1119695$34571
    DSP48_X4Y33          DSP48E1 (Prop_dsp48e1_PCIN[47]_P[0])
                                                      1.286    18.082 r  $flatten\\decoder.\\application.\\__phi_decoder_profile_topology__SchedulerGrid_0_next_inst.\\__phi_halo_cell__SharedService_0__2_2_0_2_2_next_inst.\\__phi_halo_cell__SharedExecutor_0_next_inst.$mul$/Users/ecpeterson/Documents/code/erl_hls_worktrees/timing-control-simplification/_build/timing-fifo/compact-small/phi_decoder_profile.v:4007$4566.genblk1.genblk1.genblk1.genblk1.genblk1.genblk1.genblk1.sliceA[0].mul.genblk1.genblk1.genblk1.genblk1.genblk1.genblk1.genblk1.genblk1.mul_sliceB_last/P[0]
                         net (fo=2, routed)           0.832    18.914    $flattendecoder.$techmap1127688$auto$abc9_ops.cc:1613:reintegrate$1125381.A[1]
    SLICE_X87Y75         LUT2 (Prop_lut2_I1_O)        0.053    18.967 r  $flatten\\decoder.$auto$abc9_ops.cc:1613:reintegrate$1125381/O
                         net (fo=1, routed)           0.000    18.967    $flattendecoder.$abc$1119696$aiger1119695$131851b
    SLICE_X87Y75         CARRY4 (Prop_carry4_S[1]_CO[3])
                                                      0.324    19.291 r  $flatten\\decoder.$auto$alumacc.cc:512:replace_alu$31138.genblk1.slice[4].genblk1.carry4/CO[3]
                         net (fo=1, routed)           0.000    19.291    $flattendecoder.$abc$1119696$aiger1119695$34928
    SLICE_X87Y76         CARRY4 (Prop_carry4_CI_CO[3])
                                                      0.058    19.349 r  $flatten\\decoder.$auto$alumacc.cc:512:replace_alu$31138.genblk1.slice[5].genblk1.carry4/CO[3]
                         net (fo=1, routed)           0.000    19.349    $flattendecoder.$abc$1119696$aiger1119695$34936
    SLICE_X87Y77         CARRY4 (Prop_carry4_CI_CO[3])
                                                      0.058    19.407 r  $flatten\\decoder.$auto$alumacc.cc:512:replace_alu$31138.genblk1.slice[6].genblk1.carry4/CO[3]
                         net (fo=1, routed)           0.000    19.407    $flattendecoder.$abc$1119696$aiger1119695$34944
    SLICE_X87Y78         CARRY4 (Prop_carry4_CI_CO[3])
                                                      0.058    19.465 r  $flatten\\decoder.$auto$alumacc.cc:512:replace_alu$31138.genblk1.slice[7].genblk1.carry4/CO[3]
                         net (fo=1, routed)           0.000    19.465    $flattendecoder.$abc$1119696$aiger1119695$34952
    SLICE_X87Y79         CARRY4 (Prop_carry4_CI_CO[3])
                                                      0.058    19.523 r  $flatten\\decoder.$auto$alumacc.cc:512:replace_alu$31138.genblk1.slice[8].genblk1.carry4/CO[3]
                         net (fo=1, routed)           0.000    19.523    $flattendecoder.$abc$1119696$aiger1119695$35114
    SLICE_X87Y80         CARRY4 (Prop_carry4_CI_CO[3])
                                                      0.058    19.581 r  $flatten\\decoder.$auto$alumacc.cc:512:replace_alu$31138.genblk1.slice[9].genblk1.carry4/CO[3]
                         net (fo=1, routed)           0.000    19.581    $flattendecoder.$abc$1119696$aiger1119695$35122
    SLICE_X87Y81         CARRY4 (Prop_carry4_CI_CO[3])
                                                      0.058    19.639 r  $flatten\\decoder.$auto$alumacc.cc:512:replace_alu$31138.genblk1.slice[10].genblk1.carry4/CO[3]
                         net (fo=1, routed)           0.000    19.639    $flattendecoder.$abc$1119696$aiger1119695$35130
    SLICE_X87Y82         CARRY4 (Prop_carry4_CI_CO[3])
                                                      0.058    19.697 r  $flatten\\decoder.$auto$alumacc.cc:512:replace_alu$31138.genblk1.slice[11].genblk1.carry4/CO[3]
                         net (fo=1, routed)           0.000    19.697    $flattendecoder.$abc$1119696$aiger1119695$35138
    SLICE_X87Y83         CARRY4 (Prop_carry4_CI_CO[3])
                                                      0.058    19.755 r  $flatten\\decoder.$auto$alumacc.cc:512:replace_alu$31138.genblk1.slice[12].genblk1.carry4/CO[3]
                         net (fo=1, routed)           0.000    19.755    $flattendecoder.$abc$1119696$aiger1119695$35146
    SLICE_X87Y84         CARRY4 (Prop_carry4_CI_CO[3])
                                                      0.058    19.813 r  $flatten\\decoder.$auto$alumacc.cc:512:replace_alu$31138.genblk1.slice[13].genblk1.carry4/CO[3]
                         net (fo=1, routed)           0.000    19.813    $flattendecoder.$abc$1119696$aiger1119695$35154
    SLICE_X87Y85         CARRY4 (Prop_carry4_CI_O[1])
                                                      0.213    20.026 r  $flatten\\decoder.$auto$alumacc.cc:512:replace_alu$31138.genblk1.slice[14].genblk1.carry4/O[1]
                         net (fo=1, routed)           0.000    20.026    decoder.application.__phi_decoder_profile_topology__SchedulerGrid_0_next_inst.__phi_halo_cell__SharedService_0__2_2_0_2_2_next_inst.__phi_halo_cell__SharedExecutor_0_next_inst.smul_166684[74]
    SLICE_X87Y85         FDRE                                         r  $flatten\\decoder.$auto$ff.cc:337:slice$60272/D
  -------------------------------------------------------------------    -------------------

                         (clock clock rise edge)      5.000     5.000 r
    AA14                                              0.000     5.000 r  clock (IN)
                         net (fo=0)                   0.000     5.000    clock
    AA14                 IBUF (Prop_ibuf_I_O)         0.767     5.767 r  $iopadmap$phi_timing_harness.clock/O
                         net (fo=1, routed)           1.741     7.508    $auto$clkbufmap.cc:262:execute$6457
    BUFGCTRL_X0Y0        BUFG (Prop_bufg_I_O)         0.113     7.621 r  $auto$clkbufmap.cc:261:execute$6456/O
                         net (fo=22438, routed)       1.290     8.911    decoder.scheduler_3_state.clk
    SLICE_X87Y85         FDRE                                         r  $flatten\\decoder.$auto$ff.cc:337:slice$60272/C
                         clock pessimism              0.254     9.165
                         clock uncertainty           -0.035     9.130
    SLICE_X87Y85         FDRE (Setup_fdre_C_D)        0.051     9.181    $flatten\\decoder.$auto$ff.cc:337:slice$60272
  -------------------------------------------------------------------
                         required time                          9.181
                         arrival time                         -20.026
  -------------------------------------------------------------------
                         slack                                -10.846
