Property                     Type    Read-only  Value
ARRIVAL_TIME                 double  true       20.026
CLASS                        string  true       timing_path
CLOCK_PESSIMISM              double  true       0.254
CORNER                       string  true       Slow
DATAPATH_DELAY               double  true       15.806
DATAPATH_LOGIC_DELAY         double  true       10.160
DATAPATH_NET_DELAY           double  true       5.646
DELAY_TYPE                   string  true       max
ENDPOINT_CLOCK               clock   true       clock
ENDPOINT_CLOCK_DELAY         double  true       3.911
ENDPOINT_CLOCK_EDGE          double  true       5.000
ENDPOINT_CLOCK_ROOT          string  true
ENDPOINT_PIN                 pin     true       $flatten\\decoder.$auto$ff.cc:337:slice$60272/D
EXCEPTION                    string  true
EXCEPTION_ID                 int*    true
GROUP                        string  true       clock
INPUT_DELAY                  double  true
INTER_SLR_COMPENSATION       double  true
LOGIC_LEVELS                 int     true       25
MAX_FANOUT                   int     true       70
NAME                         string  true       {decoder.scheduler_2_state.memory.0.10/CLKARDCLK --> $flatten\\decoder.$auto$ff.cc:337:slice$60272/D}
OUTPUT_DELAY                 double  true
REQUIRED_TIME                double  true       9.181
REQUIREMENT                  double  true       5.000
ROUTABLE_NETS                int     true       unset***
SKEW                         double  true       -0.056
SLACK                        double  true       -10.846
STARTPOINT_CLOCK             clock   true       clock
STARTPOINT_CLOCK_DELAY       double  true       4.221
STARTPOINT_CLOCK_EDGE        double  true       0.000
STARTPOINT_CLOCK_ROOT        string  true
STARTPOINT_PIN               pin     true       decoder.scheduler_2_state.memory.0.10/CLKARDCLK
TIME_BORROWED_FROM_ENDPOINT  double  true
TIME_GIVEN_TO_STARTPOINT     double  true
UNCERTAINTY                  double  true       0.035
USER_UNCERTAINTY             double  true
